
*** Running vivado
    with args -log design_1_axi_gpio_0_0.vds -m64 -product Vivado -mode batch -messageDb vivado.pb -notrace -source design_1_axi_gpio_0_0.tcl


****** Vivado v2025.2 (64-bit)
  **** SW Build 6299465 on Fri Nov 14 12:34:56 MST 2025
  **** IP Build 6300035 on Fri Nov 14 10:48:45 MST 2025
  **** SharedData Build 6298862 on Thu Nov 13 04:50:51 MST 2025
  **** Start of session at: Tue Dec 30 14:47:43 2025
    ** Copyright 1986-2022 Xilinx, Inc. All Rights Reserved.
    ** Copyright 2022-2025 Advanced Micro Devices, Inc. All Rights Reserved.

source design_1_axi_gpio_0_0.tcl -notrace
Command: synth_design -top design_1_axi_gpio_0_0 -part xczu7ev-ffvc1156-2-e -incremental_mode off -mode out_of_context
Starting synth_design
Attempting to get a license for feature 'Synthesis' and/or device 'xczu7ev'
INFO: [Common 17-349] Got license for feature 'Synthesis' and/or device 'xczu7ev'
INFO: [Device 21-403] Loading part xczu7ev-ffvc1156-2-e
INFO: [Synth 8-7079] Multithreading enabled for synth_design using a maximum of 7 processes.
INFO: [Synth 8-7078] Launching helper process for spawning children vivado processes
INFO: [Synth 8-7075] Helper process launched with PID 2807421
---------------------------------------------------------------------------------
Starting RTL Elaboration : Time (s): cpu = 00:00:02 ; elapsed = 00:00:02 . Memory (MB): peak = 3158.727 ; gain = 148.688 ; free physical = 10249 ; free virtual = 50584
---------------------------------------------------------------------------------
INFO: [Synth 8-638] synthesizing module 'design_1_axi_gpio_0_0' [/home/xmen/Videos/RustDesk/SystolicCore/SystolicCore/SystolicCore/SystolicCore.gen/sources_1/bd/design_1/ip/design_1_axi_gpio_0_0/synth/design_1_axi_gpio_0_0.vhd:84]
	Parameter C_FAMILY bound to: zynquplus - type: string 
	Parameter C_S_AXI_ADDR_WIDTH bound to: 9 - type: integer 
	Parameter C_S_AXI_DATA_WIDTH bound to: 32 - type: integer 
	Parameter C_GPIO_WIDTH bound to: 9 - type: integer 
	Parameter C_GPIO2_WIDTH bound to: 32 - type: integer 
	Parameter C_ALL_INPUTS bound to: 0 - type: integer 
	Parameter C_ALL_INPUTS_2 bound to: 0 - type: integer 
	Parameter C_ALL_OUTPUTS bound to: 1 - type: integer 
	Parameter C_ALL_OUTPUTS_2 bound to: 0 - type: integer 
	Parameter C_INTERRUPT_PRESENT bound to: 0 - type: integer 
	Parameter C_DOUT_DEFAULT bound to: 32'b00000000000000000000000000000000 
	Parameter C_TRI_DEFAULT bound to: 32'b11111111111111111111111111111111 
	Parameter C_IS_DUAL bound to: 0 - type: integer 
	Parameter C_DOUT_DEFAULT_2 bound to: 32'b00000000000000000000000000000000 
	Parameter C_TRI_DEFAULT_2 bound to: 32'b11111111111111111111111111111111 
INFO: [Synth 8-3491] module 'axi_gpio' declared at '/home/xmen/Videos/RustDesk/SystolicCore/SystolicCore/SystolicCore/SystolicCore.gen/sources_1/bd/design_1/ipshared/0271/hdl/axi_gpio_v2_0_vh_rfs.vhd:1255' bound to instance 'U0' of component 'axi_gpio' [/home/xmen/Videos/RustDesk/SystolicCore/SystolicCore/SystolicCore/SystolicCore.gen/sources_1/bd/design_1/ip/design_1_axi_gpio_0_0/synth/design_1_axi_gpio_0_0.vhd:173]
INFO: [Synth 8-638] synthesizing module 'axi_gpio' [/home/xmen/Videos/RustDesk/SystolicCore/SystolicCore/SystolicCore/SystolicCore.gen/sources_1/bd/design_1/ipshared/0271/hdl/axi_gpio_v2_0_vh_rfs.vhd:1341]
INFO: [Synth 8-638] synthesizing module 'axi_lite_ipif' [/home/xmen/Videos/RustDesk/SystolicCore/SystolicCore/SystolicCore/SystolicCore.gen/sources_1/bd/design_1/ipshared/66ea/hdl/axi_lite_ipif_v3_0_vh_rfs.vhd:2948]
INFO: [Synth 8-638] synthesizing module 'slave_attachment' [/home/xmen/Videos/RustDesk/SystolicCore/SystolicCore/SystolicCore/SystolicCore.gen/sources_1/bd/design_1/ipshared/66ea/hdl/axi_lite_ipif_v3_0_vh_rfs.vhd:2341]
INFO: [Synth 8-638] synthesizing module 'address_decoder' [/home/xmen/Videos/RustDesk/SystolicCore/SystolicCore/SystolicCore/SystolicCore.gen/sources_1/bd/design_1/ipshared/66ea/hdl/axi_lite_ipif_v3_0_vh_rfs.vhd:1775]
INFO: [Synth 8-638] synthesizing module 'pselect_f' [/home/xmen/Videos/RustDesk/SystolicCore/SystolicCore/SystolicCore/SystolicCore.gen/sources_1/bd/design_1/ipshared/66ea/hdl/axi_lite_ipif_v3_0_vh_rfs.vhd:1534]
INFO: [Synth 8-256] done synthesizing module 'pselect_f' (0#1) [/home/xmen/Videos/RustDesk/SystolicCore/SystolicCore/SystolicCore/SystolicCore.gen/sources_1/bd/design_1/ipshared/66ea/hdl/axi_lite_ipif_v3_0_vh_rfs.vhd:1534]
INFO: [Synth 8-638] synthesizing module 'pselect_f__parameterized0' [/home/xmen/Videos/RustDesk/SystolicCore/SystolicCore/SystolicCore/SystolicCore.gen/sources_1/bd/design_1/ipshared/66ea/hdl/axi_lite_ipif_v3_0_vh_rfs.vhd:1534]
INFO: [Synth 8-256] done synthesizing module 'pselect_f__parameterized0' (0#1) [/home/xmen/Videos/RustDesk/SystolicCore/SystolicCore/SystolicCore/SystolicCore.gen/sources_1/bd/design_1/ipshared/66ea/hdl/axi_lite_ipif_v3_0_vh_rfs.vhd:1534]
INFO: [Synth 8-638] synthesizing module 'pselect_f__parameterized1' [/home/xmen/Videos/RustDesk/SystolicCore/SystolicCore/SystolicCore/SystolicCore.gen/sources_1/bd/design_1/ipshared/66ea/hdl/axi_lite_ipif_v3_0_vh_rfs.vhd:1534]
INFO: [Synth 8-256] done synthesizing module 'pselect_f__parameterized1' (0#1) [/home/xmen/Videos/RustDesk/SystolicCore/SystolicCore/SystolicCore/SystolicCore.gen/sources_1/bd/design_1/ipshared/66ea/hdl/axi_lite_ipif_v3_0_vh_rfs.vhd:1534]
INFO: [Synth 8-638] synthesizing module 'pselect_f__parameterized2' [/home/xmen/Videos/RustDesk/SystolicCore/SystolicCore/SystolicCore/SystolicCore.gen/sources_1/bd/design_1/ipshared/66ea/hdl/axi_lite_ipif_v3_0_vh_rfs.vhd:1534]
INFO: [Synth 8-256] done synthesizing module 'pselect_f__parameterized2' (0#1) [/home/xmen/Videos/RustDesk/SystolicCore/SystolicCore/SystolicCore/SystolicCore.gen/sources_1/bd/design_1/ipshared/66ea/hdl/axi_lite_ipif_v3_0_vh_rfs.vhd:1534]
INFO: [Synth 8-256] done synthesizing module 'address_decoder' (0#1) [/home/xmen/Videos/RustDesk/SystolicCore/SystolicCore/SystolicCore/SystolicCore.gen/sources_1/bd/design_1/ipshared/66ea/hdl/axi_lite_ipif_v3_0_vh_rfs.vhd:1775]
INFO: [Synth 8-226] default block is never used [/home/xmen/Videos/RustDesk/SystolicCore/SystolicCore/SystolicCore/SystolicCore.gen/sources_1/bd/design_1/ipshared/66ea/hdl/axi_lite_ipif_v3_0_vh_rfs.vhd:2550]
INFO: [Synth 8-256] done synthesizing module 'slave_attachment' (0#1) [/home/xmen/Videos/RustDesk/SystolicCore/SystolicCore/SystolicCore/SystolicCore.gen/sources_1/bd/design_1/ipshared/66ea/hdl/axi_lite_ipif_v3_0_vh_rfs.vhd:2341]
INFO: [Synth 8-256] done synthesizing module 'axi_lite_ipif' (0#1) [/home/xmen/Videos/RustDesk/SystolicCore/SystolicCore/SystolicCore/SystolicCore.gen/sources_1/bd/design_1/ipshared/66ea/hdl/axi_lite_ipif_v3_0_vh_rfs.vhd:2948]
INFO: [Synth 8-638] synthesizing module 'GPIO_Core' [/home/xmen/Videos/RustDesk/SystolicCore/SystolicCore/SystolicCore/SystolicCore.gen/sources_1/bd/design_1/ipshared/0271/hdl/axi_gpio_v2_0_vh_rfs.vhd:182]
INFO: [Synth 8-226] default block is never used [/home/xmen/Videos/RustDesk/SystolicCore/SystolicCore/SystolicCore/SystolicCore.gen/sources_1/bd/design_1/ipshared/0271/hdl/axi_gpio_v2_0_vh_rfs.vhd:447]
	Parameter DEST_SYNC_FF bound to: 4 - type: integer 
	Parameter INIT_SYNC_FF bound to: 0 - type: integer 
	Parameter SIM_ASSERT_CHK bound to: 0 - type: integer 
	Parameter SRC_INPUT_REG bound to: 0 - type: integer 
	Parameter WIDTH bound to: 9 - type: integer 
INFO: [Synth 8-3491] module 'xpm_cdc_array_single' declared at '/home/xmen/Music/2025.2/data/ip/xpm/xpm_cdc/hdl/xpm_cdc.sv:903' bound to instance 'INPUT_DOUBLE_REGS3' of component 'xpm_cdc_array_single' [/home/xmen/Videos/RustDesk/SystolicCore/SystolicCore/SystolicCore/SystolicCore.gen/sources_1/bd/design_1/ipshared/0271/hdl/axi_gpio_v2_0_vh_rfs.vhd:458]
INFO: [Synth 8-6157] synthesizing module 'xpm_cdc_array_single' [/home/xmen/Music/2025.2/data/ip/xpm/xpm_cdc/hdl/xpm_cdc.sv:903]
INFO: [Synth 8-6155] done synthesizing module 'xpm_cdc_array_single' (0#1) [/home/xmen/Music/2025.2/data/ip/xpm/xpm_cdc/hdl/xpm_cdc.sv:903]
INFO: [Synth 8-256] done synthesizing module 'GPIO_Core' (0#1) [/home/xmen/Videos/RustDesk/SystolicCore/SystolicCore/SystolicCore/SystolicCore.gen/sources_1/bd/design_1/ipshared/0271/hdl/axi_gpio_v2_0_vh_rfs.vhd:182]
INFO: [Synth 8-256] done synthesizing module 'axi_gpio' (0#1) [/home/xmen/Videos/RustDesk/SystolicCore/SystolicCore/SystolicCore/SystolicCore.gen/sources_1/bd/design_1/ipshared/0271/hdl/axi_gpio_v2_0_vh_rfs.vhd:1341]
INFO: [Synth 8-256] done synthesizing module 'design_1_axi_gpio_0_0' (0#1) [/home/xmen/Videos/RustDesk/SystolicCore/SystolicCore/SystolicCore/SystolicCore.gen/sources_1/bd/design_1/ip/design_1_axi_gpio_0_0/synth/design_1_axi_gpio_0_0.vhd:84]
INFO: [Synth 8-6014] Unused sequential element Not_Dual.ALLOUT_ND.READ_REG_GEN[0].GPIO_DBus_i_reg was removed.  [/home/xmen/Videos/RustDesk/SystolicCore/SystolicCore/SystolicCore/SystolicCore.gen/sources_1/bd/design_1/ipshared/0271/hdl/axi_gpio_v2_0_vh_rfs.vhd:323]
INFO: [Synth 8-6014] Unused sequential element Not_Dual.ALLOUT_ND.READ_REG_GEN[1].GPIO_DBus_i_reg was removed.  [/home/xmen/Videos/RustDesk/SystolicCore/SystolicCore/SystolicCore/SystolicCore.gen/sources_1/bd/design_1/ipshared/0271/hdl/axi_gpio_v2_0_vh_rfs.vhd:323]
INFO: [Synth 8-6014] Unused sequential element Not_Dual.ALLOUT_ND.READ_REG_GEN[2].GPIO_DBus_i_reg was removed.  [/home/xmen/Videos/RustDesk/SystolicCore/SystolicCore/SystolicCore/SystolicCore.gen/sources_1/bd/design_1/ipshared/0271/hdl/axi_gpio_v2_0_vh_rfs.vhd:323]
INFO: [Synth 8-6014] Unused sequential element Not_Dual.ALLOUT_ND.READ_REG_GEN[3].GPIO_DBus_i_reg was removed.  [/home/xmen/Videos/RustDesk/SystolicCore/SystolicCore/SystolicCore/SystolicCore.gen/sources_1/bd/design_1/ipshared/0271/hdl/axi_gpio_v2_0_vh_rfs.vhd:323]
INFO: [Synth 8-6014] Unused sequential element Not_Dual.ALLOUT_ND.READ_REG_GEN[4].GPIO_DBus_i_reg was removed.  [/home/xmen/Videos/RustDesk/SystolicCore/SystolicCore/SystolicCore/SystolicCore.gen/sources_1/bd/design_1/ipshared/0271/hdl/axi_gpio_v2_0_vh_rfs.vhd:323]
INFO: [Synth 8-6014] Unused sequential element Not_Dual.ALLOUT_ND.READ_REG_GEN[5].GPIO_DBus_i_reg was removed.  [/home/xmen/Videos/RustDesk/SystolicCore/SystolicCore/SystolicCore/SystolicCore.gen/sources_1/bd/design_1/ipshared/0271/hdl/axi_gpio_v2_0_vh_rfs.vhd:323]
INFO: [Synth 8-6014] Unused sequential element Not_Dual.ALLOUT_ND.READ_REG_GEN[6].GPIO_DBus_i_reg was removed.  [/home/xmen/Videos/RustDesk/SystolicCore/SystolicCore/SystolicCore/SystolicCore.gen/sources_1/bd/design_1/ipshared/0271/hdl/axi_gpio_v2_0_vh_rfs.vhd:323]
INFO: [Synth 8-6014] Unused sequential element Not_Dual.ALLOUT_ND.READ_REG_GEN[7].GPIO_DBus_i_reg was removed.  [/home/xmen/Videos/RustDesk/SystolicCore/SystolicCore/SystolicCore/SystolicCore.gen/sources_1/bd/design_1/ipshared/0271/hdl/axi_gpio_v2_0_vh_rfs.vhd:323]
INFO: [Synth 8-6014] Unused sequential element Not_Dual.ALLOUT_ND.READ_REG_GEN[8].GPIO_DBus_i_reg was removed.  [/home/xmen/Videos/RustDesk/SystolicCore/SystolicCore/SystolicCore/SystolicCore.gen/sources_1/bd/design_1/ipshared/0271/hdl/axi_gpio_v2_0_vh_rfs.vhd:323]
INFO: [Synth 8-6014] Unused sequential element Not_Dual.gpio_Data_In_reg was removed.  [/home/xmen/Videos/RustDesk/SystolicCore/SystolicCore/SystolicCore/SystolicCore.gen/sources_1/bd/design_1/ipshared/0271/hdl/axi_gpio_v2_0_vh_rfs.vhd:485]
INFO: [Synth 8-7129] Port src_clk in module xpm_cdc_array_single is either unconnected or has no load
INFO: [Synth 8-7129] Port ABus_Reg[1] in module GPIO_Core is either unconnected or has no load
INFO: [Synth 8-7129] Port ABus_Reg[2] in module GPIO_Core is either unconnected or has no load
INFO: [Synth 8-7129] Port ABus_Reg[3] in module GPIO_Core is either unconnected or has no load
INFO: [Synth 8-7129] Port ABus_Reg[4] in module GPIO_Core is either unconnected or has no load
INFO: [Synth 8-7129] Port ABus_Reg[7] in module GPIO_Core is either unconnected or has no load
INFO: [Synth 8-7129] Port ABus_Reg[8] in module GPIO_Core is either unconnected or has no load
INFO: [Synth 8-7129] Port BE_Reg[0] in module GPIO_Core is either unconnected or has no load
INFO: [Synth 8-7129] Port BE_Reg[1] in module GPIO_Core is either unconnected or has no load
INFO: [Synth 8-7129] Port BE_Reg[2] in module GPIO_Core is either unconnected or has no load
INFO: [Synth 8-7129] Port BE_Reg[3] in module GPIO_Core is either unconnected or has no load
INFO: [Synth 8-7129] Port GPIO2_IO_I[0] in module GPIO_Core is either unconnected or has no load
INFO: [Synth 8-7129] Port GPIO2_IO_I[1] in module GPIO_Core is either unconnected or has no load
INFO: [Synth 8-7129] Port GPIO2_IO_I[2] in module GPIO_Core is either unconnected or has no load
INFO: [Synth 8-7129] Port GPIO2_IO_I[3] in module GPIO_Core is either unconnected or has no load
INFO: [Synth 8-7129] Port GPIO2_IO_I[4] in module GPIO_Core is either unconnected or has no load
INFO: [Synth 8-7129] Port GPIO2_IO_I[5] in module GPIO_Core is either unconnected or has no load
INFO: [Synth 8-7129] Port GPIO2_IO_I[6] in module GPIO_Core is either unconnected or has no load
INFO: [Synth 8-7129] Port GPIO2_IO_I[7] in module GPIO_Core is either unconnected or has no load
INFO: [Synth 8-7129] Port GPIO2_IO_I[8] in module GPIO_Core is either unconnected or has no load
INFO: [Synth 8-7129] Port GPIO2_IO_I[9] in module GPIO_Core is either unconnected or has no load
INFO: [Synth 8-7129] Port GPIO2_IO_I[10] in module GPIO_Core is either unconnected or has no load
INFO: [Synth 8-7129] Port GPIO2_IO_I[11] in module GPIO_Core is either unconnected or has no load
INFO: [Synth 8-7129] Port GPIO2_IO_I[12] in module GPIO_Core is either unconnected or has no load
INFO: [Synth 8-7129] Port GPIO2_IO_I[13] in module GPIO_Core is either unconnected or has no load
INFO: [Synth 8-7129] Port GPIO2_IO_I[14] in module GPIO_Core is either unconnected or has no load
INFO: [Synth 8-7129] Port GPIO2_IO_I[15] in module GPIO_Core is either unconnected or has no load
INFO: [Synth 8-7129] Port GPIO2_IO_I[16] in module GPIO_Core is either unconnected or has no load
INFO: [Synth 8-7129] Port GPIO2_IO_I[17] in module GPIO_Core is either unconnected or has no load
INFO: [Synth 8-7129] Port GPIO2_IO_I[18] in module GPIO_Core is either unconnected or has no load
INFO: [Synth 8-7129] Port GPIO2_IO_I[19] in module GPIO_Core is either unconnected or has no load
INFO: [Synth 8-7129] Port GPIO2_IO_I[20] in module GPIO_Core is either unconnected or has no load
INFO: [Synth 8-7129] Port GPIO2_IO_I[21] in module GPIO_Core is either unconnected or has no load
INFO: [Synth 8-7129] Port GPIO2_IO_I[22] in module GPIO_Core is either unconnected or has no load
INFO: [Synth 8-7129] Port GPIO2_IO_I[23] in module GPIO_Core is either unconnected or has no load
INFO: [Synth 8-7129] Port GPIO2_IO_I[24] in module GPIO_Core is either unconnected or has no load
INFO: [Synth 8-7129] Port GPIO2_IO_I[25] in module GPIO_Core is either unconnected or has no load
INFO: [Synth 8-7129] Port GPIO2_IO_I[26] in module GPIO_Core is either unconnected or has no load
INFO: [Synth 8-7129] Port GPIO2_IO_I[27] in module GPIO_Core is either unconnected or has no load
INFO: [Synth 8-7129] Port GPIO2_IO_I[28] in module GPIO_Core is either unconnected or has no load
INFO: [Synth 8-7129] Port GPIO2_IO_I[29] in module GPIO_Core is either unconnected or has no load
INFO: [Synth 8-7129] Port GPIO2_IO_I[30] in module GPIO_Core is either unconnected or has no load
INFO: [Synth 8-7129] Port GPIO2_IO_I[31] in module GPIO_Core is either unconnected or has no load
INFO: [Synth 8-7129] Port Address_In_Erly[0] in module address_decoder is either unconnected or has no load
INFO: [Synth 8-7129] Port Address_In_Erly[1] in module address_decoder is either unconnected or has no load
INFO: [Synth 8-7129] Port Address_In_Erly[2] in module address_decoder is either unconnected or has no load
INFO: [Synth 8-7129] Port Address_In_Erly[3] in module address_decoder is either unconnected or has no load
INFO: [Synth 8-7129] Port Address_In_Erly[4] in module address_decoder is either unconnected or has no load
INFO: [Synth 8-7129] Port Address_In_Erly[7] in module address_decoder is either unconnected or has no load
INFO: [Synth 8-7129] Port Address_In_Erly[8] in module address_decoder is either unconnected or has no load
INFO: [Synth 8-7129] Port Bus_RNW in module address_decoder is either unconnected or has no load
INFO: [Synth 8-7129] Port S_AXI_WSTRB[3] in module slave_attachment is either unconnected or has no load
INFO: [Synth 8-7129] Port S_AXI_WSTRB[2] in module slave_attachment is either unconnected or has no load
INFO: [Synth 8-7129] Port S_AXI_WSTRB[1] in module slave_attachment is either unconnected or has no load
INFO: [Synth 8-7129] Port S_AXI_WSTRB[0] in module slave_attachment is either unconnected or has no load
---------------------------------------------------------------------------------
Finished RTL Elaboration : Time (s): cpu = 00:00:03 ; elapsed = 00:00:03 . Memory (MB): peak = 3252.695 ; gain = 242.656 ; free physical = 10268 ; free virtual = 50609
---------------------------------------------------------------------------------
---------------------------------------------------------------------------------
Start Handling Custom Attributes
---------------------------------------------------------------------------------
---------------------------------------------------------------------------------
Finished Handling Custom Attributes : Time (s): cpu = 00:00:03 ; elapsed = 00:00:03 . Memory (MB): peak = 3252.695 ; gain = 242.656 ; free physical = 10267 ; free virtual = 50608
---------------------------------------------------------------------------------
---------------------------------------------------------------------------------
Finished RTL Optimization Phase 1 : Time (s): cpu = 00:00:03 ; elapsed = 00:00:03 . Memory (MB): peak = 3252.695 ; gain = 242.656 ; free physical = 10267 ; free virtual = 50608
---------------------------------------------------------------------------------
Netlist sorting complete. Time (s): cpu = 00:00:00 ; elapsed = 00:00:00 . Memory (MB): peak = 3252.695 ; gain = 0.000 ; free physical = 10268 ; free virtual = 50609
INFO: [Project 1-570] Preparing netlist for logic optimization

Processing XDC Constraints
Initializing timing engine
Parsing XDC File [/home/xmen/Videos/RustDesk/SystolicCore/SystolicCore/SystolicCore/SystolicCore.gen/sources_1/bd/design_1/ip/design_1_axi_gpio_0_0/design_1_axi_gpio_0_0_ooc.xdc] for cell 'U0'
Finished Parsing XDC File [/home/xmen/Videos/RustDesk/SystolicCore/SystolicCore/SystolicCore/SystolicCore.gen/sources_1/bd/design_1/ip/design_1_axi_gpio_0_0/design_1_axi_gpio_0_0_ooc.xdc] for cell 'U0'
Parsing XDC File [/home/xmen/Videos/RustDesk/SystolicCore/SystolicCore/SystolicCore/SystolicCore.gen/sources_1/bd/design_1/ip/design_1_axi_gpio_0_0/design_1_axi_gpio_0_0_board.xdc] for cell 'U0'
Finished Parsing XDC File [/home/xmen/Videos/RustDesk/SystolicCore/SystolicCore/SystolicCore/SystolicCore.gen/sources_1/bd/design_1/ip/design_1_axi_gpio_0_0/design_1_axi_gpio_0_0_board.xdc] for cell 'U0'
Parsing XDC File [/home/xmen/Videos/RustDesk/SystolicCore/SystolicCore/SystolicCore/SystolicCore.runs/design_1_axi_gpio_0_0_synth_1/dont_touch.xdc]
Finished Parsing XDC File [/home/xmen/Videos/RustDesk/SystolicCore/SystolicCore/SystolicCore/SystolicCore.runs/design_1_axi_gpio_0_0_synth_1/dont_touch.xdc]
INFO: [Project 1-236] Implementation specific constraints were found while reading constraint file [/home/xmen/Music/2025.2/data/ip/xpm/xpm_cdc/tcl/xpm_cdc_array_single.tcl]. These constraints will be ignored for synthesis but will be used in implementation. Impacted constraints are listed in the file [.Xil/design_1_axi_gpio_0_0_propImpl.xdc].
Resolution: To avoid this warning, move constraints listed in [.Xil/design_1_axi_gpio_0_0_propImpl.xdc] to another XDC file and exclude this new file from synthesis with the used_in_synthesis property (File Properties dialog in GUI) and re-run elaboration/synthesis.
INFO: [Project 1-1714] 1 XPM XDC files have been applied to the design.
Completed Processing XDC Constraints

Netlist sorting complete. Time (s): cpu = 00:00:00 ; elapsed = 00:00:00 . Memory (MB): peak = 3361.934 ; gain = 0.000 ; free physical = 11093 ; free virtual = 51434
INFO: [Project 1-111] Unisim Transformation Summary:
No Unisim elements were transformed.

Constraint Validation Runtime : Time (s): cpu = 00:00:00.01 ; elapsed = 00:00:00 . Memory (MB): peak = 3361.969 ; gain = 0.000 ; free physical = 11094 ; free virtual = 51435
INFO: [Designutils 20-5008] Incremental synthesis strategy off
---------------------------------------------------------------------------------
Finished Constraint Validation : Time (s): cpu = 00:00:09 ; elapsed = 00:00:09 . Memory (MB): peak = 3361.969 ; gain = 351.930 ; free physical = 11091 ; free virtual = 51432
---------------------------------------------------------------------------------
---------------------------------------------------------------------------------
Start Loading Part and Timing Information
---------------------------------------------------------------------------------
Loading part: xczu7ev-ffvc1156-2-e
INFO: [Synth 8-6742] Reading net delay rules and data
---------------------------------------------------------------------------------
Finished Loading Part and Timing Information : Time (s): cpu = 00:00:09 ; elapsed = 00:00:09 . Memory (MB): peak = 3369.938 ; gain = 359.898 ; free physical = 11090 ; free virtual = 51431
---------------------------------------------------------------------------------
---------------------------------------------------------------------------------
Start Applying 'set_property' XDC Constraints
---------------------------------------------------------------------------------
---------------------------------------------------------------------------------
Finished applying 'set_property' XDC Constraints : Time (s): cpu = 00:00:09 ; elapsed = 00:00:09 . Memory (MB): peak = 3369.938 ; gain = 359.898 ; free physical = 11091 ; free virtual = 51432
---------------------------------------------------------------------------------
INFO: [Synth 8-802] inferred FSM for state register 'state_reg' in module 'slave_attachment'
---------------------------------------------------------------------------------------------------
                   State |                     New Encoding |                Previous Encoding 
---------------------------------------------------------------------------------------------------
                 iSTATE2 |                             0001 |                               00
                  iSTATE |                             0010 |                               01
                 iSTATE0 |                             0100 |                               10
                 iSTATE1 |                             1000 |                               11
---------------------------------------------------------------------------------------------------
INFO: [Synth 8-3354] encoded FSM with state register 'state_reg' using encoding 'one-hot' in module 'slave_attachment'
---------------------------------------------------------------------------------
Finished RTL Optimization Phase 2 : Time (s): cpu = 00:00:09 ; elapsed = 00:00:10 . Memory (MB): peak = 3369.938 ; gain = 359.898 ; free physical = 11090 ; free virtual = 51432
---------------------------------------------------------------------------------
---------------------------------------------------------------------------------
Start RTL Component Statistics 
---------------------------------------------------------------------------------
Detailed RTL Component Info : 
+---Adders : 
	   2 Input    4 Bit       Adders := 1     
+---Registers : 
	               32 Bit    Registers := 2     
	                9 Bit    Registers := 7     
	                4 Bit    Registers := 1     
	                2 Bit    Registers := 3     
	                1 Bit    Registers := 27    
+---Muxes : 
	   5 Input   32 Bit        Muxes := 1     
	   2 Input   32 Bit        Muxes := 1     
	   2 Input    9 Bit        Muxes := 1     
	   4 Input    4 Bit        Muxes := 1     
	   2 Input    4 Bit        Muxes := 5     
	   2 Input    2 Bit        Muxes := 3     
	   3 Input    2 Bit        Muxes := 1     
	   4 Input    2 Bit        Muxes := 1     
	   2 Input    1 Bit        Muxes := 11    
	   4 Input    1 Bit        Muxes := 3     
---------------------------------------------------------------------------------
Finished RTL Component Statistics 
---------------------------------------------------------------------------------
---------------------------------------------------------------------------------
Start Part Resource Summary
---------------------------------------------------------------------------------
Part Resources:
DSPs: 1728 (col length:144)
BRAMs: 624 (col length: RAMB18 144 RAMB36 72)
---------------------------------------------------------------------------------
Finished Part Resource Summary
---------------------------------------------------------------------------------
---------------------------------------------------------------------------------
Start Cross Boundary and Area Optimization
---------------------------------------------------------------------------------
INFO: [Synth 8-7129] Port src_clk in module xpm_cdc_array_single is either unconnected or has no load
INFO: [Synth 8-7129] Port s_axi_wstrb[3] in module axi_gpio is either unconnected or has no load
INFO: [Synth 8-7129] Port s_axi_wstrb[2] in module axi_gpio is either unconnected or has no load
INFO: [Synth 8-7129] Port s_axi_wstrb[1] in module axi_gpio is either unconnected or has no load
INFO: [Synth 8-7129] Port s_axi_wstrb[0] in module axi_gpio is either unconnected or has no load
INFO: [Synth 8-7129] Port gpio2_io_i[31] in module axi_gpio is either unconnected or has no load
INFO: [Synth 8-7129] Port gpio2_io_i[30] in module axi_gpio is either unconnected or has no load
INFO: [Synth 8-7129] Port gpio2_io_i[29] in module axi_gpio is either unconnected or has no load
INFO: [Synth 8-7129] Port gpio2_io_i[28] in module axi_gpio is either unconnected or has no load
INFO: [Synth 8-7129] Port gpio2_io_i[27] in module axi_gpio is either unconnected or has no load
INFO: [Synth 8-7129] Port gpio2_io_i[26] in module axi_gpio is either unconnected or has no load
INFO: [Synth 8-7129] Port gpio2_io_i[25] in module axi_gpio is either unconnected or has no load
INFO: [Synth 8-7129] Port gpio2_io_i[24] in module axi_gpio is either unconnected or has no load
INFO: [Synth 8-7129] Port gpio2_io_i[23] in module axi_gpio is either unconnected or has no load
INFO: [Synth 8-7129] Port gpio2_io_i[22] in module axi_gpio is either unconnected or has no load
INFO: [Synth 8-7129] Port gpio2_io_i[21] in module axi_gpio is either unconnected or has no load
INFO: [Synth 8-7129] Port gpio2_io_i[20] in module axi_gpio is either unconnected or has no load
INFO: [Synth 8-7129] Port gpio2_io_i[19] in module axi_gpio is either unconnected or has no load
INFO: [Synth 8-7129] Port gpio2_io_i[18] in module axi_gpio is either unconnected or has no load
INFO: [Synth 8-7129] Port gpio2_io_i[17] in module axi_gpio is either unconnected or has no load
INFO: [Synth 8-7129] Port gpio2_io_i[16] in module axi_gpio is either unconnected or has no load
INFO: [Synth 8-7129] Port gpio2_io_i[15] in module axi_gpio is either unconnected or has no load
INFO: [Synth 8-7129] Port gpio2_io_i[14] in module axi_gpio is either unconnected or has no load
INFO: [Synth 8-7129] Port gpio2_io_i[13] in module axi_gpio is either unconnected or has no load
INFO: [Synth 8-7129] Port gpio2_io_i[12] in module axi_gpio is either unconnected or has no load
INFO: [Synth 8-7129] Port gpio2_io_i[11] in module axi_gpio is either unconnected or has no load
INFO: [Synth 8-7129] Port gpio2_io_i[10] in module axi_gpio is either unconnected or has no load
INFO: [Synth 8-7129] Port gpio2_io_i[9] in module axi_gpio is either unconnected or has no load
INFO: [Synth 8-7129] Port gpio2_io_i[8] in module axi_gpio is either unconnected or has no load
INFO: [Synth 8-7129] Port gpio2_io_i[7] in module axi_gpio is either unconnected or has no load
INFO: [Synth 8-7129] Port gpio2_io_i[6] in module axi_gpio is either unconnected or has no load
INFO: [Synth 8-7129] Port gpio2_io_i[5] in module axi_gpio is either unconnected or has no load
INFO: [Synth 8-7129] Port gpio2_io_i[4] in module axi_gpio is either unconnected or has no load
INFO: [Synth 8-7129] Port gpio2_io_i[3] in module axi_gpio is either unconnected or has no load
INFO: [Synth 8-7129] Port gpio2_io_i[2] in module axi_gpio is either unconnected or has no load
INFO: [Synth 8-7129] Port gpio2_io_i[1] in module axi_gpio is either unconnected or has no load
INFO: [Synth 8-7129] Port gpio2_io_i[0] in module axi_gpio is either unconnected or has no load
---------------------------------------------------------------------------------
Finished Cross Boundary and Area Optimization : Time (s): cpu = 00:00:10 ; elapsed = 00:00:10 . Memory (MB): peak = 3369.938 ; gain = 359.898 ; free physical = 11076 ; free virtual = 51416
---------------------------------------------------------------------------------
---------------------------------------------------------------------------------
Start Applying XDC Timing Constraints
---------------------------------------------------------------------------------
---------------------------------------------------------------------------------
Finished Applying XDC Timing Constraints : Time (s): cpu = 00:00:15 ; elapsed = 00:00:15 . Memory (MB): peak = 3965.953 ; gain = 955.914 ; free physical = 10620 ; free virtual = 50959
---------------------------------------------------------------------------------
---------------------------------------------------------------------------------
Start Timing Optimization
---------------------------------------------------------------------------------
---------------------------------------------------------------------------------
Finished Timing Optimization : Time (s): cpu = 00:00:15 ; elapsed = 00:00:15 . Memory (MB): peak = 3995.000 ; gain = 984.961 ; free physical = 10575 ; free virtual = 50914
---------------------------------------------------------------------------------
---------------------------------------------------------------------------------
Start Technology Mapping
---------------------------------------------------------------------------------
---------------------------------------------------------------------------------
Finished Technology Mapping : Time (s): cpu = 00:00:15 ; elapsed = 00:00:15 . Memory (MB): peak = 3995.000 ; gain = 984.961 ; free physical = 10572 ; free virtual = 50911
---------------------------------------------------------------------------------
---------------------------------------------------------------------------------
Start IO Insertion
---------------------------------------------------------------------------------
---------------------------------------------------------------------------------
Start Flattening Before IO Insertion
---------------------------------------------------------------------------------
---------------------------------------------------------------------------------
Finished Flattening Before IO Insertion
---------------------------------------------------------------------------------
---------------------------------------------------------------------------------
Start Final Netlist Cleanup
---------------------------------------------------------------------------------
---------------------------------------------------------------------------------
Finished Final Netlist Cleanup
---------------------------------------------------------------------------------
---------------------------------------------------------------------------------
Finished IO Insertion : Time (s): cpu = 00:00:16 ; elapsed = 00:00:17 . Memory (MB): peak = 4169.812 ; gain = 1159.773 ; free physical = 10452 ; free virtual = 50791
---------------------------------------------------------------------------------
---------------------------------------------------------------------------------
Start Renaming Generated Instances
---------------------------------------------------------------------------------
---------------------------------------------------------------------------------
Finished Renaming Generated Instances : Time (s): cpu = 00:00:16 ; elapsed = 00:00:17 . Memory (MB): peak = 4169.812 ; gain = 1159.773 ; free physical = 10452 ; free virtual = 50791
---------------------------------------------------------------------------------
---------------------------------------------------------------------------------
Start Rebuilding User Hierarchy
---------------------------------------------------------------------------------
---------------------------------------------------------------------------------
Finished Rebuilding User Hierarchy : Time (s): cpu = 00:00:16 ; elapsed = 00:00:17 . Memory (MB): peak = 4169.812 ; gain = 1159.773 ; free physical = 10451 ; free virtual = 50790
---------------------------------------------------------------------------------
---------------------------------------------------------------------------------
Start Renaming Generated Ports
---------------------------------------------------------------------------------
---------------------------------------------------------------------------------
Finished Renaming Generated Ports : Time (s): cpu = 00:00:16 ; elapsed = 00:00:17 . Memory (MB): peak = 4169.812 ; gain = 1159.773 ; free physical = 10451 ; free virtual = 50790
---------------------------------------------------------------------------------
---------------------------------------------------------------------------------
Start Handling Custom Attributes
---------------------------------------------------------------------------------
---------------------------------------------------------------------------------
Finished Handling Custom Attributes : Time (s): cpu = 00:00:16 ; elapsed = 00:00:17 . Memory (MB): peak = 4169.812 ; gain = 1159.773 ; free physical = 10448 ; free virtual = 50787
---------------------------------------------------------------------------------
---------------------------------------------------------------------------------
Start Renaming Generated Nets
---------------------------------------------------------------------------------
---------------------------------------------------------------------------------
Finished Renaming Generated Nets : Time (s): cpu = 00:00:16 ; elapsed = 00:00:17 . Memory (MB): peak = 4169.812 ; gain = 1159.773 ; free physical = 10448 ; free virtual = 50787
---------------------------------------------------------------------------------
---------------------------------------------------------------------------------
Start Writing Synthesis Report
---------------------------------------------------------------------------------

Report BlackBoxes: 
+-+--------------+----------+
| |BlackBox name |Instances |
+-+--------------+----------+
+-+--------------+----------+

Report Cell Usage: 
+------+-----+------+
|      |Cell |Count |
+------+-----+------+
|1     |LUT1 |     2|
|2     |LUT2 |    10|
|3     |LUT3 |     7|
|4     |LUT4 |    14|
|5     |LUT5 |     8|
|6     |LUT6 |    16|
|7     |FDRE |   103|
|8     |FDSE |     1|
+------+-----+------+
---------------------------------------------------------------------------------
Finished Writing Synthesis Report : Time (s): cpu = 00:00:16 ; elapsed = 00:00:17 . Memory (MB): peak = 4169.812 ; gain = 1159.773 ; free physical = 10447 ; free virtual = 50786
---------------------------------------------------------------------------------
Synthesis finished with 0 errors, 0 critical warnings and 0 warnings.
Synthesis Optimization Runtime : Time (s): cpu = 00:00:13 ; elapsed = 00:00:13 . Memory (MB): peak = 4169.812 ; gain = 1050.500 ; free physical = 10403 ; free virtual = 50742
Synthesis Optimization Complete : Time (s): cpu = 00:00:17 ; elapsed = 00:00:17 . Memory (MB): peak = 4169.812 ; gain = 1159.773 ; free physical = 10403 ; free virtual = 50742
INFO: [Project 1-571] Translating synthesized netlist
Netlist sorting complete. Time (s): cpu = 00:00:00.01 ; elapsed = 00:00:00 . Memory (MB): peak = 4169.812 ; gain = 0.000 ; free physical = 10566 ; free virtual = 50905
INFO: [Project 1-570] Preparing netlist for logic optimization
INFO: [Opt 31-138] Pushed 0 inverter(s) to 0 load pin(s).
Netlist sorting complete. Time (s): cpu = 00:00:00 ; elapsed = 00:00:00 . Memory (MB): peak = 4169.812 ; gain = 0.000 ; free physical = 10598 ; free virtual = 50938
INFO: [Project 1-111] Unisim Transformation Summary:
No Unisim elements were transformed.

Synth Design complete | Checksum: 8fedbc90
INFO: [Common 17-83] Releasing license: Synthesis
146 Infos, 0 Warnings, 0 Critical Warnings and 0 Errors encountered.
synth_design completed successfully
synth_design: Time (s): cpu = 00:00:22 ; elapsed = 00:00:21 . Memory (MB): peak = 4169.812 ; gain = 2305.078 ; free physical = 10598 ; free virtual = 50937
INFO: [Common 17-2834] synth_design peak Physical Memory [PSS] (MB): overall = 2958.766; main = 2958.766; forked = 254.011
INFO: [Common 17-2834] synth_design peak Virtual Memory [VSS] (MB): overall = 5010.961; main = 4152.156; forked = 1641.020
Write ShapeDB Complete: Time (s): cpu = 00:00:00 ; elapsed = 00:00:00 . Memory (MB): peak = 4176.164 ; gain = 0.000 ; free physical = 10598 ; free virtual = 50937
INFO: [Common 17-1381] The checkpoint '/home/xmen/Videos/RustDesk/SystolicCore/SystolicCore/SystolicCore/SystolicCore.runs/design_1_axi_gpio_0_0_synth_1/design_1_axi_gpio_0_0.dcp' has been generated.
INFO: [Coretcl 2-1648] Added synthesis output to IP cache for IP design_1_axi_gpio_0_0, cache-ID = ba3ed830114b5ea4
INFO: [Coretcl 2-1174] Renamed 8 cell refs.
Write ShapeDB Complete: Time (s): cpu = 00:00:00 ; elapsed = 00:00:00 . Memory (MB): peak = 4176.164 ; gain = 0.000 ; free physical = 10540 ; free virtual = 50879
INFO: [Common 17-1381] The checkpoint '/home/xmen/Videos/RustDesk/SystolicCore/SystolicCore/SystolicCore/SystolicCore.runs/design_1_axi_gpio_0_0_synth_1/design_1_axi_gpio_0_0.dcp' has been generated.
INFO: [Vivado 12-24828] Executing command : report_utilization -file design_1_axi_gpio_0_0_utilization_synth.rpt -pb design_1_axi_gpio_0_0_utilization_synth.pb
INFO: [Common 17-206] Exiting Vivado at Tue Dec 30 14:48:07 2025...
