The target system is: FreeRTOS -  - cortexa53
The host system is: Linux - 4.18.0-553.89.1.el8_10.x86_64 - x86_64
Compiling the C compiler identification source file "CMakeCCompilerId.c" succeeded.
Compiler: /home/xmen/Music/2025.2/Vitis/gnu/aarch64/lin/aarch64-none/bin/aarch64-none-elf-gcc 
Build flags: ;-DSDT;;-MMD;-MP;-specs=/home/xmen/Videos/RustDesk/SystolicCore/SystolicCore/ZynqIOEthernet/clone/psu_cortexa53_2/Ethernet_IO/bsp/Xilinx.spec;-I/home/xmen/Videos/RustDesk/SystolicCore/SystolicCore/ZynqIOEthernet/clone/psu_cortexa53_2/Ethernet_IO/bsp/include
Id flags:  

The output was:
0
/home/xmen/Music/2025.2/gnu/aarch64/lin/aarch64-none/x86_64-oesdk-linux/usr/bin/aarch64-xilinx-elf/aarch64-xilinx-elf-ld.real: warning: cannot find entry symbol _start; defaulting to 0000000000400060


Compilation of the C compiler identification source "CMakeCCompilerId.c" produced "a-CMakeCCompilerId.d"

Compilation of the C compiler identification source "CMakeCCompilerId.c" produced "a.out"

The C compiler identification is GNU, found in "/home/xmen/Videos/RustDesk/SystolicCore/SystolicCore/ZynqIOEthernet/clone/psu_cortexa53_2/Ethernet_IO/bsp/libsrc/build_configs/gen_bsp/CMakeFiles/3.24.2/CompilerIdC/a.out"

Compiling the CXX compiler identification source file "CMakeCXXCompilerId.cpp" succeeded.
Compiler: /home/xmen/Music/2025.2/Vitis/gnu/aarch64/lin/aarch64-none/bin/aarch64-none-elf-g++ 
Build flags: ;-DSDT;;-MMD;-MP;-specs=/home/xmen/Videos/RustDesk/SystolicCore/SystolicCore/ZynqIOEthernet/clone/psu_cortexa53_2/Ethernet_IO/bsp/Xilinx.spec;-I/home/xmen/Videos/RustDesk/SystolicCore/SystolicCore/ZynqIOEthernet/clone/psu_cortexa53_2/Ethernet_IO/bsp/include
Id flags:  

The output was:
0
/home/xmen/Music/2025.2/gnu/aarch64/lin/aarch64-none/x86_64-oesdk-linux/usr/bin/aarch64-xilinx-elf/aarch64-xilinx-elf-ld.real: warning: cannot find entry symbol _start; defaulting to 0000000000400060


Compilation of the CXX compiler identification source "CMakeCXXCompilerId.cpp" produced "a-CMakeCXXCompilerId.d"

Compilation of the CXX compiler identification source "CMakeCXXCompilerId.cpp" produced "a.out"

The CXX compiler identification is GNU, found in "/home/xmen/Videos/RustDesk/SystolicCore/SystolicCore/ZynqIOEthernet/clone/psu_cortexa53_2/Ethernet_IO/bsp/libsrc/build_configs/gen_bsp/CMakeFiles/3.24.2/CompilerIdCXX/a.out"

Detecting C compiler ABI info compiled with the following output:
Change Dir: /home/xmen/Videos/RustDesk/SystolicCore/SystolicCore/ZynqIOEthernet/clone/psu_cortexa53_2/Ethernet_IO/bsp/libsrc/build_configs/gen_bsp/CMakeFiles/CMakeTmp

Run Build Command(s):/home/xmen/Music/2025.2/Vitis/bin/ninja cmTC_f5fea && [1/2] Building C object CMakeFiles/cmTC_f5fea.dir/CMakeCCompilerABI.c.obj
Using built-in specs.
Reading specs from /home/xmen/Videos/RustDesk/SystolicCore/SystolicCore/ZynqIOEthernet/clone/psu_cortexa53_2/Ethernet_IO/bsp/Xilinx.spec
COLLECT_GCC=/home/xmen/Music/2025.2/Vitis/gnu/aarch64/lin/aarch64-none/bin/../x86_64-oesdk-linux/usr/bin/aarch64-xilinx-elf/aarch64-xilinx-elf-gcc.real
Target: aarch64-xilinx-elf
Configured with: ../../../../../../work-shared/gcc-13.3.0-r0/gcc-13.3.0/configure --build=x86_64-linux --host=x86_64-oesdk-linux --target=aarch64-xilinx-elf --prefix=/usr/local/oe-sdk-hardcoded-buildpath/sysroots/x86_64-oesdk-linux/usr --exec_prefix=/usr/local/oe-sdk-hardcoded-buildpath/sysroots/x86_64-oesdk-linux/usr --bindir=/usr/local/oe-sdk-hardcoded-buildpath/sysroots/x86_64-oesdk-linux/usr/bin/aarch64-xilinx-elf --sbindir=/usr/local/oe-sdk-hardcoded-buildpath/sysroots/x86_64-oesdk-linux/usr/bin/aarch64-xilinx-elf --libexecdir=/usr/local/oe-sdk-hardcoded-buildpath/sysroots/x86_64-oesdk-linux/usr/libexec/aarch64-xilinx-elf --datadir=/usr/local/oe-sdk-hardcoded-buildpath/sysroots/x86_64-oesdk-linux/usr/share --sysconfdir=/usr/local/oe-sdk-hardcoded-buildpath/sysroots/x86_64-oesdk-linux/etc --sharedstatedir=/usr/local/oe-sdk-hardcoded-buildpath/sysroots/x86_64-oesdk-linux/com --localstatedir=/usr/local/oe-sdk-hardcoded-buildpath/sysroots/x86_64-oesdk-linux/var --libdir=/usr/local/oe-sdk-hardcoded-buildpath/sysroots/x86_64-oesdk-linux/usr/lib/aarch64-xilinx-elf --includedir=/usr/local/oe-sdk-hardcoded-buildpath/sysroots/x86_64-oesdk-linux/usr/include --oldincludedir=/usr/local/oe-sdk-hardcoded-buildpath/sysroots/x86_64-oesdk-linux/usr/include --infodir=/usr/local/oe-sdk-hardcoded-buildpath/sysroots/x86_64-oesdk-linux/usr/share/info --mandir=/usr/local/oe-sdk-hardcoded-buildpath/sysroots/x86_64-oesdk-linux/usr/share/man --disable-silent-rules --disable-dependency-tracking --with-libtool-sysroot=/host --with-gnu-ld --enable-shared --enable-languages=c,c++,fortran --enable-threads=posix --enable-multilib --enable-c99 --enable-long-long --enable-libstdcxx-pch --program-prefix=aarch64-xilinx-elf- --without-local-prefix --disable-install-libiberty --disable-libssp --enable-libitm --enable-lto --disable-bootstrap --with-system-zlib --enable-linker-build-id --with-ppl=no --with-cloog=no --enable-checking=release --enable-cheaders=c_global --without-isl --with-gxx-include-dir=/not/exist/usr/include/c++/13.3.0 --with-build-time-tools=/host-native/usr/aarch64-xilinx-elf/bin --with-sysroot=/not/exist --with-build-sysroot=/host --with-plugin-ld=ld --enable-poison-system-directories --disable-static --enable-nls --with-glibc-version=2.28 --enable-initfini-array --enable-multilib --disable-libstdcxx-pch --with-newlib --disable-threads --enable-plugins --with-gnu-as --disable-libitm --disable-tm-clone-registry --disable-multiarch --with-arch=armv8-a --with-sysroot=/not/exist
Thread model: single
Supported LTO compression algorithms: zlib zstd
gcc version 13.3.0 (GCC) 
COLLECT_GCC_OPTIONS='--sysroot=/home/xmen/Music/2025.2/Vitis/gnu/aarch64/lin/aarch64-none/bin/../aarch64-xilinx-elf' '-mbranch-protection=none' '-D' 'FREERTOS_BSP' '-D' 'SDT' '-MMD' '-MP' '-specs=/home/xmen/Videos/RustDesk/SystolicCore/SystolicCore/ZynqIOEthernet/clone/psu_cortexa53_2/Ethernet_IO/bsp/Xilinx.spec' '-I' '/home/xmen/Videos/RustDesk/SystolicCore/SystolicCore/ZynqIOEthernet/clone/psu_cortexa53_2/Ethernet_IO/bsp/include' '-v' '-o' 'CMakeFiles/cmTC_f5fea.dir/CMakeCCompilerABI.c.obj' '-c' '-march=armv8-a' '-mlittle-endian' '-mabi=lp64' '-dumpdir' 'CMakeFiles/cmTC_f5fea.dir/'
 /home/xmen/Music/2025.2/gnu/aarch64/lin/aarch64-none/x86_64-oesdk-linux/usr/bin/aarch64-xilinx-elf/../../libexec/aarch64-xilinx-elf/gcc/aarch64-xilinx-elf/13.3.0/cc1 -quiet -v -I /home/xmen/Videos/RustDesk/SystolicCore/SystolicCore/ZynqIOEthernet/clone/psu_cortexa53_2/Ethernet_IO/bsp/include -iprefix /home/xmen/Music/2025.2/gnu/aarch64/lin/aarch64-none/x86_64-oesdk-linux/usr/bin/aarch64-xilinx-elf/../../lib/aarch64-xilinx-elf/gcc/aarch64-xilinx-elf/13.3.0/ -isysroot /home/xmen/Music/2025.2/Vitis/gnu/aarch64/lin/aarch64-none/bin/../aarch64-xilinx-elf -MMD CMakeFiles/cmTC_f5fea.dir/CMakeCCompilerABI.c.d -MP -MQ CMakeFiles/cmTC_f5fea.dir/CMakeCCompilerABI.c.obj -D FREERTOS_BSP -D SDT /home/xmen/Music/2025.2/tps/lnx64/cmake-3.24.2/share/cmake-3.24/Modules/CMakeCCompilerABI.c -quiet -dumpdir CMakeFiles/cmTC_f5fea.dir/ -dumpbase CMakeCCompilerABI.c.c -dumpbase-ext .c -mbranch-protection=none -march=armv8-a -mlittle-endian -mabi=lp64 -version -o /tmp/ccklT74f.s
GNU C17 (GCC) version 13.3.0 (aarch64-xilinx-elf)
	compiled by GNU C version 13.3.0, GMP version 6.3.0, MPFR version 4.2.1, MPC version 1.3.1, isl version none
GGC heuristics: --param ggc-min-expand=100 --param ggc-min-heapsize=131072
ignoring nonexistent directory "/home/xmen/Music/2025.2/gnu/aarch64/lin/aarch64-none/x86_64-oesdk-linux/usr/bin/aarch64-xilinx-elf/../../lib/aarch64-xilinx-elf/gcc/aarch64-xilinx-elf/13.3.0/../../../../../aarch64-xilinx-elf/include"
ignoring duplicate directory "/home/xmen/Music/2025.2/gnu/aarch64/lin/aarch64-none/x86_64-oesdk-linux/usr/bin/aarch64-xilinx-elf/../../lib/aarch64-xilinx-elf/gcc/../../../lib/aarch64-xilinx-elf/gcc/aarch64-xilinx-elf/13.3.0/include"
ignoring nonexistent directory "/home/xmen/Music/2025.2/Vitis/gnu/aarch64/lin/aarch64-none/bin/../aarch64-xilinx-elf/usr/lib64/aarch64-xilinx-elf/13.3.0/include"
ignoring nonexistent directory "/home/xmen/Music/2025.2/Vitis/gnu/aarch64/lin/aarch64-none/bin/../aarch64-xilinx-elf/usr/local/include"
ignoring duplicate directory "/home/xmen/Music/2025.2/gnu/aarch64/lin/aarch64-none/x86_64-oesdk-linux/usr/bin/aarch64-xilinx-elf/../../lib/aarch64-xilinx-elf/gcc/../../../lib/aarch64-xilinx-elf/gcc/aarch64-xilinx-elf/13.3.0/include-fixed"
ignoring nonexistent directory "/home/xmen/Music/2025.2/gnu/aarch64/lin/aarch64-none/x86_64-oesdk-linux/usr/bin/aarch64-xilinx-elf/../../lib/aarch64-xilinx-elf/gcc/../../../lib/aarch64-xilinx-elf/gcc/aarch64-xilinx-elf/13.3.0/../../../../../aarch64-xilinx-elf/include"
#include "..." search starts here:
#include <...> search starts here:
 /home/xmen/Videos/RustDesk/SystolicCore/SystolicCore/ZynqIOEthernet/clone/psu_cortexa53_2/Ethernet_IO/bsp/include
 /home/xmen/Music/2025.2/gnu/aarch64/lin/aarch64-none/x86_64-oesdk-linux/usr/bin/aarch64-xilinx-elf/../../lib/aarch64-xilinx-elf/gcc/aarch64-xilinx-elf/13.3.0/include
 /home/xmen/Music/2025.2/gnu/aarch64/lin/aarch64-none/x86_64-oesdk-linux/usr/bin/aarch64-xilinx-elf/../../lib/aarch64-xilinx-elf/gcc/aarch64-xilinx-elf/13.3.0/include-fixed
 /home/xmen/Music/2025.2/Vitis/gnu/aarch64/lin/aarch64-none/bin/../aarch64-xilinx-elf/usr/include/
End of search list.
Compiler executable checksum: bf4f7e99d9c79ea23b0a478fa2e8108a
COLLECT_GCC_OPTIONS='--sysroot=/home/xmen/Music/2025.2/Vitis/gnu/aarch64/lin/aarch64-none/bin/../aarch64-xilinx-elf' '-mbranch-protection=none' '-D' 'FREERTOS_BSP' '-D' 'SDT' '-MMD' '-MP' '-specs=/home/xmen/Videos/RustDesk/SystolicCore/SystolicCore/ZynqIOEthernet/clone/psu_cortexa53_2/Ethernet_IO/bsp/Xilinx.spec' '-I' '/home/xmen/Videos/RustDesk/SystolicCore/SystolicCore/ZynqIOEthernet/clone/psu_cortexa53_2/Ethernet_IO/bsp/include' '-v' '-o' 'CMakeFiles/cmTC_f5fea.dir/CMakeCCompilerABI.c.obj' '-c' '-march=armv8-a' '-mlittle-endian' '-mabi=lp64' '-dumpdir' 'CMakeFiles/cmTC_f5fea.dir/'
 /home/xmen/Music/2025.2/gnu/aarch64/lin/aarch64-none/x86_64-oesdk-linux/usr/bin/aarch64-xilinx-elf/../../libexec/aarch64-xilinx-elf/gcc/aarch64-xilinx-elf/13.3.0/as -v -I /home/xmen/Videos/RustDesk/SystolicCore/SystolicCore/ZynqIOEthernet/clone/psu_cortexa53_2/Ethernet_IO/bsp/include -EL -march=armv8-a -mabi=lp64 -o CMakeFiles/cmTC_f5fea.dir/CMakeCCompilerABI.c.obj /tmp/ccklT74f.s
GNU assembler version 2.42.0 (aarch64-xilinx-elf) using BFD version (GNU Binutils) 2.42.0.20240723
COMPILER_PATH=/home/xmen/Music/2025.2/gnu/aarch64/lin/aarch64-none/x86_64-oesdk-linux/usr/bin/aarch64-xilinx-elf/../../libexec/aarch64-xilinx-elf/gcc/aarch64-xilinx-elf/13.3.0/:/home/xmen/Music/2025.2/gnu/aarch64/lin/aarch64-none/x86_64-oesdk-linux/usr/bin/aarch64-xilinx-elf/../../libexec/aarch64-xilinx-elf/gcc/
LIBRARY_PATH=/home/xmen/Music/2025.2/gnu/aarch64/lin/aarch64-none/x86_64-oesdk-linux/usr/bin/aarch64-xilinx-elf/../../lib/aarch64-xilinx-elf/gcc/aarch64-xilinx-elf/13.3.0/:/home/xmen/Music/2025.2/gnu/aarch64/lin/aarch64-none/x86_64-oesdk-linux/usr/bin/aarch64-xilinx-elf/../../lib/aarch64-xilinx-elf/gcc/:/home/xmen/Music/2025.2/Vitis/gnu/aarch64/lin/aarch64-none/bin/../aarch64-xilinx-elf/usr/lib64/aarch64-xilinx-elf/13.3.0/:/home/xmen/Music/2025.2/Vitis/gnu/aarch64/lin/aarch64-none/bin/../aarch64-xilinx-elf/usr/lib64/
COLLECT_GCC_OPTIONS='--sysroot=/home/xmen/Music/2025.2/Vitis/gnu/aarch64/lin/aarch64-none/bin/../aarch64-xilinx-elf' '-mbranch-protection=none' '-D' 'FREERTOS_BSP' '-D' 'SDT' '-MMD' '-MP' '-specs=/home/xmen/Videos/RustDesk/SystolicCore/SystolicCore/ZynqIOEthernet/clone/psu_cortexa53_2/Ethernet_IO/bsp/Xilinx.spec' '-I' '/home/xmen/Videos/RustDesk/SystolicCore/SystolicCore/ZynqIOEthernet/clone/psu_cortexa53_2/Ethernet_IO/bsp/include' '-v' '-o' 'CMakeFiles/cmTC_f5fea.dir/CMakeCCompilerABI.c.obj' '-c' '-march=armv8-a' '-mlittle-endian' '-mabi=lp64' '-dumpdir' 'CMakeFiles/cmTC_f5fea.dir/CMakeCCompilerABI.c.'
[2/2] Linking C executable cmTC_f5fea
Using built-in specs.
Reading specs from /home/xmen/Videos/RustDesk/SystolicCore/SystolicCore/ZynqIOEthernet/clone/psu_cortexa53_2/Ethernet_IO/bsp/Xilinx.spec
COLLECT_GCC=/home/xmen/Music/2025.2/Vitis/gnu/aarch64/lin/aarch64-none/bin/../x86_64-oesdk-linux/usr/bin/aarch64-xilinx-elf/aarch64-xilinx-elf-gcc.real
COLLECT_LTO_WRAPPER=/home/xmen/Music/2025.2/gnu/aarch64/lin/aarch64-none/x86_64-oesdk-linux/usr/bin/aarch64-xilinx-elf/../../libexec/aarch64-xilinx-elf/gcc/aarch64-xilinx-elf/13.3.0/lto-wrapper
Target: aarch64-xilinx-elf
Configured with: ../../../../../../work-shared/gcc-13.3.0-r0/gcc-13.3.0/configure --build=x86_64-linux --host=x86_64-oesdk-linux --target=aarch64-xilinx-elf --prefix=/usr/local/oe-sdk-hardcoded-buildpath/sysroots/x86_64-oesdk-linux/usr --exec_prefix=/usr/local/oe-sdk-hardcoded-buildpath/sysroots/x86_64-oesdk-linux/usr --bindir=/usr/local/oe-sdk-hardcoded-buildpath/sysroots/x86_64-oesdk-linux/usr/bin/aarch64-xilinx-elf --sbindir=/usr/local/oe-sdk-hardcoded-buildpath/sysroots/x86_64-oesdk-linux/usr/bin/aarch64-xilinx-elf --libexecdir=/usr/local/oe-sdk-hardcoded-buildpath/sysroots/x86_64-oesdk-linux/usr/libexec/aarch64-xilinx-elf --datadir=/usr/local/oe-sdk-hardcoded-buildpath/sysroots/x86_64-oesdk-linux/usr/share --sysconfdir=/usr/local/oe-sdk-hardcoded-buildpath/sysroots/x86_64-oesdk-linux/etc --sharedstatedir=/usr/local/oe-sdk-hardcoded-buildpath/sysroots/x86_64-oesdk-linux/com --localstatedir=/usr/local/oe-sdk-hardcoded-buildpath/sysroots/x86_64-oesdk-linux/var --libdir=/usr/local/oe-sdk-hardcoded-buildpath/sysroots/x86_64-oesdk-linux/usr/lib/aarch64-xilinx-elf --includedir=/usr/local/oe-sdk-hardcoded-buildpath/sysroots/x86_64-oesdk-linux/usr/include --oldincludedir=/usr/local/oe-sdk-hardcoded-buildpath/sysroots/x86_64-oesdk-linux/usr/include --infodir=/usr/local/oe-sdk-hardcoded-buildpath/sysroots/x86_64-oesdk-linux/usr/share/info --mandir=/usr/local/oe-sdk-hardcoded-buildpath/sysroots/x86_64-oesdk-linux/usr/share/man --disable-silent-rules --disable-dependency-tracking --with-libtool-sysroot=/host --with-gnu-ld --enable-shared --enable-languages=c,c++,fortran --enable-threads=posix --enable-multilib --enable-c99 --enable-long-long --enable-libstdcxx-pch --program-prefix=aarch64-xilinx-elf- --without-local-prefix --disable-install-libiberty --disable-libssp --enable-libitm --enable-lto --disable-bootstrap --with-system-zlib --enable-linker-build-id --with-ppl=no --with-cloog=no --enable-checking=release --enable-cheaders=c_global --without-isl --with-gxx-include-dir=/not/exist/usr/include/c++/13.3.0 --with-build-time-tools=/host-native/usr/aarch64-xilinx-elf/bin --with-sysroot=/not/exist --with-build-sysroot=/host --with-plugin-ld=ld --enable-poison-system-directories --disable-static --enable-nls --with-glibc-version=2.28 --enable-initfini-array --enable-multilib --disable-libstdcxx-pch --with-newlib --disable-threads --enable-plugins --with-gnu-as --disable-libitm --disable-tm-clone-registry --disable-multiarch --with-arch=armv8-a --with-sysroot=/not/exist
Thread model: single
Supported LTO compression algorithms: zlib zstd
gcc version 13.3.0 (GCC) 
COMPILER_PATH=/home/xmen/Music/2025.2/gnu/aarch64/lin/aarch64-none/x86_64-oesdk-linux/usr/bin/aarch64-xilinx-elf/../../libexec/aarch64-xilinx-elf/gcc/aarch64-xilinx-elf/13.3.0/:/home/xmen/Music/2025.2/gnu/aarch64/lin/aarch64-none/x86_64-oesdk-linux/usr/bin/aarch64-xilinx-elf/../../libexec/aarch64-xilinx-elf/gcc/
LIBRARY_PATH=/home/xmen/Music/2025.2/gnu/aarch64/lin/aarch64-none/x86_64-oesdk-linux/usr/bin/aarch64-xilinx-elf/../../lib/aarch64-xilinx-elf/gcc/aarch64-xilinx-elf/13.3.0/:/home/xmen/Music/2025.2/gnu/aarch64/lin/aarch64-none/x86_64-oesdk-linux/usr/bin/aarch64-xilinx-elf/../../lib/aarch64-xilinx-elf/gcc/:/home/xmen/Music/2025.2/Vitis/gnu/aarch64/lin/aarch64-none/bin/../aarch64-xilinx-elf/usr/lib64/aarch64-xilinx-elf/13.3.0/:/home/xmen/Music/2025.2/Vitis/gnu/aarch64/lin/aarch64-none/bin/../aarch64-xilinx-elf/usr/lib64/
COLLECT_GCC_OPTIONS='--sysroot=/home/xmen/Music/2025.2/Vitis/gnu/aarch64/lin/aarch64-none/bin/../aarch64-xilinx-elf' '-mbranch-protection=none' '-D' 'SDT' '-MMD' '-MP' '-specs=/home/xmen/Videos/RustDesk/SystolicCore/SystolicCore/ZynqIOEthernet/clone/psu_cortexa53_2/Ethernet_IO/bsp/Xilinx.spec' '-I' '/home/xmen/Videos/RustDesk/SystolicCore/SystolicCore/ZynqIOEthernet/clone/psu_cortexa53_2/Ethernet_IO/bsp/include' '-v' '-o' 'cmTC_f5fea' '-march=armv8-a' '-mlittle-endian' '-mabi=lp64' '-dumpdir' 'cmTC_f5fea.'
 /home/xmen/Music/2025.2/gnu/aarch64/lin/aarch64-none/x86_64-oesdk-linux/usr/bin/aarch64-xilinx-elf/../../libexec/aarch64-xilinx-elf/gcc/aarch64-xilinx-elf/13.3.0/collect2 -plugin /home/xmen/Music/2025.2/gnu/aarch64/lin/aarch64-none/x86_64-oesdk-linux/usr/bin/aarch64-xilinx-elf/../../libexec/aarch64-xilinx-elf/gcc/aarch64-xilinx-elf/13.3.0/liblto_plugin.so -plugin-opt=/home/xmen/Music/2025.2/gnu/aarch64/lin/aarch64-none/x86_64-oesdk-linux/usr/bin/aarch64-xilinx-elf/../../libexec/aarch64-xilinx-elf/gcc/aarch64-xilinx-elf/13.3.0/lto-wrapper -plugin-opt=-fresolution=/tmp/ccWCpVFt.res -plugin-opt=-pass-through=-lgcc -plugin-opt=-pass-through=-lc -plugin-opt=-pass-through=-lgcc --sysroot=/home/xmen/Music/2025.2/Vitis/gnu/aarch64/lin/aarch64-none/bin/../aarch64-xilinx-elf --build-id -EL -X -maarch64elf -o cmTC_f5fea /home/xmen/Music/2025.2/Vitis/gnu/aarch64/lin/aarch64-none/bin/../aarch64-xilinx-elf/usr/lib64/aarch64-xilinx-elf/13.3.0/crti.o /home/xmen/Music/2025.2/Vitis/gnu/aarch64/lin/aarch64-none/bin/../aarch64-xilinx-elf/usr/lib64/aarch64-xilinx-elf/13.3.0/crtbegin.o -L/home/xmen/Music/2025.2/gnu/aarch64/lin/aarch64-none/x86_64-oesdk-linux/usr/bin/aarch64-xilinx-elf/../../lib/aarch64-xilinx-elf/gcc/aarch64-xilinx-elf/13.3.0 -L/home/xmen/Music/2025.2/gnu/aarch64/lin/aarch64-none/x86_64-oesdk-linux/usr/bin/aarch64-xilinx-elf/../../lib/aarch64-xilinx-elf/gcc -L/home/xmen/Music/2025.2/Vitis/gnu/aarch64/lin/aarch64-none/bin/../aarch64-xilinx-elf/usr/lib64/aarch64-xilinx-elf/13.3.0 -L/home/xmen/Music/2025.2/Vitis/gnu/aarch64/lin/aarch64-none/bin/../aarch64-xilinx-elf/usr/lib64 --no-warn-rwx-segment CMakeFiles/cmTC_f5fea.dir/CMakeCCompilerABI.c.obj -lgcc -lc -lgcc /home/xmen/Music/2025.2/Vitis/gnu/aarch64/lin/aarch64-none/bin/../aarch64-xilinx-elf/usr/lib64/aarch64-xilinx-elf/13.3.0/crtend.o /home/xmen/Music/2025.2/Vitis/gnu/aarch64/lin/aarch64-none/bin/../aarch64-xilinx-elf/usr/lib64/aarch64-xilinx-elf/13.3.0/crtn.o
/home/xmen/Music/2025.2/gnu/aarch64/lin/aarch64-none/x86_64-oesdk-linux/usr/bin/aarch64-xilinx-elf/aarch64-xilinx-elf-ld.real: warning: cannot find entry symbol _start; defaulting to 0000000000400060
COLLECT_GCC_OPTIONS='--sysroot=/home/xmen/Music/2025.2/Vitis/gnu/aarch64/lin/aarch64-none/bin/../aarch64-xilinx-elf' '-mbranch-protection=none' '-D' 'SDT' '-MMD' '-MP' '-specs=/home/xmen/Videos/RustDesk/SystolicCore/SystolicCore/ZynqIOEthernet/clone/psu_cortexa53_2/Ethernet_IO/bsp/Xilinx.spec' '-I' '/home/xmen/Videos/RustDesk/SystolicCore/SystolicCore/ZynqIOEthernet/clone/psu_cortexa53_2/Ethernet_IO/bsp/include' '-v' '-o' 'cmTC_f5fea' '-march=armv8-a' '-mlittle-endian' '-mabi=lp64' '-dumpdir' 'cmTC_f5fea.'



Parsed C implicit include dir info from above output: rv=done
  found start of include info
  found start of implicit include info
    add: [/home/xmen/Videos/RustDesk/SystolicCore/SystolicCore/ZynqIOEthernet/clone/psu_cortexa53_2/Ethernet_IO/bsp/include]
    add: [/home/xmen/Music/2025.2/gnu/aarch64/lin/aarch64-none/x86_64-oesdk-linux/usr/bin/aarch64-xilinx-elf/../../lib/aarch64-xilinx-elf/gcc/aarch64-xilinx-elf/13.3.0/include]
    add: [/home/xmen/Music/2025.2/gnu/aarch64/lin/aarch64-none/x86_64-oesdk-linux/usr/bin/aarch64-xilinx-elf/../../lib/aarch64-xilinx-elf/gcc/aarch64-xilinx-elf/13.3.0/include-fixed]
    add: [/home/xmen/Music/2025.2/Vitis/gnu/aarch64/lin/aarch64-none/bin/../aarch64-xilinx-elf/usr/include/]
  end of search list found
  collapse include dir [/home/xmen/Videos/RustDesk/SystolicCore/SystolicCore/ZynqIOEthernet/clone/psu_cortexa53_2/Ethernet_IO/bsp/include] ==> [/home/xmen/Videos/RustDesk/SystolicCore/SystolicCore/ZynqIOEthernet/clone/psu_cortexa53_2/Ethernet_IO/bsp/include]
  collapse include dir [/home/xmen/Music/2025.2/gnu/aarch64/lin/aarch64-none/x86_64-oesdk-linux/usr/bin/aarch64-xilinx-elf/../../lib/aarch64-xilinx-elf/gcc/aarch64-xilinx-elf/13.3.0/include] ==> [/home/xmen/Music/2025.2/gnu/aarch64/lin/aarch64-none/x86_64-oesdk-linux/usr/lib/aarch64-xilinx-elf/gcc/aarch64-xilinx-elf/13.3.0/include]
  collapse include dir [/home/xmen/Music/2025.2/gnu/aarch64/lin/aarch64-none/x86_64-oesdk-linux/usr/bin/aarch64-xilinx-elf/../../lib/aarch64-xilinx-elf/gcc/aarch64-xilinx-elf/13.3.0/include-fixed] ==> [/home/xmen/Music/2025.2/gnu/aarch64/lin/aarch64-none/x86_64-oesdk-linux/usr/lib/aarch64-xilinx-elf/gcc/aarch64-xilinx-elf/13.3.0/include-fixed]
  collapse include dir [/home/xmen/Music/2025.2/Vitis/gnu/aarch64/lin/aarch64-none/bin/../aarch64-xilinx-elf/usr/include/] ==> [/home/xmen/Music/2025.2/Vitis/gnu/aarch64/lin/aarch64-none/aarch64-xilinx-elf/usr/include]
  implicit include dirs: [/home/xmen/Videos/RustDesk/SystolicCore/SystolicCore/ZynqIOEthernet/clone/psu_cortexa53_2/Ethernet_IO/bsp/include;/home/xmen/Music/2025.2/gnu/aarch64/lin/aarch64-none/x86_64-oesdk-linux/usr/lib/aarch64-xilinx-elf/gcc/aarch64-xilinx-elf/13.3.0/include;/home/xmen/Music/2025.2/gnu/aarch64/lin/aarch64-none/x86_64-oesdk-linux/usr/lib/aarch64-xilinx-elf/gcc/aarch64-xilinx-elf/13.3.0/include-fixed;/home/xmen/Music/2025.2/Vitis/gnu/aarch64/lin/aarch64-none/aarch64-xilinx-elf/usr/include]


Parsed C implicit link information from above output:
  link line regex: [^( *|.*[/\])(aarch64-none-elf-ld|CMAKE_LINK_STARTFILE-NOTFOUND|([^/\]+-)?ld|collect2)[^/\]*( |$)]
  ignore line: [Change Dir: /home/xmen/Videos/RustDesk/SystolicCore/SystolicCore/ZynqIOEthernet/clone/psu_cortexa53_2/Ethernet_IO/bsp/libsrc/build_configs/gen_bsp/CMakeFiles/CMakeTmp]
  ignore line: []
  ignore line: [Run Build Command(s):/home/xmen/Music/2025.2/Vitis/bin/ninja cmTC_f5fea && [1/2] Building C object CMakeFiles/cmTC_f5fea.dir/CMakeCCompilerABI.c.obj]
  ignore line: [Using built-in specs.]
  ignore line: [Reading specs from /home/xmen/Videos/RustDesk/SystolicCore/SystolicCore/ZynqIOEthernet/clone/psu_cortexa53_2/Ethernet_IO/bsp/Xilinx.spec]
  ignore line: [COLLECT_GCC=/home/xmen/Music/2025.2/Vitis/gnu/aarch64/lin/aarch64-none/bin/../x86_64-oesdk-linux/usr/bin/aarch64-xilinx-elf/aarch64-xilinx-elf-gcc.real]
  ignore line: [Target: aarch64-xilinx-elf]
  ignore line: [Configured with: ../../../../../../work-shared/gcc-13.3.0-r0/gcc-13.3.0/configure --build=x86_64-linux --host=x86_64-oesdk-linux --target=aarch64-xilinx-elf --prefix=/usr/local/oe-sdk-hardcoded-buildpath/sysroots/x86_64-oesdk-linux/usr --exec_prefix=/usr/local/oe-sdk-hardcoded-buildpath/sysroots/x86_64-oesdk-linux/usr --bindir=/usr/local/oe-sdk-hardcoded-buildpath/sysroots/x86_64-oesdk-linux/usr/bin/aarch64-xilinx-elf --sbindir=/usr/local/oe-sdk-hardcoded-buildpath/sysroots/x86_64-oesdk-linux/usr/bin/aarch64-xilinx-elf --libexecdir=/usr/local/oe-sdk-hardcoded-buildpath/sysroots/x86_64-oesdk-linux/usr/libexec/aarch64-xilinx-elf --datadir=/usr/local/oe-sdk-hardcoded-buildpath/sysroots/x86_64-oesdk-linux/usr/share --sysconfdir=/usr/local/oe-sdk-hardcoded-buildpath/sysroots/x86_64-oesdk-linux/etc --sharedstatedir=/usr/local/oe-sdk-hardcoded-buildpath/sysroots/x86_64-oesdk-linux/com --localstatedir=/usr/local/oe-sdk-hardcoded-buildpath/sysroots/x86_64-oesdk-linux/var --libdir=/usr/local/oe-sdk-hardcoded-buildpath/sysroots/x86_64-oesdk-linux/usr/lib/aarch64-xilinx-elf --includedir=/usr/local/oe-sdk-hardcoded-buildpath/sysroots/x86_64-oesdk-linux/usr/include --oldincludedir=/usr/local/oe-sdk-hardcoded-buildpath/sysroots/x86_64-oesdk-linux/usr/include --infodir=/usr/local/oe-sdk-hardcoded-buildpath/sysroots/x86_64-oesdk-linux/usr/share/info --mandir=/usr/local/oe-sdk-hardcoded-buildpath/sysroots/x86_64-oesdk-linux/usr/share/man --disable-silent-rules --disable-dependency-tracking --with-libtool-sysroot=/host --with-gnu-ld --enable-shared --enable-languages=c,c++,fortran --enable-threads=posix --enable-multilib --enable-c99 --enable-long-long --enable-libstdcxx-pch --program-prefix=aarch64-xilinx-elf- --without-local-prefix --disable-install-libiberty --disable-libssp --enable-libitm --enable-lto --disable-bootstrap --with-system-zlib --enable-linker-build-id --with-ppl=no --with-cloog=no --enable-checking=release --enable-cheaders=c_global --without-isl --with-gxx-include-dir=/not/exist/usr/include/c++/13.3.0 --with-build-time-tools=/host-native/usr/aarch64-xilinx-elf/bin --with-sysroot=/not/exist --with-build-sysroot=/host --with-plugin-ld=ld --enable-poison-system-directories --disable-static --enable-nls --with-glibc-version=2.28 --enable-initfini-array --enable-multilib --disable-libstdcxx-pch --with-newlib --disable-threads --enable-plugins --with-gnu-as --disable-libitm --disable-tm-clone-registry --disable-multiarch --with-arch=armv8-a --with-sysroot=/not/exist]
  ignore line: [Thread model: single]
  ignore line: [Supported LTO compression algorithms: zlib zstd]
  ignore line: [gcc version 13.3.0 (GCC) ]
  ignore line: [COLLECT_GCC_OPTIONS='--sysroot=/home/xmen/Music/2025.2/Vitis/gnu/aarch64/lin/aarch64-none/bin/../aarch64-xilinx-elf' '-mbranch-protection=none' '-D' 'FREERTOS_BSP' '-D' 'SDT' '-MMD' '-MP' '-specs=/home/xmen/Videos/RustDesk/SystolicCore/SystolicCore/ZynqIOEthernet/clone/psu_cortexa53_2/Ethernet_IO/bsp/Xilinx.spec' '-I' '/home/xmen/Videos/RustDesk/SystolicCore/SystolicCore/ZynqIOEthernet/clone/psu_cortexa53_2/Ethernet_IO/bsp/include' '-v' '-o' 'CMakeFiles/cmTC_f5fea.dir/CMakeCCompilerABI.c.obj' '-c' '-march=armv8-a' '-mlittle-endian' '-mabi=lp64' '-dumpdir' 'CMakeFiles/cmTC_f5fea.dir/']
  ignore line: [ /home/xmen/Music/2025.2/gnu/aarch64/lin/aarch64-none/x86_64-oesdk-linux/usr/bin/aarch64-xilinx-elf/../../libexec/aarch64-xilinx-elf/gcc/aarch64-xilinx-elf/13.3.0/cc1 -quiet -v -I /home/xmen/Videos/RustDesk/SystolicCore/SystolicCore/ZynqIOEthernet/clone/psu_cortexa53_2/Ethernet_IO/bsp/include -iprefix /home/xmen/Music/2025.2/gnu/aarch64/lin/aarch64-none/x86_64-oesdk-linux/usr/bin/aarch64-xilinx-elf/../../lib/aarch64-xilinx-elf/gcc/aarch64-xilinx-elf/13.3.0/ -isysroot /home/xmen/Music/2025.2/Vitis/gnu/aarch64/lin/aarch64-none/bin/../aarch64-xilinx-elf -MMD CMakeFiles/cmTC_f5fea.dir/CMakeCCompilerABI.c.d -MP -MQ CMakeFiles/cmTC_f5fea.dir/CMakeCCompilerABI.c.obj -D FREERTOS_BSP -D SDT /home/xmen/Music/2025.2/tps/lnx64/cmake-3.24.2/share/cmake-3.24/Modules/CMakeCCompilerABI.c -quiet -dumpdir CMakeFiles/cmTC_f5fea.dir/ -dumpbase CMakeCCompilerABI.c.c -dumpbase-ext .c -mbranch-protection=none -march=armv8-a -mlittle-endian -mabi=lp64 -version -o /tmp/ccklT74f.s]
  ignore line: [GNU C17 (GCC) version 13.3.0 (aarch64-xilinx-elf)]
  ignore line: [	compiled by GNU C version 13.3.0  GMP version 6.3.0  MPFR version 4.2.1  MPC version 1.3.1  isl version none]
  ignore line: [GGC heuristics: --param ggc-min-expand=100 --param ggc-min-heapsize=131072]
  ignore line: [ignoring nonexistent directory "/home/xmen/Music/2025.2/gnu/aarch64/lin/aarch64-none/x86_64-oesdk-linux/usr/bin/aarch64-xilinx-elf/../../lib/aarch64-xilinx-elf/gcc/aarch64-xilinx-elf/13.3.0/../../../../../aarch64-xilinx-elf/include"]
  ignore line: [ignoring duplicate directory "/home/xmen/Music/2025.2/gnu/aarch64/lin/aarch64-none/x86_64-oesdk-linux/usr/bin/aarch64-xilinx-elf/../../lib/aarch64-xilinx-elf/gcc/../../../lib/aarch64-xilinx-elf/gcc/aarch64-xilinx-elf/13.3.0/include"]
  ignore line: [ignoring nonexistent directory "/home/xmen/Music/2025.2/Vitis/gnu/aarch64/lin/aarch64-none/bin/../aarch64-xilinx-elf/usr/lib64/aarch64-xilinx-elf/13.3.0/include"]
  ignore line: [ignoring nonexistent directory "/home/xmen/Music/2025.2/Vitis/gnu/aarch64/lin/aarch64-none/bin/../aarch64-xilinx-elf/usr/local/include"]
  ignore line: [ignoring duplicate directory "/home/xmen/Music/2025.2/gnu/aarch64/lin/aarch64-none/x86_64-oesdk-linux/usr/bin/aarch64-xilinx-elf/../../lib/aarch64-xilinx-elf/gcc/../../../lib/aarch64-xilinx-elf/gcc/aarch64-xilinx-elf/13.3.0/include-fixed"]
  ignore line: [ignoring nonexistent directory "/home/xmen/Music/2025.2/gnu/aarch64/lin/aarch64-none/x86_64-oesdk-linux/usr/bin/aarch64-xilinx-elf/../../lib/aarch64-xilinx-elf/gcc/../../../lib/aarch64-xilinx-elf/gcc/aarch64-xilinx-elf/13.3.0/../../../../../aarch64-xilinx-elf/include"]
  ignore line: [#include "..." search starts here:]
  ignore line: [#include <...> search starts here:]
  ignore line: [ /home/xmen/Videos/RustDesk/SystolicCore/SystolicCore/ZynqIOEthernet/clone/psu_cortexa53_2/Ethernet_IO/bsp/include]
  ignore line: [ /home/xmen/Music/2025.2/gnu/aarch64/lin/aarch64-none/x86_64-oesdk-linux/usr/bin/aarch64-xilinx-elf/../../lib/aarch64-xilinx-elf/gcc/aarch64-xilinx-elf/13.3.0/include]
  ignore line: [ /home/xmen/Music/2025.2/gnu/aarch64/lin/aarch64-none/x86_64-oesdk-linux/usr/bin/aarch64-xilinx-elf/../../lib/aarch64-xilinx-elf/gcc/aarch64-xilinx-elf/13.3.0/include-fixed]
  ignore line: [ /home/xmen/Music/2025.2/Vitis/gnu/aarch64/lin/aarch64-none/bin/../aarch64-xilinx-elf/usr/include/]
  ignore line: [End of search list.]
  ignore line: [Compiler executable checksum: bf4f7e99d9c79ea23b0a478fa2e8108a]
  ignore line: [COLLECT_GCC_OPTIONS='--sysroot=/home/xmen/Music/2025.2/Vitis/gnu/aarch64/lin/aarch64-none/bin/../aarch64-xilinx-elf' '-mbranch-protection=none' '-D' 'FREERTOS_BSP' '-D' 'SDT' '-MMD' '-MP' '-specs=/home/xmen/Videos/RustDesk/SystolicCore/SystolicCore/ZynqIOEthernet/clone/psu_cortexa53_2/Ethernet_IO/bsp/Xilinx.spec' '-I' '/home/xmen/Videos/RustDesk/SystolicCore/SystolicCore/ZynqIOEthernet/clone/psu_cortexa53_2/Ethernet_IO/bsp/include' '-v' '-o' 'CMakeFiles/cmTC_f5fea.dir/CMakeCCompilerABI.c.obj' '-c' '-march=armv8-a' '-mlittle-endian' '-mabi=lp64' '-dumpdir' 'CMakeFiles/cmTC_f5fea.dir/']
  ignore line: [ /home/xmen/Music/2025.2/gnu/aarch64/lin/aarch64-none/x86_64-oesdk-linux/usr/bin/aarch64-xilinx-elf/../../libexec/aarch64-xilinx-elf/gcc/aarch64-xilinx-elf/13.3.0/as -v -I /home/xmen/Videos/RustDesk/SystolicCore/SystolicCore/ZynqIOEthernet/clone/psu_cortexa53_2/Ethernet_IO/bsp/include -EL -march=armv8-a -mabi=lp64 -o CMakeFiles/cmTC_f5fea.dir/CMakeCCompilerABI.c.obj /tmp/ccklT74f.s]
  ignore line: [GNU assembler version 2.42.0 (aarch64-xilinx-elf) using BFD version (GNU Binutils) 2.42.0.20240723]
  ignore line: [COMPILER_PATH=/home/xmen/Music/2025.2/gnu/aarch64/lin/aarch64-none/x86_64-oesdk-linux/usr/bin/aarch64-xilinx-elf/../../libexec/aarch64-xilinx-elf/gcc/aarch64-xilinx-elf/13.3.0/:/home/xmen/Music/2025.2/gnu/aarch64/lin/aarch64-none/x86_64-oesdk-linux/usr/bin/aarch64-xilinx-elf/../../libexec/aarch64-xilinx-elf/gcc/]
  ignore line: [LIBRARY_PATH=/home/xmen/Music/2025.2/gnu/aarch64/lin/aarch64-none/x86_64-oesdk-linux/usr/bin/aarch64-xilinx-elf/../../lib/aarch64-xilinx-elf/gcc/aarch64-xilinx-elf/13.3.0/:/home/xmen/Music/2025.2/gnu/aarch64/lin/aarch64-none/x86_64-oesdk-linux/usr/bin/aarch64-xilinx-elf/../../lib/aarch64-xilinx-elf/gcc/:/home/xmen/Music/2025.2/Vitis/gnu/aarch64/lin/aarch64-none/bin/../aarch64-xilinx-elf/usr/lib64/aarch64-xilinx-elf/13.3.0/:/home/xmen/Music/2025.2/Vitis/gnu/aarch64/lin/aarch64-none/bin/../aarch64-xilinx-elf/usr/lib64/]
  ignore line: [COLLECT_GCC_OPTIONS='--sysroot=/home/xmen/Music/2025.2/Vitis/gnu/aarch64/lin/aarch64-none/bin/../aarch64-xilinx-elf' '-mbranch-protection=none' '-D' 'FREERTOS_BSP' '-D' 'SDT' '-MMD' '-MP' '-specs=/home/xmen/Videos/RustDesk/SystolicCore/SystolicCore/ZynqIOEthernet/clone/psu_cortexa53_2/Ethernet_IO/bsp/Xilinx.spec' '-I' '/home/xmen/Videos/RustDesk/SystolicCore/SystolicCore/ZynqIOEthernet/clone/psu_cortexa53_2/Ethernet_IO/bsp/include' '-v' '-o' 'CMakeFiles/cmTC_f5fea.dir/CMakeCCompilerABI.c.obj' '-c' '-march=armv8-a' '-mlittle-endian' '-mabi=lp64' '-dumpdir' 'CMakeFiles/cmTC_f5fea.dir/CMakeCCompilerABI.c.']
  ignore line: [[2/2] Linking C executable cmTC_f5fea]
  ignore line: [Using built-in specs.]
  ignore line: [Reading specs from /home/xmen/Videos/RustDesk/SystolicCore/SystolicCore/ZynqIOEthernet/clone/psu_cortexa53_2/Ethernet_IO/bsp/Xilinx.spec]
  ignore line: [COLLECT_GCC=/home/xmen/Music/2025.2/Vitis/gnu/aarch64/lin/aarch64-none/bin/../x86_64-oesdk-linux/usr/bin/aarch64-xilinx-elf/aarch64-xilinx-elf-gcc.real]
  ignore line: [COLLECT_LTO_WRAPPER=/home/xmen/Music/2025.2/gnu/aarch64/lin/aarch64-none/x86_64-oesdk-linux/usr/bin/aarch64-xilinx-elf/../../libexec/aarch64-xilinx-elf/gcc/aarch64-xilinx-elf/13.3.0/lto-wrapper]
  ignore line: [Target: aarch64-xilinx-elf]
  ignore line: [Configured with: ../../../../../../work-shared/gcc-13.3.0-r0/gcc-13.3.0/configure --build=x86_64-linux --host=x86_64-oesdk-linux --target=aarch64-xilinx-elf --prefix=/usr/local/oe-sdk-hardcoded-buildpath/sysroots/x86_64-oesdk-linux/usr --exec_prefix=/usr/local/oe-sdk-hardcoded-buildpath/sysroots/x86_64-oesdk-linux/usr --bindir=/usr/local/oe-sdk-hardcoded-buildpath/sysroots/x86_64-oesdk-linux/usr/bin/aarch64-xilinx-elf --sbindir=/usr/local/oe-sdk-hardcoded-buildpath/sysroots/x86_64-oesdk-linux/usr/bin/aarch64-xilinx-elf --libexecdir=/usr/local/oe-sdk-hardcoded-buildpath/sysroots/x86_64-oesdk-linux/usr/libexec/aarch64-xilinx-elf --datadir=/usr/local/oe-sdk-hardcoded-buildpath/sysroots/x86_64-oesdk-linux/usr/share --sysconfdir=/usr/local/oe-sdk-hardcoded-buildpath/sysroots/x86_64-oesdk-linux/etc --sharedstatedir=/usr/local/oe-sdk-hardcoded-buildpath/sysroots/x86_64-oesdk-linux/com --localstatedir=/usr/local/oe-sdk-hardcoded-buildpath/sysroots/x86_64-oesdk-linux/var --libdir=/usr/local/oe-sdk-hardcoded-buildpath/sysroots/x86_64-oesdk-linux/usr/lib/aarch64-xilinx-elf --includedir=/usr/local/oe-sdk-hardcoded-buildpath/sysroots/x86_64-oesdk-linux/usr/include --oldincludedir=/usr/local/oe-sdk-hardcoded-buildpath/sysroots/x86_64-oesdk-linux/usr/include --infodir=/usr/local/oe-sdk-hardcoded-buildpath/sysroots/x86_64-oesdk-linux/usr/share/info --mandir=/usr/local/oe-sdk-hardcoded-buildpath/sysroots/x86_64-oesdk-linux/usr/share/man --disable-silent-rules --disable-dependency-tracking --with-libtool-sysroot=/host --with-gnu-ld --enable-shared --enable-languages=c,c++,fortran --enable-threads=posix --enable-multilib --enable-c99 --enable-long-long --enable-libstdcxx-pch --program-prefix=aarch64-xilinx-elf- --without-local-prefix --disable-install-libiberty --disable-libssp --enable-libitm --enable-lto --disable-bootstrap --with-system-zlib --enable-linker-build-id --with-ppl=no --with-cloog=no --enable-checking=release --enable-cheaders=c_global --without-isl --with-gxx-include-dir=/not/exist/usr/include/c++/13.3.0 --with-build-time-tools=/host-native/usr/aarch64-xilinx-elf/bin --with-sysroot=/not/exist --with-build-sysroot=/host --with-plugin-ld=ld --enable-poison-system-directories --disable-static --enable-nls --with-glibc-version=2.28 --enable-initfini-array --enable-multilib --disable-libstdcxx-pch --with-newlib --disable-threads --enable-plugins --with-gnu-as --disable-libitm --disable-tm-clone-registry --disable-multiarch --with-arch=armv8-a --with-sysroot=/not/exist]
  ignore line: [Thread model: single]
  ignore line: [Supported LTO compression algorithms: zlib zstd]
  ignore line: [gcc version 13.3.0 (GCC) ]
  ignore line: [COMPILER_PATH=/home/xmen/Music/2025.2/gnu/aarch64/lin/aarch64-none/x86_64-oesdk-linux/usr/bin/aarch64-xilinx-elf/../../libexec/aarch64-xilinx-elf/gcc/aarch64-xilinx-elf/13.3.0/:/home/xmen/Music/2025.2/gnu/aarch64/lin/aarch64-none/x86_64-oesdk-linux/usr/bin/aarch64-xilinx-elf/../../libexec/aarch64-xilinx-elf/gcc/]
  ignore line: [LIBRARY_PATH=/home/xmen/Music/2025.2/gnu/aarch64/lin/aarch64-none/x86_64-oesdk-linux/usr/bin/aarch64-xilinx-elf/../../lib/aarch64-xilinx-elf/gcc/aarch64-xilinx-elf/13.3.0/:/home/xmen/Music/2025.2/gnu/aarch64/lin/aarch64-none/x86_64-oesdk-linux/usr/bin/aarch64-xilinx-elf/../../lib/aarch64-xilinx-elf/gcc/:/home/xmen/Music/2025.2/Vitis/gnu/aarch64/lin/aarch64-none/bin/../aarch64-xilinx-elf/usr/lib64/aarch64-xilinx-elf/13.3.0/:/home/xmen/Music/2025.2/Vitis/gnu/aarch64/lin/aarch64-none/bin/../aarch64-xilinx-elf/usr/lib64/]
  ignore line: [COLLECT_GCC_OPTIONS='--sysroot=/home/xmen/Music/2025.2/Vitis/gnu/aarch64/lin/aarch64-none/bin/../aarch64-xilinx-elf' '-mbranch-protection=none' '-D' 'SDT' '-MMD' '-MP' '-specs=/home/xmen/Videos/RustDesk/SystolicCore/SystolicCore/ZynqIOEthernet/clone/psu_cortexa53_2/Ethernet_IO/bsp/Xilinx.spec' '-I' '/home/xmen/Videos/RustDesk/SystolicCore/SystolicCore/ZynqIOEthernet/clone/psu_cortexa53_2/Ethernet_IO/bsp/include' '-v' '-o' 'cmTC_f5fea' '-march=armv8-a' '-mlittle-endian' '-mabi=lp64' '-dumpdir' 'cmTC_f5fea.']
  link line: [ /home/xmen/Music/2025.2/gnu/aarch64/lin/aarch64-none/x86_64-oesdk-linux/usr/bin/aarch64-xilinx-elf/../../libexec/aarch64-xilinx-elf/gcc/aarch64-xilinx-elf/13.3.0/collect2 -plugin /home/xmen/Music/2025.2/gnu/aarch64/lin/aarch64-none/x86_64-oesdk-linux/usr/bin/aarch64-xilinx-elf/../../libexec/aarch64-xilinx-elf/gcc/aarch64-xilinx-elf/13.3.0/liblto_plugin.so -plugin-opt=/home/xmen/Music/2025.2/gnu/aarch64/lin/aarch64-none/x86_64-oesdk-linux/usr/bin/aarch64-xilinx-elf/../../libexec/aarch64-xilinx-elf/gcc/aarch64-xilinx-elf/13.3.0/lto-wrapper -plugin-opt=-fresolution=/tmp/ccWCpVFt.res -plugin-opt=-pass-through=-lgcc -plugin-opt=-pass-through=-lc -plugin-opt=-pass-through=-lgcc --sysroot=/home/xmen/Music/2025.2/Vitis/gnu/aarch64/lin/aarch64-none/bin/../aarch64-xilinx-elf --build-id -EL -X -maarch64elf -o cmTC_f5fea /home/xmen/Music/2025.2/Vitis/gnu/aarch64/lin/aarch64-none/bin/../aarch64-xilinx-elf/usr/lib64/aarch64-xilinx-elf/13.3.0/crti.o /home/xmen/Music/2025.2/Vitis/gnu/aarch64/lin/aarch64-none/bin/../aarch64-xilinx-elf/usr/lib64/aarch64-xilinx-elf/13.3.0/crtbegin.o -L/home/xmen/Music/2025.2/gnu/aarch64/lin/aarch64-none/x86_64-oesdk-linux/usr/bin/aarch64-xilinx-elf/../../lib/aarch64-xilinx-elf/gcc/aarch64-xilinx-elf/13.3.0 -L/home/xmen/Music/2025.2/gnu/aarch64/lin/aarch64-none/x86_64-oesdk-linux/usr/bin/aarch64-xilinx-elf/../../lib/aarch64-xilinx-elf/gcc -L/home/xmen/Music/2025.2/Vitis/gnu/aarch64/lin/aarch64-none/bin/../aarch64-xilinx-elf/usr/lib64/aarch64-xilinx-elf/13.3.0 -L/home/xmen/Music/2025.2/Vitis/gnu/aarch64/lin/aarch64-none/bin/../aarch64-xilinx-elf/usr/lib64 --no-warn-rwx-segment CMakeFiles/cmTC_f5fea.dir/CMakeCCompilerABI.c.obj -lgcc -lc -lgcc /home/xmen/Music/2025.2/Vitis/gnu/aarch64/lin/aarch64-none/bin/../aarch64-xilinx-elf/usr/lib64/aarch64-xilinx-elf/13.3.0/crtend.o /home/xmen/Music/2025.2/Vitis/gnu/aarch64/lin/aarch64-none/bin/../aarch64-xilinx-elf/usr/lib64/aarch64-xilinx-elf/13.3.0/crtn.o]
    arg [/home/xmen/Music/2025.2/gnu/aarch64/lin/aarch64-none/x86_64-oesdk-linux/usr/bin/aarch64-xilinx-elf/../../libexec/aarch64-xilinx-elf/gcc/aarch64-xilinx-elf/13.3.0/collect2] ==> ignore
    arg [-plugin] ==> ignore
    arg [/home/xmen/Music/2025.2/gnu/aarch64/lin/aarch64-none/x86_64-oesdk-linux/usr/bin/aarch64-xilinx-elf/../../libexec/aarch64-xilinx-elf/gcc/aarch64-xilinx-elf/13.3.0/liblto_plugin.so] ==> ignore
    arg [-plugin-opt=/home/xmen/Music/2025.2/gnu/aarch64/lin/aarch64-none/x86_64-oesdk-linux/usr/bin/aarch64-xilinx-elf/../../libexec/aarch64-xilinx-elf/gcc/aarch64-xilinx-elf/13.3.0/lto-wrapper] ==> ignore
    arg [-plugin-opt=-fresolution=/tmp/ccWCpVFt.res] ==> ignore
    arg [-plugin-opt=-pass-through=-lgcc] ==> ignore
    arg [-plugin-opt=-pass-through=-lc] ==> ignore
    arg [-plugin-opt=-pass-through=-lgcc] ==> ignore
    arg [--sysroot=/home/xmen/Music/2025.2/Vitis/gnu/aarch64/lin/aarch64-none/bin/../aarch64-xilinx-elf] ==> ignore
    arg [--build-id] ==> ignore
    arg [-EL] ==> ignore
    arg [-X] ==> ignore
    arg [-maarch64elf] ==> ignore
    arg [-o] ==> ignore
    arg [cmTC_f5fea] ==> ignore
    arg [/home/xmen/Music/2025.2/Vitis/gnu/aarch64/lin/aarch64-none/bin/../aarch64-xilinx-elf/usr/lib64/aarch64-xilinx-elf/13.3.0/crti.o] ==> obj [/home/xmen/Music/2025.2/Vitis/gnu/aarch64/lin/aarch64-none/bin/../aarch64-xilinx-elf/usr/lib64/aarch64-xilinx-elf/13.3.0/crti.o]
    arg [/home/xmen/Music/2025.2/Vitis/gnu/aarch64/lin/aarch64-none/bin/../aarch64-xilinx-elf/usr/lib64/aarch64-xilinx-elf/13.3.0/crtbegin.o] ==> obj [/home/xmen/Music/2025.2/Vitis/gnu/aarch64/lin/aarch64-none/bin/../aarch64-xilinx-elf/usr/lib64/aarch64-xilinx-elf/13.3.0/crtbegin.o]
    arg [-L/home/xmen/Music/2025.2/gnu/aarch64/lin/aarch64-none/x86_64-oesdk-linux/usr/bin/aarch64-xilinx-elf/../../lib/aarch64-xilinx-elf/gcc/aarch64-xilinx-elf/13.3.0] ==> dir [/home/xmen/Music/2025.2/gnu/aarch64/lin/aarch64-none/x86_64-oesdk-linux/usr/bin/aarch64-xilinx-elf/../../lib/aarch64-xilinx-elf/gcc/aarch64-xilinx-elf/13.3.0]
    arg [-L/home/xmen/Music/2025.2/gnu/aarch64/lin/aarch64-none/x86_64-oesdk-linux/usr/bin/aarch64-xilinx-elf/../../lib/aarch64-xilinx-elf/gcc] ==> dir [/home/xmen/Music/2025.2/gnu/aarch64/lin/aarch64-none/x86_64-oesdk-linux/usr/bin/aarch64-xilinx-elf/../../lib/aarch64-xilinx-elf/gcc]
    arg [-L/home/xmen/Music/2025.2/Vitis/gnu/aarch64/lin/aarch64-none/bin/../aarch64-xilinx-elf/usr/lib64/aarch64-xilinx-elf/13.3.0] ==> dir [/home/xmen/Music/2025.2/Vitis/gnu/aarch64/lin/aarch64-none/bin/../aarch64-xilinx-elf/usr/lib64/aarch64-xilinx-elf/13.3.0]
    arg [-L/home/xmen/Music/2025.2/Vitis/gnu/aarch64/lin/aarch64-none/bin/../aarch64-xilinx-elf/usr/lib64] ==> dir [/home/xmen/Music/2025.2/Vitis/gnu/aarch64/lin/aarch64-none/bin/../aarch64-xilinx-elf/usr/lib64]
    arg [--no-warn-rwx-segment] ==> ignore
    arg [CMakeFiles/cmTC_f5fea.dir/CMakeCCompilerABI.c.obj] ==> ignore
    arg [-lgcc] ==> lib [gcc]
    arg [-lc] ==> lib [c]
    arg [-lgcc] ==> lib [gcc]
    arg [/home/xmen/Music/2025.2/Vitis/gnu/aarch64/lin/aarch64-none/bin/../aarch64-xilinx-elf/usr/lib64/aarch64-xilinx-elf/13.3.0/crtend.o] ==> obj [/home/xmen/Music/2025.2/Vitis/gnu/aarch64/lin/aarch64-none/bin/../aarch64-xilinx-elf/usr/lib64/aarch64-xilinx-elf/13.3.0/crtend.o]
    arg [/home/xmen/Music/2025.2/Vitis/gnu/aarch64/lin/aarch64-none/bin/../aarch64-xilinx-elf/usr/lib64/aarch64-xilinx-elf/13.3.0/crtn.o] ==> obj [/home/xmen/Music/2025.2/Vitis/gnu/aarch64/lin/aarch64-none/bin/../aarch64-xilinx-elf/usr/lib64/aarch64-xilinx-elf/13.3.0/crtn.o]
  collapse obj [/home/xmen/Music/2025.2/Vitis/gnu/aarch64/lin/aarch64-none/bin/../aarch64-xilinx-elf/usr/lib64/aarch64-xilinx-elf/13.3.0/crti.o] ==> [/home/xmen/Music/2025.2/Vitis/gnu/aarch64/lin/aarch64-none/aarch64-xilinx-elf/usr/lib64/aarch64-xilinx-elf/13.3.0/crti.o]
  collapse obj [/home/xmen/Music/2025.2/Vitis/gnu/aarch64/lin/aarch64-none/bin/../aarch64-xilinx-elf/usr/lib64/aarch64-xilinx-elf/13.3.0/crtbegin.o] ==> [/home/xmen/Music/2025.2/Vitis/gnu/aarch64/lin/aarch64-none/aarch64-xilinx-elf/usr/lib64/aarch64-xilinx-elf/13.3.0/crtbegin.o]
  collapse obj [/home/xmen/Music/2025.2/Vitis/gnu/aarch64/lin/aarch64-none/bin/../aarch64-xilinx-elf/usr/lib64/aarch64-xilinx-elf/13.3.0/crtend.o] ==> [/home/xmen/Music/2025.2/Vitis/gnu/aarch64/lin/aarch64-none/aarch64-xilinx-elf/usr/lib64/aarch64-xilinx-elf/13.3.0/crtend.o]
  collapse obj [/home/xmen/Music/2025.2/Vitis/gnu/aarch64/lin/aarch64-none/bin/../aarch64-xilinx-elf/usr/lib64/aarch64-xilinx-elf/13.3.0/crtn.o] ==> [/home/xmen/Music/2025.2/Vitis/gnu/aarch64/lin/aarch64-none/aarch64-xilinx-elf/usr/lib64/aarch64-xilinx-elf/13.3.0/crtn.o]
  collapse library dir [/home/xmen/Music/2025.2/gnu/aarch64/lin/aarch64-none/x86_64-oesdk-linux/usr/bin/aarch64-xilinx-elf/../../lib/aarch64-xilinx-elf/gcc/aarch64-xilinx-elf/13.3.0] ==> [/home/xmen/Music/2025.2/gnu/aarch64/lin/aarch64-none/x86_64-oesdk-linux/usr/lib/aarch64-xilinx-elf/gcc/aarch64-xilinx-elf/13.3.0]
  collapse library dir [/home/xmen/Music/2025.2/gnu/aarch64/lin/aarch64-none/x86_64-oesdk-linux/usr/bin/aarch64-xilinx-elf/../../lib/aarch64-xilinx-elf/gcc] ==> [/home/xmen/Music/2025.2/gnu/aarch64/lin/aarch64-none/x86_64-oesdk-linux/usr/lib/aarch64-xilinx-elf/gcc]
  collapse library dir [/home/xmen/Music/2025.2/Vitis/gnu/aarch64/lin/aarch64-none/bin/../aarch64-xilinx-elf/usr/lib64/aarch64-xilinx-elf/13.3.0] ==> [/home/xmen/Music/2025.2/Vitis/gnu/aarch64/lin/aarch64-none/aarch64-xilinx-elf/usr/lib64/aarch64-xilinx-elf/13.3.0]
  collapse library dir [/home/xmen/Music/2025.2/Vitis/gnu/aarch64/lin/aarch64-none/bin/../aarch64-xilinx-elf/usr/lib64] ==> [/home/xmen/Music/2025.2/Vitis/gnu/aarch64/lin/aarch64-none/aarch64-xilinx-elf/usr/lib64]
  implicit libs: [gcc;c;gcc]
  implicit objs: [/home/xmen/Music/2025.2/Vitis/gnu/aarch64/lin/aarch64-none/aarch64-xilinx-elf/usr/lib64/aarch64-xilinx-elf/13.3.0/crti.o;/home/xmen/Music/2025.2/Vitis/gnu/aarch64/lin/aarch64-none/aarch64-xilinx-elf/usr/lib64/aarch64-xilinx-elf/13.3.0/crtbegin.o;/home/xmen/Music/2025.2/Vitis/gnu/aarch64/lin/aarch64-none/aarch64-xilinx-elf/usr/lib64/aarch64-xilinx-elf/13.3.0/crtend.o;/home/xmen/Music/2025.2/Vitis/gnu/aarch64/lin/aarch64-none/aarch64-xilinx-elf/usr/lib64/aarch64-xilinx-elf/13.3.0/crtn.o]
  implicit dirs: [/home/xmen/Music/2025.2/gnu/aarch64/lin/aarch64-none/x86_64-oesdk-linux/usr/lib/aarch64-xilinx-elf/gcc/aarch64-xilinx-elf/13.3.0;/home/xmen/Music/2025.2/gnu/aarch64/lin/aarch64-none/x86_64-oesdk-linux/usr/lib/aarch64-xilinx-elf/gcc;/home/xmen/Music/2025.2/Vitis/gnu/aarch64/lin/aarch64-none/aarch64-xilinx-elf/usr/lib64/aarch64-xilinx-elf/13.3.0;/home/xmen/Music/2025.2/Vitis/gnu/aarch64/lin/aarch64-none/aarch64-xilinx-elf/usr/lib64]
  implicit fwks: []


Detecting CXX compiler ABI info compiled with the following output:
Change Dir: /home/xmen/Videos/RustDesk/SystolicCore/SystolicCore/ZynqIOEthernet/clone/psu_cortexa53_2/Ethernet_IO/bsp/libsrc/build_configs/gen_bsp/CMakeFiles/CMakeTmp

Run Build Command(s):/home/xmen/Music/2025.2/Vitis/bin/ninja cmTC_696d3 && [1/2] Building CXX object CMakeFiles/cmTC_696d3.dir/CMakeCXXCompilerABI.cpp.obj
Using built-in specs.
Reading specs from /home/xmen/Videos/RustDesk/SystolicCore/SystolicCore/ZynqIOEthernet/clone/psu_cortexa53_2/Ethernet_IO/bsp/Xilinx.spec
COLLECT_GCC=/home/xmen/Music/2025.2/Vitis/gnu/aarch64/lin/aarch64-none/bin/../x86_64-oesdk-linux/usr/bin/aarch64-xilinx-elf/aarch64-xilinx-elf-g++.real
Target: aarch64-xilinx-elf
Configured with: ../../../../../../work-shared/gcc-13.3.0-r0/gcc-13.3.0/configure --build=x86_64-linux --host=x86_64-oesdk-linux --target=aarch64-xilinx-elf --prefix=/usr/local/oe-sdk-hardcoded-buildpath/sysroots/x86_64-oesdk-linux/usr --exec_prefix=/usr/local/oe-sdk-hardcoded-buildpath/sysroots/x86_64-oesdk-linux/usr --bindir=/usr/local/oe-sdk-hardcoded-buildpath/sysroots/x86_64-oesdk-linux/usr/bin/aarch64-xilinx-elf --sbindir=/usr/local/oe-sdk-hardcoded-buildpath/sysroots/x86_64-oesdk-linux/usr/bin/aarch64-xilinx-elf --libexecdir=/usr/local/oe-sdk-hardcoded-buildpath/sysroots/x86_64-oesdk-linux/usr/libexec/aarch64-xilinx-elf --datadir=/usr/local/oe-sdk-hardcoded-buildpath/sysroots/x86_64-oesdk-linux/usr/share --sysconfdir=/usr/local/oe-sdk-hardcoded-buildpath/sysroots/x86_64-oesdk-linux/etc --sharedstatedir=/usr/local/oe-sdk-hardcoded-buildpath/sysroots/x86_64-oesdk-linux/com --localstatedir=/usr/local/oe-sdk-hardcoded-buildpath/sysroots/x86_64-oesdk-linux/var --libdir=/usr/local/oe-sdk-hardcoded-buildpath/sysroots/x86_64-oesdk-linux/usr/lib/aarch64-xilinx-elf --includedir=/usr/local/oe-sdk-hardcoded-buildpath/sysroots/x86_64-oesdk-linux/usr/include --oldincludedir=/usr/local/oe-sdk-hardcoded-buildpath/sysroots/x86_64-oesdk-linux/usr/include --infodir=/usr/local/oe-sdk-hardcoded-buildpath/sysroots/x86_64-oesdk-linux/usr/share/info --mandir=/usr/local/oe-sdk-hardcoded-buildpath/sysroots/x86_64-oesdk-linux/usr/share/man --disable-silent-rules --disable-dependency-tracking --with-libtool-sysroot=/host --with-gnu-ld --enable-shared --enable-languages=c,c++,fortran --enable-threads=posix --enable-multilib --enable-c99 --enable-long-long --enable-libstdcxx-pch --program-prefix=aarch64-xilinx-elf- --without-local-prefix --disable-install-libiberty --disable-libssp --enable-libitm --enable-lto --disable-bootstrap --with-system-zlib --enable-linker-build-id --with-ppl=no --with-cloog=no --enable-checking=release --enable-cheaders=c_global --without-isl --with-gxx-include-dir=/not/exist/usr/include/c++/13.3.0 --with-build-time-tools=/host-native/usr/aarch64-xilinx-elf/bin --with-sysroot=/not/exist --with-build-sysroot=/host --with-plugin-ld=ld --enable-poison-system-directories --disable-static --enable-nls --with-glibc-version=2.28 --enable-initfini-array --enable-multilib --disable-libstdcxx-pch --with-newlib --disable-threads --enable-plugins --with-gnu-as --disable-libitm --disable-tm-clone-registry --disable-multiarch --with-arch=armv8-a --with-sysroot=/not/exist
Thread model: single
Supported LTO compression algorithms: zlib zstd
gcc version 13.3.0 (GCC) 
COLLECT_GCC_OPTIONS='--sysroot=/home/xmen/Music/2025.2/Vitis/gnu/aarch64/lin/aarch64-none/bin/../aarch64-xilinx-elf' '-mbranch-protection=none' '-D' 'FREERTOS_BSP' '-D' 'SDT' '-MMD' '-MP' '-specs=/home/xmen/Videos/RustDesk/SystolicCore/SystolicCore/ZynqIOEthernet/clone/psu_cortexa53_2/Ethernet_IO/bsp/Xilinx.spec' '-I' '/home/xmen/Videos/RustDesk/SystolicCore/SystolicCore/ZynqIOEthernet/clone/psu_cortexa53_2/Ethernet_IO/bsp/include' '-v' '-o' 'CMakeFiles/cmTC_696d3.dir/CMakeCXXCompilerABI.cpp.obj' '-c' '-march=armv8-a' '-mlittle-endian' '-mabi=lp64' '-dumpdir' 'CMakeFiles/cmTC_696d3.dir/'
 /home/xmen/Music/2025.2/gnu/aarch64/lin/aarch64-none/x86_64-oesdk-linux/usr/bin/aarch64-xilinx-elf/../../libexec/aarch64-xilinx-elf/gcc/aarch64-xilinx-elf/13.3.0/cc1plus -quiet -v -I /home/xmen/Videos/RustDesk/SystolicCore/SystolicCore/ZynqIOEthernet/clone/psu_cortexa53_2/Ethernet_IO/bsp/include -iprefix /home/xmen/Music/2025.2/gnu/aarch64/lin/aarch64-none/x86_64-oesdk-linux/usr/bin/aarch64-xilinx-elf/../../lib/aarch64-xilinx-elf/gcc/aarch64-xilinx-elf/13.3.0/ -isysroot /home/xmen/Music/2025.2/Vitis/gnu/aarch64/lin/aarch64-none/bin/../aarch64-xilinx-elf -MMD CMakeFiles/cmTC_696d3.dir/CMakeCXXCompilerABI.cpp.d -MP -MQ CMakeFiles/cmTC_696d3.dir/CMakeCXXCompilerABI.cpp.obj -D FREERTOS_BSP -D SDT /home/xmen/Music/2025.2/tps/lnx64/cmake-3.24.2/share/cmake-3.24/Modules/CMakeCXXCompilerABI.cpp -quiet -dumpdir CMakeFiles/cmTC_696d3.dir/ -dumpbase CMakeCXXCompilerABI.cpp.cpp -dumpbase-ext .cpp -mbranch-protection=none -march=armv8-a -mlittle-endian -mabi=lp64 -version -o /tmp/ccsmD9CS.s
GNU C++17 (GCC) version 13.3.0 (aarch64-xilinx-elf)
	compiled by GNU C version 13.3.0, GMP version 6.3.0, MPFR version 4.2.1, MPC version 1.3.1, isl version none
GGC heuristics: --param ggc-min-expand=100 --param ggc-min-heapsize=131072
ignoring nonexistent directory "/home/xmen/Music/2025.2/gnu/aarch64/lin/aarch64-none/x86_64-oesdk-linux/usr/bin/aarch64-xilinx-elf/../../lib/aarch64-xilinx-elf/gcc/aarch64-xilinx-elf/13.3.0/../../../../../aarch64-xilinx-elf/include"
ignoring duplicate directory "/home/xmen/Music/2025.2/gnu/aarch64/lin/aarch64-none/x86_64-oesdk-linux/usr/bin/aarch64-xilinx-elf/../../lib/aarch64-xilinx-elf/gcc/../../../lib/aarch64-xilinx-elf/gcc/aarch64-xilinx-elf/13.3.0/include"
ignoring nonexistent directory "/home/xmen/Music/2025.2/Vitis/gnu/aarch64/lin/aarch64-none/bin/../aarch64-xilinx-elf/usr/lib64/aarch64-xilinx-elf/13.3.0/include"
ignoring nonexistent directory "/home/xmen/Music/2025.2/Vitis/gnu/aarch64/lin/aarch64-none/bin/../aarch64-xilinx-elf/usr/local/include"
ignoring duplicate directory "/home/xmen/Music/2025.2/gnu/aarch64/lin/aarch64-none/x86_64-oesdk-linux/usr/bin/aarch64-xilinx-elf/../../lib/aarch64-xilinx-elf/gcc/../../../lib/aarch64-xilinx-elf/gcc/aarch64-xilinx-elf/13.3.0/include-fixed"
ignoring nonexistent directory "/home/xmen/Music/2025.2/gnu/aarch64/lin/aarch64-none/x86_64-oesdk-linux/usr/bin/aarch64-xilinx-elf/../../lib/aarch64-xilinx-elf/gcc/../../../lib/aarch64-xilinx-elf/gcc/aarch64-xilinx-elf/13.3.0/../../../../../aarch64-xilinx-elf/include"
#include "..." search starts here:
#include <...> search starts here:
 /home/xmen/Videos/RustDesk/SystolicCore/SystolicCore/ZynqIOEthernet/clone/psu_cortexa53_2/Ethernet_IO/bsp/include
 /home/xmen/Music/2025.2/gnu/aarch64/lin/aarch64-none/x86_64-oesdk-linux/usr/bin/aarch64-xilinx-elf/../../lib/aarch64-xilinx-elf/gcc/aarch64-xilinx-elf/13.3.0/include
 /home/xmen/Music/2025.2/gnu/aarch64/lin/aarch64-none/x86_64-oesdk-linux/usr/bin/aarch64-xilinx-elf/../../lib/aarch64-xilinx-elf/gcc/aarch64-xilinx-elf/13.3.0/include-fixed
 /home/xmen/Music/2025.2/Vitis/gnu/aarch64/lin/aarch64-none/bin/../aarch64-xilinx-elf/usr/include/c++/13.3.0
 /home/xmen/Music/2025.2/Vitis/gnu/aarch64/lin/aarch64-none/bin/../aarch64-xilinx-elf/usr/include/c++/13.3.0/aarch64-xilinx-elf
 /home/xmen/Music/2025.2/Vitis/gnu/aarch64/lin/aarch64-none/bin/../aarch64-xilinx-elf/usr/include/c++/13.3.0/backward
 /home/xmen/Music/2025.2/Vitis/gnu/aarch64/lin/aarch64-none/bin/../aarch64-xilinx-elf/usr/include/
End of search list.
Compiler executable checksum: ad182f738cfb6404092bcf9bf3548eda
COLLECT_GCC_OPTIONS='--sysroot=/home/xmen/Music/2025.2/Vitis/gnu/aarch64/lin/aarch64-none/bin/../aarch64-xilinx-elf' '-mbranch-protection=none' '-D' 'FREERTOS_BSP' '-D' 'SDT' '-MMD' '-MP' '-specs=/home/xmen/Videos/RustDesk/SystolicCore/SystolicCore/ZynqIOEthernet/clone/psu_cortexa53_2/Ethernet_IO/bsp/Xilinx.spec' '-I' '/home/xmen/Videos/RustDesk/SystolicCore/SystolicCore/ZynqIOEthernet/clone/psu_cortexa53_2/Ethernet_IO/bsp/include' '-v' '-o' 'CMakeFiles/cmTC_696d3.dir/CMakeCXXCompilerABI.cpp.obj' '-c' '-march=armv8-a' '-mlittle-endian' '-mabi=lp64' '-dumpdir' 'CMakeFiles/cmTC_696d3.dir/'
 /home/xmen/Music/2025.2/gnu/aarch64/lin/aarch64-none/x86_64-oesdk-linux/usr/bin/aarch64-xilinx-elf/../../libexec/aarch64-xilinx-elf/gcc/aarch64-xilinx-elf/13.3.0/as -v -I /home/xmen/Videos/RustDesk/SystolicCore/SystolicCore/ZynqIOEthernet/clone/psu_cortexa53_2/Ethernet_IO/bsp/include -EL -march=armv8-a -mabi=lp64 -o CMakeFiles/cmTC_696d3.dir/CMakeCXXCompilerABI.cpp.obj /tmp/ccsmD9CS.s
GNU assembler version 2.42.0 (aarch64-xilinx-elf) using BFD version (GNU Binutils) 2.42.0.20240723
COMPILER_PATH=/home/xmen/Music/2025.2/gnu/aarch64/lin/aarch64-none/x86_64-oesdk-linux/usr/bin/aarch64-xilinx-elf/../../libexec/aarch64-xilinx-elf/gcc/aarch64-xilinx-elf/13.3.0/:/home/xmen/Music/2025.2/gnu/aarch64/lin/aarch64-none/x86_64-oesdk-linux/usr/bin/aarch64-xilinx-elf/../../libexec/aarch64-xilinx-elf/gcc/
LIBRARY_PATH=/home/xmen/Music/2025.2/gnu/aarch64/lin/aarch64-none/x86_64-oesdk-linux/usr/bin/aarch64-xilinx-elf/../../lib/aarch64-xilinx-elf/gcc/aarch64-xilinx-elf/13.3.0/:/home/xmen/Music/2025.2/gnu/aarch64/lin/aarch64-none/x86_64-oesdk-linux/usr/bin/aarch64-xilinx-elf/../../lib/aarch64-xilinx-elf/gcc/:/home/xmen/Music/2025.2/Vitis/gnu/aarch64/lin/aarch64-none/bin/../aarch64-xilinx-elf/usr/lib64/aarch64-xilinx-elf/13.3.0/:/home/xmen/Music/2025.2/Vitis/gnu/aarch64/lin/aarch64-none/bin/../aarch64-xilinx-elf/usr/lib64/
COLLECT_GCC_OPTIONS='--sysroot=/home/xmen/Music/2025.2/Vitis/gnu/aarch64/lin/aarch64-none/bin/../aarch64-xilinx-elf' '-mbranch-protection=none' '-D' 'FREERTOS_BSP' '-D' 'SDT' '-MMD' '-MP' '-specs=/home/xmen/Videos/RustDesk/SystolicCore/SystolicCore/ZynqIOEthernet/clone/psu_cortexa53_2/Ethernet_IO/bsp/Xilinx.spec' '-I' '/home/xmen/Videos/RustDesk/SystolicCore/SystolicCore/ZynqIOEthernet/clone/psu_cortexa53_2/Ethernet_IO/bsp/include' '-v' '-o' 'CMakeFiles/cmTC_696d3.dir/CMakeCXXCompilerABI.cpp.obj' '-c' '-march=armv8-a' '-mlittle-endian' '-mabi=lp64' '-dumpdir' 'CMakeFiles/cmTC_696d3.dir/CMakeCXXCompilerABI.cpp.'
[2/2] Linking CXX executable cmTC_696d3
Using built-in specs.
Reading specs from /home/xmen/Videos/RustDesk/SystolicCore/SystolicCore/ZynqIOEthernet/clone/psu_cortexa53_2/Ethernet_IO/bsp/Xilinx.spec
COLLECT_GCC=/home/xmen/Music/2025.2/Vitis/gnu/aarch64/lin/aarch64-none/bin/../x86_64-oesdk-linux/usr/bin/aarch64-xilinx-elf/aarch64-xilinx-elf-g++.real
COLLECT_LTO_WRAPPER=/home/xmen/Music/2025.2/gnu/aarch64/lin/aarch64-none/x86_64-oesdk-linux/usr/bin/aarch64-xilinx-elf/../../libexec/aarch64-xilinx-elf/gcc/aarch64-xilinx-elf/13.3.0/lto-wrapper
Target: aarch64-xilinx-elf
Configured with: ../../../../../../work-shared/gcc-13.3.0-r0/gcc-13.3.0/configure --build=x86_64-linux --host=x86_64-oesdk-linux --target=aarch64-xilinx-elf --prefix=/usr/local/oe-sdk-hardcoded-buildpath/sysroots/x86_64-oesdk-linux/usr --exec_prefix=/usr/local/oe-sdk-hardcoded-buildpath/sysroots/x86_64-oesdk-linux/usr --bindir=/usr/local/oe-sdk-hardcoded-buildpath/sysroots/x86_64-oesdk-linux/usr/bin/aarch64-xilinx-elf --sbindir=/usr/local/oe-sdk-hardcoded-buildpath/sysroots/x86_64-oesdk-linux/usr/bin/aarch64-xilinx-elf --libexecdir=/usr/local/oe-sdk-hardcoded-buildpath/sysroots/x86_64-oesdk-linux/usr/libexec/aarch64-xilinx-elf --datadir=/usr/local/oe-sdk-hardcoded-buildpath/sysroots/x86_64-oesdk-linux/usr/share --sysconfdir=/usr/local/oe-sdk-hardcoded-buildpath/sysroots/x86_64-oesdk-linux/etc --sharedstatedir=/usr/local/oe-sdk-hardcoded-buildpath/sysroots/x86_64-oesdk-linux/com --localstatedir=/usr/local/oe-sdk-hardcoded-buildpath/sysroots/x86_64-oesdk-linux/var --libdir=/usr/local/oe-sdk-hardcoded-buildpath/sysroots/x86_64-oesdk-linux/usr/lib/aarch64-xilinx-elf --includedir=/usr/local/oe-sdk-hardcoded-buildpath/sysroots/x86_64-oesdk-linux/usr/include --oldincludedir=/usr/local/oe-sdk-hardcoded-buildpath/sysroots/x86_64-oesdk-linux/usr/include --infodir=/usr/local/oe-sdk-hardcoded-buildpath/sysroots/x86_64-oesdk-linux/usr/share/info --mandir=/usr/local/oe-sdk-hardcoded-buildpath/sysroots/x86_64-oesdk-linux/usr/share/man --disable-silent-rules --disable-dependency-tracking --with-libtool-sysroot=/host --with-gnu-ld --enable-shared --enable-languages=c,c++,fortran --enable-threads=posix --enable-multilib --enable-c99 --enable-long-long --enable-libstdcxx-pch --program-prefix=aarch64-xilinx-elf- --without-local-prefix --disable-install-libiberty --disable-libssp --enable-libitm --enable-lto --disable-bootstrap --with-system-zlib --enable-linker-build-id --with-ppl=no --with-cloog=no --enable-checking=release --enable-cheaders=c_global --without-isl --with-gxx-include-dir=/not/exist/usr/include/c++/13.3.0 --with-build-time-tools=/host-native/usr/aarch64-xilinx-elf/bin --with-sysroot=/not/exist --with-build-sysroot=/host --with-plugin-ld=ld --enable-poison-system-directories --disable-static --enable-nls --with-glibc-version=2.28 --enable-initfini-array --enable-multilib --disable-libstdcxx-pch --with-newlib --disable-threads --enable-plugins --with-gnu-as --disable-libitm --disable-tm-clone-registry --disable-multiarch --with-arch=armv8-a --with-sysroot=/not/exist
Thread model: single
Supported LTO compression algorithms: zlib zstd
gcc version 13.3.0 (GCC) 
COMPILER_PATH=/home/xmen/Music/2025.2/gnu/aarch64/lin/aarch64-none/x86_64-oesdk-linux/usr/bin/aarch64-xilinx-elf/../../libexec/aarch64-xilinx-elf/gcc/aarch64-xilinx-elf/13.3.0/:/home/xmen/Music/2025.2/gnu/aarch64/lin/aarch64-none/x86_64-oesdk-linux/usr/bin/aarch64-xilinx-elf/../../libexec/aarch64-xilinx-elf/gcc/
LIBRARY_PATH=/home/xmen/Music/2025.2/gnu/aarch64/lin/aarch64-none/x86_64-oesdk-linux/usr/bin/aarch64-xilinx-elf/../../lib/aarch64-xilinx-elf/gcc/aarch64-xilinx-elf/13.3.0/:/home/xmen/Music/2025.2/gnu/aarch64/lin/aarch64-none/x86_64-oesdk-linux/usr/bin/aarch64-xilinx-elf/../../lib/aarch64-xilinx-elf/gcc/:/home/xmen/Music/2025.2/Vitis/gnu/aarch64/lin/aarch64-none/bin/../aarch64-xilinx-elf/usr/lib64/aarch64-xilinx-elf/13.3.0/:/home/xmen/Music/2025.2/Vitis/gnu/aarch64/lin/aarch64-none/bin/../aarch64-xilinx-elf/usr/lib64/
COLLECT_GCC_OPTIONS='--sysroot=/home/xmen/Music/2025.2/Vitis/gnu/aarch64/lin/aarch64-none/bin/../aarch64-xilinx-elf' '-mbranch-protection=none' '-D' 'SDT' '-MMD' '-MP' '-specs=/home/xmen/Videos/RustDesk/SystolicCore/SystolicCore/ZynqIOEthernet/clone/psu_cortexa53_2/Ethernet_IO/bsp/Xilinx.spec' '-I' '/home/xmen/Videos/RustDesk/SystolicCore/SystolicCore/ZynqIOEthernet/clone/psu_cortexa53_2/Ethernet_IO/bsp/include' '-v' '-o' 'cmTC_696d3' '-march=armv8-a' '-mlittle-endian' '-mabi=lp64' '-dumpdir' 'cmTC_696d3.'
 /home/xmen/Music/2025.2/gnu/aarch64/lin/aarch64-none/x86_64-oesdk-linux/usr/bin/aarch64-xilinx-elf/../../libexec/aarch64-xilinx-elf/gcc/aarch64-xilinx-elf/13.3.0/collect2 -plugin /home/xmen/Music/2025.2/gnu/aarch64/lin/aarch64-none/x86_64-oesdk-linux/usr/bin/aarch64-xilinx-elf/../../libexec/aarch64-xilinx-elf/gcc/aarch64-xilinx-elf/13.3.0/liblto_plugin.so -plugin-opt=/home/xmen/Music/2025.2/gnu/aarch64/lin/aarch64-none/x86_64-oesdk-linux/usr/bin/aarch64-xilinx-elf/../../libexec/aarch64-xilinx-elf/gcc/aarch64-xilinx-elf/13.3.0/lto-wrapper -plugin-opt=-fresolution=/tmp/ccdkdwGo.res -plugin-opt=-pass-through=-lgcc -plugin-opt=-pass-through=-lc -plugin-opt=-pass-through=-lgcc --sysroot=/home/xmen/Music/2025.2/Vitis/gnu/aarch64/lin/aarch64-none/bin/../aarch64-xilinx-elf --build-id -EL -X -maarch64elf -o cmTC_696d3 /home/xmen/Music/2025.2/Vitis/gnu/aarch64/lin/aarch64-none/bin/../aarch64-xilinx-elf/usr/lib64/aarch64-xilinx-elf/13.3.0/crti.o /home/xmen/Music/2025.2/Vitis/gnu/aarch64/lin/aarch64-none/bin/../aarch64-xilinx-elf/usr/lib64/aarch64-xilinx-elf/13.3.0/crtbegin.o -L/home/xmen/Music/2025.2/gnu/aarch64/lin/aarch64-none/x86_64-oesdk-linux/usr/bin/aarch64-xilinx-elf/../../lib/aarch64-xilinx-elf/gcc/aarch64-xilinx-elf/13.3.0 -L/home/xmen/Music/2025.2/gnu/aarch64/lin/aarch64-none/x86_64-oesdk-linux/usr/bin/aarch64-xilinx-elf/../../lib/aarch64-xilinx-elf/gcc -L/home/xmen/Music/2025.2/Vitis/gnu/aarch64/lin/aarch64-none/bin/../aarch64-xilinx-elf/usr/lib64/aarch64-xilinx-elf/13.3.0 -L/home/xmen/Music/2025.2/Vitis/gnu/aarch64/lin/aarch64-none/bin/../aarch64-xilinx-elf/usr/lib64 --no-warn-rwx-segment CMakeFiles/cmTC_696d3.dir/CMakeCXXCompilerABI.cpp.obj -lstdc++ -lm -lgcc -lc -lgcc /home/xmen/Music/2025.2/Vitis/gnu/aarch64/lin/aarch64-none/bin/../aarch64-xilinx-elf/usr/lib64/aarch64-xilinx-elf/13.3.0/crtend.o /home/xmen/Music/2025.2/Vitis/gnu/aarch64/lin/aarch64-none/bin/../aarch64-xilinx-elf/usr/lib64/aarch64-xilinx-elf/13.3.0/crtn.o
/home/xmen/Music/2025.2/gnu/aarch64/lin/aarch64-none/x86_64-oesdk-linux/usr/bin/aarch64-xilinx-elf/aarch64-xilinx-elf-ld.real: warning: cannot find entry symbol _start; defaulting to 0000000000400060
COLLECT_GCC_OPTIONS='--sysroot=/home/xmen/Music/2025.2/Vitis/gnu/aarch64/lin/aarch64-none/bin/../aarch64-xilinx-elf' '-mbranch-protection=none' '-D' 'SDT' '-MMD' '-MP' '-specs=/home/xmen/Videos/RustDesk/SystolicCore/SystolicCore/ZynqIOEthernet/clone/psu_cortexa53_2/Ethernet_IO/bsp/Xilinx.spec' '-I' '/home/xmen/Videos/RustDesk/SystolicCore/SystolicCore/ZynqIOEthernet/clone/psu_cortexa53_2/Ethernet_IO/bsp/include' '-v' '-o' 'cmTC_696d3' '-march=armv8-a' '-mlittle-endian' '-mabi=lp64' '-dumpdir' 'cmTC_696d3.'



Parsed CXX implicit include dir info from above output: rv=done
  found start of include info
  found start of implicit include info
    add: [/home/xmen/Videos/RustDesk/SystolicCore/SystolicCore/ZynqIOEthernet/clone/psu_cortexa53_2/Ethernet_IO/bsp/include]
    add: [/home/xmen/Music/2025.2/gnu/aarch64/lin/aarch64-none/x86_64-oesdk-linux/usr/bin/aarch64-xilinx-elf/../../lib/aarch64-xilinx-elf/gcc/aarch64-xilinx-elf/13.3.0/include]
    add: [/home/xmen/Music/2025.2/gnu/aarch64/lin/aarch64-none/x86_64-oesdk-linux/usr/bin/aarch64-xilinx-elf/../../lib/aarch64-xilinx-elf/gcc/aarch64-xilinx-elf/13.3.0/include-fixed]
    add: [/home/xmen/Music/2025.2/Vitis/gnu/aarch64/lin/aarch64-none/bin/../aarch64-xilinx-elf/usr/include/c++/13.3.0]
    add: [/home/xmen/Music/2025.2/Vitis/gnu/aarch64/lin/aarch64-none/bin/../aarch64-xilinx-elf/usr/include/c++/13.3.0/aarch64-xilinx-elf]
    add: [/home/xmen/Music/2025.2/Vitis/gnu/aarch64/lin/aarch64-none/bin/../aarch64-xilinx-elf/usr/include/c++/13.3.0/backward]
    add: [/home/xmen/Music/2025.2/Vitis/gnu/aarch64/lin/aarch64-none/bin/../aarch64-xilinx-elf/usr/include/]
  end of search list found
  collapse include dir [/home/xmen/Videos/RustDesk/SystolicCore/SystolicCore/ZynqIOEthernet/clone/psu_cortexa53_2/Ethernet_IO/bsp/include] ==> [/home/xmen/Videos/RustDesk/SystolicCore/SystolicCore/ZynqIOEthernet/clone/psu_cortexa53_2/Ethernet_IO/bsp/include]
  collapse include dir [/home/xmen/Music/2025.2/gnu/aarch64/lin/aarch64-none/x86_64-oesdk-linux/usr/bin/aarch64-xilinx-elf/../../lib/aarch64-xilinx-elf/gcc/aarch64-xilinx-elf/13.3.0/include] ==> [/home/xmen/Music/2025.2/gnu/aarch64/lin/aarch64-none/x86_64-oesdk-linux/usr/lib/aarch64-xilinx-elf/gcc/aarch64-xilinx-elf/13.3.0/include]
  collapse include dir [/home/xmen/Music/2025.2/gnu/aarch64/lin/aarch64-none/x86_64-oesdk-linux/usr/bin/aarch64-xilinx-elf/../../lib/aarch64-xilinx-elf/gcc/aarch64-xilinx-elf/13.3.0/include-fixed] ==> [/home/xmen/Music/2025.2/gnu/aarch64/lin/aarch64-none/x86_64-oesdk-linux/usr/lib/aarch64-xilinx-elf/gcc/aarch64-xilinx-elf/13.3.0/include-fixed]
  collapse include dir [/home/xmen/Music/2025.2/Vitis/gnu/aarch64/lin/aarch64-none/bin/../aarch64-xilinx-elf/usr/include/c++/13.3.0] ==> [/home/xmen/Music/2025.2/Vitis/gnu/aarch64/lin/aarch64-none/aarch64-xilinx-elf/usr/include/c++/13.3.0]
  collapse include dir [/home/xmen/Music/2025.2/Vitis/gnu/aarch64/lin/aarch64-none/bin/../aarch64-xilinx-elf/usr/include/c++/13.3.0/aarch64-xilinx-elf] ==> [/home/xmen/Music/2025.2/Vitis/gnu/aarch64/lin/aarch64-none/aarch64-xilinx-elf/usr/include/c++/13.3.0/aarch64-xilinx-elf]
  collapse include dir [/home/xmen/Music/2025.2/Vitis/gnu/aarch64/lin/aarch64-none/bin/../aarch64-xilinx-elf/usr/include/c++/13.3.0/backward] ==> [/home/xmen/Music/2025.2/Vitis/gnu/aarch64/lin/aarch64-none/aarch64-xilinx-elf/usr/include/c++/13.3.0/backward]
  collapse include dir [/home/xmen/Music/2025.2/Vitis/gnu/aarch64/lin/aarch64-none/bin/../aarch64-xilinx-elf/usr/include/] ==> [/home/xmen/Music/2025.2/Vitis/gnu/aarch64/lin/aarch64-none/aarch64-xilinx-elf/usr/include]
  implicit include dirs: [/home/xmen/Videos/RustDesk/SystolicCore/SystolicCore/ZynqIOEthernet/clone/psu_cortexa53_2/Ethernet_IO/bsp/include;/home/xmen/Music/2025.2/gnu/aarch64/lin/aarch64-none/x86_64-oesdk-linux/usr/lib/aarch64-xilinx-elf/gcc/aarch64-xilinx-elf/13.3.0/include;/home/xmen/Music/2025.2/gnu/aarch64/lin/aarch64-none/x86_64-oesdk-linux/usr/lib/aarch64-xilinx-elf/gcc/aarch64-xilinx-elf/13.3.0/include-fixed;/home/xmen/Music/2025.2/Vitis/gnu/aarch64/lin/aarch64-none/aarch64-xilinx-elf/usr/include/c++/13.3.0;/home/xmen/Music/2025.2/Vitis/gnu/aarch64/lin/aarch64-none/aarch64-xilinx-elf/usr/include/c++/13.3.0/aarch64-xilinx-elf;/home/xmen/Music/2025.2/Vitis/gnu/aarch64/lin/aarch64-none/aarch64-xilinx-elf/usr/include/c++/13.3.0/backward;/home/xmen/Music/2025.2/Vitis/gnu/aarch64/lin/aarch64-none/aarch64-xilinx-elf/usr/include]


Parsed CXX implicit link information from above output:
  link line regex: [^( *|.*[/\])(aarch64-none-elf-ld|CMAKE_LINK_STARTFILE-NOTFOUND|([^/\]+-)?ld|collect2)[^/\]*( |$)]
  ignore line: [Change Dir: /home/xmen/Videos/RustDesk/SystolicCore/SystolicCore/ZynqIOEthernet/clone/psu_cortexa53_2/Ethernet_IO/bsp/libsrc/build_configs/gen_bsp/CMakeFiles/CMakeTmp]
  ignore line: []
  ignore line: [Run Build Command(s):/home/xmen/Music/2025.2/Vitis/bin/ninja cmTC_696d3 && [1/2] Building CXX object CMakeFiles/cmTC_696d3.dir/CMakeCXXCompilerABI.cpp.obj]
  ignore line: [Using built-in specs.]
  ignore line: [Reading specs from /home/xmen/Videos/RustDesk/SystolicCore/SystolicCore/ZynqIOEthernet/clone/psu_cortexa53_2/Ethernet_IO/bsp/Xilinx.spec]
  ignore line: [COLLECT_GCC=/home/xmen/Music/2025.2/Vitis/gnu/aarch64/lin/aarch64-none/bin/../x86_64-oesdk-linux/usr/bin/aarch64-xilinx-elf/aarch64-xilinx-elf-g++.real]
  ignore line: [Target: aarch64-xilinx-elf]
  ignore line: [Configured with: ../../../../../../work-shared/gcc-13.3.0-r0/gcc-13.3.0/configure --build=x86_64-linux --host=x86_64-oesdk-linux --target=aarch64-xilinx-elf --prefix=/usr/local/oe-sdk-hardcoded-buildpath/sysroots/x86_64-oesdk-linux/usr --exec_prefix=/usr/local/oe-sdk-hardcoded-buildpath/sysroots/x86_64-oesdk-linux/usr --bindir=/usr/local/oe-sdk-hardcoded-buildpath/sysroots/x86_64-oesdk-linux/usr/bin/aarch64-xilinx-elf --sbindir=/usr/local/oe-sdk-hardcoded-buildpath/sysroots/x86_64-oesdk-linux/usr/bin/aarch64-xilinx-elf --libexecdir=/usr/local/oe-sdk-hardcoded-buildpath/sysroots/x86_64-oesdk-linux/usr/libexec/aarch64-xilinx-elf --datadir=/usr/local/oe-sdk-hardcoded-buildpath/sysroots/x86_64-oesdk-linux/usr/share --sysconfdir=/usr/local/oe-sdk-hardcoded-buildpath/sysroots/x86_64-oesdk-linux/etc --sharedstatedir=/usr/local/oe-sdk-hardcoded-buildpath/sysroots/x86_64-oesdk-linux/com --localstatedir=/usr/local/oe-sdk-hardcoded-buildpath/sysroots/x86_64-oesdk-linux/var --libdir=/usr/local/oe-sdk-hardcoded-buildpath/sysroots/x86_64-oesdk-linux/usr/lib/aarch64-xilinx-elf --includedir=/usr/local/oe-sdk-hardcoded-buildpath/sysroots/x86_64-oesdk-linux/usr/include --oldincludedir=/usr/local/oe-sdk-hardcoded-buildpath/sysroots/x86_64-oesdk-linux/usr/include --infodir=/usr/local/oe-sdk-hardcoded-buildpath/sysroots/x86_64-oesdk-linux/usr/share/info --mandir=/usr/local/oe-sdk-hardcoded-buildpath/sysroots/x86_64-oesdk-linux/usr/share/man --disable-silent-rules --disable-dependency-tracking --with-libtool-sysroot=/host --with-gnu-ld --enable-shared --enable-languages=c,c++,fortran --enable-threads=posix --enable-multilib --enable-c99 --enable-long-long --enable-libstdcxx-pch --program-prefix=aarch64-xilinx-elf- --without-local-prefix --disable-install-libiberty --disable-libssp --enable-libitm --enable-lto --disable-bootstrap --with-system-zlib --enable-linker-build-id --with-ppl=no --with-cloog=no --enable-checking=release --enable-cheaders=c_global --without-isl --with-gxx-include-dir=/not/exist/usr/include/c++/13.3.0 --with-build-time-tools=/host-native/usr/aarch64-xilinx-elf/bin --with-sysroot=/not/exist --with-build-sysroot=/host --with-plugin-ld=ld --enable-poison-system-directories --disable-static --enable-nls --with-glibc-version=2.28 --enable-initfini-array --enable-multilib --disable-libstdcxx-pch --with-newlib --disable-threads --enable-plugins --with-gnu-as --disable-libitm --disable-tm-clone-registry --disable-multiarch --with-arch=armv8-a --with-sysroot=/not/exist]
  ignore line: [Thread model: single]
  ignore line: [Supported LTO compression algorithms: zlib zstd]
  ignore line: [gcc version 13.3.0 (GCC) ]
  ignore line: [COLLECT_GCC_OPTIONS='--sysroot=/home/xmen/Music/2025.2/Vitis/gnu/aarch64/lin/aarch64-none/bin/../aarch64-xilinx-elf' '-mbranch-protection=none' '-D' 'FREERTOS_BSP' '-D' 'SDT' '-MMD' '-MP' '-specs=/home/xmen/Videos/RustDesk/SystolicCore/SystolicCore/ZynqIOEthernet/clone/psu_cortexa53_2/Ethernet_IO/bsp/Xilinx.spec' '-I' '/home/xmen/Videos/RustDesk/SystolicCore/SystolicCore/ZynqIOEthernet/clone/psu_cortexa53_2/Ethernet_IO/bsp/include' '-v' '-o' 'CMakeFiles/cmTC_696d3.dir/CMakeCXXCompilerABI.cpp.obj' '-c' '-march=armv8-a' '-mlittle-endian' '-mabi=lp64' '-dumpdir' 'CMakeFiles/cmTC_696d3.dir/']
  ignore line: [ /home/xmen/Music/2025.2/gnu/aarch64/lin/aarch64-none/x86_64-oesdk-linux/usr/bin/aarch64-xilinx-elf/../../libexec/aarch64-xilinx-elf/gcc/aarch64-xilinx-elf/13.3.0/cc1plus -quiet -v -I /home/xmen/Videos/RustDesk/SystolicCore/SystolicCore/ZynqIOEthernet/clone/psu_cortexa53_2/Ethernet_IO/bsp/include -iprefix /home/xmen/Music/2025.2/gnu/aarch64/lin/aarch64-none/x86_64-oesdk-linux/usr/bin/aarch64-xilinx-elf/../../lib/aarch64-xilinx-elf/gcc/aarch64-xilinx-elf/13.3.0/ -isysroot /home/xmen/Music/2025.2/Vitis/gnu/aarch64/lin/aarch64-none/bin/../aarch64-xilinx-elf -MMD CMakeFiles/cmTC_696d3.dir/CMakeCXXCompilerABI.cpp.d -MP -MQ CMakeFiles/cmTC_696d3.dir/CMakeCXXCompilerABI.cpp.obj -D FREERTOS_BSP -D SDT /home/xmen/Music/2025.2/tps/lnx64/cmake-3.24.2/share/cmake-3.24/Modules/CMakeCXXCompilerABI.cpp -quiet -dumpdir CMakeFiles/cmTC_696d3.dir/ -dumpbase CMakeCXXCompilerABI.cpp.cpp -dumpbase-ext .cpp -mbranch-protection=none -march=armv8-a -mlittle-endian -mabi=lp64 -version -o /tmp/ccsmD9CS.s]
  ignore line: [GNU C++17 (GCC) version 13.3.0 (aarch64-xilinx-elf)]
  ignore line: [	compiled by GNU C version 13.3.0  GMP version 6.3.0  MPFR version 4.2.1  MPC version 1.3.1  isl version none]
  ignore line: [GGC heuristics: --param ggc-min-expand=100 --param ggc-min-heapsize=131072]
  ignore line: [ignoring nonexistent directory "/home/xmen/Music/2025.2/gnu/aarch64/lin/aarch64-none/x86_64-oesdk-linux/usr/bin/aarch64-xilinx-elf/../../lib/aarch64-xilinx-elf/gcc/aarch64-xilinx-elf/13.3.0/../../../../../aarch64-xilinx-elf/include"]
  ignore line: [ignoring duplicate directory "/home/xmen/Music/2025.2/gnu/aarch64/lin/aarch64-none/x86_64-oesdk-linux/usr/bin/aarch64-xilinx-elf/../../lib/aarch64-xilinx-elf/gcc/../../../lib/aarch64-xilinx-elf/gcc/aarch64-xilinx-elf/13.3.0/include"]
  ignore line: [ignoring nonexistent directory "/home/xmen/Music/2025.2/Vitis/gnu/aarch64/lin/aarch64-none/bin/../aarch64-xilinx-elf/usr/lib64/aarch64-xilinx-elf/13.3.0/include"]
  ignore line: [ignoring nonexistent directory "/home/xmen/Music/2025.2/Vitis/gnu/aarch64/lin/aarch64-none/bin/../aarch64-xilinx-elf/usr/local/include"]
  ignore line: [ignoring duplicate directory "/home/xmen/Music/2025.2/gnu/aarch64/lin/aarch64-none/x86_64-oesdk-linux/usr/bin/aarch64-xilinx-elf/../../lib/aarch64-xilinx-elf/gcc/../../../lib/aarch64-xilinx-elf/gcc/aarch64-xilinx-elf/13.3.0/include-fixed"]
  ignore line: [ignoring nonexistent directory "/home/xmen/Music/2025.2/gnu/aarch64/lin/aarch64-none/x86_64-oesdk-linux/usr/bin/aarch64-xilinx-elf/../../lib/aarch64-xilinx-elf/gcc/../../../lib/aarch64-xilinx-elf/gcc/aarch64-xilinx-elf/13.3.0/../../../../../aarch64-xilinx-elf/include"]
  ignore line: [#include "..." search starts here:]
  ignore line: [#include <...> search starts here:]
  ignore line: [ /home/xmen/Videos/RustDesk/SystolicCore/SystolicCore/ZynqIOEthernet/clone/psu_cortexa53_2/Ethernet_IO/bsp/include]
  ignore line: [ /home/xmen/Music/2025.2/gnu/aarch64/lin/aarch64-none/x86_64-oesdk-linux/usr/bin/aarch64-xilinx-elf/../../lib/aarch64-xilinx-elf/gcc/aarch64-xilinx-elf/13.3.0/include]
  ignore line: [ /home/xmen/Music/2025.2/gnu/aarch64/lin/aarch64-none/x86_64-oesdk-linux/usr/bin/aarch64-xilinx-elf/../../lib/aarch64-xilinx-elf/gcc/aarch64-xilinx-elf/13.3.0/include-fixed]
  ignore line: [ /home/xmen/Music/2025.2/Vitis/gnu/aarch64/lin/aarch64-none/bin/../aarch64-xilinx-elf/usr/include/c++/13.3.0]
  ignore line: [ /home/xmen/Music/2025.2/Vitis/gnu/aarch64/lin/aarch64-none/bin/../aarch64-xilinx-elf/usr/include/c++/13.3.0/aarch64-xilinx-elf]
  ignore line: [ /home/xmen/Music/2025.2/Vitis/gnu/aarch64/lin/aarch64-none/bin/../aarch64-xilinx-elf/usr/include/c++/13.3.0/backward]
  ignore line: [ /home/xmen/Music/2025.2/Vitis/gnu/aarch64/lin/aarch64-none/bin/../aarch64-xilinx-elf/usr/include/]
  ignore line: [End of search list.]
  ignore line: [Compiler executable checksum: ad182f738cfb6404092bcf9bf3548eda]
  ignore line: [COLLECT_GCC_OPTIONS='--sysroot=/home/xmen/Music/2025.2/Vitis/gnu/aarch64/lin/aarch64-none/bin/../aarch64-xilinx-elf' '-mbranch-protection=none' '-D' 'FREERTOS_BSP' '-D' 'SDT' '-MMD' '-MP' '-specs=/home/xmen/Videos/RustDesk/SystolicCore/SystolicCore/ZynqIOEthernet/clone/psu_cortexa53_2/Ethernet_IO/bsp/Xilinx.spec' '-I' '/home/xmen/Videos/RustDesk/SystolicCore/SystolicCore/ZynqIOEthernet/clone/psu_cortexa53_2/Ethernet_IO/bsp/include' '-v' '-o' 'CMakeFiles/cmTC_696d3.dir/CMakeCXXCompilerABI.cpp.obj' '-c' '-march=armv8-a' '-mlittle-endian' '-mabi=lp64' '-dumpdir' 'CMakeFiles/cmTC_696d3.dir/']
  ignore line: [ /home/xmen/Music/2025.2/gnu/aarch64/lin/aarch64-none/x86_64-oesdk-linux/usr/bin/aarch64-xilinx-elf/../../libexec/aarch64-xilinx-elf/gcc/aarch64-xilinx-elf/13.3.0/as -v -I /home/xmen/Videos/RustDesk/SystolicCore/SystolicCore/ZynqIOEthernet/clone/psu_cortexa53_2/Ethernet_IO/bsp/include -EL -march=armv8-a -mabi=lp64 -o CMakeFiles/cmTC_696d3.dir/CMakeCXXCompilerABI.cpp.obj /tmp/ccsmD9CS.s]
  ignore line: [GNU assembler version 2.42.0 (aarch64-xilinx-elf) using BFD version (GNU Binutils) 2.42.0.20240723]
  ignore line: [COMPILER_PATH=/home/xmen/Music/2025.2/gnu/aarch64/lin/aarch64-none/x86_64-oesdk-linux/usr/bin/aarch64-xilinx-elf/../../libexec/aarch64-xilinx-elf/gcc/aarch64-xilinx-elf/13.3.0/:/home/xmen/Music/2025.2/gnu/aarch64/lin/aarch64-none/x86_64-oesdk-linux/usr/bin/aarch64-xilinx-elf/../../libexec/aarch64-xilinx-elf/gcc/]
  ignore line: [LIBRARY_PATH=/home/xmen/Music/2025.2/gnu/aarch64/lin/aarch64-none/x86_64-oesdk-linux/usr/bin/aarch64-xilinx-elf/../../lib/aarch64-xilinx-elf/gcc/aarch64-xilinx-elf/13.3.0/:/home/xmen/Music/2025.2/gnu/aarch64/lin/aarch64-none/x86_64-oesdk-linux/usr/bin/aarch64-xilinx-elf/../../lib/aarch64-xilinx-elf/gcc/:/home/xmen/Music/2025.2/Vitis/gnu/aarch64/lin/aarch64-none/bin/../aarch64-xilinx-elf/usr/lib64/aarch64-xilinx-elf/13.3.0/:/home/xmen/Music/2025.2/Vitis/gnu/aarch64/lin/aarch64-none/bin/../aarch64-xilinx-elf/usr/lib64/]
  ignore line: [COLLECT_GCC_OPTIONS='--sysroot=/home/xmen/Music/2025.2/Vitis/gnu/aarch64/lin/aarch64-none/bin/../aarch64-xilinx-elf' '-mbranch-protection=none' '-D' 'FREERTOS_BSP' '-D' 'SDT' '-MMD' '-MP' '-specs=/home/xmen/Videos/RustDesk/SystolicCore/SystolicCore/ZynqIOEthernet/clone/psu_cortexa53_2/Ethernet_IO/bsp/Xilinx.spec' '-I' '/home/xmen/Videos/RustDesk/SystolicCore/SystolicCore/ZynqIOEthernet/clone/psu_cortexa53_2/Ethernet_IO/bsp/include' '-v' '-o' 'CMakeFiles/cmTC_696d3.dir/CMakeCXXCompilerABI.cpp.obj' '-c' '-march=armv8-a' '-mlittle-endian' '-mabi=lp64' '-dumpdir' 'CMakeFiles/cmTC_696d3.dir/CMakeCXXCompilerABI.cpp.']
  ignore line: [[2/2] Linking CXX executable cmTC_696d3]
  ignore line: [Using built-in specs.]
  ignore line: [Reading specs from /home/xmen/Videos/RustDesk/SystolicCore/SystolicCore/ZynqIOEthernet/clone/psu_cortexa53_2/Ethernet_IO/bsp/Xilinx.spec]
  ignore line: [COLLECT_GCC=/home/xmen/Music/2025.2/Vitis/gnu/aarch64/lin/aarch64-none/bin/../x86_64-oesdk-linux/usr/bin/aarch64-xilinx-elf/aarch64-xilinx-elf-g++.real]
  ignore line: [COLLECT_LTO_WRAPPER=/home/xmen/Music/2025.2/gnu/aarch64/lin/aarch64-none/x86_64-oesdk-linux/usr/bin/aarch64-xilinx-elf/../../libexec/aarch64-xilinx-elf/gcc/aarch64-xilinx-elf/13.3.0/lto-wrapper]
  ignore line: [Target: aarch64-xilinx-elf]
  ignore line: [Configured with: ../../../../../../work-shared/gcc-13.3.0-r0/gcc-13.3.0/configure --build=x86_64-linux --host=x86_64-oesdk-linux --target=aarch64-xilinx-elf --prefix=/usr/local/oe-sdk-hardcoded-buildpath/sysroots/x86_64-oesdk-linux/usr --exec_prefix=/usr/local/oe-sdk-hardcoded-buildpath/sysroots/x86_64-oesdk-linux/usr --bindir=/usr/local/oe-sdk-hardcoded-buildpath/sysroots/x86_64-oesdk-linux/usr/bin/aarch64-xilinx-elf --sbindir=/usr/local/oe-sdk-hardcoded-buildpath/sysroots/x86_64-oesdk-linux/usr/bin/aarch64-xilinx-elf --libexecdir=/usr/local/oe-sdk-hardcoded-buildpath/sysroots/x86_64-oesdk-linux/usr/libexec/aarch64-xilinx-elf --datadir=/usr/local/oe-sdk-hardcoded-buildpath/sysroots/x86_64-oesdk-linux/usr/share --sysconfdir=/usr/local/oe-sdk-hardcoded-buildpath/sysroots/x86_64-oesdk-linux/etc --sharedstatedir=/usr/local/oe-sdk-hardcoded-buildpath/sysroots/x86_64-oesdk-linux/com --localstatedir=/usr/local/oe-sdk-hardcoded-buildpath/sysroots/x86_64-oesdk-linux/var --libdir=/usr/local/oe-sdk-hardcoded-buildpath/sysroots/x86_64-oesdk-linux/usr/lib/aarch64-xilinx-elf --includedir=/usr/local/oe-sdk-hardcoded-buildpath/sysroots/x86_64-oesdk-linux/usr/include --oldincludedir=/usr/local/oe-sdk-hardcoded-buildpath/sysroots/x86_64-oesdk-linux/usr/include --infodir=/usr/local/oe-sdk-hardcoded-buildpath/sysroots/x86_64-oesdk-linux/usr/share/info --mandir=/usr/local/oe-sdk-hardcoded-buildpath/sysroots/x86_64-oesdk-linux/usr/share/man --disable-silent-rules --disable-dependency-tracking --with-libtool-sysroot=/host --with-gnu-ld --enable-shared --enable-languages=c,c++,fortran --enable-threads=posix --enable-multilib --enable-c99 --enable-long-long --enable-libstdcxx-pch --program-prefix=aarch64-xilinx-elf- --without-local-prefix --disable-install-libiberty --disable-libssp --enable-libitm --enable-lto --disable-bootstrap --with-system-zlib --enable-linker-build-id --with-ppl=no --with-cloog=no --enable-checking=release --enable-cheaders=c_global --without-isl --with-gxx-include-dir=/not/exist/usr/include/c++/13.3.0 --with-build-time-tools=/host-native/usr/aarch64-xilinx-elf/bin --with-sysroot=/not/exist --with-build-sysroot=/host --with-plugin-ld=ld --enable-poison-system-directories --disable-static --enable-nls --with-glibc-version=2.28 --enable-initfini-array --enable-multilib --disable-libstdcxx-pch --with-newlib --disable-threads --enable-plugins --with-gnu-as --disable-libitm --disable-tm-clone-registry --disable-multiarch --with-arch=armv8-a --with-sysroot=/not/exist]
  ignore line: [Thread model: single]
  ignore line: [Supported LTO compression algorithms: zlib zstd]
  ignore line: [gcc version 13.3.0 (GCC) ]
  ignore line: [COMPILER_PATH=/home/xmen/Music/2025.2/gnu/aarch64/lin/aarch64-none/x86_64-oesdk-linux/usr/bin/aarch64-xilinx-elf/../../libexec/aarch64-xilinx-elf/gcc/aarch64-xilinx-elf/13.3.0/:/home/xmen/Music/2025.2/gnu/aarch64/lin/aarch64-none/x86_64-oesdk-linux/usr/bin/aarch64-xilinx-elf/../../libexec/aarch64-xilinx-elf/gcc/]
  ignore line: [LIBRARY_PATH=/home/xmen/Music/2025.2/gnu/aarch64/lin/aarch64-none/x86_64-oesdk-linux/usr/bin/aarch64-xilinx-elf/../../lib/aarch64-xilinx-elf/gcc/aarch64-xilinx-elf/13.3.0/:/home/xmen/Music/2025.2/gnu/aarch64/lin/aarch64-none/x86_64-oesdk-linux/usr/bin/aarch64-xilinx-elf/../../lib/aarch64-xilinx-elf/gcc/:/home/xmen/Music/2025.2/Vitis/gnu/aarch64/lin/aarch64-none/bin/../aarch64-xilinx-elf/usr/lib64/aarch64-xilinx-elf/13.3.0/:/home/xmen/Music/2025.2/Vitis/gnu/aarch64/lin/aarch64-none/bin/../aarch64-xilinx-elf/usr/lib64/]
  ignore line: [COLLECT_GCC_OPTIONS='--sysroot=/home/xmen/Music/2025.2/Vitis/gnu/aarch64/lin/aarch64-none/bin/../aarch64-xilinx-elf' '-mbranch-protection=none' '-D' 'SDT' '-MMD' '-MP' '-specs=/home/xmen/Videos/RustDesk/SystolicCore/SystolicCore/ZynqIOEthernet/clone/psu_cortexa53_2/Ethernet_IO/bsp/Xilinx.spec' '-I' '/home/xmen/Videos/RustDesk/SystolicCore/SystolicCore/ZynqIOEthernet/clone/psu_cortexa53_2/Ethernet_IO/bsp/include' '-v' '-o' 'cmTC_696d3' '-march=armv8-a' '-mlittle-endian' '-mabi=lp64' '-dumpdir' 'cmTC_696d3.']
  link line: [ /home/xmen/Music/2025.2/gnu/aarch64/lin/aarch64-none/x86_64-oesdk-linux/usr/bin/aarch64-xilinx-elf/../../libexec/aarch64-xilinx-elf/gcc/aarch64-xilinx-elf/13.3.0/collect2 -plugin /home/xmen/Music/2025.2/gnu/aarch64/lin/aarch64-none/x86_64-oesdk-linux/usr/bin/aarch64-xilinx-elf/../../libexec/aarch64-xilinx-elf/gcc/aarch64-xilinx-elf/13.3.0/liblto_plugin.so -plugin-opt=/home/xmen/Music/2025.2/gnu/aarch64/lin/aarch64-none/x86_64-oesdk-linux/usr/bin/aarch64-xilinx-elf/../../libexec/aarch64-xilinx-elf/gcc/aarch64-xilinx-elf/13.3.0/lto-wrapper -plugin-opt=-fresolution=/tmp/ccdkdwGo.res -plugin-opt=-pass-through=-lgcc -plugin-opt=-pass-through=-lc -plugin-opt=-pass-through=-lgcc --sysroot=/home/xmen/Music/2025.2/Vitis/gnu/aarch64/lin/aarch64-none/bin/../aarch64-xilinx-elf --build-id -EL -X -maarch64elf -o cmTC_696d3 /home/xmen/Music/2025.2/Vitis/gnu/aarch64/lin/aarch64-none/bin/../aarch64-xilinx-elf/usr/lib64/aarch64-xilinx-elf/13.3.0/crti.o /home/xmen/Music/2025.2/Vitis/gnu/aarch64/lin/aarch64-none/bin/../aarch64-xilinx-elf/usr/lib64/aarch64-xilinx-elf/13.3.0/crtbegin.o -L/home/xmen/Music/2025.2/gnu/aarch64/lin/aarch64-none/x86_64-oesdk-linux/usr/bin/aarch64-xilinx-elf/../../lib/aarch64-xilinx-elf/gcc/aarch64-xilinx-elf/13.3.0 -L/home/xmen/Music/2025.2/gnu/aarch64/lin/aarch64-none/x86_64-oesdk-linux/usr/bin/aarch64-xilinx-elf/../../lib/aarch64-xilinx-elf/gcc -L/home/xmen/Music/2025.2/Vitis/gnu/aarch64/lin/aarch64-none/bin/../aarch64-xilinx-elf/usr/lib64/aarch64-xilinx-elf/13.3.0 -L/home/xmen/Music/2025.2/Vitis/gnu/aarch64/lin/aarch64-none/bin/../aarch64-xilinx-elf/usr/lib64 --no-warn-rwx-segment CMakeFiles/cmTC_696d3.dir/CMakeCXXCompilerABI.cpp.obj -lstdc++ -lm -lgcc -lc -lgcc /home/xmen/Music/2025.2/Vitis/gnu/aarch64/lin/aarch64-none/bin/../aarch64-xilinx-elf/usr/lib64/aarch64-xilinx-elf/13.3.0/crtend.o /home/xmen/Music/2025.2/Vitis/gnu/aarch64/lin/aarch64-none/bin/../aarch64-xilinx-elf/usr/lib64/aarch64-xilinx-elf/13.3.0/crtn.o]
    arg [/home/xmen/Music/2025.2/gnu/aarch64/lin/aarch64-none/x86_64-oesdk-linux/usr/bin/aarch64-xilinx-elf/../../libexec/aarch64-xilinx-elf/gcc/aarch64-xilinx-elf/13.3.0/collect2] ==> ignore
    arg [-plugin] ==> ignore
    arg [/home/xmen/Music/2025.2/gnu/aarch64/lin/aarch64-none/x86_64-oesdk-linux/usr/bin/aarch64-xilinx-elf/../../libexec/aarch64-xilinx-elf/gcc/aarch64-xilinx-elf/13.3.0/liblto_plugin.so] ==> ignore
    arg [-plugin-opt=/home/xmen/Music/2025.2/gnu/aarch64/lin/aarch64-none/x86_64-oesdk-linux/usr/bin/aarch64-xilinx-elf/../../libexec/aarch64-xilinx-elf/gcc/aarch64-xilinx-elf/13.3.0/lto-wrapper] ==> ignore
    arg [-plugin-opt=-fresolution=/tmp/ccdkdwGo.res] ==> ignore
    arg [-plugin-opt=-pass-through=-lgcc] ==> ignore
    arg [-plugin-opt=-pass-through=-lc] ==> ignore
    arg [-plugin-opt=-pass-through=-lgcc] ==> ignore
    arg [--sysroot=/home/xmen/Music/2025.2/Vitis/gnu/aarch64/lin/aarch64-none/bin/../aarch64-xilinx-elf] ==> ignore
    arg [--build-id] ==> ignore
    arg [-EL] ==> ignore
    arg [-X] ==> ignore
    arg [-maarch64elf] ==> ignore
    arg [-o] ==> ignore
    arg [cmTC_696d3] ==> ignore
    arg [/home/xmen/Music/2025.2/Vitis/gnu/aarch64/lin/aarch64-none/bin/../aarch64-xilinx-elf/usr/lib64/aarch64-xilinx-elf/13.3.0/crti.o] ==> obj [/home/xmen/Music/2025.2/Vitis/gnu/aarch64/lin/aarch64-none/bin/../aarch64-xilinx-elf/usr/lib64/aarch64-xilinx-elf/13.3.0/crti.o]
    arg [/home/xmen/Music/2025.2/Vitis/gnu/aarch64/lin/aarch64-none/bin/../aarch64-xilinx-elf/usr/lib64/aarch64-xilinx-elf/13.3.0/crtbegin.o] ==> obj [/home/xmen/Music/2025.2/Vitis/gnu/aarch64/lin/aarch64-none/bin/../aarch64-xilinx-elf/usr/lib64/aarch64-xilinx-elf/13.3.0/crtbegin.o]
    arg [-L/home/xmen/Music/2025.2/gnu/aarch64/lin/aarch64-none/x86_64-oesdk-linux/usr/bin/aarch64-xilinx-elf/../../lib/aarch64-xilinx-elf/gcc/aarch64-xilinx-elf/13.3.0] ==> dir [/home/xmen/Music/2025.2/gnu/aarch64/lin/aarch64-none/x86_64-oesdk-linux/usr/bin/aarch64-xilinx-elf/../../lib/aarch64-xilinx-elf/gcc/aarch64-xilinx-elf/13.3.0]
    arg [-L/home/xmen/Music/2025.2/gnu/aarch64/lin/aarch64-none/x86_64-oesdk-linux/usr/bin/aarch64-xilinx-elf/../../lib/aarch64-xilinx-elf/gcc] ==> dir [/home/xmen/Music/2025.2/gnu/aarch64/lin/aarch64-none/x86_64-oesdk-linux/usr/bin/aarch64-xilinx-elf/../../lib/aarch64-xilinx-elf/gcc]
    arg [-L/home/xmen/Music/2025.2/Vitis/gnu/aarch64/lin/aarch64-none/bin/../aarch64-xilinx-elf/usr/lib64/aarch64-xilinx-elf/13.3.0] ==> dir [/home/xmen/Music/2025.2/Vitis/gnu/aarch64/lin/aarch64-none/bin/../aarch64-xilinx-elf/usr/lib64/aarch64-xilinx-elf/13.3.0]
    arg [-L/home/xmen/Music/2025.2/Vitis/gnu/aarch64/lin/aarch64-none/bin/../aarch64-xilinx-elf/usr/lib64] ==> dir [/home/xmen/Music/2025.2/Vitis/gnu/aarch64/lin/aarch64-none/bin/../aarch64-xilinx-elf/usr/lib64]
    arg [--no-warn-rwx-segment] ==> ignore
    arg [CMakeFiles/cmTC_696d3.dir/CMakeCXXCompilerABI.cpp.obj] ==> ignore
    arg [-lstdc++] ==> lib [stdc++]
    arg [-lm] ==> lib [m]
    arg [-lgcc] ==> lib [gcc]
    arg [-lc] ==> lib [c]
    arg [-lgcc] ==> lib [gcc]
    arg [/home/xmen/Music/2025.2/Vitis/gnu/aarch64/lin/aarch64-none/bin/../aarch64-xilinx-elf/usr/lib64/aarch64-xilinx-elf/13.3.0/crtend.o] ==> obj [/home/xmen/Music/2025.2/Vitis/gnu/aarch64/lin/aarch64-none/bin/../aarch64-xilinx-elf/usr/lib64/aarch64-xilinx-elf/13.3.0/crtend.o]
    arg [/home/xmen/Music/2025.2/Vitis/gnu/aarch64/lin/aarch64-none/bin/../aarch64-xilinx-elf/usr/lib64/aarch64-xilinx-elf/13.3.0/crtn.o] ==> obj [/home/xmen/Music/2025.2/Vitis/gnu/aarch64/lin/aarch64-none/bin/../aarch64-xilinx-elf/usr/lib64/aarch64-xilinx-elf/13.3.0/crtn.o]
  collapse obj [/home/xmen/Music/2025.2/Vitis/gnu/aarch64/lin/aarch64-none/bin/../aarch64-xilinx-elf/usr/lib64/aarch64-xilinx-elf/13.3.0/crti.o] ==> [/home/xmen/Music/2025.2/Vitis/gnu/aarch64/lin/aarch64-none/aarch64-xilinx-elf/usr/lib64/aarch64-xilinx-elf/13.3.0/crti.o]
  collapse obj [/home/xmen/Music/2025.2/Vitis/gnu/aarch64/lin/aarch64-none/bin/../aarch64-xilinx-elf/usr/lib64/aarch64-xilinx-elf/13.3.0/crtbegin.o] ==> [/home/xmen/Music/2025.2/Vitis/gnu/aarch64/lin/aarch64-none/aarch64-xilinx-elf/usr/lib64/aarch64-xilinx-elf/13.3.0/crtbegin.o]
  collapse obj [/home/xmen/Music/2025.2/Vitis/gnu/aarch64/lin/aarch64-none/bin/../aarch64-xilinx-elf/usr/lib64/aarch64-xilinx-elf/13.3.0/crtend.o] ==> [/home/xmen/Music/2025.2/Vitis/gnu/aarch64/lin/aarch64-none/aarch64-xilinx-elf/usr/lib64/aarch64-xilinx-elf/13.3.0/crtend.o]
  collapse obj [/home/xmen/Music/2025.2/Vitis/gnu/aarch64/lin/aarch64-none/bin/../aarch64-xilinx-elf/usr/lib64/aarch64-xilinx-elf/13.3.0/crtn.o] ==> [/home/xmen/Music/2025.2/Vitis/gnu/aarch64/lin/aarch64-none/aarch64-xilinx-elf/usr/lib64/aarch64-xilinx-elf/13.3.0/crtn.o]
  collapse library dir [/home/xmen/Music/2025.2/gnu/aarch64/lin/aarch64-none/x86_64-oesdk-linux/usr/bin/aarch64-xilinx-elf/../../lib/aarch64-xilinx-elf/gcc/aarch64-xilinx-elf/13.3.0] ==> [/home/xmen/Music/2025.2/gnu/aarch64/lin/aarch64-none/x86_64-oesdk-linux/usr/lib/aarch64-xilinx-elf/gcc/aarch64-xilinx-elf/13.3.0]
  collapse library dir [/home/xmen/Music/2025.2/gnu/aarch64/lin/aarch64-none/x86_64-oesdk-linux/usr/bin/aarch64-xilinx-elf/../../lib/aarch64-xilinx-elf/gcc] ==> [/home/xmen/Music/2025.2/gnu/aarch64/lin/aarch64-none/x86_64-oesdk-linux/usr/lib/aarch64-xilinx-elf/gcc]
  collapse library dir [/home/xmen/Music/2025.2/Vitis/gnu/aarch64/lin/aarch64-none/bin/../aarch64-xilinx-elf/usr/lib64/aarch64-xilinx-elf/13.3.0] ==> [/home/xmen/Music/2025.2/Vitis/gnu/aarch64/lin/aarch64-none/aarch64-xilinx-elf/usr/lib64/aarch64-xilinx-elf/13.3.0]
  collapse library dir [/home/xmen/Music/2025.2/Vitis/gnu/aarch64/lin/aarch64-none/bin/../aarch64-xilinx-elf/usr/lib64] ==> [/home/xmen/Music/2025.2/Vitis/gnu/aarch64/lin/aarch64-none/aarch64-xilinx-elf/usr/lib64]
  implicit libs: [stdc++;m;gcc;c;gcc]
  implicit objs: [/home/xmen/Music/2025.2/Vitis/gnu/aarch64/lin/aarch64-none/aarch64-xilinx-elf/usr/lib64/aarch64-xilinx-elf/13.3.0/crti.o;/home/xmen/Music/2025.2/Vitis/gnu/aarch64/lin/aarch64-none/aarch64-xilinx-elf/usr/lib64/aarch64-xilinx-elf/13.3.0/crtbegin.o;/home/xmen/Music/2025.2/Vitis/gnu/aarch64/lin/aarch64-none/aarch64-xilinx-elf/usr/lib64/aarch64-xilinx-elf/13.3.0/crtend.o;/home/xmen/Music/2025.2/Vitis/gnu/aarch64/lin/aarch64-none/aarch64-xilinx-elf/usr/lib64/aarch64-xilinx-elf/13.3.0/crtn.o]
  implicit dirs: [/home/xmen/Music/2025.2/gnu/aarch64/lin/aarch64-none/x86_64-oesdk-linux/usr/lib/aarch64-xilinx-elf/gcc/aarch64-xilinx-elf/13.3.0;/home/xmen/Music/2025.2/gnu/aarch64/lin/aarch64-none/x86_64-oesdk-linux/usr/lib/aarch64-xilinx-elf/gcc;/home/xmen/Music/2025.2/Vitis/gnu/aarch64/lin/aarch64-none/aarch64-xilinx-elf/usr/lib64/aarch64-xilinx-elf/13.3.0;/home/xmen/Music/2025.2/Vitis/gnu/aarch64/lin/aarch64-none/aarch64-xilinx-elf/usr/lib64]
  implicit fwks: []


Checking whether the ASM compiler is GNU using "--version" matched "(GNU assembler)|(GCC)|(Free Software Foundation)":
aarch64-xilinx-elf-gcc.real (GCC) 13.3.0
Copyright (C) 2023 Free Software Foundation, Inc.
This is free software; see the source for copying conditions.  There is NO
warranty; not even for MERCHANTABILITY or FITNESS FOR A PARTICULAR PURPOSE.

