
*** Running vivado
    with args -log SystolicCore_wrapper_wrapper.vds -m64 -product Vivado -mode batch -messageDb vivado.pb -notrace -source SystolicCore_wrapper_wrapper.tcl


****** Vivado v2025.2 (64-bit)
  **** SW Build 6299465 on Fri Nov 14 12:34:56 MST 2025
  **** IP Build 6300035 on Fri Nov 14 10:48:45 MST 2025
  **** SharedData Build 6298862 on Thu Nov 13 04:50:51 MST 2025
  **** Start of session at: Fri Jan 30 00:22:30 2026
    ** Copyright 1986-2022 Xilinx, Inc. All Rights Reserved.
    ** Copyright 2022-2025 Advanced Micro Devices, Inc. All Rights Reserved.

source SystolicCore_wrapper_wrapper.tcl -notrace
INFO: [IP_Flow 19-234] Refreshing IP repositories
INFO: [IP_Flow 19-1704] No user IP repositories specified
INFO: [IP_Flow 19-2313] Loaded Vivado IP repository '/home/xmen/Music/2025.2/data/ip'.
Command: read_checkpoint -auto_incremental -incremental /home/xmen/Videos/RustDesk/SystolicCore/SystolicCore/Zynq_Systolic_Core_AXI_FIFO_Stream_Reboot/Zynq_Systolic_Core_AXI_FIFO_Stream_Reboot.srcs/utils_1/imports/synth_1/AXI_Stream_Systolic_Core.dcp
INFO: [Vivado 12-5825] Read reference checkpoint from /home/xmen/Videos/RustDesk/SystolicCore/SystolicCore/Zynq_Systolic_Core_AXI_FIFO_Stream_Reboot/Zynq_Systolic_Core_AXI_FIFO_Stream_Reboot.srcs/utils_1/imports/synth_1/AXI_Stream_Systolic_Core.dcp for incremental synthesis
INFO: [Vivado 12-7989] Please ensure there are no constraint changes
Command: synth_design -top SystolicCore_wrapper_wrapper -part xczu7ev-ffvc1156-2-e
Starting synth_design
Attempting to get a license for feature 'Synthesis' and/or device 'xczu7ev'
INFO: [Common 17-349] Got license for feature 'Synthesis' and/or device 'xczu7ev'
INFO: [Device 21-403] Loading part xczu7ev-ffvc1156-2-e
INFO: [Designutils 20-5440] No compile time benefit to using incremental synthesis; A full resynthesis will be run
INFO: [Designutils 20-4379] Flow is switching to default flow due to incremental criteria not met. If you would like to alter this behaviour and have the flow terminate instead, please set the following parameter config_implementation {autoIncr.Synth.RejectBehavior Terminate}
INFO: [Synth 8-7079] Multithreading enabled for synth_design using a maximum of 7 processes.
INFO: [Synth 8-7078] Launching helper process for spawning children vivado processes
INFO: [Synth 8-7075] Helper process launched with PID 182108
---------------------------------------------------------------------------------
Starting RTL Elaboration : Time (s): cpu = 00:00:02 ; elapsed = 00:00:02 . Memory (MB): peak = 3213.418 ; gain = 147.688 ; free physical = 12505 ; free virtual = 59162
---------------------------------------------------------------------------------
INFO: [Synth 8-6157] synthesizing module 'SystolicCore_wrapper_wrapper' [/home/xmen/Videos/RustDesk/SystolicCore/SystolicCore/Zynq_Systolic_Core_AXI_FIFO_Stream_Reboot/Zynq_Systolic_Core_AXI_FIFO_Stream_Reboot.gen/sources_1/bd/SystolicCore_wrapper/hdl/SystolicCore_wrapper_wrapper.v:13]
INFO: [Synth 8-6157] synthesizing module 'SystolicCore_wrapper' [/home/xmen/Videos/RustDesk/SystolicCore/SystolicCore/Zynq_Systolic_Core_AXI_FIFO_Stream_Reboot/Zynq_Systolic_Core_AXI_FIFO_Stream_Reboot.gen/sources_1/bd/SystolicCore_wrapper/synth/SystolicCore_wrapper.v:13]
INFO: [Synth 8-6157] synthesizing module 'SystolicCore_wrapper_AXI_Stream_Systolic_1_0' [/home/xmen/Videos/RustDesk/SystolicCore/SystolicCore/Zynq_Systolic_Core_AXI_FIFO_Stream_Reboot/Zynq_Systolic_Core_AXI_FIFO_Stream_Reboot.runs/synth_1/.Xil/Vivado-181963-VT0144/realtime/SystolicCore_wrapper_AXI_Stream_Systolic_1_0_stub.v:6]
INFO: [Synth 8-6155] done synthesizing module 'SystolicCore_wrapper_AXI_Stream_Systolic_1_0' (0#1) [/home/xmen/Videos/RustDesk/SystolicCore/SystolicCore/Zynq_Systolic_Core_AXI_FIFO_Stream_Reboot/Zynq_Systolic_Core_AXI_FIFO_Stream_Reboot.runs/synth_1/.Xil/Vivado-181963-VT0144/realtime/SystolicCore_wrapper_AXI_Stream_Systolic_1_0_stub.v:6]
INFO: [Synth 8-6157] synthesizing module 'SystolicCore_wrapper_AXI_Stream_Systolic_2_0' [/home/xmen/Videos/RustDesk/SystolicCore/SystolicCore/Zynq_Systolic_Core_AXI_FIFO_Stream_Reboot/Zynq_Systolic_Core_AXI_FIFO_Stream_Reboot.runs/synth_1/.Xil/Vivado-181963-VT0144/realtime/SystolicCore_wrapper_AXI_Stream_Systolic_2_0_stub.v:6]
INFO: [Synth 8-6155] done synthesizing module 'SystolicCore_wrapper_AXI_Stream_Systolic_2_0' (0#1) [/home/xmen/Videos/RustDesk/SystolicCore/SystolicCore/Zynq_Systolic_Core_AXI_FIFO_Stream_Reboot/Zynq_Systolic_Core_AXI_FIFO_Stream_Reboot.runs/synth_1/.Xil/Vivado-181963-VT0144/realtime/SystolicCore_wrapper_AXI_Stream_Systolic_2_0_stub.v:6]
INFO: [Synth 8-6157] synthesizing module 'SystolicCore_wrapper_axi_fifo_mm_s_1_0' [/home/xmen/Videos/RustDesk/SystolicCore/SystolicCore/Zynq_Systolic_Core_AXI_FIFO_Stream_Reboot/Zynq_Systolic_Core_AXI_FIFO_Stream_Reboot.runs/synth_1/.Xil/Vivado-181963-VT0144/realtime/SystolicCore_wrapper_axi_fifo_mm_s_1_0_stub.v:6]
INFO: [Synth 8-6155] done synthesizing module 'SystolicCore_wrapper_axi_fifo_mm_s_1_0' (0#1) [/home/xmen/Videos/RustDesk/SystolicCore/SystolicCore/Zynq_Systolic_Core_AXI_FIFO_Stream_Reboot/Zynq_Systolic_Core_AXI_FIFO_Stream_Reboot.runs/synth_1/.Xil/Vivado-181963-VT0144/realtime/SystolicCore_wrapper_axi_fifo_mm_s_1_0_stub.v:6]
WARNING: [Synth 8-7071] port 'interrupt' of module 'SystolicCore_wrapper_axi_fifo_mm_s_1_0' is unconnected for instance 'axi_fifo_mm_s_1' [/home/xmen/Videos/RustDesk/SystolicCore/SystolicCore/Zynq_Systolic_Core_AXI_FIFO_Stream_Reboot/Zynq_Systolic_Core_AXI_FIFO_Stream_Reboot.gen/sources_1/bd/SystolicCore_wrapper/synth/SystolicCore_wrapper.v:132]
WARNING: [Synth 8-7071] port 'mm2s_prmry_reset_out_n' of module 'SystolicCore_wrapper_axi_fifo_mm_s_1_0' is unconnected for instance 'axi_fifo_mm_s_1' [/home/xmen/Videos/RustDesk/SystolicCore/SystolicCore/Zynq_Systolic_Core_AXI_FIFO_Stream_Reboot/Zynq_Systolic_Core_AXI_FIFO_Stream_Reboot.gen/sources_1/bd/SystolicCore_wrapper/synth/SystolicCore_wrapper.v:132]
WARNING: [Synth 8-7071] port 's2mm_prmry_reset_out_n' of module 'SystolicCore_wrapper_axi_fifo_mm_s_1_0' is unconnected for instance 'axi_fifo_mm_s_1' [/home/xmen/Videos/RustDesk/SystolicCore/SystolicCore/Zynq_Systolic_Core_AXI_FIFO_Stream_Reboot/Zynq_Systolic_Core_AXI_FIFO_Stream_Reboot.gen/sources_1/bd/SystolicCore_wrapper/synth/SystolicCore_wrapper.v:132]
WARNING: [Synth 8-7023] instance 'axi_fifo_mm_s_1' of module 'SystolicCore_wrapper_axi_fifo_mm_s_1_0' has 30 connections declared, but only 27 given [/home/xmen/Videos/RustDesk/SystolicCore/SystolicCore/Zynq_Systolic_Core_AXI_FIFO_Stream_Reboot/Zynq_Systolic_Core_AXI_FIFO_Stream_Reboot.gen/sources_1/bd/SystolicCore_wrapper/synth/SystolicCore_wrapper.v:132]
INFO: [Synth 8-6157] synthesizing module 'SystolicCore_wrapper_axi_fifo_mm_s_2_0' [/home/xmen/Videos/RustDesk/SystolicCore/SystolicCore/Zynq_Systolic_Core_AXI_FIFO_Stream_Reboot/Zynq_Systolic_Core_AXI_FIFO_Stream_Reboot.runs/synth_1/.Xil/Vivado-181963-VT0144/realtime/SystolicCore_wrapper_axi_fifo_mm_s_2_0_stub.v:6]
INFO: [Synth 8-6155] done synthesizing module 'SystolicCore_wrapper_axi_fifo_mm_s_2_0' (0#1) [/home/xmen/Videos/RustDesk/SystolicCore/SystolicCore/Zynq_Systolic_Core_AXI_FIFO_Stream_Reboot/Zynq_Systolic_Core_AXI_FIFO_Stream_Reboot.runs/synth_1/.Xil/Vivado-181963-VT0144/realtime/SystolicCore_wrapper_axi_fifo_mm_s_2_0_stub.v:6]
WARNING: [Synth 8-7071] port 'interrupt' of module 'SystolicCore_wrapper_axi_fifo_mm_s_2_0' is unconnected for instance 'axi_fifo_mm_s_2' [/home/xmen/Videos/RustDesk/SystolicCore/SystolicCore/Zynq_Systolic_Core_AXI_FIFO_Stream_Reboot/Zynq_Systolic_Core_AXI_FIFO_Stream_Reboot.gen/sources_1/bd/SystolicCore_wrapper/synth/SystolicCore_wrapper.v:160]
WARNING: [Synth 8-7071] port 'mm2s_prmry_reset_out_n' of module 'SystolicCore_wrapper_axi_fifo_mm_s_2_0' is unconnected for instance 'axi_fifo_mm_s_2' [/home/xmen/Videos/RustDesk/SystolicCore/SystolicCore/Zynq_Systolic_Core_AXI_FIFO_Stream_Reboot/Zynq_Systolic_Core_AXI_FIFO_Stream_Reboot.gen/sources_1/bd/SystolicCore_wrapper/synth/SystolicCore_wrapper.v:160]
WARNING: [Synth 8-7071] port 's2mm_prmry_reset_out_n' of module 'SystolicCore_wrapper_axi_fifo_mm_s_2_0' is unconnected for instance 'axi_fifo_mm_s_2' [/home/xmen/Videos/RustDesk/SystolicCore/SystolicCore/Zynq_Systolic_Core_AXI_FIFO_Stream_Reboot/Zynq_Systolic_Core_AXI_FIFO_Stream_Reboot.gen/sources_1/bd/SystolicCore_wrapper/synth/SystolicCore_wrapper.v:160]
WARNING: [Synth 8-7023] instance 'axi_fifo_mm_s_2' of module 'SystolicCore_wrapper_axi_fifo_mm_s_2_0' has 30 connections declared, but only 27 given [/home/xmen/Videos/RustDesk/SystolicCore/SystolicCore/Zynq_Systolic_Core_AXI_FIFO_Stream_Reboot/Zynq_Systolic_Core_AXI_FIFO_Stream_Reboot.gen/sources_1/bd/SystolicCore_wrapper/synth/SystolicCore_wrapper.v:160]
INFO: [Synth 8-6157] synthesizing module 'SystolicCore_wrapper_axi_smc_0' [/home/xmen/Videos/RustDesk/SystolicCore/SystolicCore/Zynq_Systolic_Core_AXI_FIFO_Stream_Reboot/Zynq_Systolic_Core_AXI_FIFO_Stream_Reboot.runs/synth_1/.Xil/Vivado-181963-VT0144/realtime/SystolicCore_wrapper_axi_smc_0_stub.v:6]
INFO: [Synth 8-6155] done synthesizing module 'SystolicCore_wrapper_axi_smc_0' (0#1) [/home/xmen/Videos/RustDesk/SystolicCore/SystolicCore/Zynq_Systolic_Core_AXI_FIFO_Stream_Reboot/Zynq_Systolic_Core_AXI_FIFO_Stream_Reboot.runs/synth_1/.Xil/Vivado-181963-VT0144/realtime/SystolicCore_wrapper_axi_smc_0_stub.v:6]
WARNING: [Synth 8-7071] port 'M00_AXI_awprot' of module 'SystolicCore_wrapper_axi_smc_0' is unconnected for instance 'axi_smc' [/home/xmen/Videos/RustDesk/SystolicCore/SystolicCore/Zynq_Systolic_Core_AXI_FIFO_Stream_Reboot/Zynq_Systolic_Core_AXI_FIFO_Stream_Reboot.gen/sources_1/bd/SystolicCore_wrapper/synth/SystolicCore_wrapper.v:188]
WARNING: [Synth 8-7071] port 'M00_AXI_arprot' of module 'SystolicCore_wrapper_axi_smc_0' is unconnected for instance 'axi_smc' [/home/xmen/Videos/RustDesk/SystolicCore/SystolicCore/Zynq_Systolic_Core_AXI_FIFO_Stream_Reboot/Zynq_Systolic_Core_AXI_FIFO_Stream_Reboot.gen/sources_1/bd/SystolicCore_wrapper/synth/SystolicCore_wrapper.v:188]
WARNING: [Synth 8-7071] port 'M01_AXI_awprot' of module 'SystolicCore_wrapper_axi_smc_0' is unconnected for instance 'axi_smc' [/home/xmen/Videos/RustDesk/SystolicCore/SystolicCore/Zynq_Systolic_Core_AXI_FIFO_Stream_Reboot/Zynq_Systolic_Core_AXI_FIFO_Stream_Reboot.gen/sources_1/bd/SystolicCore_wrapper/synth/SystolicCore_wrapper.v:188]
WARNING: [Synth 8-7071] port 'M01_AXI_arprot' of module 'SystolicCore_wrapper_axi_smc_0' is unconnected for instance 'axi_smc' [/home/xmen/Videos/RustDesk/SystolicCore/SystolicCore/Zynq_Systolic_Core_AXI_FIFO_Stream_Reboot/Zynq_Systolic_Core_AXI_FIFO_Stream_Reboot.gen/sources_1/bd/SystolicCore_wrapper/synth/SystolicCore_wrapper.v:188]
WARNING: [Synth 8-7023] instance 'axi_smc' of module 'SystolicCore_wrapper_axi_smc_0' has 79 connections declared, but only 75 given [/home/xmen/Videos/RustDesk/SystolicCore/SystolicCore/Zynq_Systolic_Core_AXI_FIFO_Stream_Reboot/Zynq_Systolic_Core_AXI_FIFO_Stream_Reboot.gen/sources_1/bd/SystolicCore_wrapper/synth/SystolicCore_wrapper.v:188]
WARNING: [Synth 8-4446] all outputs are unconnected for this instance and logic may be removed [/home/xmen/Videos/RustDesk/SystolicCore/SystolicCore/Zynq_Systolic_Core_AXI_FIFO_Stream_Reboot/Zynq_Systolic_Core_AXI_FIFO_Stream_Reboot.gen/sources_1/bd/SystolicCore_wrapper/synth/SystolicCore_wrapper.v:264]
INFO: [Synth 8-6157] synthesizing module 'SystolicCore_wrapper_onlyFPGA_0_0' [/home/xmen/Videos/RustDesk/SystolicCore/SystolicCore/Zynq_Systolic_Core_AXI_FIFO_Stream_Reboot/Zynq_Systolic_Core_AXI_FIFO_Stream_Reboot.runs/synth_1/.Xil/Vivado-181963-VT0144/realtime/SystolicCore_wrapper_onlyFPGA_0_0_stub.v:6]
INFO: [Synth 8-6155] done synthesizing module 'SystolicCore_wrapper_onlyFPGA_0_0' (0#1) [/home/xmen/Videos/RustDesk/SystolicCore/SystolicCore/Zynq_Systolic_Core_AXI_FIFO_Stream_Reboot/Zynq_Systolic_Core_AXI_FIFO_Stream_Reboot.runs/synth_1/.Xil/Vivado-181963-VT0144/realtime/SystolicCore_wrapper_onlyFPGA_0_0_stub.v:6]
INFO: [Synth 8-6157] synthesizing module 'SystolicCore_wrapper_rst_ps8_0_99M_0' [/home/xmen/Videos/RustDesk/SystolicCore/SystolicCore/Zynq_Systolic_Core_AXI_FIFO_Stream_Reboot/Zynq_Systolic_Core_AXI_FIFO_Stream_Reboot.runs/synth_1/.Xil/Vivado-181963-VT0144/realtime/SystolicCore_wrapper_rst_ps8_0_99M_0_stub.v:6]
INFO: [Synth 8-6155] done synthesizing module 'SystolicCore_wrapper_rst_ps8_0_99M_0' (0#1) [/home/xmen/Videos/RustDesk/SystolicCore/SystolicCore/Zynq_Systolic_Core_AXI_FIFO_Stream_Reboot/Zynq_Systolic_Core_AXI_FIFO_Stream_Reboot.runs/synth_1/.Xil/Vivado-181963-VT0144/realtime/SystolicCore_wrapper_rst_ps8_0_99M_0_stub.v:6]
WARNING: [Synth 8-7071] port 'mb_reset' of module 'SystolicCore_wrapper_rst_ps8_0_99M_0' is unconnected for instance 'rst_ps8_0_99M' [/home/xmen/Videos/RustDesk/SystolicCore/SystolicCore/Zynq_Systolic_Core_AXI_FIFO_Stream_Reboot/Zynq_Systolic_Core_AXI_FIFO_Stream_Reboot.gen/sources_1/bd/SystolicCore_wrapper/synth/SystolicCore_wrapper.v:267]
WARNING: [Synth 8-7071] port 'bus_struct_reset' of module 'SystolicCore_wrapper_rst_ps8_0_99M_0' is unconnected for instance 'rst_ps8_0_99M' [/home/xmen/Videos/RustDesk/SystolicCore/SystolicCore/Zynq_Systolic_Core_AXI_FIFO_Stream_Reboot/Zynq_Systolic_Core_AXI_FIFO_Stream_Reboot.gen/sources_1/bd/SystolicCore_wrapper/synth/SystolicCore_wrapper.v:267]
WARNING: [Synth 8-7071] port 'peripheral_reset' of module 'SystolicCore_wrapper_rst_ps8_0_99M_0' is unconnected for instance 'rst_ps8_0_99M' [/home/xmen/Videos/RustDesk/SystolicCore/SystolicCore/Zynq_Systolic_Core_AXI_FIFO_Stream_Reboot/Zynq_Systolic_Core_AXI_FIFO_Stream_Reboot.gen/sources_1/bd/SystolicCore_wrapper/synth/SystolicCore_wrapper.v:267]
WARNING: [Synth 8-7071] port 'interconnect_aresetn' of module 'SystolicCore_wrapper_rst_ps8_0_99M_0' is unconnected for instance 'rst_ps8_0_99M' [/home/xmen/Videos/RustDesk/SystolicCore/SystolicCore/Zynq_Systolic_Core_AXI_FIFO_Stream_Reboot/Zynq_Systolic_Core_AXI_FIFO_Stream_Reboot.gen/sources_1/bd/SystolicCore_wrapper/synth/SystolicCore_wrapper.v:267]
WARNING: [Synth 8-7023] instance 'rst_ps8_0_99M' of module 'SystolicCore_wrapper_rst_ps8_0_99M_0' has 10 connections declared, but only 6 given [/home/xmen/Videos/RustDesk/SystolicCore/SystolicCore/Zynq_Systolic_Core_AXI_FIFO_Stream_Reboot/Zynq_Systolic_Core_AXI_FIFO_Stream_Reboot.gen/sources_1/bd/SystolicCore_wrapper/synth/SystolicCore_wrapper.v:267]
INFO: [Synth 8-6157] synthesizing module 'SystolicCore_wrapper_zynq_ultra_ps_e_0_0' [/home/xmen/Videos/RustDesk/SystolicCore/SystolicCore/Zynq_Systolic_Core_AXI_FIFO_Stream_Reboot/Zynq_Systolic_Core_AXI_FIFO_Stream_Reboot.runs/synth_1/.Xil/Vivado-181963-VT0144/realtime/SystolicCore_wrapper_zynq_ultra_ps_e_0_0_stub.v:6]
INFO: [Synth 8-6155] done synthesizing module 'SystolicCore_wrapper_zynq_ultra_ps_e_0_0' (0#1) [/home/xmen/Videos/RustDesk/SystolicCore/SystolicCore/Zynq_Systolic_Core_AXI_FIFO_Stream_Reboot/Zynq_Systolic_Core_AXI_FIFO_Stream_Reboot.runs/synth_1/.Xil/Vivado-181963-VT0144/realtime/SystolicCore_wrapper_zynq_ultra_ps_e_0_0_stub.v:6]
INFO: [Synth 8-6155] done synthesizing module 'SystolicCore_wrapper' (0#1) [/home/xmen/Videos/RustDesk/SystolicCore/SystolicCore/Zynq_Systolic_Core_AXI_FIFO_Stream_Reboot/Zynq_Systolic_Core_AXI_FIFO_Stream_Reboot.gen/sources_1/bd/SystolicCore_wrapper/synth/SystolicCore_wrapper.v:13]
INFO: [Synth 8-6155] done synthesizing module 'SystolicCore_wrapper_wrapper' (0#1) [/home/xmen/Videos/RustDesk/SystolicCore/SystolicCore/Zynq_Systolic_Core_AXI_FIFO_Stream_Reboot/Zynq_Systolic_Core_AXI_FIFO_Stream_Reboot.gen/sources_1/bd/SystolicCore_wrapper/hdl/SystolicCore_wrapper_wrapper.v:13]
---------------------------------------------------------------------------------
Finished RTL Elaboration : Time (s): cpu = 00:00:03 ; elapsed = 00:00:03 . Memory (MB): peak = 3305.387 ; gain = 239.656 ; free physical = 12465 ; free virtual = 59123
---------------------------------------------------------------------------------
---------------------------------------------------------------------------------
Start Handling Custom Attributes
---------------------------------------------------------------------------------
---------------------------------------------------------------------------------
Finished Handling Custom Attributes : Time (s): cpu = 00:00:03 ; elapsed = 00:00:03 . Memory (MB): peak = 3305.387 ; gain = 239.656 ; free physical = 12465 ; free virtual = 59123
---------------------------------------------------------------------------------
---------------------------------------------------------------------------------
Finished RTL Optimization Phase 1 : Time (s): cpu = 00:00:03 ; elapsed = 00:00:03 . Memory (MB): peak = 3305.387 ; gain = 239.656 ; free physical = 12465 ; free virtual = 59123
---------------------------------------------------------------------------------
Netlist sorting complete. Time (s): cpu = 00:00:00 ; elapsed = 00:00:00.01 . Memory (MB): peak = 3305.387 ; gain = 0.000 ; free physical = 12465 ; free virtual = 59123
INFO: [Project 1-570] Preparing netlist for logic optimization

Processing XDC Constraints
Initializing timing engine
Parsing XDC File [/home/xmen/Videos/RustDesk/SystolicCore/SystolicCore/Zynq_Systolic_Core_AXI_FIFO_Stream_Reboot/Zynq_Systolic_Core_AXI_FIFO_Stream_Reboot.gen/sources_1/bd/SystolicCore_wrapper/ip/SystolicCore_wrapper_zynq_ultra_ps_e_0_0/SystolicCore_wrapper_zynq_ultra_ps_e_0_0/SystolicCore_wrapper_zynq_ultra_ps_e_0_0_in_context.xdc] for cell 'SystolicCore_wrapper_i/zynq_ultra_ps_e_0'
Finished Parsing XDC File [/home/xmen/Videos/RustDesk/SystolicCore/SystolicCore/Zynq_Systolic_Core_AXI_FIFO_Stream_Reboot/Zynq_Systolic_Core_AXI_FIFO_Stream_Reboot.gen/sources_1/bd/SystolicCore_wrapper/ip/SystolicCore_wrapper_zynq_ultra_ps_e_0_0/SystolicCore_wrapper_zynq_ultra_ps_e_0_0/SystolicCore_wrapper_zynq_ultra_ps_e_0_0_in_context.xdc] for cell 'SystolicCore_wrapper_i/zynq_ultra_ps_e_0'
Parsing XDC File [/home/xmen/Videos/RustDesk/SystolicCore/SystolicCore/Zynq_Systolic_Core_AXI_FIFO_Stream_Reboot/Zynq_Systolic_Core_AXI_FIFO_Stream_Reboot.gen/sources_1/bd/SystolicCore_wrapper/ip/SystolicCore_wrapper_axi_smc_0/SystolicCore_wrapper_axi_smc_0/SystolicCore_wrapper_axi_smc_0_in_context.xdc] for cell 'SystolicCore_wrapper_i/axi_smc'
Finished Parsing XDC File [/home/xmen/Videos/RustDesk/SystolicCore/SystolicCore/Zynq_Systolic_Core_AXI_FIFO_Stream_Reboot/Zynq_Systolic_Core_AXI_FIFO_Stream_Reboot.gen/sources_1/bd/SystolicCore_wrapper/ip/SystolicCore_wrapper_axi_smc_0/SystolicCore_wrapper_axi_smc_0/SystolicCore_wrapper_axi_smc_0_in_context.xdc] for cell 'SystolicCore_wrapper_i/axi_smc'
Parsing XDC File [/home/xmen/Videos/RustDesk/SystolicCore/SystolicCore/Zynq_Systolic_Core_AXI_FIFO_Stream_Reboot/Zynq_Systolic_Core_AXI_FIFO_Stream_Reboot.gen/sources_1/bd/SystolicCore_wrapper/ip/SystolicCore_wrapper_rst_ps8_0_99M_0/SystolicCore_wrapper_rst_ps8_0_99M_0/SystolicCore_wrapper_rst_ps8_0_99M_0_in_context.xdc] for cell 'SystolicCore_wrapper_i/rst_ps8_0_99M'
Finished Parsing XDC File [/home/xmen/Videos/RustDesk/SystolicCore/SystolicCore/Zynq_Systolic_Core_AXI_FIFO_Stream_Reboot/Zynq_Systolic_Core_AXI_FIFO_Stream_Reboot.gen/sources_1/bd/SystolicCore_wrapper/ip/SystolicCore_wrapper_rst_ps8_0_99M_0/SystolicCore_wrapper_rst_ps8_0_99M_0/SystolicCore_wrapper_rst_ps8_0_99M_0_in_context.xdc] for cell 'SystolicCore_wrapper_i/rst_ps8_0_99M'
Parsing XDC File [/home/xmen/Videos/RustDesk/SystolicCore/SystolicCore/Zynq_Systolic_Core_AXI_FIFO_Stream_Reboot/Zynq_Systolic_Core_AXI_FIFO_Stream_Reboot.gen/sources_1/bd/SystolicCore_wrapper/ip/SystolicCore_wrapper_axi_fifo_mm_s_1_0/SystolicCore_wrapper_axi_fifo_mm_s_1_0/SystolicCore_wrapper_axi_fifo_mm_s_1_0_in_context.xdc] for cell 'SystolicCore_wrapper_i/axi_fifo_mm_s_1'
Finished Parsing XDC File [/home/xmen/Videos/RustDesk/SystolicCore/SystolicCore/Zynq_Systolic_Core_AXI_FIFO_Stream_Reboot/Zynq_Systolic_Core_AXI_FIFO_Stream_Reboot.gen/sources_1/bd/SystolicCore_wrapper/ip/SystolicCore_wrapper_axi_fifo_mm_s_1_0/SystolicCore_wrapper_axi_fifo_mm_s_1_0/SystolicCore_wrapper_axi_fifo_mm_s_1_0_in_context.xdc] for cell 'SystolicCore_wrapper_i/axi_fifo_mm_s_1'
Parsing XDC File [/home/xmen/Videos/RustDesk/SystolicCore/SystolicCore/Zynq_Systolic_Core_AXI_FIFO_Stream_Reboot/Zynq_Systolic_Core_AXI_FIFO_Stream_Reboot.gen/sources_1/bd/SystolicCore_wrapper/ip/SystolicCore_wrapper_axi_fifo_mm_s_2_0/SystolicCore_wrapper_axi_fifo_mm_s_2_0/SystolicCore_wrapper_axi_fifo_mm_s_2_0_in_context.xdc] for cell 'SystolicCore_wrapper_i/axi_fifo_mm_s_2'
Finished Parsing XDC File [/home/xmen/Videos/RustDesk/SystolicCore/SystolicCore/Zynq_Systolic_Core_AXI_FIFO_Stream_Reboot/Zynq_Systolic_Core_AXI_FIFO_Stream_Reboot.gen/sources_1/bd/SystolicCore_wrapper/ip/SystolicCore_wrapper_axi_fifo_mm_s_2_0/SystolicCore_wrapper_axi_fifo_mm_s_2_0/SystolicCore_wrapper_axi_fifo_mm_s_2_0_in_context.xdc] for cell 'SystolicCore_wrapper_i/axi_fifo_mm_s_2'
Parsing XDC File [/home/xmen/Videos/RustDesk/SystolicCore/SystolicCore/Zynq_Systolic_Core_AXI_FIFO_Stream_Reboot/Zynq_Systolic_Core_AXI_FIFO_Stream_Reboot.gen/sources_1/bd/SystolicCore_wrapper/ip/SystolicCore_wrapper_AXI_Stream_Systolic_1_0/SystolicCore_wrapper_AXI_Stream_Systolic_1_0/SystolicCore_wrapper_AXI_Stream_Systolic_1_0_in_context.xdc] for cell 'SystolicCore_wrapper_i/AXI_Stream_Systolic_1'
Finished Parsing XDC File [/home/xmen/Videos/RustDesk/SystolicCore/SystolicCore/Zynq_Systolic_Core_AXI_FIFO_Stream_Reboot/Zynq_Systolic_Core_AXI_FIFO_Stream_Reboot.gen/sources_1/bd/SystolicCore_wrapper/ip/SystolicCore_wrapper_AXI_Stream_Systolic_1_0/SystolicCore_wrapper_AXI_Stream_Systolic_1_0/SystolicCore_wrapper_AXI_Stream_Systolic_1_0_in_context.xdc] for cell 'SystolicCore_wrapper_i/AXI_Stream_Systolic_1'
Parsing XDC File [/home/xmen/Videos/RustDesk/SystolicCore/SystolicCore/Zynq_Systolic_Core_AXI_FIFO_Stream_Reboot/Zynq_Systolic_Core_AXI_FIFO_Stream_Reboot.gen/sources_1/bd/SystolicCore_wrapper/ip/SystolicCore_wrapper_AXI_Stream_Systolic_2_0/SystolicCore_wrapper_AXI_Stream_Systolic_2_0/SystolicCore_wrapper_AXI_Stream_Systolic_2_0_in_context.xdc] for cell 'SystolicCore_wrapper_i/AXI_Stream_Systolic_2'
Finished Parsing XDC File [/home/xmen/Videos/RustDesk/SystolicCore/SystolicCore/Zynq_Systolic_Core_AXI_FIFO_Stream_Reboot/Zynq_Systolic_Core_AXI_FIFO_Stream_Reboot.gen/sources_1/bd/SystolicCore_wrapper/ip/SystolicCore_wrapper_AXI_Stream_Systolic_2_0/SystolicCore_wrapper_AXI_Stream_Systolic_2_0/SystolicCore_wrapper_AXI_Stream_Systolic_2_0_in_context.xdc] for cell 'SystolicCore_wrapper_i/AXI_Stream_Systolic_2'
Parsing XDC File [/home/xmen/Videos/RustDesk/SystolicCore/SystolicCore/Zynq_Systolic_Core_AXI_FIFO_Stream_Reboot/Zynq_Systolic_Core_AXI_FIFO_Stream_Reboot.gen/sources_1/bd/SystolicCore_wrapper/ip/SystolicCore_wrapper_onlyFPGA_0_0/SystolicCore_wrapper_onlyFPGA_0_0/SystolicCore_wrapper_onlyFPGA_0_0_in_context.xdc] for cell 'SystolicCore_wrapper_i/onlyFPGA_0'
Finished Parsing XDC File [/home/xmen/Videos/RustDesk/SystolicCore/SystolicCore/Zynq_Systolic_Core_AXI_FIFO_Stream_Reboot/Zynq_Systolic_Core_AXI_FIFO_Stream_Reboot.gen/sources_1/bd/SystolicCore_wrapper/ip/SystolicCore_wrapper_onlyFPGA_0_0/SystolicCore_wrapper_onlyFPGA_0_0/SystolicCore_wrapper_onlyFPGA_0_0_in_context.xdc] for cell 'SystolicCore_wrapper_i/onlyFPGA_0'
Parsing XDC File [/home/xmen/Videos/RustDesk/SystolicCore/SystolicCore/Zynq_Systolic_Core_AXI_FIFO_Stream_Reboot/Zynq_Systolic_Core_AXI_FIFO_Stream_Reboot.runs/synth_1/dont_touch.xdc]
Finished Parsing XDC File [/home/xmen/Videos/RustDesk/SystolicCore/SystolicCore/Zynq_Systolic_Core_AXI_FIFO_Stream_Reboot/Zynq_Systolic_Core_AXI_FIFO_Stream_Reboot.runs/synth_1/dont_touch.xdc]
Completed Processing XDC Constraints

Netlist sorting complete. Time (s): cpu = 00:00:00 ; elapsed = 00:00:00 . Memory (MB): peak = 3345.406 ; gain = 0.000 ; free physical = 12505 ; free virtual = 59163
INFO: [Project 1-111] Unisim Transformation Summary:
No Unisim elements were transformed.

Constraint Validation Runtime : Time (s): cpu = 00:00:00 ; elapsed = 00:00:00 . Memory (MB): peak = 3345.441 ; gain = 0.000 ; free physical = 12505 ; free virtual = 59164
INFO: [Designutils 20-5440] No compile time benefit to using incremental synthesis; A full resynthesis will be run
INFO: [Designutils 20-4379] Flow is switching to default flow due to incremental criteria not met. If you would like to alter this behaviour and have the flow terminate instead, please set the following parameter config_implementation {autoIncr.Synth.RejectBehavior Terminate}
---------------------------------------------------------------------------------
Finished Constraint Validation : Time (s): cpu = 00:00:09 ; elapsed = 00:00:09 . Memory (MB): peak = 3345.441 ; gain = 279.711 ; free physical = 12500 ; free virtual = 59158
---------------------------------------------------------------------------------
---------------------------------------------------------------------------------
Start Loading Part and Timing Information
---------------------------------------------------------------------------------
Loading part: xczu7ev-ffvc1156-2-e
INFO: [Synth 8-6742] Reading net delay rules and data
---------------------------------------------------------------------------------
Finished Loading Part and Timing Information : Time (s): cpu = 00:00:09 ; elapsed = 00:00:09 . Memory (MB): peak = 3353.410 ; gain = 287.680 ; free physical = 12500 ; free virtual = 59158
---------------------------------------------------------------------------------
---------------------------------------------------------------------------------
Start Applying 'set_property' XDC Constraints
---------------------------------------------------------------------------------
---------------------------------------------------------------------------------
Finished applying 'set_property' XDC Constraints : Time (s): cpu = 00:00:09 ; elapsed = 00:00:09 . Memory (MB): peak = 3353.410 ; gain = 287.680 ; free physical = 12501 ; free virtual = 59158
---------------------------------------------------------------------------------
---------------------------------------------------------------------------------
Finished RTL Optimization Phase 2 : Time (s): cpu = 00:00:09 ; elapsed = 00:00:09 . Memory (MB): peak = 3353.410 ; gain = 287.680 ; free physical = 12500 ; free virtual = 59159
---------------------------------------------------------------------------------
---------------------------------------------------------------------------------
Start RTL Component Statistics 
---------------------------------------------------------------------------------
Detailed RTL Component Info : 
---------------------------------------------------------------------------------
Finished RTL Component Statistics 
---------------------------------------------------------------------------------
---------------------------------------------------------------------------------
Start Part Resource Summary
---------------------------------------------------------------------------------
Part Resources:
DSPs: 1728 (col length:144)
BRAMs: 624 (col length: RAMB18 144 RAMB36 72)
---------------------------------------------------------------------------------
Finished Part Resource Summary
---------------------------------------------------------------------------------
---------------------------------------------------------------------------------
Start Cross Boundary and Area Optimization
---------------------------------------------------------------------------------
---------------------------------------------------------------------------------
Finished Cross Boundary and Area Optimization : Time (s): cpu = 00:00:10 ; elapsed = 00:00:10 . Memory (MB): peak = 3353.410 ; gain = 287.680 ; free physical = 13242 ; free virtual = 59905
---------------------------------------------------------------------------------
---------------------------------------------------------------------------------
Start Applying XDC Timing Constraints
---------------------------------------------------------------------------------
---------------------------------------------------------------------------------
Finished Applying XDC Timing Constraints : Time (s): cpu = 00:00:14 ; elapsed = 00:00:15 . Memory (MB): peak = 4001.051 ; gain = 935.320 ; free physical = 12676 ; free virtual = 59339
---------------------------------------------------------------------------------
---------------------------------------------------------------------------------
Start Timing Optimization
---------------------------------------------------------------------------------
---------------------------------------------------------------------------------
Finished Timing Optimization : Time (s): cpu = 00:00:14 ; elapsed = 00:00:15 . Memory (MB): peak = 4001.051 ; gain = 935.320 ; free physical = 12676 ; free virtual = 59339
---------------------------------------------------------------------------------
---------------------------------------------------------------------------------
Start Technology Mapping
---------------------------------------------------------------------------------
---------------------------------------------------------------------------------
Finished Technology Mapping : Time (s): cpu = 00:00:14 ; elapsed = 00:00:15 . Memory (MB): peak = 4012.066 ; gain = 946.336 ; free physical = 12665 ; free virtual = 59329
---------------------------------------------------------------------------------
---------------------------------------------------------------------------------
Start IO Insertion
---------------------------------------------------------------------------------
---------------------------------------------------------------------------------
Start Flattening Before IO Insertion
---------------------------------------------------------------------------------
---------------------------------------------------------------------------------
Finished Flattening Before IO Insertion
---------------------------------------------------------------------------------
---------------------------------------------------------------------------------
Start Final Netlist Cleanup
---------------------------------------------------------------------------------
---------------------------------------------------------------------------------
Finished Final Netlist Cleanup
---------------------------------------------------------------------------------
---------------------------------------------------------------------------------
Finished IO Insertion : Time (s): cpu = 00:00:16 ; elapsed = 00:00:16 . Memory (MB): peak = 4206.879 ; gain = 1141.148 ; free physical = 12484 ; free virtual = 59147
---------------------------------------------------------------------------------
---------------------------------------------------------------------------------
Start Renaming Generated Instances
---------------------------------------------------------------------------------
---------------------------------------------------------------------------------
Finished Renaming Generated Instances : Time (s): cpu = 00:00:16 ; elapsed = 00:00:16 . Memory (MB): peak = 4206.879 ; gain = 1141.148 ; free physical = 12484 ; free virtual = 59147
---------------------------------------------------------------------------------
---------------------------------------------------------------------------------
Start Rebuilding User Hierarchy
---------------------------------------------------------------------------------
---------------------------------------------------------------------------------
Finished Rebuilding User Hierarchy : Time (s): cpu = 00:00:16 ; elapsed = 00:00:16 . Memory (MB): peak = 4206.879 ; gain = 1141.148 ; free physical = 12484 ; free virtual = 59147
---------------------------------------------------------------------------------
---------------------------------------------------------------------------------
Start Renaming Generated Ports
---------------------------------------------------------------------------------
---------------------------------------------------------------------------------
Finished Renaming Generated Ports : Time (s): cpu = 00:00:16 ; elapsed = 00:00:16 . Memory (MB): peak = 4206.879 ; gain = 1141.148 ; free physical = 12484 ; free virtual = 59147
---------------------------------------------------------------------------------
---------------------------------------------------------------------------------
Start Handling Custom Attributes
---------------------------------------------------------------------------------
---------------------------------------------------------------------------------
Finished Handling Custom Attributes : Time (s): cpu = 00:00:16 ; elapsed = 00:00:16 . Memory (MB): peak = 4206.879 ; gain = 1141.148 ; free physical = 12484 ; free virtual = 59147
---------------------------------------------------------------------------------
---------------------------------------------------------------------------------
Start Renaming Generated Nets
---------------------------------------------------------------------------------
---------------------------------------------------------------------------------
Finished Renaming Generated Nets : Time (s): cpu = 00:00:16 ; elapsed = 00:00:16 . Memory (MB): peak = 4206.879 ; gain = 1141.148 ; free physical = 12484 ; free virtual = 59147
---------------------------------------------------------------------------------
---------------------------------------------------------------------------------
Start Writing Synthesis Report
---------------------------------------------------------------------------------

Report BlackBoxes: 
+------+---------------------------------------------+----------+
|      |BlackBox name                                |Instances |
+------+---------------------------------------------+----------+
|1     |SystolicCore_wrapper_AXI_Stream_Systolic_1_0 |         1|
|2     |SystolicCore_wrapper_AXI_Stream_Systolic_2_0 |         1|
|3     |SystolicCore_wrapper_axi_fifo_mm_s_1_0       |         1|
|4     |SystolicCore_wrapper_axi_fifo_mm_s_2_0       |         1|
|5     |SystolicCore_wrapper_axi_smc_0               |         1|
|6     |SystolicCore_wrapper_onlyFPGA_0_0            |         1|
|7     |SystolicCore_wrapper_rst_ps8_0_99M_0         |         1|
|8     |SystolicCore_wrapper_zynq_ultra_ps_e_0_0     |         1|
+------+---------------------------------------------+----------+

Report Cell Usage: 
+------+-------------------------------------------+------+
|      |Cell                                       |Count |
+------+-------------------------------------------+------+
|1     |SystolicCore_wrapper_AXI_Stream_Systolic_1 |     1|
|2     |SystolicCore_wrapper_AXI_Stream_Systolic_2 |     1|
|3     |SystolicCore_wrapper_axi_fifo_mm_s_1       |     1|
|4     |SystolicCore_wrapper_axi_fifo_mm_s_2       |     1|
|5     |SystolicCore_wrapper_axi_smc               |     1|
|6     |SystolicCore_wrapper_onlyFPGA_0            |     1|
|7     |SystolicCore_wrapper_rst_ps8_0_99M         |     1|
|8     |SystolicCore_wrapper_zynq_ultra_ps_e_0     |     1|
+------+-------------------------------------------+------+
---------------------------------------------------------------------------------
Finished Writing Synthesis Report : Time (s): cpu = 00:00:16 ; elapsed = 00:00:16 . Memory (MB): peak = 4206.879 ; gain = 1141.148 ; free physical = 12484 ; free virtual = 59147
---------------------------------------------------------------------------------
Synthesis finished with 0 errors, 0 critical warnings and 0 warnings.
Synthesis Optimization Runtime : Time (s): cpu = 00:00:13 ; elapsed = 00:00:13 . Memory (MB): peak = 4206.879 ; gain = 1101.094 ; free physical = 12484 ; free virtual = 59147
Synthesis Optimization Complete : Time (s): cpu = 00:00:16 ; elapsed = 00:00:17 . Memory (MB): peak = 4206.879 ; gain = 1141.148 ; free physical = 12484 ; free virtual = 59147
INFO: [Project 1-571] Translating synthesized netlist
Netlist sorting complete. Time (s): cpu = 00:00:00 ; elapsed = 00:00:00 . Memory (MB): peak = 4206.879 ; gain = 0.000 ; free physical = 12484 ; free virtual = 59147
INFO: [Project 1-570] Preparing netlist for logic optimization
INFO: [Opt 31-138] Pushed 0 inverter(s) to 0 load pin(s).
Netlist sorting complete. Time (s): cpu = 00:00:00 ; elapsed = 00:00:00 . Memory (MB): peak = 4206.879 ; gain = 0.000 ; free physical = 12633 ; free virtual = 59296
INFO: [Project 1-111] Unisim Transformation Summary:
No Unisim elements were transformed.

Synth Design complete | Checksum: 7777145c
INFO: [Common 17-83] Releasing license: Synthesis
42 Infos, 19 Warnings, 0 Critical Warnings and 0 Errors encountered.
synth_design completed successfully
synth_design: Time (s): cpu = 00:00:23 ; elapsed = 00:00:22 . Memory (MB): peak = 4206.879 ; gain = 2327.148 ; free physical = 12633 ; free virtual = 59296
INFO: [Common 17-2834] synth_design peak Physical Memory [PSS] (MB): overall = 3089.922; main = 3089.922; forked = 307.983
INFO: [Common 17-2834] synth_design peak Virtual Memory [VSS] (MB): overall = 4994.418; main = 4133.195; forked = 1641.004
INFO: [Common 17-1381] The checkpoint '/home/xmen/Videos/RustDesk/SystolicCore/SystolicCore/Zynq_Systolic_Core_AXI_FIFO_Stream_Reboot/Zynq_Systolic_Core_AXI_FIFO_Stream_Reboot.runs/synth_1/SystolicCore_wrapper_wrapper.dcp' has been generated.
INFO: [Vivado 12-24828] Executing command : report_utilization -file SystolicCore_wrapper_wrapper_utilization_synth.rpt -pb SystolicCore_wrapper_wrapper_utilization_synth.pb
INFO: [Common 17-206] Exiting Vivado at Fri Jan 30 00:22:57 2026...
