Vivado Simulator v2025.2
Copyright 1986-2022 Xilinx, Inc. All Rights Reserved.
Copyright 2022-2025 Advanced Micro Devices, Inc. All Rights Reserved.
Running: /home/xmen/Music/2025.2/Vivado/bin/unwrapped/lnx64.o/xelab --incr --debug typical --relax --mt 8 -L xil_defaultlib -L uvm -L xilinx_vip -L unisims_ver -L secureip --snapshot tb_func_synth xil_defaultlib.tb xil_defaultlib.glbl -log elaborate.log 
Using 8 slave threads.
Starting static elaboration
Pass Through NonSizing Optimizer
WARNING: [VRFC 10-3091] actual bit length 8 differs from formal bit length 32 for port 's_axis_tdata' [/home/xmen/Videos/RustDesk/SystolicCore/SystolicCore/tb/tb_fpga.sv:177]
WARNING: [VRFC 10-3091] actual bit length 32 differs from formal bit length 1 for port 'm_axis_tready' [/home/xmen/Videos/RustDesk/SystolicCore/SystolicCore/tb/tb_fpga.sv:183]
WARNING: [VRFC 10-3818] variable 'tb_uart_data_tx_in' is driven by invalid combination of procedural drivers [/home/xmen/Videos/RustDesk/SystolicCore/SystolicCore/tb/tb_fpga.sv:30]
WARNING: [VRFC 10-2921] 'tb_uart_data_tx_in' driven by this always_comb block should not be driven by any other process [/home/xmen/Videos/RustDesk/SystolicCore/SystolicCore/tb/tb_fpga.sv:116]
Completed static elaboration
Starting simulation data flow analysis
Completed simulation data flow analysis
Time Resolution for simulation is 1ps
Compiling module unisims_ver.x_lut2_mux4
Compiling module unisims_ver.LUT2
Compiling module unisims_ver.FDCE_default
Compiling module unisims_ver.CARRY8
Compiling module unisims_ver.LUT6
Compiling module unisims_ver.x_lut3_mux8
Compiling module unisims_ver.LUT3
Compiling module unisims_ver.LUT4
Compiling module unisims_ver.LUT5
Compiling module xil_defaultlib.accumulator_cells
Compiling module xil_defaultlib.accumulator_cells_0
Compiling module xil_defaultlib.accumulator_cells_1
Compiling module xil_defaultlib.accumulator_cells_2
Compiling module xil_defaultlib.accumulator_cells_3
Compiling module xil_defaultlib.accumulator_cells_4
Compiling module xil_defaultlib.accumulator_cells_5
Compiling module xil_defaultlib.accumulator_cells_6
Compiling module xil_defaultlib.accumulator_cells_7
Compiling module xil_defaultlib.accumulator_cells_8
Compiling module xil_defaultlib.accumulator_cells_9
Compiling module xil_defaultlib.accumulator_cells_10
Compiling module xil_defaultlib.accumulator_cells_11
Compiling module xil_defaultlib.accumulator_cells_12
Compiling module xil_defaultlib.accumulator_cells_13
Compiling module xil_defaultlib.accumulator_cells_14
Compiling module xil_defaultlib.accumulator_cells_15
Compiling module xil_defaultlib.accumulator_cells_16
Compiling module xil_defaultlib.accumulator_cells_17
Compiling module xil_defaultlib.accumulator_cells_18
Compiling module xil_defaultlib.accumulator_cells_19
Compiling module xil_defaultlib.accumulator_cells_20
Compiling module xil_defaultlib.accumulator_cells_21
Compiling module xil_defaultlib.accumulator_cells_22
Compiling module xil_defaultlib.accumulator_cells_23
Compiling module xil_defaultlib.accumulator_cells_24
Compiling module xil_defaultlib.accumulator_cells_25
Compiling module xil_defaultlib.accumulator_cells_26
Compiling module xil_defaultlib.accumulator_cells_27
Compiling module xil_defaultlib.accumulator_cells_28
Compiling module xil_defaultlib.accumulator_cells_29
Compiling module xil_defaultlib.accumulator_cells_30
Compiling module xil_defaultlib.accumulator_cells_31
Compiling module xil_defaultlib.accumulator_cells_32
Compiling module xil_defaultlib.accumulator_cells_33
Compiling module xil_defaultlib.accumulator_cells_34
Compiling module xil_defaultlib.accumulator_cells_35
Compiling module xil_defaultlib.accumulator_cells_36
Compiling module xil_defaultlib.accumulator_cells_37
Compiling module xil_defaultlib.accumulator_cells_38
Compiling module xil_defaultlib.accumulator_cells_39
Compiling module xil_defaultlib.accumulator_cells_40
Compiling module xil_defaultlib.accumulator_cells_41
Compiling module xil_defaultlib.accumulator_cells_42
Compiling module xil_defaultlib.accumulator_cells_43
Compiling module xil_defaultlib.accumulator_cells_44
Compiling module xil_defaultlib.accumulator_cells_45
Compiling module xil_defaultlib.accumulator_cells_46
Compiling module xil_defaultlib.accumulator_cells_47
Compiling module xil_defaultlib.accumulator_cells_48
Compiling module xil_defaultlib.accumulator_cells_49
Compiling module xil_defaultlib.accumulator_cells_50
Compiling module xil_defaultlib.accumulator_cells_51
Compiling module xil_defaultlib.accumulator_cells_52
Compiling module xil_defaultlib.accumulator_cells_53
Compiling module xil_defaultlib.accumulator_cells_54
Compiling module xil_defaultlib.accumulator_cells_55
Compiling module xil_defaultlib.accumulator_cells_56
Compiling module xil_defaultlib.accumulator_cells_57
Compiling module xil_defaultlib.accumulator_cells_58
Compiling module xil_defaultlib.accumulator_cells_59
Compiling module xil_defaultlib.accumulator_cells_60
Compiling module xil_defaultlib.accumulator_cells_61
Compiling module xil_defaultlib.accumulator_cells_62
Compiling module xil_defaultlib.accumulator_cells_63
Compiling module xil_defaultlib.accumulator_cells_64
Compiling module xil_defaultlib.accumulator_cells_65
Compiling module xil_defaultlib.accumulator_cells_66
Compiling module xil_defaultlib.accumulator_cells_67
Compiling module xil_defaultlib.accumulator_cells_68
Compiling module xil_defaultlib.accumulator_cells_69
Compiling module xil_defaultlib.accumulator_cells_70
Compiling module xil_defaultlib.accumulator_cells_71
Compiling module xil_defaultlib.accumulator_cells_72
Compiling module xil_defaultlib.accumulator_cells_73
Compiling module xil_defaultlib.accumulator_cells_74
Compiling module xil_defaultlib.accumulator_cells_75
Compiling module xil_defaultlib.accumulator_cells_76
Compiling module xil_defaultlib.accumulator_cells_77
Compiling module xil_defaultlib.accumulator_cells_78
Compiling module xil_defaultlib.accumulator_cells_79
Compiling module xil_defaultlib.accumulator_cells_80
Compiling module xil_defaultlib.accumulator_cells_81
Compiling module xil_defaultlib.accumulator_cells_82
Compiling module xil_defaultlib.accumulator_cells_83
Compiling module unisims_ver.x_lut1_mux2
Compiling module unisims_ver.LUT1
Compiling module xil_defaultlib.accumulator_cells_84
Compiling module xil_defaultlib.accumulator_cells_85
Compiling module xil_defaultlib.accumulator_cells_86
Compiling module xil_defaultlib.accumulator_cells_87
Compiling module xil_defaultlib.accumulator_cells_88
Compiling module xil_defaultlib.accumulator_cells_89
Compiling module xil_defaultlib.accumulator_cells_90
Compiling module xil_defaultlib.accumulator_cells_91
Compiling module xil_defaultlib.accumulator_cells_92
Compiling module xil_defaultlib.accumulator_cells_93
Compiling module xil_defaultlib.accumulator_cells_94
Compiling module xil_defaultlib.accumulator_cells_95
Compiling module xil_defaultlib.accumulator_cells_96
Compiling module xil_defaultlib.accumulator_cells_97
Compiling module xil_defaultlib.accumulator_cells_98
Compiling module xil_defaultlib.accumulator_cells_99
Compiling module xil_defaultlib.accumulator_cells_100
Compiling module xil_defaultlib.accumulator_cells_101
Compiling module xil_defaultlib.accumulator_cells_102
Compiling module xil_defaultlib.accumulator_cells_103
Compiling module xil_defaultlib.accumulator_cells_104
Compiling module xil_defaultlib.accumulator_cells_105
Compiling module xil_defaultlib.accumulator_cells_106
Compiling module xil_defaultlib.accumulator_cells_107
Compiling module xil_defaultlib.accumulator_cells_108
Compiling module xil_defaultlib.accumulator_cells_109
Compiling module xil_defaultlib.accumulator_cells_110
Compiling module xil_defaultlib.accumulator_cells_111
Compiling module xil_defaultlib.accumulator_cells_112
Compiling module xil_defaultlib.accumulator_cells_113
Compiling module xil_defaultlib.accumulator_cells_114
Compiling module xil_defaultlib.accumulator_cells_115
Compiling module xil_defaultlib.accumulator_cells_116
Compiling module xil_defaultlib.accumulator_cells_117
Compiling module xil_defaultlib.accumulator_cells_118
Compiling module xil_defaultlib.accumulator_cells_119
Compiling module xil_defaultlib.accumulator_cells_120
Compiling module xil_defaultlib.accumulator_cells_121
Compiling module xil_defaultlib.accumulator_cells_122
Compiling module xil_defaultlib.accumulator_cells_123
Compiling module xil_defaultlib.accumulator_cells_124
Compiling module xil_defaultlib.accumulator_cells_125
Compiling module xil_defaultlib.accumulator_cells_126
Compiling module xil_defaultlib.accumulator_cells_127
Compiling module xil_defaultlib.accumulator_cells_128
Compiling module xil_defaultlib.accumulator_cells_129
Compiling module xil_defaultlib.accumulator_cells_130
Compiling module xil_defaultlib.accumulator_cells_131
Compiling module xil_defaultlib.accumulator_cells_132
Compiling module xil_defaultlib.accumulator_cells_133
Compiling module xil_defaultlib.accumulator_cells_134
Compiling module xil_defaultlib.accumulator_cells_135
Compiling module xil_defaultlib.accumulator_cells_136
Compiling module xil_defaultlib.accumulator_cells_137
Compiling module xil_defaultlib.accumulator_cells_138
Compiling module xil_defaultlib.accumulator_cells_139
Compiling module xil_defaultlib.accumulator_cells_140
Compiling module xil_defaultlib.accumulator_cells_141
Compiling module xil_defaultlib.accumulator_cells_142
Compiling module xil_defaultlib.accumulator_cells_143
Compiling module xil_defaultlib.accumulator_cells_144
Compiling module xil_defaultlib.accumulator_cells_145
Compiling module xil_defaultlib.accumulator_cells_146
Compiling module xil_defaultlib.accumulator_cells_147
Compiling module xil_defaultlib.accumulator_cells_148
Compiling module xil_defaultlib.accumulator_cells_149
Compiling module xil_defaultlib.accumulator_cells_150
Compiling module xil_defaultlib.accumulator_cells_151
Compiling module xil_defaultlib.accumulator_cells_152
Compiling module xil_defaultlib.accumulator_cells_153
Compiling module xil_defaultlib.accumulator_cells_154
Compiling module xil_defaultlib.accumulator_cells_155
Compiling module xil_defaultlib.accumulator_cells_156
Compiling module xil_defaultlib.accumulator_cells_157
Compiling module xil_defaultlib.accumulator_cells_158
Compiling module xil_defaultlib.accumulator_cells_159
Compiling module xil_defaultlib.accumulator_cells_160
Compiling module xil_defaultlib.accumulator_cells_161
Compiling module xil_defaultlib.accumulator_cells_162
Compiling module xil_defaultlib.accumulator_cells_163
Compiling module xil_defaultlib.accumulator_cells_164
Compiling module xil_defaultlib.accumulator_cells_165
Compiling module xil_defaultlib.accumulator_cells_166
Compiling module xil_defaultlib.accumulator_cells_167
Compiling module xil_defaultlib.accumulator_cells_168
Compiling module xil_defaultlib.accumulator_cells_169
Compiling module xil_defaultlib.accumulator_cells_170
Compiling module xil_defaultlib.accumulator_cells_171
Compiling module xil_defaultlib.accumulator_cells_172
Compiling module xil_defaultlib.accumulator_cells_173
Compiling module xil_defaultlib.accumulator_cells_174
Compiling module xil_defaultlib.accumulator_cells_175
Compiling module xil_defaultlib.accumulator_cells_176
Compiling module xil_defaultlib.accumulator_cells_177
Compiling module xil_defaultlib.accumulator_cells_178
Compiling module xil_defaultlib.accumulator_cells_179
Compiling module xil_defaultlib.accumulator_cells_180
Compiling module xil_defaultlib.accumulator_cells_181
Compiling module xil_defaultlib.accumulator_cells_182
Compiling module xil_defaultlib.accumulator_cells_183
Compiling module xil_defaultlib.accumulator_cells_184
Compiling module xil_defaultlib.accumulator_cells_185
Compiling module xil_defaultlib.accumulator_cells_186
Compiling module xil_defaultlib.accumulator_cells_187
Compiling module xil_defaultlib.accumulator_cells_188
Compiling module xil_defaultlib.accumulator_cells_189
Compiling module xil_defaultlib.accumulator_cells_190
Compiling module xil_defaultlib.accumulator_cells_191
Compiling module xil_defaultlib.accumulator_cells_192
Compiling module xil_defaultlib.accumulator_cells_193
Compiling module xil_defaultlib.accumulator_cells_194
Compiling module xil_defaultlib.accumulator_cells_195
Compiling module xil_defaultlib.accumulator_cells_196
Compiling module xil_defaultlib.accumulator_cells_197
Compiling module xil_defaultlib.accumulator_cells_198
Compiling module xil_defaultlib.accumulator_cells_199
Compiling module xil_defaultlib.accumulator_cells_200
Compiling module xil_defaultlib.accumulator_cells_201
Compiling module xil_defaultlib.accumulator_cells_202
Compiling module xil_defaultlib.accumulator_cells_203
Compiling module xil_defaultlib.accumulator_cells_204
Compiling module xil_defaultlib.accumulator_cells_205
Compiling module xil_defaultlib.accumulator_cells_206
Compiling module xil_defaultlib.accumulator_cells_207
Compiling module xil_defaultlib.accumulator_cells_208
Compiling module xil_defaultlib.accumulator_cells_209
Compiling module xil_defaultlib.accumulator_cells_210
Compiling module xil_defaultlib.accumulator_cells_211
Compiling module xil_defaultlib.accumulator_cells_212
Compiling module xil_defaultlib.accumulator_cells_213
Compiling module xil_defaultlib.accumulator_cells_214
Compiling module xil_defaultlib.accumulator_cells_215
Compiling module xil_defaultlib.accumulator_cells_216
Compiling module xil_defaultlib.accumulator_cells_217
Compiling module xil_defaultlib.accumulator_cells_218
Compiling module xil_defaultlib.accumulator_cells_219
Compiling module xil_defaultlib.accumulator_cells_220
Compiling module xil_defaultlib.accumulator_cells_221
Compiling module xil_defaultlib.accumulator_cells_222
Compiling module xil_defaultlib.accumulator_cells_223
Compiling module xil_defaultlib.accumulator_cells_224
Compiling module xil_defaultlib.accumulator_cells_225
Compiling module xil_defaultlib.accumulator_cells_226
Compiling module xil_defaultlib.accumulator_cells_227
Compiling module xil_defaultlib.accumulator_cells_228
Compiling module xil_defaultlib.accumulator_cells_229
Compiling module xil_defaultlib.accumulator_cells_230
Compiling module xil_defaultlib.accumulator_cells_231
Compiling module xil_defaultlib.accumulator_cells_232
Compiling module xil_defaultlib.accumulator_cells_233
Compiling module xil_defaultlib.accumulator_cells_234
Compiling module xil_defaultlib.accumulator_cells_235
Compiling module xil_defaultlib.accumulator_cells_236
Compiling module xil_defaultlib.accumulator_cells_237
Compiling module xil_defaultlib.accumulator_cells_238
Compiling module xil_defaultlib.accumulator_cells_239
Compiling module xil_defaultlib.accumulator_cells_240
Compiling module xil_defaultlib.accumulator_cells_241
Compiling module xil_defaultlib.accumulator_cells_242
Compiling module xil_defaultlib.accumulator_cells_243
Compiling module xil_defaultlib.accumulator_cells_244
Compiling module xil_defaultlib.accumulator_cells_245
Compiling module xil_defaultlib.accumulator_cells_246
Compiling module xil_defaultlib.accumulator_cells_247
Compiling module xil_defaultlib.accumulator_cells_248
Compiling module xil_defaultlib.accumulator_cells_249
Compiling module xil_defaultlib.accumulator_cells_250
Compiling module xil_defaultlib.accumulator_cells_251
Compiling module xil_defaultlib.accumulator_cells_252
Compiling module xil_defaultlib.accumulator_cells_253
Compiling module xil_defaultlib.accumulator_cells_254
Compiling module xil_defaultlib.systolicMatrixMultiply
Compiling module unisims_ver.FDPE_default
Compiling module unisims_ver.MUXF8
Compiling module unisims_ver.MUXF7
Compiling module xil_defaultlib.mem2seriala
Compiling module unisims_ver.FDRE_default
Compiling module unisims_ver.GND
Compiling module unisims_ver.RAMB36E2(CLOCK_DOMAINS="COMMON",...
Compiling module unisims_ver.SRL16E_default
Compiling module xil_defaultlib.ram_dual_port_HD12
Compiling module xil_defaultlib.serial2mem__xdcDup__1
Compiling module xil_defaultlib.ram_dual_port
Compiling module xil_defaultlib.serial2mem
Compiling module unisims_ver.latchsre_ldce
Compiling module unisims_ver.LDCE
Compiling module xil_defaultlib.systolicControlUnitTop
Compiling module xil_defaultlib.SystolicCoreTop
Compiling module unisims_ver.BUFGCE(CE_TYPE="ASYNC",SIM_DEVIC...
Compiling module unisims_ver.IBUF
Compiling module unisims_ver.OBUF
Compiling module xil_defaultlib.AXI_Stream_Systolic_Core
Compiling module xil_defaultlib.tb
Compiling module xil_defaultlib.glbl
Built simulation snapshot tb_func_synth
