
*** Running vivado
    with args -log design_1_SystolicCoreWrapperV_0_0.vds -m64 -product Vivado -mode batch -messageDb vivado.pb -notrace -source design_1_SystolicCoreWrapperV_0_0.tcl


****** Vivado v2025.2 (64-bit)
  **** SW Build 6299465 on Fri Nov 14 12:34:56 MST 2025
  **** IP Build 6300035 on Fri Nov 14 10:48:45 MST 2025
  **** SharedData Build 6298862 on Thu Nov 13 04:50:51 MST 2025
  **** Start of session at: Thu Jan  1 17:10:06 2026
    ** Copyright 1986-2022 Xilinx, Inc. All Rights Reserved.
    ** Copyright 2022-2025 Advanced Micro Devices, Inc. All Rights Reserved.

source design_1_SystolicCoreWrapperV_0_0.tcl -notrace
INFO: [IP_Flow 19-234] Refreshing IP repositories
INFO: [IP_Flow 19-1704] No user IP repositories specified
INFO: [IP_Flow 19-2313] Loaded Vivado IP repository '/home/xmen/Music/2025.2/data/ip'.
Command: synth_design -top design_1_SystolicCoreWrapperV_0_0 -part xczu7ev-ffvc1156-2-e -incremental_mode off -mode out_of_context
Starting synth_design
Attempting to get a license for feature 'Synthesis' and/or device 'xczu7ev'
INFO: [Common 17-349] Got license for feature 'Synthesis' and/or device 'xczu7ev'
INFO: [Device 21-403] Loading part xczu7ev-ffvc1156-2-e
INFO: [Synth 8-7079] Multithreading enabled for synth_design using a maximum of 7 processes.
INFO: [Synth 8-7078] Launching helper process for spawning children vivado processes
INFO: [Synth 8-7075] Helper process launched with PID 2637355
---------------------------------------------------------------------------------
Starting RTL Elaboration : Time (s): cpu = 00:00:02 ; elapsed = 00:00:02 . Memory (MB): peak = 3195.191 ; gain = 145.688 ; free physical = 4697 ; free virtual = 53730
---------------------------------------------------------------------------------
INFO: [Synth 8-11241] undeclared symbol 'uart_clock', assumed default net type 'wire' [/home/xmen/Videos/RustDesk/SystolicCore/SystolicCore/rtl/SystolicCore.sv:127]
INFO: [Synth 8-11241] undeclared symbol 'uart_nreset', assumed default net type 'wire' [/home/xmen/Videos/RustDesk/SystolicCore/SystolicCore/rtl/SystolicCore.sv:136]
INFO: [Synth 8-11241] undeclared symbol 'uart_ready_rx_out', assumed default net type 'wire' [/home/xmen/Videos/RustDesk/SystolicCore/SystolicCore/rtl/SystolicCoreWrapperVerilog.v:36]
INFO: [Synth 8-11241] undeclared symbol 'uart_data_rx_out', assumed default net type 'wire' [/home/xmen/Videos/RustDesk/SystolicCore/SystolicCore/rtl/SystolicCoreWrapperVerilog.v:37]
INFO: [Synth 8-11241] undeclared symbol 'uart_valid_tx_in', assumed default net type 'wire' [/home/xmen/Videos/RustDesk/SystolicCore/SystolicCore/rtl/SystolicCoreWrapperVerilog.v:44]
INFO: [Synth 8-11241] undeclared symbol 'uart_data_tx_in', assumed default net type 'wire' [/home/xmen/Videos/RustDesk/SystolicCore/SystolicCore/rtl/SystolicCoreWrapperVerilog.v:46]
INFO: [Synth 8-11241] undeclared symbol 'uart_valid_rx_in', assumed default net type 'wire' [/home/xmen/Videos/RustDesk/SystolicCore/SystolicCore/rtl/SystolicCoreWrapperVerilog.v:55]
INFO: [Synth 8-6157] synthesizing module 'design_1_SystolicCoreWrapperV_0_0' [/home/xmen/Videos/RustDesk/SystolicCore/SystolicCore/Ethernet_ps/Ethernet_ps.gen/sources_1/bd/design_1/ip/design_1_SystolicCoreWrapperV_0_0/synth/design_1_SystolicCoreWrapperV_0_0.v:53]
INFO: [Synth 8-6157] synthesizing module 'SystolicCoreWrapperVerilogGlobal' [/home/xmen/Videos/RustDesk/SystolicCore/SystolicCore/rtl/SystolicCoreWrapperVerilog.v:23]
	Parameter BYTESIZES bound to: 8 - type: integer 
	Parameter WIDTHx bound to: 4 - type: integer 
	Parameter SIZE bound to: 8 - type: integer 
	Parameter WIDTH bound to: 8 - type: integer 
INFO: [Synth 8-6157] synthesizing module 'GPIOinput' [/home/xmen/Videos/RustDesk/SystolicCore/SystolicCore/rtl/GPIOinput.v:1]
INFO: [Synth 8-6155] done synthesizing module 'GPIOinput' (0#1) [/home/xmen/Videos/RustDesk/SystolicCore/SystolicCore/rtl/GPIOinput.v:1]
WARNING: [Synth 8-689] width (1) of port connection 'data' does not match port width (8) of module 'GPIOinput' [/home/xmen/Videos/RustDesk/SystolicCore/SystolicCore/rtl/SystolicCoreWrapperVerilog.v:37]
INFO: [Synth 8-6157] synthesizing module 'GPIOoutput' [/home/xmen/Videos/RustDesk/SystolicCore/SystolicCore/rtl/GPIOoutput.v:1]
INFO: [Synth 8-6155] done synthesizing module 'GPIOoutput' (0#1) [/home/xmen/Videos/RustDesk/SystolicCore/SystolicCore/rtl/GPIOoutput.v:1]
WARNING: [Synth 8-689] width (1) of port connection 'uart_data_tx_in' does not match port width (8) of module 'GPIOoutput' [/home/xmen/Videos/RustDesk/SystolicCore/SystolicCore/rtl/SystolicCoreWrapperVerilog.v:46]
INFO: [Synth 8-6157] synthesizing module 'SystolicCoreTop' [/home/xmen/Videos/RustDesk/SystolicCore/SystolicCore/rtl/SystolicCore.sv:23]
	Parameter BYTESIZES bound to: 8 - type: integer 
	Parameter WIDTHx bound to: 4 - type: integer 
	Parameter SIZE bound to: 8 - type: integer 
	Parameter WIDTH bound to: 8 - type: integer 
INFO: [Synth 8-6157] synthesizing module 'systolicMatrixMultiply' [/home/xmen/Videos/RustDesk/SystolicCore/SystolicCore/rtl/systolicMatrixMultiply.sv:12]
	Parameter WIDTH bound to: 8 - type: integer 
	Parameter SIZE bound to: 8 - type: integer 
	Parameter WIDTHx bound to: 4 - type: integer 
INFO: [Synth 8-6157] synthesizing module 'accumulator_cells' [/home/xmen/Videos/RustDesk/SystolicCore/SystolicCore/rtl/accumulator.sv:13]
	Parameter WIDTH bound to: 8 - type: integer 
	Parameter WIDTHx bound to: 4 - type: integer 
INFO: [Synth 8-6155] done synthesizing module 'accumulator_cells' (0#1) [/home/xmen/Videos/RustDesk/SystolicCore/SystolicCore/rtl/accumulator.sv:13]
WARNING: [Synth 8-324] index 8 out of range [/home/xmen/Videos/RustDesk/SystolicCore/SystolicCore/rtl/systolicMatrixMultiply.sv:52]
WARNING: [Synth 8-324] index 8 out of range [/home/xmen/Videos/RustDesk/SystolicCore/SystolicCore/rtl/systolicMatrixMultiply.sv:52]
WARNING: [Synth 8-324] index 8 out of range [/home/xmen/Videos/RustDesk/SystolicCore/SystolicCore/rtl/systolicMatrixMultiply.sv:52]
WARNING: [Synth 8-324] index 8 out of range [/home/xmen/Videos/RustDesk/SystolicCore/SystolicCore/rtl/systolicMatrixMultiply.sv:52]
WARNING: [Synth 8-324] index 8 out of range [/home/xmen/Videos/RustDesk/SystolicCore/SystolicCore/rtl/systolicMatrixMultiply.sv:52]
WARNING: [Synth 8-324] index 8 out of range [/home/xmen/Videos/RustDesk/SystolicCore/SystolicCore/rtl/systolicMatrixMultiply.sv:52]
WARNING: [Synth 8-324] index 8 out of range [/home/xmen/Videos/RustDesk/SystolicCore/SystolicCore/rtl/systolicMatrixMultiply.sv:52]
WARNING: [Synth 8-324] index 8 out of range [/home/xmen/Videos/RustDesk/SystolicCore/SystolicCore/rtl/systolicMatrixMultiply.sv:51]
WARNING: [Synth 8-324] index 8 out of range [/home/xmen/Videos/RustDesk/SystolicCore/SystolicCore/rtl/systolicMatrixMultiply.sv:51]
WARNING: [Synth 8-324] index 8 out of range [/home/xmen/Videos/RustDesk/SystolicCore/SystolicCore/rtl/systolicMatrixMultiply.sv:51]
WARNING: [Synth 8-324] index 8 out of range [/home/xmen/Videos/RustDesk/SystolicCore/SystolicCore/rtl/systolicMatrixMultiply.sv:51]
WARNING: [Synth 8-324] index 8 out of range [/home/xmen/Videos/RustDesk/SystolicCore/SystolicCore/rtl/systolicMatrixMultiply.sv:51]
WARNING: [Synth 8-324] index 8 out of range [/home/xmen/Videos/RustDesk/SystolicCore/SystolicCore/rtl/systolicMatrixMultiply.sv:51]
WARNING: [Synth 8-324] index 8 out of range [/home/xmen/Videos/RustDesk/SystolicCore/SystolicCore/rtl/systolicMatrixMultiply.sv:51]
WARNING: [Synth 8-324] index 8 out of range [/home/xmen/Videos/RustDesk/SystolicCore/SystolicCore/rtl/systolicMatrixMultiply.sv:51]
WARNING: [Synth 8-324] index 8 out of range [/home/xmen/Videos/RustDesk/SystolicCore/SystolicCore/rtl/systolicMatrixMultiply.sv:52]
INFO: [Synth 8-6155] done synthesizing module 'systolicMatrixMultiply' (0#1) [/home/xmen/Videos/RustDesk/SystolicCore/SystolicCore/rtl/systolicMatrixMultiply.sv:12]
INFO: [Synth 8-6157] synthesizing module 'serial2mem' [/home/xmen/Videos/RustDesk/SystolicCore/SystolicCore/rtl/serial2mem.sv:1]
	Parameter WIDTH bound to: 4 - type: integer 
	Parameter SIZE bound to: 8 - type: integer 
INFO: [Synth 8-6157] synthesizing module 'ram_dual_port' [/home/xmen/Videos/RustDesk/SystolicCore/SystolicCore/Ethernet_ps/Ethernet_ps.runs/design_1_SystolicCoreWrapperV_0_0_synth_1/.Xil/Vivado-2637277-VT0144/realtime/ram_dual_port_stub.v:6]
INFO: [Synth 8-6155] done synthesizing module 'ram_dual_port' (0#1) [/home/xmen/Videos/RustDesk/SystolicCore/SystolicCore/Ethernet_ps/Ethernet_ps.runs/design_1_SystolicCoreWrapperV_0_0_synth_1/.Xil/Vivado-2637277-VT0144/realtime/ram_dual_port_stub.v:6]
WARNING: [Synth 8-689] width (4) of port connection 'addra' does not match port width (5) of module 'ram_dual_port' [/home/xmen/Videos/RustDesk/SystolicCore/SystolicCore/rtl/serial2mem.sv:63]
WARNING: [Synth 8-689] width (32) of port connection 'dina' does not match port width (64) of module 'ram_dual_port' [/home/xmen/Videos/RustDesk/SystolicCore/SystolicCore/rtl/serial2mem.sv:64]
WARNING: [Synth 8-689] width (4) of port connection 'addrb' does not match port width (5) of module 'ram_dual_port' [/home/xmen/Videos/RustDesk/SystolicCore/SystolicCore/rtl/serial2mem.sv:68]
WARNING: [Synth 8-689] width (32) of port connection 'doutb' does not match port width (64) of module 'ram_dual_port' [/home/xmen/Videos/RustDesk/SystolicCore/SystolicCore/rtl/serial2mem.sv:69]
WARNING: [Synth 8-4446] all outputs are unconnected for this instance and logic may be removed [/home/xmen/Videos/RustDesk/SystolicCore/SystolicCore/rtl/serial2mem.sv:213]
INFO: [Synth 8-6157] synthesizing module 'ila_2' [/home/xmen/Videos/RustDesk/SystolicCore/SystolicCore/Ethernet_ps/Ethernet_ps.runs/design_1_SystolicCoreWrapperV_0_0_synth_1/.Xil/Vivado-2637277-VT0144/realtime/ila_2_stub.v:6]
INFO: [Synth 8-6155] done synthesizing module 'ila_2' (0#1) [/home/xmen/Videos/RustDesk/SystolicCore/SystolicCore/Ethernet_ps/Ethernet_ps.runs/design_1_SystolicCoreWrapperV_0_0_synth_1/.Xil/Vivado-2637277-VT0144/realtime/ila_2_stub.v:6]
WARNING: [Synth 8-689] width (32) of port connection 'probe9' does not match port width (64) of module 'ila_2' [/home/xmen/Videos/RustDesk/SystolicCore/SystolicCore/rtl/serial2mem.sv:226]
WARNING: [Synth 8-689] width (32) of port connection 'probe10' does not match port width (64) of module 'ila_2' [/home/xmen/Videos/RustDesk/SystolicCore/SystolicCore/rtl/serial2mem.sv:227]
INFO: [Synth 8-6155] done synthesizing module 'serial2mem' (0#1) [/home/xmen/Videos/RustDesk/SystolicCore/SystolicCore/rtl/serial2mem.sv:1]
INFO: [Synth 8-6157] synthesizing module 'mem2seriala' [/home/xmen/Videos/RustDesk/SystolicCore/SystolicCore/rtl/mem2serial.sv:1]
	Parameter SIZE bound to: 8 - type: integer 
	Parameter WIDTH bound to: 8 - type: integer 
WARNING: [Synth 8-4446] all outputs are unconnected for this instance and logic may be removed [/home/xmen/Videos/RustDesk/SystolicCore/SystolicCore/rtl/mem2serial.sv:82]
INFO: [Synth 8-6157] synthesizing module 'ila_3' [/home/xmen/Videos/RustDesk/SystolicCore/SystolicCore/Ethernet_ps/Ethernet_ps.runs/design_1_SystolicCoreWrapperV_0_0_synth_1/.Xil/Vivado-2637277-VT0144/realtime/ila_3_stub.v:6]
INFO: [Synth 8-6155] done synthesizing module 'ila_3' (0#1) [/home/xmen/Videos/RustDesk/SystolicCore/SystolicCore/Ethernet_ps/Ethernet_ps.runs/design_1_SystolicCoreWrapperV_0_0_synth_1/.Xil/Vivado-2637277-VT0144/realtime/ila_3_stub.v:6]
WARNING: [Synth 8-689] width (3) of port connection 'probe1' does not match port width (8) of module 'ila_3' [/home/xmen/Videos/RustDesk/SystolicCore/SystolicCore/rtl/mem2serial.sv:87]
WARNING: [Synth 8-689] width (3) of port connection 'probe2' does not match port width (8) of module 'ila_3' [/home/xmen/Videos/RustDesk/SystolicCore/SystolicCore/rtl/mem2serial.sv:88]
WARNING: [Synth 8-689] width (32) of port connection 'probe3' does not match port width (8) of module 'ila_3' [/home/xmen/Videos/RustDesk/SystolicCore/SystolicCore/rtl/mem2serial.sv:89]
INFO: [Synth 8-6155] done synthesizing module 'mem2seriala' (0#1) [/home/xmen/Videos/RustDesk/SystolicCore/SystolicCore/rtl/mem2serial.sv:1]
INFO: [Synth 8-6157] synthesizing module 'systolicControlUnitTop' [/home/xmen/Videos/RustDesk/SystolicCore/SystolicCore/rtl/SystolicControlUnit.sv:1]
WARNING: [Synth 8-4446] all outputs are unconnected for this instance and logic may be removed [/home/xmen/Videos/RustDesk/SystolicCore/SystolicCore/rtl/SystolicControlUnit.sv:43]
INFO: [Synth 8-6157] synthesizing module 'ila_0' [/home/xmen/Videos/RustDesk/SystolicCore/SystolicCore/Ethernet_ps/Ethernet_ps.runs/design_1_SystolicCoreWrapperV_0_0_synth_1/.Xil/Vivado-2637277-VT0144/realtime/ila_0_stub.v:6]
INFO: [Synth 8-6155] done synthesizing module 'ila_0' (0#1) [/home/xmen/Videos/RustDesk/SystolicCore/SystolicCore/Ethernet_ps/Ethernet_ps.runs/design_1_SystolicCoreWrapperV_0_0_synth_1/.Xil/Vivado-2637277-VT0144/realtime/ila_0_stub.v:6]
WARNING: [Synth 8-689] width (66) of port connection 'probe0' does not match port width (128) of module 'ila_0' [/home/xmen/Videos/RustDesk/SystolicCore/SystolicCore/rtl/SystolicControlUnit.sv:47]
INFO: [Synth 8-226] default block is never used [/home/xmen/Videos/RustDesk/SystolicCore/SystolicCore/rtl/SystolicControlUnit.sv:96]
INFO: [Synth 8-6155] done synthesizing module 'systolicControlUnitTop' (0#1) [/home/xmen/Videos/RustDesk/SystolicCore/SystolicCore/rtl/SystolicControlUnit.sv:1]
WARNING: [Synth 8-4446] all outputs are unconnected for this instance and logic may be removed [/home/xmen/Videos/RustDesk/SystolicCore/SystolicCore/rtl/SystolicCore.sv:304]
INFO: [Synth 8-6157] synthesizing module 'ila_1' [/home/xmen/Videos/RustDesk/SystolicCore/SystolicCore/Ethernet_ps/Ethernet_ps.runs/design_1_SystolicCoreWrapperV_0_0_synth_1/.Xil/Vivado-2637277-VT0144/realtime/ila_1_stub.v:6]
INFO: [Synth 8-6155] done synthesizing module 'ila_1' (0#1) [/home/xmen/Videos/RustDesk/SystolicCore/SystolicCore/Ethernet_ps/Ethernet_ps.runs/design_1_SystolicCoreWrapperV_0_0_synth_1/.Xil/Vivado-2637277-VT0144/realtime/ila_1_stub.v:6]
WARNING: [Synth 8-324] index 8 out of range [/home/xmen/Videos/RustDesk/SystolicCore/SystolicCore/rtl/SystolicCore.sv:316]
WARNING: [Synth 8-324] index 9 out of range [/home/xmen/Videos/RustDesk/SystolicCore/SystolicCore/rtl/SystolicCore.sv:317]
WARNING: [Synth 8-324] index 10 out of range [/home/xmen/Videos/RustDesk/SystolicCore/SystolicCore/rtl/SystolicCore.sv:318]
WARNING: [Synth 8-324] index 11 out of range [/home/xmen/Videos/RustDesk/SystolicCore/SystolicCore/rtl/SystolicCore.sv:319]
WARNING: [Synth 8-324] index 12 out of range [/home/xmen/Videos/RustDesk/SystolicCore/SystolicCore/rtl/SystolicCore.sv:320]
WARNING: [Synth 8-324] index 13 out of range [/home/xmen/Videos/RustDesk/SystolicCore/SystolicCore/rtl/SystolicCore.sv:321]
WARNING: [Synth 8-324] index 14 out of range [/home/xmen/Videos/RustDesk/SystolicCore/SystolicCore/rtl/SystolicCore.sv:322]
WARNING: [Synth 8-324] index 15 out of range [/home/xmen/Videos/RustDesk/SystolicCore/SystolicCore/rtl/SystolicCore.sv:323]
WARNING: [Synth 8-324] index 8 out of range [/home/xmen/Videos/RustDesk/SystolicCore/SystolicCore/rtl/SystolicCore.sv:332]
WARNING: [Synth 8-324] index 9 out of range [/home/xmen/Videos/RustDesk/SystolicCore/SystolicCore/rtl/SystolicCore.sv:333]
WARNING: [Synth 8-324] index 10 out of range [/home/xmen/Videos/RustDesk/SystolicCore/SystolicCore/rtl/SystolicCore.sv:334]
WARNING: [Synth 8-324] index 11 out of range [/home/xmen/Videos/RustDesk/SystolicCore/SystolicCore/rtl/SystolicCore.sv:335]
WARNING: [Synth 8-324] index 12 out of range [/home/xmen/Videos/RustDesk/SystolicCore/SystolicCore/rtl/SystolicCore.sv:336]
WARNING: [Synth 8-324] index 13 out of range [/home/xmen/Videos/RustDesk/SystolicCore/SystolicCore/rtl/SystolicCore.sv:337]
WARNING: [Synth 8-324] index 14 out of range [/home/xmen/Videos/RustDesk/SystolicCore/SystolicCore/rtl/SystolicCore.sv:338]
WARNING: [Synth 8-324] index 15 out of range [/home/xmen/Videos/RustDesk/SystolicCore/SystolicCore/rtl/SystolicCore.sv:339]
INFO: [Synth 8-6155] done synthesizing module 'SystolicCoreTop' (0#1) [/home/xmen/Videos/RustDesk/SystolicCore/SystolicCore/rtl/SystolicCore.sv:23]
WARNING: [Synth 8-689] width (1) of port connection 'uart_data_rx_out' does not match port width (8) of module 'SystolicCoreTop' [/home/xmen/Videos/RustDesk/SystolicCore/SystolicCore/rtl/SystolicCoreWrapperVerilog.v:53]
WARNING: [Synth 8-689] width (1) of port connection 'uart_data_tx_in' does not match port width (8) of module 'SystolicCoreTop' [/home/xmen/Videos/RustDesk/SystolicCore/SystolicCore/rtl/SystolicCoreWrapperVerilog.v:54]
INFO: [Synth 8-6155] done synthesizing module 'SystolicCoreWrapperVerilogGlobal' (0#1) [/home/xmen/Videos/RustDesk/SystolicCore/SystolicCore/rtl/SystolicCoreWrapperVerilog.v:23]
INFO: [Synth 8-6155] done synthesizing module 'design_1_SystolicCoreWrapperV_0_0' (0#1) [/home/xmen/Videos/RustDesk/SystolicCore/SystolicCore/Ethernet_ps/Ethernet_ps.gen/sources_1/bd/design_1/ip/design_1_SystolicCoreWrapperV_0_0/synth/design_1_SystolicCoreWrapperV_0_0.v:53]
WARNING: [Synth 8-7137] Register data_reg in module GPIOinput has both Set and reset with same priority. This may cause simulation mismatches. Consider rewriting code  [/home/xmen/Videos/RustDesk/SystolicCore/SystolicCore/rtl/GPIOinput.v:21]
INFO: [Synth 8-6071] Mark debug on the nets applies keep_hierarchy on instance 'serial2mem_opA'. This will prevent further optimization [/home/xmen/Videos/RustDesk/SystolicCore/SystolicCore/rtl/SystolicCore.sv:232]
INFO: [Synth 8-6071] Mark debug on the nets applies keep_hierarchy on instance 'serial2mem_opB'. This will prevent further optimization [/home/xmen/Videos/RustDesk/SystolicCore/SystolicCore/rtl/SystolicCore.sv:248]
INFO: [Synth 8-6071] Mark debug on the nets applies keep_hierarchy on instance 'your_instance_name'. This will prevent further optimization [/home/xmen/Videos/RustDesk/SystolicCore/SystolicCore/rtl/serial2mem.sv:213]
INFO: [Synth 8-6071] Mark debug on the nets applies keep_hierarchy on instance 'ram'. This will prevent further optimization [/home/xmen/Videos/RustDesk/SystolicCore/SystolicCore/rtl/serial2mem.sv:59]
WARNING: [Synth 8-7137] Register mem_fsm_reg in module serial2mem has both Set and reset with same priority. This may cause simulation mismatches. Consider rewriting code  [/home/xmen/Videos/RustDesk/SystolicCore/SystolicCore/rtl/serial2mem.sv:125]
WARNING: [Synth 8-87] always_comb on 'single_port_ram_di_reg' did not result in combinational logic [/home/xmen/Videos/RustDesk/SystolicCore/SystolicCore/rtl/serial2mem.sv:64]
INFO: [Synth 8-6071] Mark debug on the nets applies keep_hierarchy on instance 'your_instance_name'. This will prevent further optimization [/home/xmen/Videos/RustDesk/SystolicCore/SystolicCore/rtl/mem2serial.sv:82]
INFO: [Synth 8-6071] Mark debug on the nets applies keep_hierarchy on instance 'mem2serial_transfer_pc'. This will prevent further optimization [/home/xmen/Videos/RustDesk/SystolicCore/SystolicCore/rtl/SystolicCore.sv:263]
WARNING: [Synth 8-7137] Register mem2seriala_fsm_reg in module mem2seriala has both Set and reset with same priority. This may cause simulation mismatches. Consider rewriting code  [/home/xmen/Videos/RustDesk/SystolicCore/SystolicCore/rtl/mem2serial.sv:37]
INFO: [Synth 8-6071] Mark debug on the nets applies keep_hierarchy on instance 'systolicControlUnit_Global'. This will prevent further optimization [/home/xmen/Videos/RustDesk/SystolicCore/SystolicCore/rtl/SystolicCore.sv:276]
INFO: [Synth 8-6071] Mark debug on the nets applies keep_hierarchy on instance 'your_instance_name'. This will prevent further optimization [/home/xmen/Videos/RustDesk/SystolicCore/SystolicCore/rtl/SystolicControlUnit.sv:43]
WARNING: [Synth 8-87] always_comb on 'serial2mem_opa_rw_reg' did not result in combinational logic [/home/xmen/Videos/RustDesk/SystolicCore/SystolicCore/rtl/SystolicControlUnit.sv:62]
WARNING: [Synth 8-87] always_comb on 'serial2mem_opb_rw_reg' did not result in combinational logic [/home/xmen/Videos/RustDesk/SystolicCore/SystolicCore/rtl/SystolicControlUnit.sv:63]
WARNING: [Synth 8-87] always_comb on 'serial2mem_opa_rready_i_reg' did not result in combinational logic [/home/xmen/Videos/RustDesk/SystolicCore/SystolicCore/rtl/SystolicControlUnit.sv:64]
WARNING: [Synth 8-87] always_comb on 'serial2mem_opb_rready_i_reg' did not result in combinational logic [/home/xmen/Videos/RustDesk/SystolicCore/SystolicCore/rtl/SystolicControlUnit.sv:65]
WARNING: [Synth 8-87] always_comb on 'starting_frame_identified_reg' did not result in combinational logic [/home/xmen/Videos/RustDesk/SystolicCore/SystolicCore/rtl/SystolicControlUnit.sv:72]
WARNING: [Synth 8-3848] Net uart_valid_rx_in in module/entity SystolicCoreTop does not have driver. [/home/xmen/Videos/RustDesk/SystolicCore/SystolicCore/rtl/SystolicCore.sv:33]
WARNING: [Synth 8-3848] Net uart_valid_tx_in in module/entity SystolicCoreWrapperVerilogGlobal does not have driver. [/home/xmen/Videos/RustDesk/SystolicCore/SystolicCore/rtl/SystolicCoreWrapperVerilog.v:44]
INFO: [Synth 8-7129] Port serial2mem_opb_rvalid_o in module systolicControlUnitTop is either unconnected or has no load
INFO: [Synth 8-7129] Port serial2mem_opa_ready_o in module systolicControlUnitTop is either unconnected or has no load
INFO: [Synth 8-7129] Port uart_valid_rx_in in module SystolicCoreTop is either unconnected or has no load
INFO: [Synth 8-7129] Port clk in module GPIOoutput is either unconnected or has no load
INFO: [Synth 8-7129] Port nreset in module GPIOoutput is either unconnected or has no load
INFO: [Synth 8-7129] Port uart_valid_tx_in in module GPIOoutput is either unconnected or has no load
INFO: [Synth 8-7129] Port GPIO_0_tri_o[15] in module GPIOinput is either unconnected or has no load
INFO: [Synth 8-7129] Port GPIO_0_tri_o[14] in module GPIOinput is either unconnected or has no load
INFO: [Synth 8-7129] Port GPIO_0_tri_o[13] in module GPIOinput is either unconnected or has no load
INFO: [Synth 8-7129] Port GPIO_0_tri_o[12] in module GPIOinput is either unconnected or has no load
INFO: [Synth 8-7129] Port GPIO_0_tri_o[11] in module GPIOinput is either unconnected or has no load
INFO: [Synth 8-7129] Port GPIO_0_tri_o[10] in module GPIOinput is either unconnected or has no load
INFO: [Synth 8-7129] Port GPIO_0_tri_o[9] in module GPIOinput is either unconnected or has no load
---------------------------------------------------------------------------------
Finished RTL Elaboration : Time (s): cpu = 00:00:03 ; elapsed = 00:00:03 . Memory (MB): peak = 3303.160 ; gain = 253.656 ; free physical = 4318 ; free virtual = 53354
---------------------------------------------------------------------------------
---------------------------------------------------------------------------------
Start Handling Custom Attributes
---------------------------------------------------------------------------------
---------------------------------------------------------------------------------
Finished Handling Custom Attributes : Time (s): cpu = 00:00:03 ; elapsed = 00:00:03 . Memory (MB): peak = 3303.160 ; gain = 253.656 ; free physical = 4318 ; free virtual = 53354
---------------------------------------------------------------------------------
---------------------------------------------------------------------------------
Finished RTL Optimization Phase 1 : Time (s): cpu = 00:00:03 ; elapsed = 00:00:03 . Memory (MB): peak = 3303.160 ; gain = 253.656 ; free physical = 4318 ; free virtual = 53354
---------------------------------------------------------------------------------
Netlist sorting complete. Time (s): cpu = 00:00:00.02 ; elapsed = 00:00:00.02 . Memory (MB): peak = 3303.160 ; gain = 0.000 ; free physical = 4320 ; free virtual = 53355
INFO: [Project 1-570] Preparing netlist for logic optimization

Processing XDC Constraints
Initializing timing engine
Parsing XDC File [/home/xmen/Videos/RustDesk/SystolicCore/SystolicCore/Ethernet_ps/Ethernet_ps.gen/sources_1/ip/ila_1/ila_1/ila_1_in_context.xdc] for cell 'inst/SystolicCore0/your_instance_name'
Finished Parsing XDC File [/home/xmen/Videos/RustDesk/SystolicCore/SystolicCore/Ethernet_ps/Ethernet_ps.gen/sources_1/ip/ila_1/ila_1/ila_1_in_context.xdc] for cell 'inst/SystolicCore0/your_instance_name'
Parsing XDC File [/home/xmen/Videos/RustDesk/SystolicCore/SystolicCore/Ethernet_ps/Ethernet_ps.gen/sources_1/ip/ila_0/ila_0/ila_0_in_context.xdc] for cell 'inst/SystolicCore0/systolicControlUnit_Global/your_instance_name'
Finished Parsing XDC File [/home/xmen/Videos/RustDesk/SystolicCore/SystolicCore/Ethernet_ps/Ethernet_ps.gen/sources_1/ip/ila_0/ila_0/ila_0_in_context.xdc] for cell 'inst/SystolicCore0/systolicControlUnit_Global/your_instance_name'
Parsing XDC File [/home/xmen/Videos/RustDesk/SystolicCore/SystolicCore/Ethernet_ps/Ethernet_ps.gen/sources_1/ip/ila_3/ila_3/ila_3_in_context.xdc] for cell 'inst/SystolicCore0/mem2serial_transfer_pc/your_instance_name'
Finished Parsing XDC File [/home/xmen/Videos/RustDesk/SystolicCore/SystolicCore/Ethernet_ps/Ethernet_ps.gen/sources_1/ip/ila_3/ila_3/ila_3_in_context.xdc] for cell 'inst/SystolicCore0/mem2serial_transfer_pc/your_instance_name'
Parsing XDC File [/home/xmen/Videos/RustDesk/SystolicCore/SystolicCore/Ethernet_ps/Ethernet_ps.gen/sources_1/ip/ila_2/ila_2/ila_2_in_context.xdc] for cell 'inst/SystolicCore0/serial2mem_opA/your_instance_name'
Finished Parsing XDC File [/home/xmen/Videos/RustDesk/SystolicCore/SystolicCore/Ethernet_ps/Ethernet_ps.gen/sources_1/ip/ila_2/ila_2/ila_2_in_context.xdc] for cell 'inst/SystolicCore0/serial2mem_opA/your_instance_name'
Parsing XDC File [/home/xmen/Videos/RustDesk/SystolicCore/SystolicCore/Ethernet_ps/Ethernet_ps.gen/sources_1/ip/ila_2/ila_2/ila_2_in_context.xdc] for cell 'inst/SystolicCore0/serial2mem_opB/your_instance_name'
Finished Parsing XDC File [/home/xmen/Videos/RustDesk/SystolicCore/SystolicCore/Ethernet_ps/Ethernet_ps.gen/sources_1/ip/ila_2/ila_2/ila_2_in_context.xdc] for cell 'inst/SystolicCore0/serial2mem_opB/your_instance_name'
Parsing XDC File [/home/xmen/Videos/RustDesk/SystolicCore/SystolicCore/Ethernet_ps/Ethernet_ps.gen/sources_1/ip/ram_dual_port/ram_dual_port/ram_dual_port_in_context.xdc] for cell 'inst/SystolicCore0/serial2mem_opA/ram'
Finished Parsing XDC File [/home/xmen/Videos/RustDesk/SystolicCore/SystolicCore/Ethernet_ps/Ethernet_ps.gen/sources_1/ip/ram_dual_port/ram_dual_port/ram_dual_port_in_context.xdc] for cell 'inst/SystolicCore0/serial2mem_opA/ram'
Parsing XDC File [/home/xmen/Videos/RustDesk/SystolicCore/SystolicCore/Ethernet_ps/Ethernet_ps.gen/sources_1/ip/ram_dual_port/ram_dual_port/ram_dual_port_in_context.xdc] for cell 'inst/SystolicCore0/serial2mem_opB/ram'
Finished Parsing XDC File [/home/xmen/Videos/RustDesk/SystolicCore/SystolicCore/Ethernet_ps/Ethernet_ps.gen/sources_1/ip/ram_dual_port/ram_dual_port/ram_dual_port_in_context.xdc] for cell 'inst/SystolicCore0/serial2mem_opB/ram'
Parsing XDC File [/home/xmen/Videos/RustDesk/SystolicCore/SystolicCore/Ethernet_ps/Ethernet_ps.gen/sources_1/bd/design_1/ip/design_1_SystolicCoreWrapperV_0_0/design_1_SystolicCoreWrapperV_0_0_ooc.xdc] for cell 'inst'
Finished Parsing XDC File [/home/xmen/Videos/RustDesk/SystolicCore/SystolicCore/Ethernet_ps/Ethernet_ps.gen/sources_1/bd/design_1/ip/design_1_SystolicCoreWrapperV_0_0/design_1_SystolicCoreWrapperV_0_0_ooc.xdc] for cell 'inst'
Parsing XDC File [/home/xmen/Videos/RustDesk/SystolicCore/SystolicCore/Ethernet_ps/Ethernet_ps.runs/design_1_SystolicCoreWrapperV_0_0_synth_1/dont_touch.xdc]
Finished Parsing XDC File [/home/xmen/Videos/RustDesk/SystolicCore/SystolicCore/Ethernet_ps/Ethernet_ps.runs/design_1_SystolicCoreWrapperV_0_0_synth_1/dont_touch.xdc]
Completed Processing XDC Constraints

Netlist sorting complete. Time (s): cpu = 00:00:00 ; elapsed = 00:00:00 . Memory (MB): peak = 3402.398 ; gain = 0.000 ; free physical = 5779 ; free virtual = 54815
INFO: [Project 1-111] Unisim Transformation Summary:
No Unisim elements were transformed.

Constraint Validation Runtime : Time (s): cpu = 00:00:00.03 ; elapsed = 00:00:00.02 . Memory (MB): peak = 3402.434 ; gain = 0.000 ; free physical = 5779 ; free virtual = 54815
INFO: [Designutils 20-5008] Incremental synthesis strategy off
---------------------------------------------------------------------------------
Finished Constraint Validation : Time (s): cpu = 00:00:09 ; elapsed = 00:00:09 . Memory (MB): peak = 3402.434 ; gain = 352.930 ; free physical = 5781 ; free virtual = 54818
---------------------------------------------------------------------------------
---------------------------------------------------------------------------------
Start Loading Part and Timing Information
---------------------------------------------------------------------------------
Loading part: xczu7ev-ffvc1156-2-e
INFO: [Synth 8-6742] Reading net delay rules and data
---------------------------------------------------------------------------------
Finished Loading Part and Timing Information : Time (s): cpu = 00:00:09 ; elapsed = 00:00:09 . Memory (MB): peak = 3410.402 ; gain = 360.898 ; free physical = 5781 ; free virtual = 54818
---------------------------------------------------------------------------------
---------------------------------------------------------------------------------
Start Applying 'set_property' XDC Constraints
---------------------------------------------------------------------------------
---------------------------------------------------------------------------------
Finished applying 'set_property' XDC Constraints : Time (s): cpu = 00:00:09 ; elapsed = 00:00:09 . Memory (MB): peak = 3410.402 ; gain = 360.898 ; free physical = 5781 ; free virtual = 54818
---------------------------------------------------------------------------------
INFO: [Synth 8-802] inferred FSM for state register 'currentStateSystolicControlUnit_reg' in module 'systolicMatrixMultiply'
---------------------------------------------------------------------------------------------------
                   State |                     New Encoding |                Previous Encoding 
---------------------------------------------------------------------------------------------------
                    IDLE |                               00 | 00000000000000000000000000000000
       LOAD_MULTI_MATRIX |                               01 | 00000000000000000000000000000001
            MULTI_MATRIX |                               10 | 00000000000000000000000000000010
                    DONE |                               11 | 00000000000000000000000000000011
---------------------------------------------------------------------------------------------------
INFO: [Synth 8-3354] encoded FSM with state register 'currentStateSystolicControlUnit_reg' using encoding 'sequential' in module 'systolicMatrixMultiply'
WARNING: [Synth 8-327] inferring latch for variable 'single_port_ram_di_reg' [/home/xmen/Videos/RustDesk/SystolicCore/SystolicCore/rtl/serial2mem.sv:64]
WARNING: [Synth 8-327] inferring latch for variable 'single_port_ram_di_reg' [/home/xmen/Videos/RustDesk/SystolicCore/SystolicCore/rtl/serial2mem.sv:64]
WARNING: [Synth 8-327] inferring latch for variable 'serial2mem_opa_rw_reg' [/home/xmen/Videos/RustDesk/SystolicCore/SystolicCore/rtl/SystolicControlUnit.sv:62]
WARNING: [Synth 8-327] inferring latch for variable 'serial2mem_opa_rready_i_reg' [/home/xmen/Videos/RustDesk/SystolicCore/SystolicCore/rtl/SystolicControlUnit.sv:64]
WARNING: [Synth 8-327] inferring latch for variable 'starting_frame_identified_reg' [/home/xmen/Videos/RustDesk/SystolicCore/SystolicCore/rtl/SystolicControlUnit.sv:72]
---------------------------------------------------------------------------------
Finished RTL Optimization Phase 2 : Time (s): cpu = 00:00:10 ; elapsed = 00:00:10 . Memory (MB): peak = 3410.402 ; gain = 360.898 ; free physical = 7277 ; free virtual = 56315
---------------------------------------------------------------------------------
---------------------------------------------------------------------------------
Start RTL Component Statistics 
---------------------------------------------------------------------------------
Detailed RTL Component Info : 
+---Adders : 
	   2 Input   15 Bit       Adders := 1     
	   2 Input    5 Bit       Adders := 2     
	   2 Input    4 Bit       Adders := 2     
	   2 Input    3 Bit       Adders := 4     
+---Registers : 
	               32 Bit    Registers := 9     
	               16 Bit    Registers := 64    
	               15 Bit    Registers := 1     
	                8 Bit    Registers := 65    
	                5 Bit    Registers := 2     
	                4 Bit    Registers := 130   
	                3 Bit    Registers := 4     
	                1 Bit    Registers := 5     
+---Muxes : 
	   2 Input   32 Bit        Muxes := 12    
	   4 Input   32 Bit        Muxes := 4     
	   2 Input    8 Bit        Muxes := 69    
	   4 Input    8 Bit        Muxes := 1     
	   3 Input    8 Bit        Muxes := 1     
	   4 Input    5 Bit        Muxes := 4     
	   2 Input    5 Bit        Muxes := 3     
	   2 Input    4 Bit        Muxes := 9     
	   4 Input    4 Bit        Muxes := 3     
	   3 Input    4 Bit        Muxes := 1     
	   2 Input    3 Bit        Muxes := 18    
	   4 Input    3 Bit        Muxes := 4     
	   4 Input    2 Bit        Muxes := 1     
	   2 Input    2 Bit        Muxes := 6     
	   4 Input    1 Bit        Muxes := 18    
	   2 Input    1 Bit        Muxes := 30    
	   7 Input    1 Bit        Muxes := 10    
---------------------------------------------------------------------------------
Finished RTL Component Statistics 
---------------------------------------------------------------------------------
---------------------------------------------------------------------------------
Start Part Resource Summary
---------------------------------------------------------------------------------
Part Resources:
DSPs: 1728 (col length:144)
BRAMs: 624 (col length: RAMB18 144 RAMB36 72)
---------------------------------------------------------------------------------
Finished Part Resource Summary
---------------------------------------------------------------------------------
---------------------------------------------------------------------------------
Start Cross Boundary and Area Optimization
---------------------------------------------------------------------------------
INFO: [Synth 8-7129] Port serial2mem_opb_rvalid_o in module systolicControlUnitTop is either unconnected or has no load
INFO: [Synth 8-7129] Port serial2mem_opa_ready_o in module systolicControlUnitTop is either unconnected or has no load
INFO: [Synth 8-7129] Port gpio_input[15] in module SystolicCoreWrapperVerilogGlobal is either unconnected or has no load
INFO: [Synth 8-7129] Port gpio_input[14] in module SystolicCoreWrapperVerilogGlobal is either unconnected or has no load
INFO: [Synth 8-7129] Port gpio_input[13] in module SystolicCoreWrapperVerilogGlobal is either unconnected or has no load
INFO: [Synth 8-7129] Port gpio_input[12] in module SystolicCoreWrapperVerilogGlobal is either unconnected or has no load
INFO: [Synth 8-7129] Port gpio_input[11] in module SystolicCoreWrapperVerilogGlobal is either unconnected or has no load
INFO: [Synth 8-7129] Port gpio_input[10] in module SystolicCoreWrapperVerilogGlobal is either unconnected or has no load
INFO: [Synth 8-7129] Port gpio_input[9] in module SystolicCoreWrapperVerilogGlobal is either unconnected or has no load
---------------------------------------------------------------------------------
Finished Cross Boundary and Area Optimization : Time (s): cpu = 00:00:15 ; elapsed = 00:00:16 . Memory (MB): peak = 3544.223 ; gain = 494.719 ; free physical = 8046 ; free virtual = 57084
---------------------------------------------------------------------------------
---------------------------------------------------------------------------------
Start Applying XDC Timing Constraints
---------------------------------------------------------------------------------
---------------------------------------------------------------------------------
Finished Applying XDC Timing Constraints : Time (s): cpu = 00:00:20 ; elapsed = 00:00:20 . Memory (MB): peak = 4025.746 ; gain = 976.242 ; free physical = 7764 ; free virtual = 56802
---------------------------------------------------------------------------------
---------------------------------------------------------------------------------
Start Timing Optimization
---------------------------------------------------------------------------------
---------------------------------------------------------------------------------
Finished Timing Optimization : Time (s): cpu = 00:00:22 ; elapsed = 00:00:23 . Memory (MB): peak = 4194.246 ; gain = 1144.742 ; free physical = 7586 ; free virtual = 56624
---------------------------------------------------------------------------------
---------------------------------------------------------------------------------
Start Technology Mapping
---------------------------------------------------------------------------------
---------------------------------------------------------------------------------
Finished Technology Mapping : Time (s): cpu = 00:00:23 ; elapsed = 00:00:24 . Memory (MB): peak = 4202.254 ; gain = 1152.750 ; free physical = 7585 ; free virtual = 56623
---------------------------------------------------------------------------------
---------------------------------------------------------------------------------
Start IO Insertion
---------------------------------------------------------------------------------
---------------------------------------------------------------------------------
Start Flattening Before IO Insertion
---------------------------------------------------------------------------------
---------------------------------------------------------------------------------
Finished Flattening Before IO Insertion
---------------------------------------------------------------------------------
---------------------------------------------------------------------------------
Start Final Netlist Cleanup
---------------------------------------------------------------------------------
---------------------------------------------------------------------------------
Finished Final Netlist Cleanup
---------------------------------------------------------------------------------
---------------------------------------------------------------------------------
Finished IO Insertion : Time (s): cpu = 00:00:25 ; elapsed = 00:00:25 . Memory (MB): peak = 4260.066 ; gain = 1210.562 ; free physical = 7535 ; free virtual = 56573
---------------------------------------------------------------------------------
---------------------------------------------------------------------------------
Start Renaming Generated Instances
---------------------------------------------------------------------------------
---------------------------------------------------------------------------------
Finished Renaming Generated Instances : Time (s): cpu = 00:00:25 ; elapsed = 00:00:25 . Memory (MB): peak = 4260.066 ; gain = 1210.562 ; free physical = 7534 ; free virtual = 56572
---------------------------------------------------------------------------------
---------------------------------------------------------------------------------
Start Rebuilding User Hierarchy
---------------------------------------------------------------------------------
---------------------------------------------------------------------------------
Finished Rebuilding User Hierarchy : Time (s): cpu = 00:00:25 ; elapsed = 00:00:25 . Memory (MB): peak = 4260.066 ; gain = 1210.562 ; free physical = 7531 ; free virtual = 56569
---------------------------------------------------------------------------------
---------------------------------------------------------------------------------
Start Renaming Generated Ports
---------------------------------------------------------------------------------
---------------------------------------------------------------------------------
Finished Renaming Generated Ports : Time (s): cpu = 00:00:25 ; elapsed = 00:00:25 . Memory (MB): peak = 4260.066 ; gain = 1210.562 ; free physical = 7531 ; free virtual = 56569
---------------------------------------------------------------------------------
---------------------------------------------------------------------------------
Start Handling Custom Attributes
---------------------------------------------------------------------------------
---------------------------------------------------------------------------------
Finished Handling Custom Attributes : Time (s): cpu = 00:00:25 ; elapsed = 00:00:26 . Memory (MB): peak = 4260.066 ; gain = 1210.562 ; free physical = 7531 ; free virtual = 56569
---------------------------------------------------------------------------------
---------------------------------------------------------------------------------
Start Renaming Generated Nets
---------------------------------------------------------------------------------
---------------------------------------------------------------------------------
Finished Renaming Generated Nets : Time (s): cpu = 00:00:25 ; elapsed = 00:00:26 . Memory (MB): peak = 4260.066 ; gain = 1210.562 ; free physical = 7531 ; free virtual = 56569
---------------------------------------------------------------------------------
---------------------------------------------------------------------------------
Start Writing Synthesis Report
---------------------------------------------------------------------------------

Report BlackBoxes: 
+------+--------------+----------+
|      |BlackBox name |Instances |
+------+--------------+----------+
|1     |ram_dual_port |         2|
|2     |ila_2         |         2|
|3     |ila_3         |         1|
|4     |ila_0         |         1|
|5     |ila_1         |         1|
+------+--------------+----------+

Report Cell Usage: 
+------+--------------+------+
|      |Cell          |Count |
+------+--------------+------+
|1     |ila           |     3|
|4     |ila_2         |     1|
|5     |ila           |     1|
|6     |ram_dual_port |     2|
|8     |CARRY8        |    66|
|9     |LUT1          |   522|
|10    |LUT2          |   716|
|11    |LUT3          |   333|
|12    |LUT4          |   292|
|13    |LUT5          |   229|
|14    |LUT6          |  1271|
|15    |MUXF7         |    64|
|16    |MUXF8         |    32|
|17    |FDCE          |  1781|
|18    |FDCP          |    32|
|19    |FDRE          |     5|
|20    |LD            |    67|
+------+--------------+------+
---------------------------------------------------------------------------------
Finished Writing Synthesis Report : Time (s): cpu = 00:00:25 ; elapsed = 00:00:26 . Memory (MB): peak = 4260.066 ; gain = 1210.562 ; free physical = 7531 ; free virtual = 56569
---------------------------------------------------------------------------------
Synthesis finished with 0 errors, 0 critical warnings and 5 warnings.
Synthesis Optimization Runtime : Time (s): cpu = 00:00:21 ; elapsed = 00:00:22 . Memory (MB): peak = 4260.066 ; gain = 1111.289 ; free physical = 7541 ; free virtual = 56579
Synthesis Optimization Complete : Time (s): cpu = 00:00:25 ; elapsed = 00:00:26 . Memory (MB): peak = 4260.066 ; gain = 1210.562 ; free physical = 7541 ; free virtual = 56579
INFO: [Project 1-571] Translating synthesized netlist
Netlist sorting complete. Time (s): cpu = 00:00:00.02 ; elapsed = 00:00:00.03 . Memory (MB): peak = 4260.066 ; gain = 0.000 ; free physical = 7709 ; free virtual = 56747
INFO: [Netlist 29-17] Analyzing 261 Unisim elements for replacement
CRITICAL WARNING: [Netlist 29-358] Reg 'inst/SystolicCore0/mem2serial_transfer_pc/mem2seriala_fsm_reg[0]' of type 'FDCP' cannot be timed accurately. Hardware behavior may be unpredictable. Use check_timing command for more information. [/home/xmen/Videos/RustDesk/SystolicCore/SystolicCore/rtl/mem2serial.sv:37]
Resolution: Recode your design, so that you do not depend on both asynchronous set and reset for your desired functionality.
Convert at least one of them to synchronous signal, or get rid of at least one of those.
Often, the use of "initial" value will help you get rid of one of the asynchronous set/reset signals.
CRITICAL WARNING: [Netlist 29-358] Reg 'inst/SystolicCore0/mem2serial_transfer_pc/mem2seriala_fsm_reg[10]' of type 'FDCP' cannot be timed accurately. Hardware behavior may be unpredictable. Use check_timing command for more information. [/home/xmen/Videos/RustDesk/SystolicCore/SystolicCore/rtl/mem2serial.sv:37]
Resolution: Recode your design, so that you do not depend on both asynchronous set and reset for your desired functionality.
Convert at least one of them to synchronous signal, or get rid of at least one of those.
Often, the use of "initial" value will help you get rid of one of the asynchronous set/reset signals.
CRITICAL WARNING: [Netlist 29-358] Reg 'inst/SystolicCore0/mem2serial_transfer_pc/mem2seriala_fsm_reg[11]' of type 'FDCP' cannot be timed accurately. Hardware behavior may be unpredictable. Use check_timing command for more information. [/home/xmen/Videos/RustDesk/SystolicCore/SystolicCore/rtl/mem2serial.sv:37]
Resolution: Recode your design, so that you do not depend on both asynchronous set and reset for your desired functionality.
Convert at least one of them to synchronous signal, or get rid of at least one of those.
Often, the use of "initial" value will help you get rid of one of the asynchronous set/reset signals.
CRITICAL WARNING: [Netlist 29-358] Reg 'inst/SystolicCore0/mem2serial_transfer_pc/mem2seriala_fsm_reg[12]' of type 'FDCP' cannot be timed accurately. Hardware behavior may be unpredictable. Use check_timing command for more information. [/home/xmen/Videos/RustDesk/SystolicCore/SystolicCore/rtl/mem2serial.sv:37]
Resolution: Recode your design, so that you do not depend on both asynchronous set and reset for your desired functionality.
Convert at least one of them to synchronous signal, or get rid of at least one of those.
Often, the use of "initial" value will help you get rid of one of the asynchronous set/reset signals.
CRITICAL WARNING: [Netlist 29-358] Reg 'inst/SystolicCore0/mem2serial_transfer_pc/mem2seriala_fsm_reg[13]' of type 'FDCP' cannot be timed accurately. Hardware behavior may be unpredictable. Use check_timing command for more information. [/home/xmen/Videos/RustDesk/SystolicCore/SystolicCore/rtl/mem2serial.sv:37]
Resolution: Recode your design, so that you do not depend on both asynchronous set and reset for your desired functionality.
Convert at least one of them to synchronous signal, or get rid of at least one of those.
Often, the use of "initial" value will help you get rid of one of the asynchronous set/reset signals.
CRITICAL WARNING: [Netlist 29-358] Reg 'inst/SystolicCore0/mem2serial_transfer_pc/mem2seriala_fsm_reg[14]' of type 'FDCP' cannot be timed accurately. Hardware behavior may be unpredictable. Use check_timing command for more information. [/home/xmen/Videos/RustDesk/SystolicCore/SystolicCore/rtl/mem2serial.sv:37]
Resolution: Recode your design, so that you do not depend on both asynchronous set and reset for your desired functionality.
Convert at least one of them to synchronous signal, or get rid of at least one of those.
Often, the use of "initial" value will help you get rid of one of the asynchronous set/reset signals.
CRITICAL WARNING: [Netlist 29-358] Reg 'inst/SystolicCore0/mem2serial_transfer_pc/mem2seriala_fsm_reg[15]' of type 'FDCP' cannot be timed accurately. Hardware behavior may be unpredictable. Use check_timing command for more information. [/home/xmen/Videos/RustDesk/SystolicCore/SystolicCore/rtl/mem2serial.sv:37]
Resolution: Recode your design, so that you do not depend on both asynchronous set and reset for your desired functionality.
Convert at least one of them to synchronous signal, or get rid of at least one of those.
Often, the use of "initial" value will help you get rid of one of the asynchronous set/reset signals.
CRITICAL WARNING: [Netlist 29-358] Reg 'inst/SystolicCore0/mem2serial_transfer_pc/mem2seriala_fsm_reg[16]' of type 'FDCP' cannot be timed accurately. Hardware behavior may be unpredictable. Use check_timing command for more information. [/home/xmen/Videos/RustDesk/SystolicCore/SystolicCore/rtl/mem2serial.sv:37]
Resolution: Recode your design, so that you do not depend on both asynchronous set and reset for your desired functionality.
Convert at least one of them to synchronous signal, or get rid of at least one of those.
Often, the use of "initial" value will help you get rid of one of the asynchronous set/reset signals.
CRITICAL WARNING: [Netlist 29-358] Reg 'inst/SystolicCore0/mem2serial_transfer_pc/mem2seriala_fsm_reg[17]' of type 'FDCP' cannot be timed accurately. Hardware behavior may be unpredictable. Use check_timing command for more information. [/home/xmen/Videos/RustDesk/SystolicCore/SystolicCore/rtl/mem2serial.sv:37]
Resolution: Recode your design, so that you do not depend on both asynchronous set and reset for your desired functionality.
Convert at least one of them to synchronous signal, or get rid of at least one of those.
Often, the use of "initial" value will help you get rid of one of the asynchronous set/reset signals.
CRITICAL WARNING: [Netlist 29-358] Reg 'inst/SystolicCore0/mem2serial_transfer_pc/mem2seriala_fsm_reg[18]' of type 'FDCP' cannot be timed accurately. Hardware behavior may be unpredictable. Use check_timing command for more information. [/home/xmen/Videos/RustDesk/SystolicCore/SystolicCore/rtl/mem2serial.sv:37]
Resolution: Recode your design, so that you do not depend on both asynchronous set and reset for your desired functionality.
Convert at least one of them to synchronous signal, or get rid of at least one of those.
Often, the use of "initial" value will help you get rid of one of the asynchronous set/reset signals.
CRITICAL WARNING: [Netlist 29-358] Reg 'inst/SystolicCore0/mem2serial_transfer_pc/mem2seriala_fsm_reg[19]' of type 'FDCP' cannot be timed accurately. Hardware behavior may be unpredictable. Use check_timing command for more information. [/home/xmen/Videos/RustDesk/SystolicCore/SystolicCore/rtl/mem2serial.sv:37]
Resolution: Recode your design, so that you do not depend on both asynchronous set and reset for your desired functionality.
Convert at least one of them to synchronous signal, or get rid of at least one of those.
Often, the use of "initial" value will help you get rid of one of the asynchronous set/reset signals.
CRITICAL WARNING: [Netlist 29-358] Reg 'inst/SystolicCore0/mem2serial_transfer_pc/mem2seriala_fsm_reg[1]' of type 'FDCP' cannot be timed accurately. Hardware behavior may be unpredictable. Use check_timing command for more information. [/home/xmen/Videos/RustDesk/SystolicCore/SystolicCore/rtl/mem2serial.sv:37]
Resolution: Recode your design, so that you do not depend on both asynchronous set and reset for your desired functionality.
Convert at least one of them to synchronous signal, or get rid of at least one of those.
Often, the use of "initial" value will help you get rid of one of the asynchronous set/reset signals.
CRITICAL WARNING: [Netlist 29-358] Reg 'inst/SystolicCore0/mem2serial_transfer_pc/mem2seriala_fsm_reg[20]' of type 'FDCP' cannot be timed accurately. Hardware behavior may be unpredictable. Use check_timing command for more information. [/home/xmen/Videos/RustDesk/SystolicCore/SystolicCore/rtl/mem2serial.sv:37]
Resolution: Recode your design, so that you do not depend on both asynchronous set and reset for your desired functionality.
Convert at least one of them to synchronous signal, or get rid of at least one of those.
Often, the use of "initial" value will help you get rid of one of the asynchronous set/reset signals.
CRITICAL WARNING: [Netlist 29-358] Reg 'inst/SystolicCore0/mem2serial_transfer_pc/mem2seriala_fsm_reg[21]' of type 'FDCP' cannot be timed accurately. Hardware behavior may be unpredictable. Use check_timing command for more information. [/home/xmen/Videos/RustDesk/SystolicCore/SystolicCore/rtl/mem2serial.sv:37]
Resolution: Recode your design, so that you do not depend on both asynchronous set and reset for your desired functionality.
Convert at least one of them to synchronous signal, or get rid of at least one of those.
Often, the use of "initial" value will help you get rid of one of the asynchronous set/reset signals.
CRITICAL WARNING: [Netlist 29-358] Reg 'inst/SystolicCore0/mem2serial_transfer_pc/mem2seriala_fsm_reg[22]' of type 'FDCP' cannot be timed accurately. Hardware behavior may be unpredictable. Use check_timing command for more information. [/home/xmen/Videos/RustDesk/SystolicCore/SystolicCore/rtl/mem2serial.sv:37]
Resolution: Recode your design, so that you do not depend on both asynchronous set and reset for your desired functionality.
Convert at least one of them to synchronous signal, or get rid of at least one of those.
Often, the use of "initial" value will help you get rid of one of the asynchronous set/reset signals.
CRITICAL WARNING: [Netlist 29-358] Reg 'inst/SystolicCore0/mem2serial_transfer_pc/mem2seriala_fsm_reg[23]' of type 'FDCP' cannot be timed accurately. Hardware behavior may be unpredictable. Use check_timing command for more information. [/home/xmen/Videos/RustDesk/SystolicCore/SystolicCore/rtl/mem2serial.sv:37]
Resolution: Recode your design, so that you do not depend on both asynchronous set and reset for your desired functionality.
Convert at least one of them to synchronous signal, or get rid of at least one of those.
Often, the use of "initial" value will help you get rid of one of the asynchronous set/reset signals.
CRITICAL WARNING: [Netlist 29-358] Reg 'inst/SystolicCore0/mem2serial_transfer_pc/mem2seriala_fsm_reg[24]' of type 'FDCP' cannot be timed accurately. Hardware behavior may be unpredictable. Use check_timing command for more information. [/home/xmen/Videos/RustDesk/SystolicCore/SystolicCore/rtl/mem2serial.sv:37]
Resolution: Recode your design, so that you do not depend on both asynchronous set and reset for your desired functionality.
Convert at least one of them to synchronous signal, or get rid of at least one of those.
Often, the use of "initial" value will help you get rid of one of the asynchronous set/reset signals.
CRITICAL WARNING: [Netlist 29-358] Reg 'inst/SystolicCore0/mem2serial_transfer_pc/mem2seriala_fsm_reg[25]' of type 'FDCP' cannot be timed accurately. Hardware behavior may be unpredictable. Use check_timing command for more information. [/home/xmen/Videos/RustDesk/SystolicCore/SystolicCore/rtl/mem2serial.sv:37]
Resolution: Recode your design, so that you do not depend on both asynchronous set and reset for your desired functionality.
Convert at least one of them to synchronous signal, or get rid of at least one of those.
Often, the use of "initial" value will help you get rid of one of the asynchronous set/reset signals.
CRITICAL WARNING: [Netlist 29-358] Reg 'inst/SystolicCore0/mem2serial_transfer_pc/mem2seriala_fsm_reg[26]' of type 'FDCP' cannot be timed accurately. Hardware behavior may be unpredictable. Use check_timing command for more information. [/home/xmen/Videos/RustDesk/SystolicCore/SystolicCore/rtl/mem2serial.sv:37]
Resolution: Recode your design, so that you do not depend on both asynchronous set and reset for your desired functionality.
Convert at least one of them to synchronous signal, or get rid of at least one of those.
Often, the use of "initial" value will help you get rid of one of the asynchronous set/reset signals.
CRITICAL WARNING: [Netlist 29-358] Reg 'inst/SystolicCore0/mem2serial_transfer_pc/mem2seriala_fsm_reg[27]' of type 'FDCP' cannot be timed accurately. Hardware behavior may be unpredictable. Use check_timing command for more information. [/home/xmen/Videos/RustDesk/SystolicCore/SystolicCore/rtl/mem2serial.sv:37]
Resolution: Recode your design, so that you do not depend on both asynchronous set and reset for your desired functionality.
Convert at least one of them to synchronous signal, or get rid of at least one of those.
Often, the use of "initial" value will help you get rid of one of the asynchronous set/reset signals.
CRITICAL WARNING: [Netlist 29-358] Reg 'inst/SystolicCore0/mem2serial_transfer_pc/mem2seriala_fsm_reg[28]' of type 'FDCP' cannot be timed accurately. Hardware behavior may be unpredictable. Use check_timing command for more information. [/home/xmen/Videos/RustDesk/SystolicCore/SystolicCore/rtl/mem2serial.sv:37]
Resolution: Recode your design, so that you do not depend on both asynchronous set and reset for your desired functionality.
Convert at least one of them to synchronous signal, or get rid of at least one of those.
Often, the use of "initial" value will help you get rid of one of the asynchronous set/reset signals.
CRITICAL WARNING: [Netlist 29-358] Reg 'inst/SystolicCore0/mem2serial_transfer_pc/mem2seriala_fsm_reg[29]' of type 'FDCP' cannot be timed accurately. Hardware behavior may be unpredictable. Use check_timing command for more information. [/home/xmen/Videos/RustDesk/SystolicCore/SystolicCore/rtl/mem2serial.sv:37]
Resolution: Recode your design, so that you do not depend on both asynchronous set and reset for your desired functionality.
Convert at least one of them to synchronous signal, or get rid of at least one of those.
Often, the use of "initial" value will help you get rid of one of the asynchronous set/reset signals.
CRITICAL WARNING: [Netlist 29-358] Reg 'inst/SystolicCore0/mem2serial_transfer_pc/mem2seriala_fsm_reg[2]' of type 'FDCP' cannot be timed accurately. Hardware behavior may be unpredictable. Use check_timing command for more information. [/home/xmen/Videos/RustDesk/SystolicCore/SystolicCore/rtl/mem2serial.sv:37]
Resolution: Recode your design, so that you do not depend on both asynchronous set and reset for your desired functionality.
Convert at least one of them to synchronous signal, or get rid of at least one of those.
Often, the use of "initial" value will help you get rid of one of the asynchronous set/reset signals.
CRITICAL WARNING: [Netlist 29-358] Reg 'inst/SystolicCore0/mem2serial_transfer_pc/mem2seriala_fsm_reg[30]' of type 'FDCP' cannot be timed accurately. Hardware behavior may be unpredictable. Use check_timing command for more information. [/home/xmen/Videos/RustDesk/SystolicCore/SystolicCore/rtl/mem2serial.sv:37]
Resolution: Recode your design, so that you do not depend on both asynchronous set and reset for your desired functionality.
Convert at least one of them to synchronous signal, or get rid of at least one of those.
Often, the use of "initial" value will help you get rid of one of the asynchronous set/reset signals.
CRITICAL WARNING: [Netlist 29-358] Reg 'inst/SystolicCore0/mem2serial_transfer_pc/mem2seriala_fsm_reg[31]' of type 'FDCP' cannot be timed accurately. Hardware behavior may be unpredictable. Use check_timing command for more information. [/home/xmen/Videos/RustDesk/SystolicCore/SystolicCore/rtl/mem2serial.sv:37]
Resolution: Recode your design, so that you do not depend on both asynchronous set and reset for your desired functionality.
Convert at least one of them to synchronous signal, or get rid of at least one of those.
Often, the use of "initial" value will help you get rid of one of the asynchronous set/reset signals.
CRITICAL WARNING: [Netlist 29-358] Reg 'inst/SystolicCore0/mem2serial_transfer_pc/mem2seriala_fsm_reg[3]' of type 'FDCP' cannot be timed accurately. Hardware behavior may be unpredictable. Use check_timing command for more information. [/home/xmen/Videos/RustDesk/SystolicCore/SystolicCore/rtl/mem2serial.sv:37]
Resolution: Recode your design, so that you do not depend on both asynchronous set and reset for your desired functionality.
Convert at least one of them to synchronous signal, or get rid of at least one of those.
Often, the use of "initial" value will help you get rid of one of the asynchronous set/reset signals.
CRITICAL WARNING: [Netlist 29-358] Reg 'inst/SystolicCore0/mem2serial_transfer_pc/mem2seriala_fsm_reg[4]' of type 'FDCP' cannot be timed accurately. Hardware behavior may be unpredictable. Use check_timing command for more information. [/home/xmen/Videos/RustDesk/SystolicCore/SystolicCore/rtl/mem2serial.sv:37]
Resolution: Recode your design, so that you do not depend on both asynchronous set and reset for your desired functionality.
Convert at least one of them to synchronous signal, or get rid of at least one of those.
Often, the use of "initial" value will help you get rid of one of the asynchronous set/reset signals.
CRITICAL WARNING: [Netlist 29-358] Reg 'inst/SystolicCore0/mem2serial_transfer_pc/mem2seriala_fsm_reg[5]' of type 'FDCP' cannot be timed accurately. Hardware behavior may be unpredictable. Use check_timing command for more information. [/home/xmen/Videos/RustDesk/SystolicCore/SystolicCore/rtl/mem2serial.sv:37]
Resolution: Recode your design, so that you do not depend on both asynchronous set and reset for your desired functionality.
Convert at least one of them to synchronous signal, or get rid of at least one of those.
Often, the use of "initial" value will help you get rid of one of the asynchronous set/reset signals.
CRITICAL WARNING: [Netlist 29-358] Reg 'inst/SystolicCore0/mem2serial_transfer_pc/mem2seriala_fsm_reg[6]' of type 'FDCP' cannot be timed accurately. Hardware behavior may be unpredictable. Use check_timing command for more information. [/home/xmen/Videos/RustDesk/SystolicCore/SystolicCore/rtl/mem2serial.sv:37]
Resolution: Recode your design, so that you do not depend on both asynchronous set and reset for your desired functionality.
Convert at least one of them to synchronous signal, or get rid of at least one of those.
Often, the use of "initial" value will help you get rid of one of the asynchronous set/reset signals.
CRITICAL WARNING: [Netlist 29-358] Reg 'inst/SystolicCore0/mem2serial_transfer_pc/mem2seriala_fsm_reg[7]' of type 'FDCP' cannot be timed accurately. Hardware behavior may be unpredictable. Use check_timing command for more information. [/home/xmen/Videos/RustDesk/SystolicCore/SystolicCore/rtl/mem2serial.sv:37]
Resolution: Recode your design, so that you do not depend on both asynchronous set and reset for your desired functionality.
Convert at least one of them to synchronous signal, or get rid of at least one of those.
Often, the use of "initial" value will help you get rid of one of the asynchronous set/reset signals.
CRITICAL WARNING: [Netlist 29-358] Reg 'inst/SystolicCore0/mem2serial_transfer_pc/mem2seriala_fsm_reg[8]' of type 'FDCP' cannot be timed accurately. Hardware behavior may be unpredictable. Use check_timing command for more information. [/home/xmen/Videos/RustDesk/SystolicCore/SystolicCore/rtl/mem2serial.sv:37]
Resolution: Recode your design, so that you do not depend on both asynchronous set and reset for your desired functionality.
Convert at least one of them to synchronous signal, or get rid of at least one of those.
Often, the use of "initial" value will help you get rid of one of the asynchronous set/reset signals.
CRITICAL WARNING: [Netlist 29-358] Reg 'inst/SystolicCore0/mem2serial_transfer_pc/mem2seriala_fsm_reg[9]' of type 'FDCP' cannot be timed accurately. Hardware behavior may be unpredictable. Use check_timing command for more information. [/home/xmen/Videos/RustDesk/SystolicCore/SystolicCore/rtl/mem2serial.sv:37]
Resolution: Recode your design, so that you do not depend on both asynchronous set and reset for your desired functionality.
Convert at least one of them to synchronous signal, or get rid of at least one of those.
Often, the use of "initial" value will help you get rid of one of the asynchronous set/reset signals.
INFO: [Netlist 29-28] Unisim Transformation completed in 0 CPU seconds
INFO: [Project 1-570] Preparing netlist for logic optimization
INFO: [Opt 31-138] Pushed 0 inverter(s) to 0 load pin(s).
Netlist sorting complete. Time (s): cpu = 00:00:00 ; elapsed = 00:00:00 . Memory (MB): peak = 4260.066 ; gain = 0.000 ; free physical = 7700 ; free virtual = 56738
INFO: [Project 1-111] Unisim Transformation Summary:
  A total of 99 instances were transformed.
  FDCP => FDCP (FDCE, FDPE, LDCE, LUT3, VCC): 32 instances
  LD => LDCE: 67 instances

Synth Design complete | Checksum: ab88bc9d
INFO: [Common 17-83] Releasing license: Synthesis
89 Infos, 66 Warnings, 32 Critical Warnings and 0 Errors encountered.
synth_design completed successfully
synth_design: Time (s): cpu = 00:00:32 ; elapsed = 00:00:31 . Memory (MB): peak = 4260.066 ; gain = 2385.258 ; free physical = 7699 ; free virtual = 56737
INFO: [Common 17-2834] synth_design peak Physical Memory [PSS] (MB): overall = 3175.856; main = 3128.581; forked = 287.913
INFO: [Common 17-2834] synth_design peak Virtual Memory [VSS] (MB): overall = 5693.770; main = 4242.410; forked = 1641.004
INFO: [runtcl-6] Synthesis results are not added to the cache due to CRITICAL_WARNING
INFO: [Coretcl 2-1174] Renamed 77 cell refs.
Write ShapeDB Complete: Time (s): cpu = 00:00:00.01 ; elapsed = 00:00:00 . Memory (MB): peak = 4266.418 ; gain = 0.000 ; free physical = 7699 ; free virtual = 56737
INFO: [Common 17-1381] The checkpoint '/home/xmen/Videos/RustDesk/SystolicCore/SystolicCore/Ethernet_ps/Ethernet_ps.runs/design_1_SystolicCoreWrapperV_0_0_synth_1/design_1_SystolicCoreWrapperV_0_0.dcp' has been generated.
INFO: [Vivado 12-24828] Executing command : report_utilization -file design_1_SystolicCoreWrapperV_0_0_utilization_synth.rpt -pb design_1_SystolicCoreWrapperV_0_0_utilization_synth.pb
INFO: [Common 17-206] Exiting Vivado at Thu Jan  1 17:10:41 2026...
