INFO: [VRFC 10-2263] Analyzing Verilog file "/home/xmen/Desktop/SystolicCore/vivado/SystolicCore/SystolicCore.sim/sim_1/impl/func/xsim/tb_func_impl.v" into library xil_defaultlib
INFO: [VRFC 10-311] analyzing module clk_x_pntrs
INFO: [VRFC 10-311] analyzing module clk_x_pntrs_7
INFO: [VRFC 10-311] analyzing module dbg_hub
INFO: [VRFC 10-311] analyzing module dmem
INFO: [VRFC 10-311] analyzing module dmem_13
INFO: [VRFC 10-311] analyzing module fifo_generator_ramfifo
INFO: [VRFC 10-311] analyzing module fifo_generator_ramfifo__parameterized0
INFO: [VRFC 10-311] analyzing module fifo_generator_top
INFO: [VRFC 10-311] analyzing module fifo_generator_top__parameterized0
INFO: [VRFC 10-311] analyzing module fifo_generator_v13_1_5
INFO: [VRFC 10-311] analyzing module fifo_generator_v13_1_5__parameterized0
INFO: [VRFC 10-311] analyzing module fifo_generator_v13_1_5_synth
INFO: [VRFC 10-311] analyzing module fifo_generator_v13_1_5_synth__parameterized0
INFO: [VRFC 10-311] analyzing module ltlib_v1_0_3_bscan
INFO: [VRFC 10-311] analyzing module ltlib_v1_0_3_generic_mux
INFO: [VRFC 10-311] analyzing module memory
INFO: [VRFC 10-311] analyzing module memory__parameterized0
INFO: [VRFC 10-311] analyzing module rd_bin_cntr
INFO: [VRFC 10-311] analyzing module rd_bin_cntr_18
INFO: [VRFC 10-311] analyzing module rd_fwft
INFO: [VRFC 10-311] analyzing module rd_handshaking_flags
INFO: [VRFC 10-311] analyzing module rd_handshaking_flags__parameterized0
INFO: [VRFC 10-311] analyzing module rd_logic
INFO: [VRFC 10-311] analyzing module rd_logic__parameterized0
INFO: [VRFC 10-311] analyzing module rd_status_flags_as
INFO: [VRFC 10-311] analyzing module rd_status_flags_as_17
INFO: [VRFC 10-311] analyzing module reset_blk_ramfifo
INFO: [VRFC 10-311] analyzing module reset_blk_ramfifo_8
INFO: [VRFC 10-311] analyzing module synchronizer_ff
INFO: [VRFC 10-311] analyzing module synchronizer_ff_1
INFO: [VRFC 10-311] analyzing module synchronizer_ff_10
INFO: [VRFC 10-311] analyzing module synchronizer_ff_11
INFO: [VRFC 10-311] analyzing module synchronizer_ff_12
INFO: [VRFC 10-311] analyzing module synchronizer_ff_2
INFO: [VRFC 10-311] analyzing module synchronizer_ff_3
INFO: [VRFC 10-311] analyzing module synchronizer_ff_9
INFO: [VRFC 10-311] analyzing module synchronizer_ff__parameterized0
INFO: [VRFC 10-311] analyzing module synchronizer_ff__parameterized0_19
INFO: [VRFC 10-311] analyzing module synchronizer_ff__parameterized0_20
INFO: [VRFC 10-311] analyzing module synchronizer_ff__parameterized0_21
INFO: [VRFC 10-311] analyzing module synchronizer_ff__parameterized0_22
INFO: [VRFC 10-311] analyzing module synchronizer_ff__parameterized0_4
INFO: [VRFC 10-311] analyzing module synchronizer_ff__parameterized0_5
INFO: [VRFC 10-311] analyzing module synchronizer_ff__parameterized0_6
INFO: [VRFC 10-311] analyzing module wr_bin_cntr
INFO: [VRFC 10-311] analyzing module wr_bin_cntr_16
INFO: [VRFC 10-311] analyzing module wr_handshaking_flags
INFO: [VRFC 10-311] analyzing module wr_handshaking_flags_15
INFO: [VRFC 10-311] analyzing module wr_logic
INFO: [VRFC 10-311] analyzing module wr_logic__parameterized0
INFO: [VRFC 10-311] analyzing module wr_status_flags_as
INFO: [VRFC 10-311] analyzing module wr_status_flags_as_14
INFO: [VRFC 10-311] analyzing module xsdbm_v3_0_4_addr_ctl
INFO: [VRFC 10-311] analyzing module xsdbm_v3_0_4_bscan_switch
INFO: [VRFC 10-311] analyzing module xsdbm_v3_0_4_burst_wdlen_ctl
INFO: [VRFC 10-311] analyzing module xsdbm_v3_0_4_bus_ctl
INFO: [VRFC 10-311] analyzing module xsdbm_v3_0_4_bus_ctl_cnt
INFO: [VRFC 10-311] analyzing module xsdbm_v3_0_4_bus_ctl_flg
INFO: [VRFC 10-311] analyzing module xsdbm_v3_0_4_bus_ctl_flg__parameterized0
INFO: [VRFC 10-311] analyzing module xsdbm_v3_0_4_bus_mstr2sl_if
INFO: [VRFC 10-311] analyzing module xsdbm_v3_0_4_cmd_decode
INFO: [VRFC 10-311] analyzing module xsdbm_v3_0_4_ctl_reg
INFO: [VRFC 10-311] analyzing module xsdbm_v3_0_4_ctl_reg__parameterized0
INFO: [VRFC 10-311] analyzing module xsdbm_v3_0_4_ctl_reg__parameterized1
INFO: [VRFC 10-311] analyzing module xsdbm_v3_0_4_ctl_reg__parameterized2
INFO: [VRFC 10-311] analyzing module xsdbm_v3_0_4_icon
INFO: [VRFC 10-311] analyzing module xsdbm_v3_0_4_icon2xsdb
INFO: [VRFC 10-311] analyzing module xsdbm_v3_0_4_if
INFO: [VRFC 10-311] analyzing module xsdbm_v3_0_4_if_static_status
INFO: [VRFC 10-311] analyzing module xsdbm_v3_0_4_rdfifo
INFO: [VRFC 10-311] analyzing module xsdbm_v3_0_4_rdreg
INFO: [VRFC 10-311] analyzing module xsdbm_v3_0_4_stat
INFO: [VRFC 10-311] analyzing module xsdbm_v3_0_4_stat_reg
INFO: [VRFC 10-311] analyzing module xsdbm_v3_0_4_stat_reg__parameterized0
INFO: [VRFC 10-311] analyzing module xsdbm_v3_0_4_stat_reg__parameterized0_0
INFO: [VRFC 10-311] analyzing module xsdbm_v3_0_4_sync
INFO: [VRFC 10-311] analyzing module xsdbm_v3_0_4_wrfifo
INFO: [VRFC 10-311] analyzing module xsdbm_v3_0_4_wrreg
INFO: [VRFC 10-311] analyzing module xsdbm_v3_0_4_xsdbm
INFO: [VRFC 10-311] analyzing module xsdbm_v3_0_4_xsdbm_id
INFO: [VRFC 10-311] analyzing module Arty7_top_sim
INFO: [VRFC 10-311] analyzing module SystolicCoreTop
INFO: [VRFC 10-311] analyzing module accumulator_cells
INFO: [VRFC 10-311] analyzing module accumulator_cells_0
INFO: [VRFC 10-311] analyzing module accumulator_cells_1
INFO: [VRFC 10-311] analyzing module accumulator_cells_10
INFO: [VRFC 10-311] analyzing module accumulator_cells_11
INFO: [VRFC 10-311] analyzing module accumulator_cells_12
INFO: [VRFC 10-311] analyzing module accumulator_cells_13
INFO: [VRFC 10-311] analyzing module accumulator_cells_14
INFO: [VRFC 10-311] analyzing module accumulator_cells_2
INFO: [VRFC 10-311] analyzing module accumulator_cells_3
INFO: [VRFC 10-311] analyzing module accumulator_cells_4
INFO: [VRFC 10-311] analyzing module accumulator_cells_5
INFO: [VRFC 10-311] analyzing module accumulator_cells_6
INFO: [VRFC 10-311] analyzing module accumulator_cells_7
INFO: [VRFC 10-311] analyzing module accumulator_cells_8
INFO: [VRFC 10-311] analyzing module accumulator_cells_9
INFO: [VRFC 10-311] analyzing module baudRateGenerator
INFO: [VRFC 10-311] analyzing module baudRateGenerator__parameterized0
INFO: [VRFC 10-311] analyzing module counter
INFO: [VRFC 10-311] analyzing module counter_16
INFO: [VRFC 10-311] analyzing module counter__parameterized0
INFO: [VRFC 10-311] analyzing module counter__parameterized1
INFO: [VRFC 10-311] analyzing module counter__parameterized2
INFO: [VRFC 10-311] analyzing module counter__parameterized4
INFO: [VRFC 10-311] analyzing module ila_0
INFO: [VRFC 10-311] analyzing module mem2seriala
INFO: [VRFC 10-311] analyzing module ram_single_port
INFO: [VRFC 10-311] analyzing module ram_single_port_HD2
INFO: [VRFC 10-311] analyzing module ref_clock
INFO: [VRFC 10-311] analyzing module ref_clock_15
INFO: [VRFC 10-311] analyzing module ref_clock__parameterized0
INFO: [VRFC 10-311] analyzing module serial2mem
INFO: [VRFC 10-311] analyzing module serial2mem__xdcDup__1
INFO: [VRFC 10-311] analyzing module systolicControlUnitTop
INFO: [VRFC 10-311] analyzing module systolicMatrixMultiply
INFO: [VRFC 10-311] analyzing module uart_rx
INFO: [VRFC 10-311] analyzing module uart_top
INFO: [VRFC 10-311] analyzing module uart_tx
INFO: [VRFC 10-311] analyzing module ila_0_ila_v6_2_18_generic_counter
INFO: [VRFC 10-311] analyzing module ila_0_ila_v6_2_18_generic_counter__1
INFO: [VRFC 10-311] analyzing module ila_0_ila_v6_2_18_generic_counter__2
INFO: [VRFC 10-311] analyzing module ila_0_ila_v6_2_18_generic_counter__3
INFO: [VRFC 10-311] analyzing module ila_0_ila_v6_2_18_ila
INFO: [VRFC 10-311] analyzing module ila_0_ila_v6_2_18_ila_adv_trigger_sequencer
INFO: [VRFC 10-311] analyzing module ila_0_ila_v6_2_18_ila_cap_addrgen
INFO: [VRFC 10-311] analyzing module ila_0_ila_v6_2_18_ila_cap_ctrl_legacy
INFO: [VRFC 10-311] analyzing module ila_0_ila_v6_2_18_ila_cap_sample_counter
INFO: [VRFC 10-311] analyzing module ila_0_ila_v6_2_18_ila_cap_window_counter
INFO: [VRFC 10-311] analyzing module ila_0_ila_v6_2_18_ila_core
INFO: [VRFC 10-311] analyzing module ila_0_ila_v6_2_18_ila_counter
INFO: [VRFC 10-311] analyzing module ila_0_ila_v6_2_18_ila_fsm_memory_read
INFO: [VRFC 10-311] analyzing module ila_0_ila_v6_2_18_ila_register
INFO: [VRFC 10-311] analyzing module ila_0_ila_v6_2_18_ila_reset_ctrl
INFO: [VRFC 10-311] analyzing module ila_0_ila_v6_2_18_ila_trace_memory
INFO: [VRFC 10-311] analyzing module ila_0_ila_v6_2_18_ila_trig_match
INFO: [VRFC 10-311] analyzing module ila_0_ila_v6_2_18_ila_trigger
INFO: [VRFC 10-311] analyzing module ila_0_ltlib_v1_0_3_all_typeA
INFO: [VRFC 10-311] analyzing module ila_0_ltlib_v1_0_3_all_typeA_109
INFO: [VRFC 10-311] analyzing module ila_0_ltlib_v1_0_3_all_typeA_116
INFO: [VRFC 10-311] analyzing module ila_0_ltlib_v1_0_3_all_typeA_123
INFO: [VRFC 10-311] analyzing module ila_0_ltlib_v1_0_3_all_typeA_130
INFO: [VRFC 10-311] analyzing module ila_0_ltlib_v1_0_3_all_typeA_137
INFO: [VRFC 10-311] analyzing module ila_0_ltlib_v1_0_3_all_typeA_144
INFO: [VRFC 10-311] analyzing module ila_0_ltlib_v1_0_3_all_typeA_151
INFO: [VRFC 10-311] analyzing module ila_0_ltlib_v1_0_3_all_typeA_158
INFO: [VRFC 10-311] analyzing module ila_0_ltlib_v1_0_3_all_typeA_165
INFO: [VRFC 10-311] analyzing module ila_0_ltlib_v1_0_3_all_typeA_172
INFO: [VRFC 10-311] analyzing module ila_0_ltlib_v1_0_3_all_typeA_179
INFO: [VRFC 10-311] analyzing module ila_0_ltlib_v1_0_3_all_typeA_186
INFO: [VRFC 10-311] analyzing module ila_0_ltlib_v1_0_3_all_typeA_193
INFO: [VRFC 10-311] analyzing module ila_0_ltlib_v1_0_3_all_typeA_200
INFO: [VRFC 10-311] analyzing module ila_0_ltlib_v1_0_3_all_typeA_207
INFO: [VRFC 10-311] analyzing module ila_0_ltlib_v1_0_3_all_typeA_214
INFO: [VRFC 10-311] analyzing module ila_0_ltlib_v1_0_3_all_typeA_221
INFO: [VRFC 10-311] analyzing module ila_0_ltlib_v1_0_3_all_typeA_228
INFO: [VRFC 10-311] analyzing module ila_0_ltlib_v1_0_3_all_typeA_235
INFO: [VRFC 10-311] analyzing module ila_0_ltlib_v1_0_3_all_typeA_242
INFO: [VRFC 10-311] analyzing module ila_0_ltlib_v1_0_3_all_typeA_249
INFO: [VRFC 10-311] analyzing module ila_0_ltlib_v1_0_3_all_typeA_256
INFO: [VRFC 10-311] analyzing module ila_0_ltlib_v1_0_3_all_typeA_263
INFO: [VRFC 10-311] analyzing module ila_0_ltlib_v1_0_3_all_typeA_270
INFO: [VRFC 10-311] analyzing module ila_0_ltlib_v1_0_3_all_typeA_277
INFO: [VRFC 10-311] analyzing module ila_0_ltlib_v1_0_3_all_typeA_284
INFO: [VRFC 10-311] analyzing module ila_0_ltlib_v1_0_3_all_typeA_291
INFO: [VRFC 10-311] analyzing module ila_0_ltlib_v1_0_3_all_typeA_298
INFO: [VRFC 10-311] analyzing module ila_0_ltlib_v1_0_3_all_typeA_305
INFO: [VRFC 10-311] analyzing module ila_0_ltlib_v1_0_3_all_typeA_312
INFO: [VRFC 10-311] analyzing module ila_0_ltlib_v1_0_3_all_typeA_319
INFO: [VRFC 10-311] analyzing module ila_0_ltlib_v1_0_3_all_typeA_326
INFO: [VRFC 10-311] analyzing module ila_0_ltlib_v1_0_3_all_typeA__parameterized0
INFO: [VRFC 10-311] analyzing module ila_0_ltlib_v1_0_3_all_typeA__parameterized0_1
INFO: [VRFC 10-311] analyzing module ila_0_ltlib_v1_0_3_all_typeA__parameterized0_102
INFO: [VRFC 10-311] analyzing module ila_0_ltlib_v1_0_3_all_typeA__parameterized0_12
INFO: [VRFC 10-311] analyzing module ila_0_ltlib_v1_0_3_all_typeA__parameterized0_15
INFO: [VRFC 10-311] analyzing module ila_0_ltlib_v1_0_3_all_typeA__parameterized0_18
INFO: [VRFC 10-311] analyzing module ila_0_ltlib_v1_0_3_all_typeA__parameterized0_21
INFO: [VRFC 10-311] analyzing module ila_0_ltlib_v1_0_3_all_typeA__parameterized0_24
INFO: [VRFC 10-311] analyzing module ila_0_ltlib_v1_0_3_all_typeA__parameterized0_27
INFO: [VRFC 10-311] analyzing module ila_0_ltlib_v1_0_3_all_typeA__parameterized0_30
INFO: [VRFC 10-311] analyzing module ila_0_ltlib_v1_0_3_all_typeA__parameterized0_33
INFO: [VRFC 10-311] analyzing module ila_0_ltlib_v1_0_3_all_typeA__parameterized0_36
INFO: [VRFC 10-311] analyzing module ila_0_ltlib_v1_0_3_all_typeA__parameterized0_39
INFO: [VRFC 10-311] analyzing module ila_0_ltlib_v1_0_3_all_typeA__parameterized0_4
INFO: [VRFC 10-311] analyzing module ila_0_ltlib_v1_0_3_all_typeA__parameterized0_42
INFO: [VRFC 10-311] analyzing module ila_0_ltlib_v1_0_3_all_typeA__parameterized0_45
INFO: [VRFC 10-311] analyzing module ila_0_ltlib_v1_0_3_all_typeA__parameterized0_48
INFO: [VRFC 10-311] analyzing module ila_0_ltlib_v1_0_3_all_typeA__parameterized0_51
INFO: [VRFC 10-311] analyzing module ila_0_ltlib_v1_0_3_all_typeA__parameterized0_54
INFO: [VRFC 10-311] analyzing module ila_0_ltlib_v1_0_3_all_typeA__parameterized0_57
INFO: [VRFC 10-311] analyzing module ila_0_ltlib_v1_0_3_all_typeA__parameterized0_60
INFO: [VRFC 10-311] analyzing module ila_0_ltlib_v1_0_3_all_typeA__parameterized0_63
INFO: [VRFC 10-311] analyzing module ila_0_ltlib_v1_0_3_all_typeA__parameterized0_66
INFO: [VRFC 10-311] analyzing module ila_0_ltlib_v1_0_3_all_typeA__parameterized0_69
INFO: [VRFC 10-311] analyzing module ila_0_ltlib_v1_0_3_all_typeA__parameterized0_7
INFO: [VRFC 10-311] analyzing module ila_0_ltlib_v1_0_3_all_typeA__parameterized0_72
INFO: [VRFC 10-311] analyzing module ila_0_ltlib_v1_0_3_all_typeA__parameterized0_75
INFO: [VRFC 10-311] analyzing module ila_0_ltlib_v1_0_3_all_typeA__parameterized0_78
INFO: [VRFC 10-311] analyzing module ila_0_ltlib_v1_0_3_all_typeA__parameterized0_81
INFO: [VRFC 10-311] analyzing module ila_0_ltlib_v1_0_3_all_typeA__parameterized0_84
INFO: [VRFC 10-311] analyzing module ila_0_ltlib_v1_0_3_all_typeA__parameterized0_87
INFO: [VRFC 10-311] analyzing module ila_0_ltlib_v1_0_3_all_typeA__parameterized0_9
INFO: [VRFC 10-311] analyzing module ila_0_ltlib_v1_0_3_all_typeA__parameterized0_90
INFO: [VRFC 10-311] analyzing module ila_0_ltlib_v1_0_3_all_typeA__parameterized0_93
INFO: [VRFC 10-311] analyzing module ila_0_ltlib_v1_0_3_all_typeA__parameterized0_96
INFO: [VRFC 10-311] analyzing module ila_0_ltlib_v1_0_3_all_typeA__parameterized0_99
INFO: [VRFC 10-311] analyzing module ila_0_ltlib_v1_0_3_all_typeA__parameterized1
INFO: [VRFC 10-311] analyzing module ila_0_ltlib_v1_0_3_all_typeA__parameterized1_353
INFO: [VRFC 10-311] analyzing module ila_0_ltlib_v1_0_3_all_typeA__parameterized1_357
INFO: [VRFC 10-311] analyzing module ila_0_ltlib_v1_0_3_all_typeA_slice
INFO: [VRFC 10-311] analyzing module ila_0_ltlib_v1_0_3_all_typeA_slice_104
INFO: [VRFC 10-311] analyzing module ila_0_ltlib_v1_0_3_all_typeA_slice_105
INFO: [VRFC 10-311] analyzing module ila_0_ltlib_v1_0_3_all_typeA_slice_106
INFO: [VRFC 10-311] analyzing module ila_0_ltlib_v1_0_3_all_typeA_slice_110
INFO: [VRFC 10-311] analyzing module ila_0_ltlib_v1_0_3_all_typeA_slice_111
INFO: [VRFC 10-311] analyzing module ila_0_ltlib_v1_0_3_all_typeA_slice_112
INFO: [VRFC 10-311] analyzing module ila_0_ltlib_v1_0_3_all_typeA_slice_113
INFO: [VRFC 10-311] analyzing module ila_0_ltlib_v1_0_3_all_typeA_slice_117
INFO: [VRFC 10-311] analyzing module ila_0_ltlib_v1_0_3_all_typeA_slice_118
INFO: [VRFC 10-311] analyzing module ila_0_ltlib_v1_0_3_all_typeA_slice_119
INFO: [VRFC 10-311] analyzing module ila_0_ltlib_v1_0_3_all_typeA_slice_120
INFO: [VRFC 10-311] analyzing module ila_0_ltlib_v1_0_3_all_typeA_slice_124
INFO: [VRFC 10-311] analyzing module ila_0_ltlib_v1_0_3_all_typeA_slice_125
INFO: [VRFC 10-311] analyzing module ila_0_ltlib_v1_0_3_all_typeA_slice_126
INFO: [VRFC 10-311] analyzing module ila_0_ltlib_v1_0_3_all_typeA_slice_127
INFO: [VRFC 10-311] analyzing module ila_0_ltlib_v1_0_3_all_typeA_slice_131
INFO: [VRFC 10-311] analyzing module ila_0_ltlib_v1_0_3_all_typeA_slice_132
INFO: [VRFC 10-311] analyzing module ila_0_ltlib_v1_0_3_all_typeA_slice_133
INFO: [VRFC 10-311] analyzing module ila_0_ltlib_v1_0_3_all_typeA_slice_134
INFO: [VRFC 10-311] analyzing module ila_0_ltlib_v1_0_3_all_typeA_slice_138
INFO: [VRFC 10-311] analyzing module ila_0_ltlib_v1_0_3_all_typeA_slice_139
INFO: [VRFC 10-311] analyzing module ila_0_ltlib_v1_0_3_all_typeA_slice_140
INFO: [VRFC 10-311] analyzing module ila_0_ltlib_v1_0_3_all_typeA_slice_141
INFO: [VRFC 10-311] analyzing module ila_0_ltlib_v1_0_3_all_typeA_slice_145
INFO: [VRFC 10-311] analyzing module ila_0_ltlib_v1_0_3_all_typeA_slice_146
INFO: [VRFC 10-311] analyzing module ila_0_ltlib_v1_0_3_all_typeA_slice_147
INFO: [VRFC 10-311] analyzing module ila_0_ltlib_v1_0_3_all_typeA_slice_148
INFO: [VRFC 10-311] analyzing module ila_0_ltlib_v1_0_3_all_typeA_slice_152
INFO: [VRFC 10-311] analyzing module ila_0_ltlib_v1_0_3_all_typeA_slice_153
INFO: [VRFC 10-311] analyzing module ila_0_ltlib_v1_0_3_all_typeA_slice_154
INFO: [VRFC 10-311] analyzing module ila_0_ltlib_v1_0_3_all_typeA_slice_155
INFO: [VRFC 10-311] analyzing module ila_0_ltlib_v1_0_3_all_typeA_slice_159
INFO: [VRFC 10-311] analyzing module ila_0_ltlib_v1_0_3_all_typeA_slice_160
INFO: [VRFC 10-311] analyzing module ila_0_ltlib_v1_0_3_all_typeA_slice_161
INFO: [VRFC 10-311] analyzing module ila_0_ltlib_v1_0_3_all_typeA_slice_162
INFO: [VRFC 10-311] analyzing module ila_0_ltlib_v1_0_3_all_typeA_slice_166
INFO: [VRFC 10-311] analyzing module ila_0_ltlib_v1_0_3_all_typeA_slice_167
INFO: [VRFC 10-311] analyzing module ila_0_ltlib_v1_0_3_all_typeA_slice_168
INFO: [VRFC 10-311] analyzing module ila_0_ltlib_v1_0_3_all_typeA_slice_169
INFO: [VRFC 10-311] analyzing module ila_0_ltlib_v1_0_3_all_typeA_slice_173
INFO: [VRFC 10-311] analyzing module ila_0_ltlib_v1_0_3_all_typeA_slice_174
INFO: [VRFC 10-311] analyzing module ila_0_ltlib_v1_0_3_all_typeA_slice_175
INFO: [VRFC 10-311] analyzing module ila_0_ltlib_v1_0_3_all_typeA_slice_176
INFO: [VRFC 10-311] analyzing module ila_0_ltlib_v1_0_3_all_typeA_slice_180
INFO: [VRFC 10-311] analyzing module ila_0_ltlib_v1_0_3_all_typeA_slice_181
INFO: [VRFC 10-311] analyzing module ila_0_ltlib_v1_0_3_all_typeA_slice_182
INFO: [VRFC 10-311] analyzing module ila_0_ltlib_v1_0_3_all_typeA_slice_183
INFO: [VRFC 10-311] analyzing module ila_0_ltlib_v1_0_3_all_typeA_slice_187
INFO: [VRFC 10-311] analyzing module ila_0_ltlib_v1_0_3_all_typeA_slice_188
INFO: [VRFC 10-311] analyzing module ila_0_ltlib_v1_0_3_all_typeA_slice_189
INFO: [VRFC 10-311] analyzing module ila_0_ltlib_v1_0_3_all_typeA_slice_190
INFO: [VRFC 10-311] analyzing module ila_0_ltlib_v1_0_3_all_typeA_slice_194
INFO: [VRFC 10-311] analyzing module ila_0_ltlib_v1_0_3_all_typeA_slice_195
INFO: [VRFC 10-311] analyzing module ila_0_ltlib_v1_0_3_all_typeA_slice_196
INFO: [VRFC 10-311] analyzing module ila_0_ltlib_v1_0_3_all_typeA_slice_197
INFO: [VRFC 10-311] analyzing module ila_0_ltlib_v1_0_3_all_typeA_slice_201
INFO: [VRFC 10-311] analyzing module ila_0_ltlib_v1_0_3_all_typeA_slice_202
INFO: [VRFC 10-311] analyzing module ila_0_ltlib_v1_0_3_all_typeA_slice_203
INFO: [VRFC 10-311] analyzing module ila_0_ltlib_v1_0_3_all_typeA_slice_204
INFO: [VRFC 10-311] analyzing module ila_0_ltlib_v1_0_3_all_typeA_slice_208
INFO: [VRFC 10-311] analyzing module ila_0_ltlib_v1_0_3_all_typeA_slice_209
INFO: [VRFC 10-311] analyzing module ila_0_ltlib_v1_0_3_all_typeA_slice_210
INFO: [VRFC 10-311] analyzing module ila_0_ltlib_v1_0_3_all_typeA_slice_211
INFO: [VRFC 10-311] analyzing module ila_0_ltlib_v1_0_3_all_typeA_slice_215
INFO: [VRFC 10-311] analyzing module ila_0_ltlib_v1_0_3_all_typeA_slice_216
INFO: [VRFC 10-311] analyzing module ila_0_ltlib_v1_0_3_all_typeA_slice_217
INFO: [VRFC 10-311] analyzing module ila_0_ltlib_v1_0_3_all_typeA_slice_218
INFO: [VRFC 10-311] analyzing module ila_0_ltlib_v1_0_3_all_typeA_slice_222
INFO: [VRFC 10-311] analyzing module ila_0_ltlib_v1_0_3_all_typeA_slice_223
INFO: [VRFC 10-311] analyzing module ila_0_ltlib_v1_0_3_all_typeA_slice_224
INFO: [VRFC 10-311] analyzing module ila_0_ltlib_v1_0_3_all_typeA_slice_225
INFO: [VRFC 10-311] analyzing module ila_0_ltlib_v1_0_3_all_typeA_slice_229
INFO: [VRFC 10-311] analyzing module ila_0_ltlib_v1_0_3_all_typeA_slice_230
INFO: [VRFC 10-311] analyzing module ila_0_ltlib_v1_0_3_all_typeA_slice_231
INFO: [VRFC 10-311] analyzing module ila_0_ltlib_v1_0_3_all_typeA_slice_232
INFO: [VRFC 10-311] analyzing module ila_0_ltlib_v1_0_3_all_typeA_slice_236
INFO: [VRFC 10-311] analyzing module ila_0_ltlib_v1_0_3_all_typeA_slice_237
INFO: [VRFC 10-311] analyzing module ila_0_ltlib_v1_0_3_all_typeA_slice_238
INFO: [VRFC 10-311] analyzing module ila_0_ltlib_v1_0_3_all_typeA_slice_239
INFO: [VRFC 10-311] analyzing module ila_0_ltlib_v1_0_3_all_typeA_slice_243
INFO: [VRFC 10-311] analyzing module ila_0_ltlib_v1_0_3_all_typeA_slice_244
INFO: [VRFC 10-311] analyzing module ila_0_ltlib_v1_0_3_all_typeA_slice_245
INFO: [VRFC 10-311] analyzing module ila_0_ltlib_v1_0_3_all_typeA_slice_246
INFO: [VRFC 10-311] analyzing module ila_0_ltlib_v1_0_3_all_typeA_slice_250
INFO: [VRFC 10-311] analyzing module ila_0_ltlib_v1_0_3_all_typeA_slice_251
INFO: [VRFC 10-311] analyzing module ila_0_ltlib_v1_0_3_all_typeA_slice_252
INFO: [VRFC 10-311] analyzing module ila_0_ltlib_v1_0_3_all_typeA_slice_253
INFO: [VRFC 10-311] analyzing module ila_0_ltlib_v1_0_3_all_typeA_slice_257
INFO: [VRFC 10-311] analyzing module ila_0_ltlib_v1_0_3_all_typeA_slice_258
INFO: [VRFC 10-311] analyzing module ila_0_ltlib_v1_0_3_all_typeA_slice_259
INFO: [VRFC 10-311] analyzing module ila_0_ltlib_v1_0_3_all_typeA_slice_260
INFO: [VRFC 10-311] analyzing module ila_0_ltlib_v1_0_3_all_typeA_slice_264
INFO: [VRFC 10-311] analyzing module ila_0_ltlib_v1_0_3_all_typeA_slice_265
INFO: [VRFC 10-311] analyzing module ila_0_ltlib_v1_0_3_all_typeA_slice_266
INFO: [VRFC 10-311] analyzing module ila_0_ltlib_v1_0_3_all_typeA_slice_267
INFO: [VRFC 10-311] analyzing module ila_0_ltlib_v1_0_3_all_typeA_slice_271
INFO: [VRFC 10-311] analyzing module ila_0_ltlib_v1_0_3_all_typeA_slice_272
INFO: [VRFC 10-311] analyzing module ila_0_ltlib_v1_0_3_all_typeA_slice_273
INFO: [VRFC 10-311] analyzing module ila_0_ltlib_v1_0_3_all_typeA_slice_274
INFO: [VRFC 10-311] analyzing module ila_0_ltlib_v1_0_3_all_typeA_slice_278
INFO: [VRFC 10-311] analyzing module ila_0_ltlib_v1_0_3_all_typeA_slice_279
INFO: [VRFC 10-311] analyzing module ila_0_ltlib_v1_0_3_all_typeA_slice_280
INFO: [VRFC 10-311] analyzing module ila_0_ltlib_v1_0_3_all_typeA_slice_281
INFO: [VRFC 10-311] analyzing module ila_0_ltlib_v1_0_3_all_typeA_slice_285
INFO: [VRFC 10-311] analyzing module ila_0_ltlib_v1_0_3_all_typeA_slice_286
INFO: [VRFC 10-311] analyzing module ila_0_ltlib_v1_0_3_all_typeA_slice_287
INFO: [VRFC 10-311] analyzing module ila_0_ltlib_v1_0_3_all_typeA_slice_288
INFO: [VRFC 10-311] analyzing module ila_0_ltlib_v1_0_3_all_typeA_slice_292
INFO: [VRFC 10-311] analyzing module ila_0_ltlib_v1_0_3_all_typeA_slice_293
INFO: [VRFC 10-311] analyzing module ila_0_ltlib_v1_0_3_all_typeA_slice_294
INFO: [VRFC 10-311] analyzing module ila_0_ltlib_v1_0_3_all_typeA_slice_295
INFO: [VRFC 10-311] analyzing module ila_0_ltlib_v1_0_3_all_typeA_slice_299
INFO: [VRFC 10-311] analyzing module ila_0_ltlib_v1_0_3_all_typeA_slice_300
INFO: [VRFC 10-311] analyzing module ila_0_ltlib_v1_0_3_all_typeA_slice_301
INFO: [VRFC 10-311] analyzing module ila_0_ltlib_v1_0_3_all_typeA_slice_302
INFO: [VRFC 10-311] analyzing module ila_0_ltlib_v1_0_3_all_typeA_slice_306
INFO: [VRFC 10-311] analyzing module ila_0_ltlib_v1_0_3_all_typeA_slice_307
INFO: [VRFC 10-311] analyzing module ila_0_ltlib_v1_0_3_all_typeA_slice_308
INFO: [VRFC 10-311] analyzing module ila_0_ltlib_v1_0_3_all_typeA_slice_309
INFO: [VRFC 10-311] analyzing module ila_0_ltlib_v1_0_3_all_typeA_slice_313
INFO: [VRFC 10-311] analyzing module ila_0_ltlib_v1_0_3_all_typeA_slice_314
INFO: [VRFC 10-311] analyzing module ila_0_ltlib_v1_0_3_all_typeA_slice_315
INFO: [VRFC 10-311] analyzing module ila_0_ltlib_v1_0_3_all_typeA_slice_316
INFO: [VRFC 10-311] analyzing module ila_0_ltlib_v1_0_3_all_typeA_slice_320
INFO: [VRFC 10-311] analyzing module ila_0_ltlib_v1_0_3_all_typeA_slice_321
INFO: [VRFC 10-311] analyzing module ila_0_ltlib_v1_0_3_all_typeA_slice_322
INFO: [VRFC 10-311] analyzing module ila_0_ltlib_v1_0_3_all_typeA_slice_323
INFO: [VRFC 10-311] analyzing module ila_0_ltlib_v1_0_3_all_typeA_slice_327
INFO: [VRFC 10-311] analyzing module ila_0_ltlib_v1_0_3_all_typeA_slice_328
INFO: [VRFC 10-311] analyzing module ila_0_ltlib_v1_0_3_all_typeA_slice_329
INFO: [VRFC 10-311] analyzing module ila_0_ltlib_v1_0_3_all_typeA_slice_330
INFO: [VRFC 10-311] analyzing module ila_0_ltlib_v1_0_3_all_typeA_slice__parameterized0
INFO: [VRFC 10-311] analyzing module ila_0_ltlib_v1_0_3_all_typeA_slice__parameterized0_10
INFO: [VRFC 10-311] analyzing module ila_0_ltlib_v1_0_3_all_typeA_slice__parameterized0_100
INFO: [VRFC 10-311] analyzing module ila_0_ltlib_v1_0_3_all_typeA_slice__parameterized0_103
INFO: [VRFC 10-311] analyzing module ila_0_ltlib_v1_0_3_all_typeA_slice__parameterized0_107
INFO: [VRFC 10-311] analyzing module ila_0_ltlib_v1_0_3_all_typeA_slice__parameterized0_114
INFO: [VRFC 10-311] analyzing module ila_0_ltlib_v1_0_3_all_typeA_slice__parameterized0_121
INFO: [VRFC 10-311] analyzing module ila_0_ltlib_v1_0_3_all_typeA_slice__parameterized0_128
INFO: [VRFC 10-311] analyzing module ila_0_ltlib_v1_0_3_all_typeA_slice__parameterized0_13
INFO: [VRFC 10-311] analyzing module ila_0_ltlib_v1_0_3_all_typeA_slice__parameterized0_135
INFO: [VRFC 10-311] analyzing module ila_0_ltlib_v1_0_3_all_typeA_slice__parameterized0_142
INFO: [VRFC 10-311] analyzing module ila_0_ltlib_v1_0_3_all_typeA_slice__parameterized0_149
INFO: [VRFC 10-311] analyzing module ila_0_ltlib_v1_0_3_all_typeA_slice__parameterized0_156
INFO: [VRFC 10-311] analyzing module ila_0_ltlib_v1_0_3_all_typeA_slice__parameterized0_16
INFO: [VRFC 10-311] analyzing module ila_0_ltlib_v1_0_3_all_typeA_slice__parameterized0_163
INFO: [VRFC 10-311] analyzing module ila_0_ltlib_v1_0_3_all_typeA_slice__parameterized0_170
INFO: [VRFC 10-311] analyzing module ila_0_ltlib_v1_0_3_all_typeA_slice__parameterized0_177
INFO: [VRFC 10-311] analyzing module ila_0_ltlib_v1_0_3_all_typeA_slice__parameterized0_184
INFO: [VRFC 10-311] analyzing module ila_0_ltlib_v1_0_3_all_typeA_slice__parameterized0_19
INFO: [VRFC 10-311] analyzing module ila_0_ltlib_v1_0_3_all_typeA_slice__parameterized0_191
INFO: [VRFC 10-311] analyzing module ila_0_ltlib_v1_0_3_all_typeA_slice__parameterized0_198
INFO: [VRFC 10-311] analyzing module ila_0_ltlib_v1_0_3_all_typeA_slice__parameterized0_2
INFO: [VRFC 10-311] analyzing module ila_0_ltlib_v1_0_3_all_typeA_slice__parameterized0_205
INFO: [VRFC 10-311] analyzing module ila_0_ltlib_v1_0_3_all_typeA_slice__parameterized0_212
INFO: [VRFC 10-311] analyzing module ila_0_ltlib_v1_0_3_all_typeA_slice__parameterized0_219
INFO: [VRFC 10-311] analyzing module ila_0_ltlib_v1_0_3_all_typeA_slice__parameterized0_22
INFO: [VRFC 10-311] analyzing module ila_0_ltlib_v1_0_3_all_typeA_slice__parameterized0_226
INFO: [VRFC 10-311] analyzing module ila_0_ltlib_v1_0_3_all_typeA_slice__parameterized0_233
INFO: [VRFC 10-311] analyzing module ila_0_ltlib_v1_0_3_all_typeA_slice__parameterized0_240
INFO: [VRFC 10-311] analyzing module ila_0_ltlib_v1_0_3_all_typeA_slice__parameterized0_247
INFO: [VRFC 10-311] analyzing module ila_0_ltlib_v1_0_3_all_typeA_slice__parameterized0_25
INFO: [VRFC 10-311] analyzing module ila_0_ltlib_v1_0_3_all_typeA_slice__parameterized0_254
INFO: [VRFC 10-311] analyzing module ila_0_ltlib_v1_0_3_all_typeA_slice__parameterized0_261
INFO: [VRFC 10-311] analyzing module ila_0_ltlib_v1_0_3_all_typeA_slice__parameterized0_268
INFO: [VRFC 10-311] analyzing module ila_0_ltlib_v1_0_3_all_typeA_slice__parameterized0_275
INFO: [VRFC 10-311] analyzing module ila_0_ltlib_v1_0_3_all_typeA_slice__parameterized0_28
INFO: [VRFC 10-311] analyzing module ila_0_ltlib_v1_0_3_all_typeA_slice__parameterized0_282
INFO: [VRFC 10-311] analyzing module ila_0_ltlib_v1_0_3_all_typeA_slice__parameterized0_289
INFO: [VRFC 10-311] analyzing module ila_0_ltlib_v1_0_3_all_typeA_slice__parameterized0_296
INFO: [VRFC 10-311] analyzing module ila_0_ltlib_v1_0_3_all_typeA_slice__parameterized0_303
INFO: [VRFC 10-311] analyzing module ila_0_ltlib_v1_0_3_all_typeA_slice__parameterized0_31
INFO: [VRFC 10-311] analyzing module ila_0_ltlib_v1_0_3_all_typeA_slice__parameterized0_310
INFO: [VRFC 10-311] analyzing module ila_0_ltlib_v1_0_3_all_typeA_slice__parameterized0_317
INFO: [VRFC 10-311] analyzing module ila_0_ltlib_v1_0_3_all_typeA_slice__parameterized0_324
INFO: [VRFC 10-311] analyzing module ila_0_ltlib_v1_0_3_all_typeA_slice__parameterized0_331
INFO: [VRFC 10-311] analyzing module ila_0_ltlib_v1_0_3_all_typeA_slice__parameterized0_34
INFO: [VRFC 10-311] analyzing module ila_0_ltlib_v1_0_3_all_typeA_slice__parameterized0_37
INFO: [VRFC 10-311] analyzing module ila_0_ltlib_v1_0_3_all_typeA_slice__parameterized0_40
INFO: [VRFC 10-311] analyzing module ila_0_ltlib_v1_0_3_all_typeA_slice__parameterized0_43
INFO: [VRFC 10-311] analyzing module ila_0_ltlib_v1_0_3_all_typeA_slice__parameterized0_46
INFO: [VRFC 10-311] analyzing module ila_0_ltlib_v1_0_3_all_typeA_slice__parameterized0_49
INFO: [VRFC 10-311] analyzing module ila_0_ltlib_v1_0_3_all_typeA_slice__parameterized0_5
INFO: [VRFC 10-311] analyzing module ila_0_ltlib_v1_0_3_all_typeA_slice__parameterized0_52
INFO: [VRFC 10-311] analyzing module ila_0_ltlib_v1_0_3_all_typeA_slice__parameterized0_55
INFO: [VRFC 10-311] analyzing module ila_0_ltlib_v1_0_3_all_typeA_slice__parameterized0_58
INFO: [VRFC 10-311] analyzing module ila_0_ltlib_v1_0_3_all_typeA_slice__parameterized0_61
INFO: [VRFC 10-311] analyzing module ila_0_ltlib_v1_0_3_all_typeA_slice__parameterized0_64
INFO: [VRFC 10-311] analyzing module ila_0_ltlib_v1_0_3_all_typeA_slice__parameterized0_67
INFO: [VRFC 10-311] analyzing module ila_0_ltlib_v1_0_3_all_typeA_slice__parameterized0_70
INFO: [VRFC 10-311] analyzing module ila_0_ltlib_v1_0_3_all_typeA_slice__parameterized0_73
INFO: [VRFC 10-311] analyzing module ila_0_ltlib_v1_0_3_all_typeA_slice__parameterized0_76
INFO: [VRFC 10-311] analyzing module ila_0_ltlib_v1_0_3_all_typeA_slice__parameterized0_79
INFO: [VRFC 10-311] analyzing module ila_0_ltlib_v1_0_3_all_typeA_slice__parameterized0_8
INFO: [VRFC 10-311] analyzing module ila_0_ltlib_v1_0_3_all_typeA_slice__parameterized0_82
INFO: [VRFC 10-311] analyzing module ila_0_ltlib_v1_0_3_all_typeA_slice__parameterized0_85
INFO: [VRFC 10-311] analyzing module ila_0_ltlib_v1_0_3_all_typeA_slice__parameterized0_88
INFO: [VRFC 10-311] analyzing module ila_0_ltlib_v1_0_3_all_typeA_slice__parameterized0_91
INFO: [VRFC 10-311] analyzing module ila_0_ltlib_v1_0_3_all_typeA_slice__parameterized0_94
INFO: [VRFC 10-311] analyzing module ila_0_ltlib_v1_0_3_all_typeA_slice__parameterized0_97
INFO: [VRFC 10-311] analyzing module ila_0_ltlib_v1_0_3_all_typeA_slice__parameterized1
INFO: [VRFC 10-311] analyzing module ila_0_ltlib_v1_0_3_all_typeA_slice__parameterized1_354
INFO: [VRFC 10-311] analyzing module ila_0_ltlib_v1_0_3_all_typeA_slice__parameterized1_358
INFO: [VRFC 10-311] analyzing module ila_0_ltlib_v1_0_3_all_typeA_slice__parameterized2
INFO: [VRFC 10-311] analyzing module ila_0_ltlib_v1_0_3_all_typeA_slice__parameterized2_355
INFO: [VRFC 10-311] analyzing module ila_0_ltlib_v1_0_3_all_typeA_slice__parameterized2_359
INFO: [VRFC 10-311] analyzing module ila_0_ltlib_v1_0_3_allx_typeA
INFO: [VRFC 10-311] analyzing module ila_0_ltlib_v1_0_3_allx_typeA_108
INFO: [VRFC 10-311] analyzing module ila_0_ltlib_v1_0_3_allx_typeA_115
INFO: [VRFC 10-311] analyzing module ila_0_ltlib_v1_0_3_allx_typeA_122
INFO: [VRFC 10-311] analyzing module ila_0_ltlib_v1_0_3_allx_typeA_129
INFO: [VRFC 10-311] analyzing module ila_0_ltlib_v1_0_3_allx_typeA_136
INFO: [VRFC 10-311] analyzing module ila_0_ltlib_v1_0_3_allx_typeA_143
INFO: [VRFC 10-311] analyzing module ila_0_ltlib_v1_0_3_allx_typeA_150
INFO: [VRFC 10-311] analyzing module ila_0_ltlib_v1_0_3_allx_typeA_157
INFO: [VRFC 10-311] analyzing module ila_0_ltlib_v1_0_3_allx_typeA_164
INFO: [VRFC 10-311] analyzing module ila_0_ltlib_v1_0_3_allx_typeA_171
INFO: [VRFC 10-311] analyzing module ila_0_ltlib_v1_0_3_allx_typeA_178
INFO: [VRFC 10-311] analyzing module ila_0_ltlib_v1_0_3_allx_typeA_185
INFO: [VRFC 10-311] analyzing module ila_0_ltlib_v1_0_3_allx_typeA_192
INFO: [VRFC 10-311] analyzing module ila_0_ltlib_v1_0_3_allx_typeA_199
INFO: [VRFC 10-311] analyzing module ila_0_ltlib_v1_0_3_allx_typeA_206
INFO: [VRFC 10-311] analyzing module ila_0_ltlib_v1_0_3_allx_typeA_213
INFO: [VRFC 10-311] analyzing module ila_0_ltlib_v1_0_3_allx_typeA_220
INFO: [VRFC 10-311] analyzing module ila_0_ltlib_v1_0_3_allx_typeA_227
INFO: [VRFC 10-311] analyzing module ila_0_ltlib_v1_0_3_allx_typeA_234
INFO: [VRFC 10-311] analyzing module ila_0_ltlib_v1_0_3_allx_typeA_241
INFO: [VRFC 10-311] analyzing module ila_0_ltlib_v1_0_3_allx_typeA_248
INFO: [VRFC 10-311] analyzing module ila_0_ltlib_v1_0_3_allx_typeA_255
INFO: [VRFC 10-311] analyzing module ila_0_ltlib_v1_0_3_allx_typeA_262
INFO: [VRFC 10-311] analyzing module ila_0_ltlib_v1_0_3_allx_typeA_269
INFO: [VRFC 10-311] analyzing module ila_0_ltlib_v1_0_3_allx_typeA_276
INFO: [VRFC 10-311] analyzing module ila_0_ltlib_v1_0_3_allx_typeA_283
INFO: [VRFC 10-311] analyzing module ila_0_ltlib_v1_0_3_allx_typeA_290
INFO: [VRFC 10-311] analyzing module ila_0_ltlib_v1_0_3_allx_typeA_297
INFO: [VRFC 10-311] analyzing module ila_0_ltlib_v1_0_3_allx_typeA_304
INFO: [VRFC 10-311] analyzing module ila_0_ltlib_v1_0_3_allx_typeA_311
INFO: [VRFC 10-311] analyzing module ila_0_ltlib_v1_0_3_allx_typeA_318
INFO: [VRFC 10-311] analyzing module ila_0_ltlib_v1_0_3_allx_typeA_325
INFO: [VRFC 10-311] analyzing module ila_0_ltlib_v1_0_3_allx_typeA__parameterized0
INFO: [VRFC 10-311] analyzing module ila_0_ltlib_v1_0_3_allx_typeA__parameterized0_101
INFO: [VRFC 10-311] analyzing module ila_0_ltlib_v1_0_3_allx_typeA__parameterized0_11
INFO: [VRFC 10-311] analyzing module ila_0_ltlib_v1_0_3_allx_typeA__parameterized0_14
INFO: [VRFC 10-311] analyzing module ila_0_ltlib_v1_0_3_allx_typeA__parameterized0_17
INFO: [VRFC 10-311] analyzing module ila_0_ltlib_v1_0_3_allx_typeA__parameterized0_20
INFO: [VRFC 10-311] analyzing module ila_0_ltlib_v1_0_3_allx_typeA__parameterized0_23
INFO: [VRFC 10-311] analyzing module ila_0_ltlib_v1_0_3_allx_typeA__parameterized0_26
INFO: [VRFC 10-311] analyzing module ila_0_ltlib_v1_0_3_allx_typeA__parameterized0_29
INFO: [VRFC 10-311] analyzing module ila_0_ltlib_v1_0_3_allx_typeA__parameterized0_32
INFO: [VRFC 10-311] analyzing module ila_0_ltlib_v1_0_3_allx_typeA__parameterized0_35
INFO: [VRFC 10-311] analyzing module ila_0_ltlib_v1_0_3_allx_typeA__parameterized0_38
INFO: [VRFC 10-311] analyzing module ila_0_ltlib_v1_0_3_allx_typeA__parameterized0_41
INFO: [VRFC 10-311] analyzing module ila_0_ltlib_v1_0_3_allx_typeA__parameterized0_44
INFO: [VRFC 10-311] analyzing module ila_0_ltlib_v1_0_3_allx_typeA__parameterized0_47
INFO: [VRFC 10-311] analyzing module ila_0_ltlib_v1_0_3_allx_typeA__parameterized0_50
INFO: [VRFC 10-311] analyzing module ila_0_ltlib_v1_0_3_allx_typeA__parameterized0_53
INFO: [VRFC 10-311] analyzing module ila_0_ltlib_v1_0_3_allx_typeA__parameterized0_56
INFO: [VRFC 10-311] analyzing module ila_0_ltlib_v1_0_3_allx_typeA__parameterized0_59
INFO: [VRFC 10-311] analyzing module ila_0_ltlib_v1_0_3_allx_typeA__parameterized0_62
INFO: [VRFC 10-311] analyzing module ila_0_ltlib_v1_0_3_allx_typeA__parameterized0_65
INFO: [VRFC 10-311] analyzing module ila_0_ltlib_v1_0_3_allx_typeA__parameterized0_68
INFO: [VRFC 10-311] analyzing module ila_0_ltlib_v1_0_3_allx_typeA__parameterized0_71
INFO: [VRFC 10-311] analyzing module ila_0_ltlib_v1_0_3_allx_typeA__parameterized0_74
INFO: [VRFC 10-311] analyzing module ila_0_ltlib_v1_0_3_allx_typeA__parameterized0_77
INFO: [VRFC 10-311] analyzing module ila_0_ltlib_v1_0_3_allx_typeA__parameterized0_80
INFO: [VRFC 10-311] analyzing module ila_0_ltlib_v1_0_3_allx_typeA__parameterized0_83
INFO: [VRFC 10-311] analyzing module ila_0_ltlib_v1_0_3_allx_typeA__parameterized0_86
INFO: [VRFC 10-311] analyzing module ila_0_ltlib_v1_0_3_allx_typeA__parameterized0_89
INFO: [VRFC 10-311] analyzing module ila_0_ltlib_v1_0_3_allx_typeA__parameterized0_92
INFO: [VRFC 10-311] analyzing module ila_0_ltlib_v1_0_3_allx_typeA__parameterized0_95
INFO: [VRFC 10-311] analyzing module ila_0_ltlib_v1_0_3_allx_typeA__parameterized0_98
INFO: [VRFC 10-311] analyzing module ila_0_ltlib_v1_0_3_allx_typeA__parameterized1
INFO: [VRFC 10-311] analyzing module ila_0_ltlib_v1_0_3_allx_typeA__parameterized1_0
INFO: [VRFC 10-311] analyzing module ila_0_ltlib_v1_0_3_allx_typeA__parameterized1_3
INFO: [VRFC 10-311] analyzing module ila_0_ltlib_v1_0_3_allx_typeA__parameterized1_6
INFO: [VRFC 10-311] analyzing module ila_0_ltlib_v1_0_3_allx_typeA_nodelay
INFO: [VRFC 10-311] analyzing module ila_0_ltlib_v1_0_3_allx_typeA_nodelay_352
INFO: [VRFC 10-311] analyzing module ila_0_ltlib_v1_0_3_allx_typeA_nodelay_356
INFO: [VRFC 10-311] analyzing module ila_0_ltlib_v1_0_3_async_edge_xfer
INFO: [VRFC 10-311] analyzing module ila_0_ltlib_v1_0_3_async_edge_xfer__1
INFO: [VRFC 10-311] analyzing module ila_0_ltlib_v1_0_3_async_edge_xfer__2
INFO: [VRFC 10-311] analyzing module ila_0_ltlib_v1_0_3_async_edge_xfer__3
INFO: [VRFC 10-311] analyzing module ila_0_ltlib_v1_0_3_cfglut4
INFO: [VRFC 10-311] analyzing module ila_0_ltlib_v1_0_3_cfglut4__1
INFO: [VRFC 10-311] analyzing module ila_0_ltlib_v1_0_3_cfglut5
INFO: [VRFC 10-311] analyzing module ila_0_ltlib_v1_0_3_cfglut5__1
INFO: [VRFC 10-311] analyzing module ila_0_ltlib_v1_0_3_cfglut5__2
INFO: [VRFC 10-311] analyzing module ila_0_ltlib_v1_0_3_cfglut6
INFO: [VRFC 10-311] analyzing module ila_0_ltlib_v1_0_3_cfglut6__1
INFO: [VRFC 10-311] analyzing module ila_0_ltlib_v1_0_3_cfglut6__parameterized0
INFO: [VRFC 10-311] analyzing module ila_0_ltlib_v1_0_3_cfglut7
INFO: [VRFC 10-311] analyzing module ila_0_ltlib_v1_0_3_cfglut7__1
INFO: [VRFC 10-311] analyzing module ila_0_ltlib_v1_0_3_generic_memrd
INFO: [VRFC 10-311] analyzing module ila_0_ltlib_v1_0_3_match
INFO: [VRFC 10-311] analyzing module ila_0_ltlib_v1_0_3_match__1
INFO: [VRFC 10-311] analyzing module ila_0_ltlib_v1_0_3_match__10
INFO: [VRFC 10-311] analyzing module ila_0_ltlib_v1_0_3_match__11
INFO: [VRFC 10-311] analyzing module ila_0_ltlib_v1_0_3_match__12
INFO: [VRFC 10-311] analyzing module ila_0_ltlib_v1_0_3_match__13
INFO: [VRFC 10-311] analyzing module ila_0_ltlib_v1_0_3_match__14
INFO: [VRFC 10-311] analyzing module ila_0_ltlib_v1_0_3_match__15
INFO: [VRFC 10-311] analyzing module ila_0_ltlib_v1_0_3_match__16
INFO: [VRFC 10-311] analyzing module ila_0_ltlib_v1_0_3_match__17
INFO: [VRFC 10-311] analyzing module ila_0_ltlib_v1_0_3_match__18
INFO: [VRFC 10-311] analyzing module ila_0_ltlib_v1_0_3_match__19
INFO: [VRFC 10-311] analyzing module ila_0_ltlib_v1_0_3_match__2
INFO: [VRFC 10-311] analyzing module ila_0_ltlib_v1_0_3_match__20
INFO: [VRFC 10-311] analyzing module ila_0_ltlib_v1_0_3_match__21
INFO: [VRFC 10-311] analyzing module ila_0_ltlib_v1_0_3_match__22
INFO: [VRFC 10-311] analyzing module ila_0_ltlib_v1_0_3_match__23
INFO: [VRFC 10-311] analyzing module ila_0_ltlib_v1_0_3_match__24
INFO: [VRFC 10-311] analyzing module ila_0_ltlib_v1_0_3_match__25
INFO: [VRFC 10-311] analyzing module ila_0_ltlib_v1_0_3_match__26
INFO: [VRFC 10-311] analyzing module ila_0_ltlib_v1_0_3_match__27
INFO: [VRFC 10-311] analyzing module ila_0_ltlib_v1_0_3_match__28
INFO: [VRFC 10-311] analyzing module ila_0_ltlib_v1_0_3_match__29
INFO: [VRFC 10-311] analyzing module ila_0_ltlib_v1_0_3_match__3
INFO: [VRFC 10-311] analyzing module ila_0_ltlib_v1_0_3_match__30
INFO: [VRFC 10-311] analyzing module ila_0_ltlib_v1_0_3_match__31
INFO: [VRFC 10-311] analyzing module ila_0_ltlib_v1_0_3_match__32
INFO: [VRFC 10-311] analyzing module ila_0_ltlib_v1_0_3_match__4
INFO: [VRFC 10-311] analyzing module ila_0_ltlib_v1_0_3_match__5
INFO: [VRFC 10-311] analyzing module ila_0_ltlib_v1_0_3_match__6
INFO: [VRFC 10-311] analyzing module ila_0_ltlib_v1_0_3_match__7
INFO: [VRFC 10-311] analyzing module ila_0_ltlib_v1_0_3_match__8
INFO: [VRFC 10-311] analyzing module ila_0_ltlib_v1_0_3_match__9
INFO: [VRFC 10-311] analyzing module ila_0_ltlib_v1_0_3_match__parameterized0
INFO: [VRFC 10-311] analyzing module ila_0_ltlib_v1_0_3_match__parameterized0__1
INFO: [VRFC 10-311] analyzing module ila_0_ltlib_v1_0_3_match__parameterized0__10
INFO: [VRFC 10-311] analyzing module ila_0_ltlib_v1_0_3_match__parameterized0__11
INFO: [VRFC 10-311] analyzing module ila_0_ltlib_v1_0_3_match__parameterized0__12
INFO: [VRFC 10-311] analyzing module ila_0_ltlib_v1_0_3_match__parameterized0__13
INFO: [VRFC 10-311] analyzing module ila_0_ltlib_v1_0_3_match__parameterized0__14
INFO: [VRFC 10-311] analyzing module ila_0_ltlib_v1_0_3_match__parameterized0__15
INFO: [VRFC 10-311] analyzing module ila_0_ltlib_v1_0_3_match__parameterized0__16
INFO: [VRFC 10-311] analyzing module ila_0_ltlib_v1_0_3_match__parameterized0__17
INFO: [VRFC 10-311] analyzing module ila_0_ltlib_v1_0_3_match__parameterized0__18
INFO: [VRFC 10-311] analyzing module ila_0_ltlib_v1_0_3_match__parameterized0__19
INFO: [VRFC 10-311] analyzing module ila_0_ltlib_v1_0_3_match__parameterized0__2
INFO: [VRFC 10-311] analyzing module ila_0_ltlib_v1_0_3_match__parameterized0__20
INFO: [VRFC 10-311] analyzing module ila_0_ltlib_v1_0_3_match__parameterized0__21
INFO: [VRFC 10-311] analyzing module ila_0_ltlib_v1_0_3_match__parameterized0__22
INFO: [VRFC 10-311] analyzing module ila_0_ltlib_v1_0_3_match__parameterized0__23
INFO: [VRFC 10-311] analyzing module ila_0_ltlib_v1_0_3_match__parameterized0__24
INFO: [VRFC 10-311] analyzing module ila_0_ltlib_v1_0_3_match__parameterized0__25
INFO: [VRFC 10-311] analyzing module ila_0_ltlib_v1_0_3_match__parameterized0__26
INFO: [VRFC 10-311] analyzing module ila_0_ltlib_v1_0_3_match__parameterized0__27
INFO: [VRFC 10-311] analyzing module ila_0_ltlib_v1_0_3_match__parameterized0__28
INFO: [VRFC 10-311] analyzing module ila_0_ltlib_v1_0_3_match__parameterized0__29
INFO: [VRFC 10-311] analyzing module ila_0_ltlib_v1_0_3_match__parameterized0__3
INFO: [VRFC 10-311] analyzing module ila_0_ltlib_v1_0_3_match__parameterized0__30
INFO: [VRFC 10-311] analyzing module ila_0_ltlib_v1_0_3_match__parameterized0__31
INFO: [VRFC 10-311] analyzing module ila_0_ltlib_v1_0_3_match__parameterized0__4
INFO: [VRFC 10-311] analyzing module ila_0_ltlib_v1_0_3_match__parameterized0__5
INFO: [VRFC 10-311] analyzing module ila_0_ltlib_v1_0_3_match__parameterized0__6
INFO: [VRFC 10-311] analyzing module ila_0_ltlib_v1_0_3_match__parameterized0__7
INFO: [VRFC 10-311] analyzing module ila_0_ltlib_v1_0_3_match__parameterized0__8
INFO: [VRFC 10-311] analyzing module ila_0_ltlib_v1_0_3_match__parameterized0__9
INFO: [VRFC 10-311] analyzing module ila_0_ltlib_v1_0_3_match__parameterized1
INFO: [VRFC 10-311] analyzing module ila_0_ltlib_v1_0_3_match__parameterized1__1
INFO: [VRFC 10-311] analyzing module ila_0_ltlib_v1_0_3_match__parameterized1__2
INFO: [VRFC 10-311] analyzing module ila_0_ltlib_v1_0_3_match__parameterized1__3
INFO: [VRFC 10-311] analyzing module ila_0_ltlib_v1_0_3_match_nodelay
INFO: [VRFC 10-311] analyzing module ila_0_ltlib_v1_0_3_match_nodelay__1
INFO: [VRFC 10-311] analyzing module ila_0_ltlib_v1_0_3_match_nodelay__2
INFO: [VRFC 10-311] analyzing module ila_0_ltlib_v1_0_3_rising_edge_detection
INFO: [VRFC 10-311] analyzing module ila_0_ltlib_v1_0_3_rising_edge_detection__1
INFO: [VRFC 10-311] analyzing module ila_0_xsdbs_v1_0_5_reg__parameterized63
INFO: [VRFC 10-311] analyzing module ila_0_xsdbs_v1_0_5_reg__parameterized64
INFO: [VRFC 10-311] analyzing module ila_0_xsdbs_v1_0_5_reg__parameterized65
INFO: [VRFC 10-311] analyzing module ila_0_xsdbs_v1_0_5_reg__parameterized66
INFO: [VRFC 10-311] analyzing module ila_0_xsdbs_v1_0_5_reg__parameterized78
INFO: [VRFC 10-311] analyzing module ila_0_xsdbs_v1_0_5_reg__parameterized79
INFO: [VRFC 10-311] analyzing module ila_0_xsdbs_v1_0_5_reg__parameterized80
INFO: [VRFC 10-311] analyzing module ila_0_xsdbs_v1_0_5_reg__parameterized81
INFO: [VRFC 10-311] analyzing module ila_0_xsdbs_v1_0_5_reg__parameterized82
INFO: [VRFC 10-311] analyzing module ila_0_xsdbs_v1_0_5_reg__parameterized83
INFO: [VRFC 10-311] analyzing module ila_0_xsdbs_v1_0_5_reg__parameterized84
INFO: [VRFC 10-311] analyzing module ila_0_xsdbs_v1_0_5_reg__parameterized85
INFO: [VRFC 10-311] analyzing module ila_0_xsdbs_v1_0_5_reg__parameterized86
INFO: [VRFC 10-311] analyzing module ila_0_xsdbs_v1_0_5_reg__parameterized87
INFO: [VRFC 10-311] analyzing module ila_0_xsdbs_v1_0_5_reg__parameterized88
INFO: [VRFC 10-311] analyzing module ila_0_xsdbs_v1_0_5_reg__parameterized89
INFO: [VRFC 10-311] analyzing module ila_0_xsdbs_v1_0_5_reg__parameterized91
INFO: [VRFC 10-311] analyzing module ila_0_xsdbs_v1_0_5_reg__parameterized93
INFO: [VRFC 10-311] analyzing module ila_0_xsdbs_v1_0_5_reg__parameterized94
INFO: [VRFC 10-311] analyzing module ila_0_xsdbs_v1_0_5_reg__parameterized95
INFO: [VRFC 10-311] analyzing module ila_0_xsdbs_v1_0_5_reg__parameterized96
INFO: [VRFC 10-311] analyzing module ila_0_xsdbs_v1_0_5_reg_ctl
INFO: [VRFC 10-311] analyzing module ila_0_xsdbs_v1_0_5_reg_ctl_337
INFO: [VRFC 10-311] analyzing module ila_0_xsdbs_v1_0_5_reg_ctl_338
INFO: [VRFC 10-311] analyzing module ila_0_xsdbs_v1_0_5_reg_ctl_339
INFO: [VRFC 10-311] analyzing module ila_0_xsdbs_v1_0_5_reg_ctl_340
INFO: [VRFC 10-311] analyzing module ila_0_xsdbs_v1_0_5_reg_ctl_342
INFO: [VRFC 10-311] analyzing module ila_0_xsdbs_v1_0_5_reg_ctl_343
INFO: [VRFC 10-311] analyzing module ila_0_xsdbs_v1_0_5_reg_ctl_344
INFO: [VRFC 10-311] analyzing module ila_0_xsdbs_v1_0_5_reg_ctl_345
INFO: [VRFC 10-311] analyzing module ila_0_xsdbs_v1_0_5_reg_ctl_346
INFO: [VRFC 10-311] analyzing module ila_0_xsdbs_v1_0_5_reg_ctl_349
INFO: [VRFC 10-311] analyzing module ila_0_xsdbs_v1_0_5_reg_ctl_350
INFO: [VRFC 10-311] analyzing module ila_0_xsdbs_v1_0_5_reg_ctl__parameterized0
INFO: [VRFC 10-311] analyzing module ila_0_xsdbs_v1_0_5_reg_ctl__parameterized1
INFO: [VRFC 10-311] analyzing module ila_0_xsdbs_v1_0_5_reg_ctl__parameterized2
INFO: [VRFC 10-311] analyzing module ila_0_xsdbs_v1_0_5_reg_ctl__parameterized2_341
INFO: [VRFC 10-311] analyzing module ila_0_xsdbs_v1_0_5_reg_p2s
INFO: [VRFC 10-311] analyzing module ila_0_xsdbs_v1_0_5_reg_p2s__parameterized0
INFO: [VRFC 10-311] analyzing module ila_0_xsdbs_v1_0_5_reg_p2s__parameterized1
INFO: [VRFC 10-311] analyzing module ila_0_xsdbs_v1_0_5_reg_p2s__parameterized10
INFO: [VRFC 10-311] analyzing module ila_0_xsdbs_v1_0_5_reg_p2s__parameterized11
INFO: [VRFC 10-311] analyzing module ila_0_xsdbs_v1_0_5_reg_p2s__parameterized12
INFO: [VRFC 10-311] analyzing module ila_0_xsdbs_v1_0_5_reg_p2s__parameterized13
INFO: [VRFC 10-311] analyzing module ila_0_xsdbs_v1_0_5_reg_p2s__parameterized14
INFO: [VRFC 10-311] analyzing module ila_0_xsdbs_v1_0_5_reg_p2s__parameterized15
INFO: [VRFC 10-311] analyzing module ila_0_xsdbs_v1_0_5_reg_p2s__parameterized16
INFO: [VRFC 10-311] analyzing module ila_0_xsdbs_v1_0_5_reg_p2s__parameterized17
INFO: [VRFC 10-311] analyzing module ila_0_xsdbs_v1_0_5_reg_p2s__parameterized18
INFO: [VRFC 10-311] analyzing module ila_0_xsdbs_v1_0_5_reg_p2s__parameterized19
INFO: [VRFC 10-311] analyzing module ila_0_xsdbs_v1_0_5_reg_p2s__parameterized2
INFO: [VRFC 10-311] analyzing module ila_0_xsdbs_v1_0_5_reg_p2s__parameterized20
INFO: [VRFC 10-311] analyzing module ila_0_xsdbs_v1_0_5_reg_p2s__parameterized21
INFO: [VRFC 10-311] analyzing module ila_0_xsdbs_v1_0_5_reg_p2s__parameterized22
INFO: [VRFC 10-311] analyzing module ila_0_xsdbs_v1_0_5_reg_p2s__parameterized23
INFO: [VRFC 10-311] analyzing module ila_0_xsdbs_v1_0_5_reg_p2s__parameterized24
INFO: [VRFC 10-311] analyzing module ila_0_xsdbs_v1_0_5_reg_p2s__parameterized25
INFO: [VRFC 10-311] analyzing module ila_0_xsdbs_v1_0_5_reg_p2s__parameterized26
INFO: [VRFC 10-311] analyzing module ila_0_xsdbs_v1_0_5_reg_p2s__parameterized27
INFO: [VRFC 10-311] analyzing module ila_0_xsdbs_v1_0_5_reg_p2s__parameterized28
INFO: [VRFC 10-311] analyzing module ila_0_xsdbs_v1_0_5_reg_p2s__parameterized29
INFO: [VRFC 10-311] analyzing module ila_0_xsdbs_v1_0_5_reg_p2s__parameterized3
INFO: [VRFC 10-311] analyzing module ila_0_xsdbs_v1_0_5_reg_p2s__parameterized30
INFO: [VRFC 10-311] analyzing module ila_0_xsdbs_v1_0_5_reg_p2s__parameterized31
INFO: [VRFC 10-311] analyzing module ila_0_xsdbs_v1_0_5_reg_p2s__parameterized32
INFO: [VRFC 10-311] analyzing module ila_0_xsdbs_v1_0_5_reg_p2s__parameterized33
INFO: [VRFC 10-311] analyzing module ila_0_xsdbs_v1_0_5_reg_p2s__parameterized34
INFO: [VRFC 10-311] analyzing module ila_0_xsdbs_v1_0_5_reg_p2s__parameterized35
INFO: [VRFC 10-311] analyzing module ila_0_xsdbs_v1_0_5_reg_p2s__parameterized36
INFO: [VRFC 10-311] analyzing module ila_0_xsdbs_v1_0_5_reg_p2s__parameterized37
INFO: [VRFC 10-311] analyzing module ila_0_xsdbs_v1_0_5_reg_p2s__parameterized38
INFO: [VRFC 10-311] analyzing module ila_0_xsdbs_v1_0_5_reg_p2s__parameterized39
INFO: [VRFC 10-311] analyzing module ila_0_xsdbs_v1_0_5_reg_p2s__parameterized4
INFO: [VRFC 10-311] analyzing module ila_0_xsdbs_v1_0_5_reg_p2s__parameterized40
INFO: [VRFC 10-311] analyzing module ila_0_xsdbs_v1_0_5_reg_p2s__parameterized41
INFO: [VRFC 10-311] analyzing module ila_0_xsdbs_v1_0_5_reg_p2s__parameterized42
INFO: [VRFC 10-311] analyzing module ila_0_xsdbs_v1_0_5_reg_p2s__parameterized43
INFO: [VRFC 10-311] analyzing module ila_0_xsdbs_v1_0_5_reg_p2s__parameterized44
INFO: [VRFC 10-311] analyzing module ila_0_xsdbs_v1_0_5_reg_p2s__parameterized45
INFO: [VRFC 10-311] analyzing module ila_0_xsdbs_v1_0_5_reg_p2s__parameterized46
INFO: [VRFC 10-311] analyzing module ila_0_xsdbs_v1_0_5_reg_p2s__parameterized47
INFO: [VRFC 10-311] analyzing module ila_0_xsdbs_v1_0_5_reg_p2s__parameterized48
INFO: [VRFC 10-311] analyzing module ila_0_xsdbs_v1_0_5_reg_p2s__parameterized49
INFO: [VRFC 10-311] analyzing module ila_0_xsdbs_v1_0_5_reg_p2s__parameterized5
INFO: [VRFC 10-311] analyzing module ila_0_xsdbs_v1_0_5_reg_p2s__parameterized50
INFO: [VRFC 10-311] analyzing module ila_0_xsdbs_v1_0_5_reg_p2s__parameterized51
INFO: [VRFC 10-311] analyzing module ila_0_xsdbs_v1_0_5_reg_p2s__parameterized52
INFO: [VRFC 10-311] analyzing module ila_0_xsdbs_v1_0_5_reg_p2s__parameterized53
INFO: [VRFC 10-311] analyzing module ila_0_xsdbs_v1_0_5_reg_p2s__parameterized54
INFO: [VRFC 10-311] analyzing module ila_0_xsdbs_v1_0_5_reg_p2s__parameterized55
INFO: [VRFC 10-311] analyzing module ila_0_xsdbs_v1_0_5_reg_p2s__parameterized56
INFO: [VRFC 10-311] analyzing module ila_0_xsdbs_v1_0_5_reg_p2s__parameterized57
INFO: [VRFC 10-311] analyzing module ila_0_xsdbs_v1_0_5_reg_p2s__parameterized58
INFO: [VRFC 10-311] analyzing module ila_0_xsdbs_v1_0_5_reg_p2s__parameterized59
INFO: [VRFC 10-311] analyzing module ila_0_xsdbs_v1_0_5_reg_p2s__parameterized6
INFO: [VRFC 10-311] analyzing module ila_0_xsdbs_v1_0_5_reg_p2s__parameterized60
INFO: [VRFC 10-311] analyzing module ila_0_xsdbs_v1_0_5_reg_p2s__parameterized61
INFO: [VRFC 10-311] analyzing module ila_0_xsdbs_v1_0_5_reg_p2s__parameterized62
INFO: [VRFC 10-311] analyzing module ila_0_xsdbs_v1_0_5_reg_p2s__parameterized63
INFO: [VRFC 10-311] analyzing module ila_0_xsdbs_v1_0_5_reg_p2s__parameterized64
INFO: [VRFC 10-311] analyzing module ila_0_xsdbs_v1_0_5_reg_p2s__parameterized65
INFO: [VRFC 10-311] analyzing module ila_0_xsdbs_v1_0_5_reg_p2s__parameterized66
INFO: [VRFC 10-311] analyzing module ila_0_xsdbs_v1_0_5_reg_p2s__parameterized67
INFO: [VRFC 10-311] analyzing module ila_0_xsdbs_v1_0_5_reg_p2s__parameterized68
INFO: [VRFC 10-311] analyzing module ila_0_xsdbs_v1_0_5_reg_p2s__parameterized69
INFO: [VRFC 10-311] analyzing module ila_0_xsdbs_v1_0_5_reg_p2s__parameterized7
INFO: [VRFC 10-311] analyzing module ila_0_xsdbs_v1_0_5_reg_p2s__parameterized70
INFO: [VRFC 10-311] analyzing module ila_0_xsdbs_v1_0_5_reg_p2s__parameterized71
INFO: [VRFC 10-311] analyzing module ila_0_xsdbs_v1_0_5_reg_p2s__parameterized72
INFO: [VRFC 10-311] analyzing module ila_0_xsdbs_v1_0_5_reg_p2s__parameterized8
INFO: [VRFC 10-311] analyzing module ila_0_xsdbs_v1_0_5_reg_p2s__parameterized9
INFO: [VRFC 10-311] analyzing module ila_0_xsdbs_v1_0_5_reg_stat
INFO: [VRFC 10-311] analyzing module ila_0_xsdbs_v1_0_5_reg_stat_332
INFO: [VRFC 10-311] analyzing module ila_0_xsdbs_v1_0_5_reg_stat_333
INFO: [VRFC 10-311] analyzing module ila_0_xsdbs_v1_0_5_reg_stat_334
INFO: [VRFC 10-311] analyzing module ila_0_xsdbs_v1_0_5_reg_stat_335
INFO: [VRFC 10-311] analyzing module ila_0_xsdbs_v1_0_5_reg_stat_336
INFO: [VRFC 10-311] analyzing module ila_0_xsdbs_v1_0_5_reg_stat_347
INFO: [VRFC 10-311] analyzing module ila_0_xsdbs_v1_0_5_reg_stat_348
INFO: [VRFC 10-311] analyzing module ila_0_xsdbs_v1_0_5_reg_stat_351
INFO: [VRFC 10-311] analyzing module ila_0_xsdbs_v1_0_5_reg_stream
INFO: [VRFC 10-311] analyzing module ila_0_xsdbs_v1_0_5_reg_stream__parameterized0
INFO: [VRFC 10-311] analyzing module ila_0_xsdbs_v1_0_5_reg_stream__parameterized1
INFO: [VRFC 10-311] analyzing module ila_0_xsdbs_v1_0_5_reg_stream__parameterized2
INFO: [VRFC 10-311] analyzing module ila_0_xsdbs_v1_0_5_xsdbs
INFO: [VRFC 10-311] analyzing module ila_0_blk_mem_gen_v8_4_11
INFO: [VRFC 10-311] analyzing module ila_0_blk_mem_gen_v8_4_11_bindec
INFO: [VRFC 10-311] analyzing module ila_0_blk_mem_gen_v8_4_11_bindec_360
INFO: [VRFC 10-311] analyzing module ila_0_blk_mem_gen_v8_4_11_blk_mem_gen_generic_cstr
INFO: [VRFC 10-311] analyzing module ila_0_blk_mem_gen_v8_4_11_blk_mem_gen_mux__parameterized0
INFO: [VRFC 10-311] analyzing module ila_0_blk_mem_gen_v8_4_11_blk_mem_gen_prim_width
INFO: [VRFC 10-311] analyzing module ila_0_blk_mem_gen_v8_4_11_blk_mem_gen_prim_width__parameterized0
INFO: [VRFC 10-311] analyzing module ila_0_blk_mem_gen_v8_4_11_blk_mem_gen_prim_width__parameterized1
INFO: [VRFC 10-311] analyzing module ila_0_blk_mem_gen_v8_4_11_blk_mem_gen_prim_width__parameterized10
INFO: [VRFC 10-311] analyzing module ila_0_blk_mem_gen_v8_4_11_blk_mem_gen_prim_width__parameterized100
INFO: [VRFC 10-311] analyzing module ila_0_blk_mem_gen_v8_4_11_blk_mem_gen_prim_width__parameterized101
INFO: [VRFC 10-311] analyzing module ila_0_blk_mem_gen_v8_4_11_blk_mem_gen_prim_width__parameterized102
INFO: [VRFC 10-311] analyzing module ila_0_blk_mem_gen_v8_4_11_blk_mem_gen_prim_width__parameterized103
INFO: [VRFC 10-311] analyzing module ila_0_blk_mem_gen_v8_4_11_blk_mem_gen_prim_width__parameterized104
INFO: [VRFC 10-311] analyzing module ila_0_blk_mem_gen_v8_4_11_blk_mem_gen_prim_width__parameterized105
INFO: [VRFC 10-311] analyzing module ila_0_blk_mem_gen_v8_4_11_blk_mem_gen_prim_width__parameterized106
INFO: [VRFC 10-311] analyzing module ila_0_blk_mem_gen_v8_4_11_blk_mem_gen_prim_width__parameterized107
INFO: [VRFC 10-311] analyzing module ila_0_blk_mem_gen_v8_4_11_blk_mem_gen_prim_width__parameterized108
INFO: [VRFC 10-311] analyzing module ila_0_blk_mem_gen_v8_4_11_blk_mem_gen_prim_width__parameterized109
INFO: [VRFC 10-311] analyzing module ila_0_blk_mem_gen_v8_4_11_blk_mem_gen_prim_width__parameterized11
INFO: [VRFC 10-311] analyzing module ila_0_blk_mem_gen_v8_4_11_blk_mem_gen_prim_width__parameterized110
INFO: [VRFC 10-311] analyzing module ila_0_blk_mem_gen_v8_4_11_blk_mem_gen_prim_width__parameterized111
INFO: [VRFC 10-311] analyzing module ila_0_blk_mem_gen_v8_4_11_blk_mem_gen_prim_width__parameterized112
INFO: [VRFC 10-311] analyzing module ila_0_blk_mem_gen_v8_4_11_blk_mem_gen_prim_width__parameterized113
INFO: [VRFC 10-311] analyzing module ila_0_blk_mem_gen_v8_4_11_blk_mem_gen_prim_width__parameterized114
INFO: [VRFC 10-311] analyzing module ila_0_blk_mem_gen_v8_4_11_blk_mem_gen_prim_width__parameterized115
INFO: [VRFC 10-311] analyzing module ila_0_blk_mem_gen_v8_4_11_blk_mem_gen_prim_width__parameterized12
INFO: [VRFC 10-311] analyzing module ila_0_blk_mem_gen_v8_4_11_blk_mem_gen_prim_width__parameterized13
INFO: [VRFC 10-311] analyzing module ila_0_blk_mem_gen_v8_4_11_blk_mem_gen_prim_width__parameterized14
INFO: [VRFC 10-311] analyzing module ila_0_blk_mem_gen_v8_4_11_blk_mem_gen_prim_width__parameterized15
INFO: [VRFC 10-311] analyzing module ila_0_blk_mem_gen_v8_4_11_blk_mem_gen_prim_width__parameterized16
INFO: [VRFC 10-311] analyzing module ila_0_blk_mem_gen_v8_4_11_blk_mem_gen_prim_width__parameterized17
INFO: [VRFC 10-311] analyzing module ila_0_blk_mem_gen_v8_4_11_blk_mem_gen_prim_width__parameterized18
INFO: [VRFC 10-311] analyzing module ila_0_blk_mem_gen_v8_4_11_blk_mem_gen_prim_width__parameterized19
INFO: [VRFC 10-311] analyzing module ila_0_blk_mem_gen_v8_4_11_blk_mem_gen_prim_width__parameterized2
INFO: [VRFC 10-311] analyzing module ila_0_blk_mem_gen_v8_4_11_blk_mem_gen_prim_width__parameterized20
INFO: [VRFC 10-311] analyzing module ila_0_blk_mem_gen_v8_4_11_blk_mem_gen_prim_width__parameterized21
INFO: [VRFC 10-311] analyzing module ila_0_blk_mem_gen_v8_4_11_blk_mem_gen_prim_width__parameterized22
INFO: [VRFC 10-311] analyzing module ila_0_blk_mem_gen_v8_4_11_blk_mem_gen_prim_width__parameterized23
INFO: [VRFC 10-311] analyzing module ila_0_blk_mem_gen_v8_4_11_blk_mem_gen_prim_width__parameterized24
INFO: [VRFC 10-311] analyzing module ila_0_blk_mem_gen_v8_4_11_blk_mem_gen_prim_width__parameterized25
INFO: [VRFC 10-311] analyzing module ila_0_blk_mem_gen_v8_4_11_blk_mem_gen_prim_width__parameterized26
INFO: [VRFC 10-311] analyzing module ila_0_blk_mem_gen_v8_4_11_blk_mem_gen_prim_width__parameterized27
INFO: [VRFC 10-311] analyzing module ila_0_blk_mem_gen_v8_4_11_blk_mem_gen_prim_width__parameterized28
INFO: [VRFC 10-311] analyzing module ila_0_blk_mem_gen_v8_4_11_blk_mem_gen_prim_width__parameterized29
INFO: [VRFC 10-311] analyzing module ila_0_blk_mem_gen_v8_4_11_blk_mem_gen_prim_width__parameterized3
INFO: [VRFC 10-311] analyzing module ila_0_blk_mem_gen_v8_4_11_blk_mem_gen_prim_width__parameterized30
INFO: [VRFC 10-311] analyzing module ila_0_blk_mem_gen_v8_4_11_blk_mem_gen_prim_width__parameterized31
INFO: [VRFC 10-311] analyzing module ila_0_blk_mem_gen_v8_4_11_blk_mem_gen_prim_width__parameterized32
INFO: [VRFC 10-311] analyzing module ila_0_blk_mem_gen_v8_4_11_blk_mem_gen_prim_width__parameterized33
INFO: [VRFC 10-311] analyzing module ila_0_blk_mem_gen_v8_4_11_blk_mem_gen_prim_width__parameterized34
INFO: [VRFC 10-311] analyzing module ila_0_blk_mem_gen_v8_4_11_blk_mem_gen_prim_width__parameterized35
INFO: [VRFC 10-311] analyzing module ila_0_blk_mem_gen_v8_4_11_blk_mem_gen_prim_width__parameterized36
INFO: [VRFC 10-311] analyzing module ila_0_blk_mem_gen_v8_4_11_blk_mem_gen_prim_width__parameterized37
INFO: [VRFC 10-311] analyzing module ila_0_blk_mem_gen_v8_4_11_blk_mem_gen_prim_width__parameterized38
INFO: [VRFC 10-311] analyzing module ila_0_blk_mem_gen_v8_4_11_blk_mem_gen_prim_width__parameterized39
INFO: [VRFC 10-311] analyzing module ila_0_blk_mem_gen_v8_4_11_blk_mem_gen_prim_width__parameterized4
INFO: [VRFC 10-311] analyzing module ila_0_blk_mem_gen_v8_4_11_blk_mem_gen_prim_width__parameterized40
INFO: [VRFC 10-311] analyzing module ila_0_blk_mem_gen_v8_4_11_blk_mem_gen_prim_width__parameterized41
INFO: [VRFC 10-311] analyzing module ila_0_blk_mem_gen_v8_4_11_blk_mem_gen_prim_width__parameterized42
INFO: [VRFC 10-311] analyzing module ila_0_blk_mem_gen_v8_4_11_blk_mem_gen_prim_width__parameterized43
INFO: [VRFC 10-311] analyzing module ila_0_blk_mem_gen_v8_4_11_blk_mem_gen_prim_width__parameterized44
INFO: [VRFC 10-311] analyzing module ila_0_blk_mem_gen_v8_4_11_blk_mem_gen_prim_width__parameterized45
INFO: [VRFC 10-311] analyzing module ila_0_blk_mem_gen_v8_4_11_blk_mem_gen_prim_width__parameterized46
INFO: [VRFC 10-311] analyzing module ila_0_blk_mem_gen_v8_4_11_blk_mem_gen_prim_width__parameterized47
INFO: [VRFC 10-311] analyzing module ila_0_blk_mem_gen_v8_4_11_blk_mem_gen_prim_width__parameterized48
INFO: [VRFC 10-311] analyzing module ila_0_blk_mem_gen_v8_4_11_blk_mem_gen_prim_width__parameterized49
INFO: [VRFC 10-311] analyzing module ila_0_blk_mem_gen_v8_4_11_blk_mem_gen_prim_width__parameterized5
INFO: [VRFC 10-311] analyzing module ila_0_blk_mem_gen_v8_4_11_blk_mem_gen_prim_width__parameterized50
INFO: [VRFC 10-311] analyzing module ila_0_blk_mem_gen_v8_4_11_blk_mem_gen_prim_width__parameterized51
INFO: [VRFC 10-311] analyzing module ila_0_blk_mem_gen_v8_4_11_blk_mem_gen_prim_width__parameterized52
INFO: [VRFC 10-311] analyzing module ila_0_blk_mem_gen_v8_4_11_blk_mem_gen_prim_width__parameterized53
INFO: [VRFC 10-311] analyzing module ila_0_blk_mem_gen_v8_4_11_blk_mem_gen_prim_width__parameterized54
INFO: [VRFC 10-311] analyzing module ila_0_blk_mem_gen_v8_4_11_blk_mem_gen_prim_width__parameterized55
INFO: [VRFC 10-311] analyzing module ila_0_blk_mem_gen_v8_4_11_blk_mem_gen_prim_width__parameterized56
INFO: [VRFC 10-311] analyzing module ila_0_blk_mem_gen_v8_4_11_blk_mem_gen_prim_width__parameterized57
INFO: [VRFC 10-311] analyzing module ila_0_blk_mem_gen_v8_4_11_blk_mem_gen_prim_width__parameterized58
INFO: [VRFC 10-311] analyzing module ila_0_blk_mem_gen_v8_4_11_blk_mem_gen_prim_width__parameterized59
INFO: [VRFC 10-311] analyzing module ila_0_blk_mem_gen_v8_4_11_blk_mem_gen_prim_width__parameterized6
INFO: [VRFC 10-311] analyzing module ila_0_blk_mem_gen_v8_4_11_blk_mem_gen_prim_width__parameterized60
INFO: [VRFC 10-311] analyzing module ila_0_blk_mem_gen_v8_4_11_blk_mem_gen_prim_width__parameterized61
INFO: [VRFC 10-311] analyzing module ila_0_blk_mem_gen_v8_4_11_blk_mem_gen_prim_width__parameterized62
INFO: [VRFC 10-311] analyzing module ila_0_blk_mem_gen_v8_4_11_blk_mem_gen_prim_width__parameterized63
INFO: [VRFC 10-311] analyzing module ila_0_blk_mem_gen_v8_4_11_blk_mem_gen_prim_width__parameterized64
INFO: [VRFC 10-311] analyzing module ila_0_blk_mem_gen_v8_4_11_blk_mem_gen_prim_width__parameterized65
INFO: [VRFC 10-311] analyzing module ila_0_blk_mem_gen_v8_4_11_blk_mem_gen_prim_width__parameterized66
INFO: [VRFC 10-311] analyzing module ila_0_blk_mem_gen_v8_4_11_blk_mem_gen_prim_width__parameterized67
INFO: [VRFC 10-311] analyzing module ila_0_blk_mem_gen_v8_4_11_blk_mem_gen_prim_width__parameterized68
INFO: [VRFC 10-311] analyzing module ila_0_blk_mem_gen_v8_4_11_blk_mem_gen_prim_width__parameterized69
INFO: [VRFC 10-311] analyzing module ila_0_blk_mem_gen_v8_4_11_blk_mem_gen_prim_width__parameterized7
INFO: [VRFC 10-311] analyzing module ila_0_blk_mem_gen_v8_4_11_blk_mem_gen_prim_width__parameterized70
INFO: [VRFC 10-311] analyzing module ila_0_blk_mem_gen_v8_4_11_blk_mem_gen_prim_width__parameterized71
INFO: [VRFC 10-311] analyzing module ila_0_blk_mem_gen_v8_4_11_blk_mem_gen_prim_width__parameterized72
INFO: [VRFC 10-311] analyzing module ila_0_blk_mem_gen_v8_4_11_blk_mem_gen_prim_width__parameterized73
INFO: [VRFC 10-311] analyzing module ila_0_blk_mem_gen_v8_4_11_blk_mem_gen_prim_width__parameterized74
INFO: [VRFC 10-311] analyzing module ila_0_blk_mem_gen_v8_4_11_blk_mem_gen_prim_width__parameterized75
INFO: [VRFC 10-311] analyzing module ila_0_blk_mem_gen_v8_4_11_blk_mem_gen_prim_width__parameterized76
INFO: [VRFC 10-311] analyzing module ila_0_blk_mem_gen_v8_4_11_blk_mem_gen_prim_width__parameterized77
INFO: [VRFC 10-311] analyzing module ila_0_blk_mem_gen_v8_4_11_blk_mem_gen_prim_width__parameterized78
INFO: [VRFC 10-311] analyzing module ila_0_blk_mem_gen_v8_4_11_blk_mem_gen_prim_width__parameterized79
INFO: [VRFC 10-311] analyzing module ila_0_blk_mem_gen_v8_4_11_blk_mem_gen_prim_width__parameterized8
INFO: [VRFC 10-311] analyzing module ila_0_blk_mem_gen_v8_4_11_blk_mem_gen_prim_width__parameterized80
INFO: [VRFC 10-311] analyzing module ila_0_blk_mem_gen_v8_4_11_blk_mem_gen_prim_width__parameterized81
INFO: [VRFC 10-311] analyzing module ila_0_blk_mem_gen_v8_4_11_blk_mem_gen_prim_width__parameterized82
INFO: [VRFC 10-311] analyzing module ila_0_blk_mem_gen_v8_4_11_blk_mem_gen_prim_width__parameterized83
INFO: [VRFC 10-311] analyzing module ila_0_blk_mem_gen_v8_4_11_blk_mem_gen_prim_width__parameterized84
INFO: [VRFC 10-311] analyzing module ila_0_blk_mem_gen_v8_4_11_blk_mem_gen_prim_width__parameterized85
INFO: [VRFC 10-311] analyzing module ila_0_blk_mem_gen_v8_4_11_blk_mem_gen_prim_width__parameterized86
INFO: [VRFC 10-311] analyzing module ila_0_blk_mem_gen_v8_4_11_blk_mem_gen_prim_width__parameterized87
INFO: [VRFC 10-311] analyzing module ila_0_blk_mem_gen_v8_4_11_blk_mem_gen_prim_width__parameterized88
INFO: [VRFC 10-311] analyzing module ila_0_blk_mem_gen_v8_4_11_blk_mem_gen_prim_width__parameterized89
INFO: [VRFC 10-311] analyzing module ila_0_blk_mem_gen_v8_4_11_blk_mem_gen_prim_width__parameterized9
INFO: [VRFC 10-311] analyzing module ila_0_blk_mem_gen_v8_4_11_blk_mem_gen_prim_width__parameterized90
INFO: [VRFC 10-311] analyzing module ila_0_blk_mem_gen_v8_4_11_blk_mem_gen_prim_width__parameterized91
INFO: [VRFC 10-311] analyzing module ila_0_blk_mem_gen_v8_4_11_blk_mem_gen_prim_width__parameterized92
INFO: [VRFC 10-311] analyzing module ila_0_blk_mem_gen_v8_4_11_blk_mem_gen_prim_width__parameterized93
INFO: [VRFC 10-311] analyzing module ila_0_blk_mem_gen_v8_4_11_blk_mem_gen_prim_width__parameterized94
INFO: [VRFC 10-311] analyzing module ila_0_blk_mem_gen_v8_4_11_blk_mem_gen_prim_width__parameterized95
INFO: [VRFC 10-311] analyzing module ila_0_blk_mem_gen_v8_4_11_blk_mem_gen_prim_width__parameterized96
INFO: [VRFC 10-311] analyzing module ila_0_blk_mem_gen_v8_4_11_blk_mem_gen_prim_width__parameterized97
INFO: [VRFC 10-311] analyzing module ila_0_blk_mem_gen_v8_4_11_blk_mem_gen_prim_width__parameterized98
INFO: [VRFC 10-311] analyzing module ila_0_blk_mem_gen_v8_4_11_blk_mem_gen_prim_width__parameterized99
INFO: [VRFC 10-311] analyzing module ila_0_blk_mem_gen_v8_4_11_blk_mem_gen_prim_wrapper
INFO: [VRFC 10-311] analyzing module ila_0_blk_mem_gen_v8_4_11_blk_mem_gen_prim_wrapper__parameterized0
INFO: [VRFC 10-311] analyzing module ila_0_blk_mem_gen_v8_4_11_blk_mem_gen_prim_wrapper__parameterized1
INFO: [VRFC 10-311] analyzing module ila_0_blk_mem_gen_v8_4_11_blk_mem_gen_prim_wrapper__parameterized10
INFO: [VRFC 10-311] analyzing module ila_0_blk_mem_gen_v8_4_11_blk_mem_gen_prim_wrapper__parameterized100
INFO: [VRFC 10-311] analyzing module ila_0_blk_mem_gen_v8_4_11_blk_mem_gen_prim_wrapper__parameterized101
INFO: [VRFC 10-311] analyzing module ila_0_blk_mem_gen_v8_4_11_blk_mem_gen_prim_wrapper__parameterized102
INFO: [VRFC 10-311] analyzing module ila_0_blk_mem_gen_v8_4_11_blk_mem_gen_prim_wrapper__parameterized103
INFO: [VRFC 10-311] analyzing module ila_0_blk_mem_gen_v8_4_11_blk_mem_gen_prim_wrapper__parameterized104
INFO: [VRFC 10-311] analyzing module ila_0_blk_mem_gen_v8_4_11_blk_mem_gen_prim_wrapper__parameterized105
INFO: [VRFC 10-311] analyzing module ila_0_blk_mem_gen_v8_4_11_blk_mem_gen_prim_wrapper__parameterized106
INFO: [VRFC 10-311] analyzing module ila_0_blk_mem_gen_v8_4_11_blk_mem_gen_prim_wrapper__parameterized107
INFO: [VRFC 10-311] analyzing module ila_0_blk_mem_gen_v8_4_11_blk_mem_gen_prim_wrapper__parameterized108
INFO: [VRFC 10-311] analyzing module ila_0_blk_mem_gen_v8_4_11_blk_mem_gen_prim_wrapper__parameterized109
INFO: [VRFC 10-311] analyzing module ila_0_blk_mem_gen_v8_4_11_blk_mem_gen_prim_wrapper__parameterized11
INFO: [VRFC 10-311] analyzing module ila_0_blk_mem_gen_v8_4_11_blk_mem_gen_prim_wrapper__parameterized110
INFO: [VRFC 10-311] analyzing module ila_0_blk_mem_gen_v8_4_11_blk_mem_gen_prim_wrapper__parameterized111
INFO: [VRFC 10-311] analyzing module ila_0_blk_mem_gen_v8_4_11_blk_mem_gen_prim_wrapper__parameterized112
INFO: [VRFC 10-311] analyzing module ila_0_blk_mem_gen_v8_4_11_blk_mem_gen_prim_wrapper__parameterized113
INFO: [VRFC 10-311] analyzing module ila_0_blk_mem_gen_v8_4_11_blk_mem_gen_prim_wrapper__parameterized114
INFO: [VRFC 10-311] analyzing module ila_0_blk_mem_gen_v8_4_11_blk_mem_gen_prim_wrapper__parameterized115
INFO: [VRFC 10-311] analyzing module ila_0_blk_mem_gen_v8_4_11_blk_mem_gen_prim_wrapper__parameterized12
INFO: [VRFC 10-311] analyzing module ila_0_blk_mem_gen_v8_4_11_blk_mem_gen_prim_wrapper__parameterized13
INFO: [VRFC 10-311] analyzing module ila_0_blk_mem_gen_v8_4_11_blk_mem_gen_prim_wrapper__parameterized14
INFO: [VRFC 10-311] analyzing module ila_0_blk_mem_gen_v8_4_11_blk_mem_gen_prim_wrapper__parameterized15
INFO: [VRFC 10-311] analyzing module ila_0_blk_mem_gen_v8_4_11_blk_mem_gen_prim_wrapper__parameterized16
INFO: [VRFC 10-311] analyzing module ila_0_blk_mem_gen_v8_4_11_blk_mem_gen_prim_wrapper__parameterized17
INFO: [VRFC 10-311] analyzing module ila_0_blk_mem_gen_v8_4_11_blk_mem_gen_prim_wrapper__parameterized18
INFO: [VRFC 10-311] analyzing module ila_0_blk_mem_gen_v8_4_11_blk_mem_gen_prim_wrapper__parameterized19
INFO: [VRFC 10-311] analyzing module ila_0_blk_mem_gen_v8_4_11_blk_mem_gen_prim_wrapper__parameterized2
INFO: [VRFC 10-311] analyzing module ila_0_blk_mem_gen_v8_4_11_blk_mem_gen_prim_wrapper__parameterized20
INFO: [VRFC 10-311] analyzing module ila_0_blk_mem_gen_v8_4_11_blk_mem_gen_prim_wrapper__parameterized21
INFO: [VRFC 10-311] analyzing module ila_0_blk_mem_gen_v8_4_11_blk_mem_gen_prim_wrapper__parameterized22
INFO: [VRFC 10-311] analyzing module ila_0_blk_mem_gen_v8_4_11_blk_mem_gen_prim_wrapper__parameterized23
INFO: [VRFC 10-311] analyzing module ila_0_blk_mem_gen_v8_4_11_blk_mem_gen_prim_wrapper__parameterized24
INFO: [VRFC 10-311] analyzing module ila_0_blk_mem_gen_v8_4_11_blk_mem_gen_prim_wrapper__parameterized25
INFO: [VRFC 10-311] analyzing module ila_0_blk_mem_gen_v8_4_11_blk_mem_gen_prim_wrapper__parameterized26
INFO: [VRFC 10-311] analyzing module ila_0_blk_mem_gen_v8_4_11_blk_mem_gen_prim_wrapper__parameterized27
INFO: [VRFC 10-311] analyzing module ila_0_blk_mem_gen_v8_4_11_blk_mem_gen_prim_wrapper__parameterized28
INFO: [VRFC 10-311] analyzing module ila_0_blk_mem_gen_v8_4_11_blk_mem_gen_prim_wrapper__parameterized29
INFO: [VRFC 10-311] analyzing module ila_0_blk_mem_gen_v8_4_11_blk_mem_gen_prim_wrapper__parameterized3
INFO: [VRFC 10-311] analyzing module ila_0_blk_mem_gen_v8_4_11_blk_mem_gen_prim_wrapper__parameterized30
INFO: [VRFC 10-311] analyzing module ila_0_blk_mem_gen_v8_4_11_blk_mem_gen_prim_wrapper__parameterized31
INFO: [VRFC 10-311] analyzing module ila_0_blk_mem_gen_v8_4_11_blk_mem_gen_prim_wrapper__parameterized32
INFO: [VRFC 10-311] analyzing module ila_0_blk_mem_gen_v8_4_11_blk_mem_gen_prim_wrapper__parameterized33
INFO: [VRFC 10-311] analyzing module ila_0_blk_mem_gen_v8_4_11_blk_mem_gen_prim_wrapper__parameterized34
INFO: [VRFC 10-311] analyzing module ila_0_blk_mem_gen_v8_4_11_blk_mem_gen_prim_wrapper__parameterized35
INFO: [VRFC 10-311] analyzing module ila_0_blk_mem_gen_v8_4_11_blk_mem_gen_prim_wrapper__parameterized36
INFO: [VRFC 10-311] analyzing module ila_0_blk_mem_gen_v8_4_11_blk_mem_gen_prim_wrapper__parameterized37
INFO: [VRFC 10-311] analyzing module ila_0_blk_mem_gen_v8_4_11_blk_mem_gen_prim_wrapper__parameterized38
INFO: [VRFC 10-311] analyzing module ila_0_blk_mem_gen_v8_4_11_blk_mem_gen_prim_wrapper__parameterized39
INFO: [VRFC 10-311] analyzing module ila_0_blk_mem_gen_v8_4_11_blk_mem_gen_prim_wrapper__parameterized4
INFO: [VRFC 10-311] analyzing module ila_0_blk_mem_gen_v8_4_11_blk_mem_gen_prim_wrapper__parameterized40
INFO: [VRFC 10-311] analyzing module ila_0_blk_mem_gen_v8_4_11_blk_mem_gen_prim_wrapper__parameterized41
INFO: [VRFC 10-311] analyzing module ila_0_blk_mem_gen_v8_4_11_blk_mem_gen_prim_wrapper__parameterized42
INFO: [VRFC 10-311] analyzing module ila_0_blk_mem_gen_v8_4_11_blk_mem_gen_prim_wrapper__parameterized43
INFO: [VRFC 10-311] analyzing module ila_0_blk_mem_gen_v8_4_11_blk_mem_gen_prim_wrapper__parameterized44
INFO: [VRFC 10-311] analyzing module ila_0_blk_mem_gen_v8_4_11_blk_mem_gen_prim_wrapper__parameterized45
INFO: [VRFC 10-311] analyzing module ila_0_blk_mem_gen_v8_4_11_blk_mem_gen_prim_wrapper__parameterized46
INFO: [VRFC 10-311] analyzing module ila_0_blk_mem_gen_v8_4_11_blk_mem_gen_prim_wrapper__parameterized47
INFO: [VRFC 10-311] analyzing module ila_0_blk_mem_gen_v8_4_11_blk_mem_gen_prim_wrapper__parameterized48
INFO: [VRFC 10-311] analyzing module ila_0_blk_mem_gen_v8_4_11_blk_mem_gen_prim_wrapper__parameterized49
INFO: [VRFC 10-311] analyzing module ila_0_blk_mem_gen_v8_4_11_blk_mem_gen_prim_wrapper__parameterized5
INFO: [VRFC 10-311] analyzing module ila_0_blk_mem_gen_v8_4_11_blk_mem_gen_prim_wrapper__parameterized50
INFO: [VRFC 10-311] analyzing module ila_0_blk_mem_gen_v8_4_11_blk_mem_gen_prim_wrapper__parameterized51
INFO: [VRFC 10-311] analyzing module ila_0_blk_mem_gen_v8_4_11_blk_mem_gen_prim_wrapper__parameterized52
INFO: [VRFC 10-311] analyzing module ila_0_blk_mem_gen_v8_4_11_blk_mem_gen_prim_wrapper__parameterized53
INFO: [VRFC 10-311] analyzing module ila_0_blk_mem_gen_v8_4_11_blk_mem_gen_prim_wrapper__parameterized54
INFO: [VRFC 10-311] analyzing module ila_0_blk_mem_gen_v8_4_11_blk_mem_gen_prim_wrapper__parameterized55
INFO: [VRFC 10-311] analyzing module ila_0_blk_mem_gen_v8_4_11_blk_mem_gen_prim_wrapper__parameterized56
INFO: [VRFC 10-311] analyzing module ila_0_blk_mem_gen_v8_4_11_blk_mem_gen_prim_wrapper__parameterized57
INFO: [VRFC 10-311] analyzing module ila_0_blk_mem_gen_v8_4_11_blk_mem_gen_prim_wrapper__parameterized58
INFO: [VRFC 10-311] analyzing module ila_0_blk_mem_gen_v8_4_11_blk_mem_gen_prim_wrapper__parameterized59
INFO: [VRFC 10-311] analyzing module ila_0_blk_mem_gen_v8_4_11_blk_mem_gen_prim_wrapper__parameterized6
INFO: [VRFC 10-311] analyzing module ila_0_blk_mem_gen_v8_4_11_blk_mem_gen_prim_wrapper__parameterized60
INFO: [VRFC 10-311] analyzing module ila_0_blk_mem_gen_v8_4_11_blk_mem_gen_prim_wrapper__parameterized61
INFO: [VRFC 10-311] analyzing module ila_0_blk_mem_gen_v8_4_11_blk_mem_gen_prim_wrapper__parameterized62
INFO: [VRFC 10-311] analyzing module ila_0_blk_mem_gen_v8_4_11_blk_mem_gen_prim_wrapper__parameterized63
INFO: [VRFC 10-311] analyzing module ila_0_blk_mem_gen_v8_4_11_blk_mem_gen_prim_wrapper__parameterized64
INFO: [VRFC 10-311] analyzing module ila_0_blk_mem_gen_v8_4_11_blk_mem_gen_prim_wrapper__parameterized65
INFO: [VRFC 10-311] analyzing module ila_0_blk_mem_gen_v8_4_11_blk_mem_gen_prim_wrapper__parameterized66
INFO: [VRFC 10-311] analyzing module ila_0_blk_mem_gen_v8_4_11_blk_mem_gen_prim_wrapper__parameterized67
INFO: [VRFC 10-311] analyzing module ila_0_blk_mem_gen_v8_4_11_blk_mem_gen_prim_wrapper__parameterized68
INFO: [VRFC 10-311] analyzing module ila_0_blk_mem_gen_v8_4_11_blk_mem_gen_prim_wrapper__parameterized69
INFO: [VRFC 10-311] analyzing module ila_0_blk_mem_gen_v8_4_11_blk_mem_gen_prim_wrapper__parameterized7
INFO: [VRFC 10-311] analyzing module ila_0_blk_mem_gen_v8_4_11_blk_mem_gen_prim_wrapper__parameterized70
INFO: [VRFC 10-311] analyzing module ila_0_blk_mem_gen_v8_4_11_blk_mem_gen_prim_wrapper__parameterized71
INFO: [VRFC 10-311] analyzing module ila_0_blk_mem_gen_v8_4_11_blk_mem_gen_prim_wrapper__parameterized72
INFO: [VRFC 10-311] analyzing module ila_0_blk_mem_gen_v8_4_11_blk_mem_gen_prim_wrapper__parameterized73
INFO: [VRFC 10-311] analyzing module ila_0_blk_mem_gen_v8_4_11_blk_mem_gen_prim_wrapper__parameterized74
INFO: [VRFC 10-311] analyzing module ila_0_blk_mem_gen_v8_4_11_blk_mem_gen_prim_wrapper__parameterized75
INFO: [VRFC 10-311] analyzing module ila_0_blk_mem_gen_v8_4_11_blk_mem_gen_prim_wrapper__parameterized76
INFO: [VRFC 10-311] analyzing module ila_0_blk_mem_gen_v8_4_11_blk_mem_gen_prim_wrapper__parameterized77
INFO: [VRFC 10-311] analyzing module ila_0_blk_mem_gen_v8_4_11_blk_mem_gen_prim_wrapper__parameterized78
INFO: [VRFC 10-311] analyzing module ila_0_blk_mem_gen_v8_4_11_blk_mem_gen_prim_wrapper__parameterized79
INFO: [VRFC 10-311] analyzing module ila_0_blk_mem_gen_v8_4_11_blk_mem_gen_prim_wrapper__parameterized8
INFO: [VRFC 10-311] analyzing module ila_0_blk_mem_gen_v8_4_11_blk_mem_gen_prim_wrapper__parameterized80
INFO: [VRFC 10-311] analyzing module ila_0_blk_mem_gen_v8_4_11_blk_mem_gen_prim_wrapper__parameterized81
INFO: [VRFC 10-311] analyzing module ila_0_blk_mem_gen_v8_4_11_blk_mem_gen_prim_wrapper__parameterized82
INFO: [VRFC 10-311] analyzing module ila_0_blk_mem_gen_v8_4_11_blk_mem_gen_prim_wrapper__parameterized83
INFO: [VRFC 10-311] analyzing module ila_0_blk_mem_gen_v8_4_11_blk_mem_gen_prim_wrapper__parameterized84
INFO: [VRFC 10-311] analyzing module ila_0_blk_mem_gen_v8_4_11_blk_mem_gen_prim_wrapper__parameterized85
INFO: [VRFC 10-311] analyzing module ila_0_blk_mem_gen_v8_4_11_blk_mem_gen_prim_wrapper__parameterized86
INFO: [VRFC 10-311] analyzing module ila_0_blk_mem_gen_v8_4_11_blk_mem_gen_prim_wrapper__parameterized87
INFO: [VRFC 10-311] analyzing module ila_0_blk_mem_gen_v8_4_11_blk_mem_gen_prim_wrapper__parameterized88
INFO: [VRFC 10-311] analyzing module ila_0_blk_mem_gen_v8_4_11_blk_mem_gen_prim_wrapper__parameterized89
INFO: [VRFC 10-311] analyzing module ila_0_blk_mem_gen_v8_4_11_blk_mem_gen_prim_wrapper__parameterized9
INFO: [VRFC 10-311] analyzing module ila_0_blk_mem_gen_v8_4_11_blk_mem_gen_prim_wrapper__parameterized90
INFO: [VRFC 10-311] analyzing module ila_0_blk_mem_gen_v8_4_11_blk_mem_gen_prim_wrapper__parameterized91
INFO: [VRFC 10-311] analyzing module ila_0_blk_mem_gen_v8_4_11_blk_mem_gen_prim_wrapper__parameterized92
INFO: [VRFC 10-311] analyzing module ila_0_blk_mem_gen_v8_4_11_blk_mem_gen_prim_wrapper__parameterized93
INFO: [VRFC 10-311] analyzing module ila_0_blk_mem_gen_v8_4_11_blk_mem_gen_prim_wrapper__parameterized94
INFO: [VRFC 10-311] analyzing module ila_0_blk_mem_gen_v8_4_11_blk_mem_gen_prim_wrapper__parameterized95
INFO: [VRFC 10-311] analyzing module ila_0_blk_mem_gen_v8_4_11_blk_mem_gen_prim_wrapper__parameterized96
INFO: [VRFC 10-311] analyzing module ila_0_blk_mem_gen_v8_4_11_blk_mem_gen_prim_wrapper__parameterized97
INFO: [VRFC 10-311] analyzing module ila_0_blk_mem_gen_v8_4_11_blk_mem_gen_prim_wrapper__parameterized98
INFO: [VRFC 10-311] analyzing module ila_0_blk_mem_gen_v8_4_11_blk_mem_gen_prim_wrapper__parameterized99
INFO: [VRFC 10-311] analyzing module ila_0_blk_mem_gen_v8_4_11_blk_mem_gen_top
INFO: [VRFC 10-311] analyzing module ila_0_blk_mem_gen_v8_4_11_synth
INFO: [VRFC 10-311] analyzing module ram_single_port_blk_mem_gen_generic_cstr
INFO: [VRFC 10-311] analyzing module ram_single_port_blk_mem_gen_generic_cstr_HD6
INFO: [VRFC 10-311] analyzing module ram_single_port_blk_mem_gen_prim_width
INFO: [VRFC 10-311] analyzing module ram_single_port_blk_mem_gen_prim_width_HD7
INFO: [VRFC 10-311] analyzing module ram_single_port_blk_mem_gen_prim_wrapper
INFO: [VRFC 10-311] analyzing module ram_single_port_blk_mem_gen_prim_wrapper_HD8
INFO: [VRFC 10-311] analyzing module ram_single_port_blk_mem_gen_top
INFO: [VRFC 10-311] analyzing module ram_single_port_blk_mem_gen_top_HD5
INFO: [VRFC 10-311] analyzing module ram_single_port_blk_mem_gen_v8_4_11
INFO: [VRFC 10-311] analyzing module ram_single_port_blk_mem_gen_v8_4_11_HD3
INFO: [VRFC 10-311] analyzing module ram_single_port_blk_mem_gen_v8_4_11_synth
INFO: [VRFC 10-311] analyzing module ram_single_port_blk_mem_gen_v8_4_11_synth_HD4
INFO: [VRFC 10-311] analyzing module glbl
INFO: [VRFC 10-2263] Analyzing SystemVerilog file "/home/xmen/Desktop/SystolicCore/tb/tb_fpga.sv" into library xil_defaultlib
INFO: [VRFC 10-311] analyzing module tb
