INFO: [VRFC 10-2263] Analyzing Verilog file "/home/xmen/Desktop/compara/analise/SystolicMatrixMultiplication/project_1/project_1.sim/sim_1/synth/func/xsim/Arty7_top_sim_func_synth.v" into library xil_defaultlib
INFO: [VRFC 10-311] analyzing module Arty7_top_sim
INFO: [VRFC 10-311] analyzing module accumulator_cells
INFO: [VRFC 10-311] analyzing module accumulator_cells_10
INFO: [VRFC 10-311] analyzing module accumulator_cells_11
INFO: [VRFC 10-311] analyzing module accumulator_cells_12
INFO: [VRFC 10-311] analyzing module accumulator_cells_13
INFO: [VRFC 10-311] analyzing module accumulator_cells_14
INFO: [VRFC 10-311] analyzing module accumulator_cells_15
INFO: [VRFC 10-311] analyzing module accumulator_cells_16
INFO: [VRFC 10-311] analyzing module accumulator_cells_17
INFO: [VRFC 10-311] analyzing module accumulator_cells_18
INFO: [VRFC 10-311] analyzing module accumulator_cells_19
INFO: [VRFC 10-311] analyzing module accumulator_cells_20
INFO: [VRFC 10-311] analyzing module accumulator_cells_21
INFO: [VRFC 10-311] analyzing module accumulator_cells_22
INFO: [VRFC 10-311] analyzing module accumulator_cells_23
INFO: [VRFC 10-311] analyzing module accumulator_cells_24
INFO: [VRFC 10-311] analyzing module accumulator_cells_25
INFO: [VRFC 10-311] analyzing module accumulator_cells_26
INFO: [VRFC 10-311] analyzing module accumulator_cells_27
INFO: [VRFC 10-311] analyzing module accumulator_cells_28
INFO: [VRFC 10-311] analyzing module accumulator_cells_29
INFO: [VRFC 10-311] analyzing module accumulator_cells_3
INFO: [VRFC 10-311] analyzing module accumulator_cells_30
INFO: [VRFC 10-311] analyzing module accumulator_cells_31
INFO: [VRFC 10-311] analyzing module accumulator_cells_32
INFO: [VRFC 10-311] analyzing module accumulator_cells_33
INFO: [VRFC 10-311] analyzing module accumulator_cells_34
INFO: [VRFC 10-311] analyzing module accumulator_cells_35
INFO: [VRFC 10-311] analyzing module accumulator_cells_36
INFO: [VRFC 10-311] analyzing module accumulator_cells_37
INFO: [VRFC 10-311] analyzing module accumulator_cells_38
INFO: [VRFC 10-311] analyzing module accumulator_cells_39
INFO: [VRFC 10-311] analyzing module accumulator_cells_4
INFO: [VRFC 10-311] analyzing module accumulator_cells_40
INFO: [VRFC 10-311] analyzing module accumulator_cells_41
INFO: [VRFC 10-311] analyzing module accumulator_cells_42
INFO: [VRFC 10-311] analyzing module accumulator_cells_43
INFO: [VRFC 10-311] analyzing module accumulator_cells_44
INFO: [VRFC 10-311] analyzing module accumulator_cells_45
INFO: [VRFC 10-311] analyzing module accumulator_cells_46
INFO: [VRFC 10-311] analyzing module accumulator_cells_47
INFO: [VRFC 10-311] analyzing module accumulator_cells_48
INFO: [VRFC 10-311] analyzing module accumulator_cells_49
INFO: [VRFC 10-311] analyzing module accumulator_cells_5
INFO: [VRFC 10-311] analyzing module accumulator_cells_50
INFO: [VRFC 10-311] analyzing module accumulator_cells_51
INFO: [VRFC 10-311] analyzing module accumulator_cells_52
INFO: [VRFC 10-311] analyzing module accumulator_cells_53
INFO: [VRFC 10-311] analyzing module accumulator_cells_54
INFO: [VRFC 10-311] analyzing module accumulator_cells_55
INFO: [VRFC 10-311] analyzing module accumulator_cells_56
INFO: [VRFC 10-311] analyzing module accumulator_cells_57
INFO: [VRFC 10-311] analyzing module accumulator_cells_58
INFO: [VRFC 10-311] analyzing module accumulator_cells_59
INFO: [VRFC 10-311] analyzing module accumulator_cells_6
INFO: [VRFC 10-311] analyzing module accumulator_cells_60
INFO: [VRFC 10-311] analyzing module accumulator_cells_61
INFO: [VRFC 10-311] analyzing module accumulator_cells_62
INFO: [VRFC 10-311] analyzing module accumulator_cells_63
INFO: [VRFC 10-311] analyzing module accumulator_cells_64
INFO: [VRFC 10-311] analyzing module accumulator_cells_65
INFO: [VRFC 10-311] analyzing module accumulator_cells_7
INFO: [VRFC 10-311] analyzing module accumulator_cells_8
INFO: [VRFC 10-311] analyzing module accumulator_cells_9
INFO: [VRFC 10-311] analyzing module baudRateGenerator
INFO: [VRFC 10-311] analyzing module baudRateGenerator__parameterized0
INFO: [VRFC 10-311] analyzing module counter
INFO: [VRFC 10-311] analyzing module counter_2
INFO: [VRFC 10-311] analyzing module counter__parameterized0
INFO: [VRFC 10-311] analyzing module counter__parameterized1
INFO: [VRFC 10-311] analyzing module counter__parameterized2
INFO: [VRFC 10-311] analyzing module counter__parameterized4
INFO: [VRFC 10-311] analyzing module mem2seriala
INFO: [VRFC 10-311] analyzing module ref_clock
INFO: [VRFC 10-311] analyzing module ref_clock_1
INFO: [VRFC 10-311] analyzing module ref_clock__parameterized0
INFO: [VRFC 10-311] analyzing module serial2mem
INFO: [VRFC 10-311] analyzing module serial2mem_0
INFO: [VRFC 10-311] analyzing module systolicMatrixMultiply
INFO: [VRFC 10-311] analyzing module uart_rx
INFO: [VRFC 10-311] analyzing module uart_top
INFO: [VRFC 10-311] analyzing module uart_tx
INFO: [VRFC 10-311] analyzing module glbl
