Copyright 1986-2022 Xilinx, Inc. All Rights Reserved. Copyright 2022-2025 Advanced Micro Devices, Inc. All Rights Reserved.
---------------------------------------------------------------------------------------------------------------------------------------------
| Tool Version : Vivado v.2025.2 (lin64) Build 6299465 Fri Nov 14 12:34:56 MST 2025
| Date         : Thu Jan  1 17:24:53 2026
| Host         : VT0144 running 64-bit Rocky Linux release 8.10 (Green Obsidian)
| Command      : report_utilization -file design_1_wrapper_utilization_placed.rpt -pb design_1_wrapper_utilization_placed.pb
| Design       : design_1_wrapper
| Device       : xczu7ev-ffvc1156-2-e
| Speed File   : -2
| Design State : Fully Placed
---------------------------------------------------------------------------------------------------------------------------------------------

Utilization Design Information

Table of Contents
-----------------
1. CLB Logic
1.1 Summary of Registers by Type
2. CLB Logic Distribution
3. BLOCKRAM
4. ARITHMETIC
5. I/O
6. CLOCK
7. ADVANCED
8. CONFIGURATION
9. Primitives
10. Black Boxes
11. Instantiated Netlists

1. CLB Logic
------------

+----------------------------+-------+-------+------------+-----------+-------+
|          Site Type         |  Used | Fixed | Prohibited | Available | Util% |
+----------------------------+-------+-------+------------+-----------+-------+
| CLB LUTs                   | 10265 |     0 |          0 |    230400 |  4.46 |
|   LUT as Logic             |  9083 |     0 |          0 |    230400 |  3.94 |
|   LUT as Memory            |  1182 |     0 |          0 |    101760 |  1.16 |
|     LUT as Distributed RAM |    20 |     0 |            |           |       |
|     LUT as Shift Register  |  1162 |     0 |            |           |       |
| CLB Registers              | 14544 |     0 |          0 |    460800 |  3.16 |
|   Register as Flip Flop    | 14445 |     0 |          0 |    460800 |  3.13 |
|   Register as Latch        |    99 |     0 |          0 |    460800 |  0.02 |
| CARRY8                     |   207 |     0 |          0 |     28800 |  0.72 |
| F7 Muxes                   |   204 |     0 |          0 |    115200 |  0.18 |
| F8 Muxes                   |    32 |     0 |          0 |     57600 |  0.06 |
| F9 Muxes                   |     0 |     0 |          0 |     28800 |  0.00 |
| Unique Control Sets        |   603 |       |          0 |     57600 |  1.05 |
+----------------------------+-------+-------+------------+-----------+-------+
* Warning! LUT value is adjusted to account for LUT combining.
** Note: Available Control Sets calculated as Slices * 2, Review the Control Sets Report for more information regarding control sets.


1.1 Summary of Registers by Type
--------------------------------

+-------+--------------+-------------+--------------+
| Total | Clock Enable | Synchronous | Asynchronous |
+-------+--------------+-------------+--------------+
| 96    |            _ |           - |            - |
| 0     |            _ |           - |          Set |
| 0     |            _ |           - |        Reset |
| 0     |            _ |         Set |            - |
| 0     |            _ |       Reset |            - |
| 0     |          Yes |           - |            - |
| 41    |          Yes |           - |          Set |
| 2082  |          Yes |           - |        Reset |
| 99    |          Yes |         Set |            - |
| 12226 |          Yes |       Reset |            - |
+-------+--------------+-------------+--------------+


2. CLB Logic Distribution
-------------------------

+--------------------------------------------+-------+-------+------------+-----------+-------+
|                  Site Type                 |  Used | Fixed | Prohibited | Available | Util% |
+--------------------------------------------+-------+-------+------------+-----------+-------+
| CLB                                        |  2410 |     0 |          0 |     28800 |  8.37 |
|   CLBL                                     |  1231 |     0 |            |           |       |
|   CLBM                                     |  1179 |     0 |            |           |       |
| LUT as Logic                               |  9083 |     0 |          0 |    230400 |  3.94 |
|   using O5 output only                     |   134 |       |            |           |       |
|   using O6 output only                     |  6617 |       |            |           |       |
|   using O5 and O6                          |  2332 |       |            |           |       |
| LUT as Memory                              |  1182 |     0 |          0 |    101760 |  1.16 |
|   LUT as Distributed RAM                   |    20 |     0 |            |           |       |
|     using O5 output only                   |     0 |       |            |           |       |
|     using O6 output only                   |     0 |       |            |           |       |
|     using O5 and O6                        |    20 |       |            |           |       |
|   LUT as Shift Register                    |  1162 |     0 |            |           |       |
|     using O5 output only                   |     0 |       |            |           |       |
|     using O6 output only                   |   222 |       |            |           |       |
|     using O5 and O6                        |   940 |       |            |           |       |
| CLB Registers                              | 14544 |     0 |          0 |    460800 |  3.16 |
|   Register driven from within the CLB      |  6911 |       |            |           |       |
|   Register driven from outside the CLB     |  7633 |       |            |           |       |
|     LUT in front of the register is unused |  5097 |       |            |           |       |
|     LUT in front of the register is used   |  2536 |       |            |           |       |
+--------------------------------------------+-------+-------+------------+-----------+-------+


3. BLOCKRAM
-----------

+-------------------+------+-------+------------+-----------+-------+
|     Site Type     | Used | Fixed | Prohibited | Available | Util% |
+-------------------+------+-------+------------+-----------+-------+
| Block RAM Tile    |   23 |     0 |          0 |       312 |  7.37 |
|   RAMB36/FIFO*    |   22 |     0 |          0 |       312 |  7.05 |
|     RAMB36E2 only |   22 |       |            |           |       |
|   RAMB18          |    2 |     0 |          0 |       624 |  0.32 |
|     RAMB18E2 only |    2 |       |            |           |       |
| URAM              |    0 |     0 |          0 |        96 |  0.00 |
+-------------------+------+-------+------------+-----------+-------+
* Note: Each Block RAM Tile only has one FIFO logic available and therefore can accommodate only one FIFO36E2 or one FIFO18E2. However, if a FIFO18E2 occupies a Block RAM Tile, that tile can still accommodate a RAMB18E2


4. ARITHMETIC
-------------

+-----------+------+-------+------------+-----------+-------+
| Site Type | Used | Fixed | Prohibited | Available | Util% |
+-----------+------+-------+------------+-----------+-------+
| DSPs      |    0 |     0 |          0 |      1728 |  0.00 |
+-----------+------+-------+------------+-----------+-------+


5. I/O
------

+------------------+------+-------+------------+-----------+-------+
|     Site Type    | Used | Fixed | Prohibited | Available | Util% |
+------------------+------+-------+------------+-----------+-------+
| Bonded IOB       |    0 |     0 |          0 |       360 |  0.00 |
|   HPIOB_M        |    0 |     0 |          0 |       144 |  0.00 |
|   HPIOB_S        |    0 |     0 |          0 |       144 |  0.00 |
|   HDIOB_M        |    0 |     0 |          0 |        24 |  0.00 |
|   HDIOB_S        |    0 |     0 |          0 |        24 |  0.00 |
|   HPIOB_SNGL     |    0 |     0 |          0 |        24 |  0.00 |
| HPIOBDIFFINBUF   |    0 |     0 |          0 |       192 |  0.00 |
| HPIOBDIFFOUTBUF  |    0 |     0 |          0 |       192 |  0.00 |
| HDIOBDIFFINBUF   |    0 |     0 |          0 |        48 |  0.00 |
| BITSLICE_CONTROL |    0 |     0 |          0 |        64 |  0.00 |
| BITSLICE_RX_TX   |    0 |     0 |          0 |      2496 |  0.00 |
| BITSLICE_TX      |    0 |     0 |          0 |        64 |  0.00 |
| RIU_OR           |    0 |     0 |          0 |        32 |  0.00 |
+------------------+------+-------+------------+-----------+-------+


6. CLOCK
--------

+------------+------+-------+------------+-----------+-------+
|  Site Type | Used | Fixed | Prohibited | Available | Util% |
+------------+------+-------+------------+-----------+-------+
| BUFGCE     |    3 |     0 |          0 |       208 |  1.44 |
| BUFGCE_DIV |    0 |     0 |          0 |        32 |  0.00 |
| BUFG_GT    |    0 |     0 |          0 |       144 |  0.00 |
| BUFG_PS    |    1 |     0 |          0 |        96 |  1.04 |
| BUFGCTRL*  |    0 |     0 |          0 |        64 |  0.00 |
| PLL        |    0 |     0 |          0 |        16 |  0.00 |
| MMCM       |    0 |     0 |          0 |         8 |  0.00 |
+------------+------+-------+------------+-----------+-------+
* Note: Each used BUFGCTRL counts as two GLOBAL CLOCK BUFFERs. This table does not include global clocking resources, only buffer cell usage. See the Clock Utilization Report (report_clock_utilization) for detailed accounting of global clocking resource availability.


7. ADVANCED
-----------

+-----------------+------+-------+------------+-----------+--------+
|    Site Type    | Used | Fixed | Prohibited | Available |  Util% |
+-----------------+------+-------+------------+-----------+--------+
| GTHE4_CHANNEL   |    0 |     0 |          0 |        20 |   0.00 |
| GTHE4_COMMON    |    0 |     0 |          0 |         5 |   0.00 |
| OBUFDS_GTE4     |    0 |     0 |          0 |        10 |   0.00 |
| OBUFDS_GTE4_ADV |    0 |     0 |          0 |        10 |   0.00 |
| PCIE40E4        |    0 |     0 |          0 |         2 |   0.00 |
| PS8             |    1 |     0 |          0 |         1 | 100.00 |
| SYSMONE4        |    0 |     0 |          0 |         1 |   0.00 |
| VCU             |    0 |     0 |          0 |         1 |   0.00 |
+-----------------+------+-------+------------+-----------+--------+


8. CONFIGURATION
----------------

+-------------+------+-------+------------+-----------+-------+
|  Site Type  | Used | Fixed | Prohibited | Available | Util% |
+-------------+------+-------+------------+-----------+-------+
| BSCANE2     |    1 |     0 |          0 |         4 | 25.00 |
| DNA_PORTE2  |    0 |     0 |          0 |         1 |  0.00 |
| EFUSE_USR   |    0 |     0 |          0 |         1 |  0.00 |
| FRAME_ECCE4 |    0 |     0 |          0 |         1 |  0.00 |
| ICAPE3      |    0 |     0 |          0 |         2 |  0.00 |
| MASTER_JTAG |    0 |     0 |          0 |         1 |  0.00 |
| STARTUPE3   |    0 |     0 |          0 |         1 |  0.00 |
+-------------+------+-------+------------+-----------+-------+


9. Primitives
-------------

+----------+-------+---------------------+
| Ref Name |  Used | Functional Category |
+----------+-------+---------------------+
| FDRE     | 12226 |            Register |
| LUT6     |  3838 |                 CLB |
| LUT4     |  2268 |                 CLB |
| LUT2     |  2184 |                 CLB |
| FDCE     |  2047 |            Register |
| LUT3     |  1345 |                 CLB |
| SRL16E   |  1325 |                 CLB |
| LUT5     |  1096 |                 CLB |
| SRLC32E  |   767 |                 CLB |
| LUT1     |   684 |                 CLB |
| CARRY8   |   207 |                 CLB |
| MUXF7    |   204 |                 CLB |
| LDCE     |    99 |            Register |
| FDSE     |    99 |            Register |
| FDPE     |    73 |            Register |
| RAMD32   |    36 |                 CLB |
| MUXF8    |    32 |                 CLB |
| RAMB36E2 |    22 |            BLOCKRAM |
| SRLC16E  |    10 |                 CLB |
| RAMS32   |     4 |                 CLB |
| BUFGCE   |     3 |               Clock |
| RAMB18E2 |     2 |            BLOCKRAM |
| PS8      |     1 |            Advanced |
| BUFG_PS  |     1 |               Clock |
| BSCANE2  |     1 |       Configuration |
+----------+-------+---------------------+


10. Black Boxes
---------------

+----------+------+
| Ref Name | Used |
+----------+------+


11. Instantiated Netlists
-------------------------

+-----------------------------------+------+
|              Ref Name             | Used |
+-----------------------------------+------+
| ram_dual_port                     |    2 |
| ila_2                             |    2 |
| ila_3                             |    1 |
| ila_1                             |    1 |
| ila_0                             |    1 |
| design_1_zynq_ultra_ps_e_0_0      |    1 |
| design_1_rst_ps8_0_99M_6          |    1 |
| design_1_axi_smc_0                |    1 |
| design_1_axi_gpio_0_1             |    1 |
| design_1_SystolicCoreWrapperV_0_0 |    1 |
| dbg_hub                           |    1 |
+-----------------------------------+------+


