Copyright 1986-2022 Xilinx, Inc. All Rights Reserved. Copyright 2022-2025 Advanced Micro Devices, Inc. All Rights Reserved.
----------------------------------------------------------------------------------------------------------------------------------------------------------------------
| Tool Version     : Vivado v.2025.2 (lin64) Build 6299465 Fri Nov 14 12:34:56 MST 2025
| Date             : Sat Jan  3 19:42:03 2026
| Host             : VT0144 running 64-bit Rocky Linux release 8.10 (Green Obsidian)
| Command          : report_power -file design_1_wrapper_power_routed.rpt -pb design_1_wrapper_power_summary_routed.pb -rpx design_1_wrapper_power_routed.rpx
| Design           : design_1_wrapper
| Device           : xczu7ev-ffvc1156-2-e
| Design State     : routed
| Grade            : extended
| Process          : typical
| Characterization : Production
----------------------------------------------------------------------------------------------------------------------------------------------------------------------

Power Report

Table of Contents
-----------------
1. Summary
1.1 On-Chip Components
1.2 Power Supply Summary
1.3 Confidence Level
2. Settings
2.1 Environment
2.2 Clock Constraints
3. Detailed Reports
3.1 By Hierarchy

1. Summary
----------

+--------------------------+--------------+
| Total On-Chip Power (W)  | 3.301        |
| Design Power Budget (W)  | Unspecified* |
| Power Budget Margin (W)  | NA           |
| Dynamic (W)              | 2.609        |
| Device Static (W)        | 0.691        |
| Effective TJA (C/W)      | 1.0          |
| Max Ambient (C)          | 96.8         |
| Junction Temperature (C) | 28.2         |
| Confidence Level         | Medium       |
| Setting File             | ---          |
| Simulation Activity File | ---          |
| Design Nets Matched      | NA           |
+--------------------------+--------------+
* Specify Design Power Budget using, set_operating_conditions -design_power_budget <value in Watts>


1.1 On-Chip Components
----------------------

+--------------------------+-----------+----------+-----------+-----------------+
| On-Chip                  | Power (W) | Used     | Available | Utilization (%) |
+--------------------------+-----------+----------+-----------+-----------------+
| Clocks                   |     0.078 |        4 |       --- |             --- |
| CLB Logic                |     0.020 |    58239 |       --- |             --- |
|   LUT as Logic           |     0.013 |    19511 |    230400 |            8.47 |
|   LUT as Shift Register  |     0.005 |     1901 |    101760 |            1.87 |
|   Register               |     0.002 |    26474 |    460800 |            5.75 |
|   CARRY8                 |    <0.001 |      481 |     28800 |            1.67 |
|   LUT as Distributed RAM |    <0.001 |       20 |    101760 |            0.02 |
|   BUFG                   |    <0.001 |        4 |        64 |            6.25 |
|   Others                 |     0.000 |     2943 |       --- |             --- |
|   F7/F8 Muxes            |     0.000 |      553 |    230400 |            0.24 |
| Signals                  |     0.017 |    44571 |       --- |             --- |
| Block RAM                |     0.025 |       35 |       312 |           11.22 |
| PS8                      |     2.471 |        1 |       --- |             --- |
| Static Power             |     0.691 |          |           |                 |
|   PS Static              |     0.098 |          |           |                 |
|   PL Static              |     0.593 |          |           |                 |
| Total                    |     3.301 |          |           |                 |
+--------------------------+-----------+----------+-----------+-----------------+


1.2 Power Supply Summary
------------------------

+------------------+-------------+-----------+-------------+------------+-------------+-------------+------------+
| Source           | Voltage (V) | Total (A) | Dynamic (A) | Static (A) | Powerup (A) | Budget (A)  | Margin (A) |
+------------------+-------------+-----------+-------------+------------+-------------+-------------+------------+
| Vccint           |       0.850 |     0.311 |       0.160 |      0.151 |       NA    | Unspecified | NA         |
| Vccint_io        |       0.850 |     0.071 |       0.000 |      0.071 |       NA    | Unspecified | NA         |
| Vccbram          |       0.850 |     0.006 |       0.004 |      0.002 |       NA    | Unspecified | NA         |
| Vccaux           |       1.800 |     0.147 |       0.000 |      0.147 |       NA    | Unspecified | NA         |
| Vccaux_io        |       1.800 |     0.055 |       0.000 |      0.055 |       NA    | Unspecified | NA         |
| Vcco33           |       3.300 |     0.000 |       0.000 |      0.000 |       NA    | Unspecified | NA         |
| Vcco25           |       2.500 |     0.000 |       0.000 |      0.000 |       NA    | Unspecified | NA         |
| Vcco18           |       1.800 |     0.000 |       0.000 |      0.000 |       NA    | Unspecified | NA         |
| Vcco15           |       1.500 |     0.000 |       0.000 |      0.000 |       NA    | Unspecified | NA         |
| Vcco135          |       1.350 |     0.000 |       0.000 |      0.000 |       NA    | Unspecified | NA         |
| Vcco12           |       1.200 |     0.000 |       0.000 |      0.000 |       NA    | Unspecified | NA         |
| Vcco10           |       1.000 |     0.000 |       0.000 |      0.000 |       NA    | Unspecified | NA         |
| Vccadc           |       1.800 |     0.008 |       0.000 |      0.008 |       NA    | Unspecified | NA         |
| VCC_PSINTFP      |       0.850 |     0.949 |       0.915 |      0.034 |       NA    | Unspecified | NA         |
| VCC_PSINTLP      |       0.850 |     0.248 |       0.241 |      0.007 |       NA    | Unspecified | NA         |
| VPS_MGTRAVCC     |       0.850 |     0.068 |       0.067 |      0.001 |       NA    | Unspecified | NA         |
| VCC_PSINTFP_DDR  |       0.850 |     0.730 |       0.725 |      0.004 |       NA    | Unspecified | NA         |
| VCC_PSPLL        |       1.200 |     0.075 |       0.073 |      0.002 |       NA    | Unspecified | NA         |
| VPS_MGTRAVTT     |       1.800 |     0.009 |       0.008 |      0.001 |       NA    | Unspecified | NA         |
| VCCO_PSDDR_504   |       1.200 |     0.626 |       0.592 |      0.034 |       NA    | Unspecified | NA         |
| VCC_PSAUX        |       1.800 |     0.002 |       0.000 |      0.002 |       NA    | Unspecified | NA         |
| VCC_PSBATT       |       1.200 |     0.000 |       0.000 |      0.000 |       NA    | Unspecified | NA         |
| VCC_PSDDR_PLL    |       1.800 |     0.001 |       0.000 |      0.001 |       NA    | Unspecified | NA         |
| VCCO_PSIO0_500   |       1.800 |     0.001 |       0.001 |      0.001 |       NA    | Unspecified | NA         |
| VCCO_PSIO1_501   |       1.800 |     0.001 |       0.000 |      0.001 |       NA    | Unspecified | NA         |
| VCCO_PSIO2_502   |       1.800 |     0.001 |       0.000 |      0.001 |       NA    | Unspecified | NA         |
| VCCO_PSIO3_503   |       3.300 |     0.001 |       0.000 |      0.001 |       NA    | Unspecified | NA         |
| VCC_PSADC        |       1.800 |     0.002 |       0.000 |      0.002 |       NA    | Unspecified | NA         |
| VCCINT_VCU       |       0.900 |     0.027 |       0.000 |      0.027 |       NA    | Unspecified | NA         |
| VMGTAVCC (GTH)   |       0.900 |     0.000 |       0.000 |      0.000 |       NA    | Unspecified | NA         |
| VMGTAVTT (GTH)   |       1.200 |     0.000 |       0.000 |      0.000 |       NA    | Unspecified | NA         |
| VMGTVCCAUX (GTH) |       1.800 |     0.000 |       0.000 |      0.000 |       NA    | Unspecified | NA         |
+------------------+-------------+-----------+-------------+------------+-------------+-------------+------------+


1.3 Confidence Level
--------------------

+-----------------------------+------------+------------------------------------------------+------------------------------------------------------------------------------------------------------------+
| User Input Data             | Confidence | Details                                        | Action                                                                                                     |
+-----------------------------+------------+------------------------------------------------+------------------------------------------------------------------------------------------------------------+
| Design implementation state | High       | Design is routed                               |                                                                                                            |
| Clock nodes activity        | High       | User specified more than 95% of clocks         |                                                                                                            |
| I/O nodes activity          | High       | User specified more than 95% of inputs         |                                                                                                            |
| Internal nodes activity     | Medium     | User specified less than 25% of internal nodes | Provide missing internal nodes activity with simulation results or by editing the "By Resource Type" views |
| Device models               | High       | Device models are Production                   |                                                                                                            |
|                             |            |                                                |                                                                                                            |
| Overall confidence level    | Medium     |                                                |                                                                                                            |
+-----------------------------+------------+------------------------------------------------+------------------------------------------------------------------------------------------------------------+


2. Settings
-----------

2.1 Environment
---------------

+-----------------------+--------------------------+
| Ambient Temp (C)      | 25.0                     |
| ThetaJA (C/W)         | 1.0                      |
| Airflow (LFM)         | 250                      |
| Heat Sink             | medium (Medium Profile)  |
| ThetaSA (C/W)         | 1.5                      |
| Board Selection       | medium (10"x10")         |
| # of Board Layers     | 12to15 (12 to 15 Layers) |
| Board Temperature (C) | 25.0                     |
+-----------------------+--------------------------+


2.2 Clock Constraints
---------------------

+-----------------------------------------------------------------------------------------------------+--------------------------------------------------------------------+-----------------+
| Clock                                                                                               | Domain                                                             | Constraint (ns) |
+-----------------------------------------------------------------------------------------------------+--------------------------------------------------------------------+-----------------+
| clk_pl_0                                                                                            | design_1_i/zynq_ultra_ps_e_0/inst/pl_clk_unbuffered[0]             |            10.0 |
| dbg_hub/inst/BSCANID.u_xsdbm_id/SWITCH_N_EXT_BSCAN.bscan_inst/SERIES7_BSCAN.bscan_inst/INTERNAL_TCK | dbg_hub/inst/BSCANID.u_xsdbm_id/SWITCH_N_EXT_BSCAN.bscan_inst/DRCK |            50.0 |
+-----------------------------------------------------------------------------------------------------+--------------------------------------------------------------------+-----------------+


3. Detailed Reports
-------------------

3.1 By Hierarchy
----------------

+----------------------------+-----------+
| Name                       | Power (W) |
+----------------------------+-----------+
| design_1_wrapper           |     2.609 |
|   dbg_hub                  |     0.002 |
|     inst                   |     0.002 |
|       BSCANID.u_xsdbm_id   |     0.002 |
|   design_1_i               |     2.607 |
|     SystolicCoreWrapperV_0 |     0.109 |
|       inst                 |     0.109 |
|     axi_gpio_0             |     0.001 |
|       U0                   |     0.001 |
|     axi_smc                |     0.007 |
|       inst                 |     0.007 |
|     ila_0                  |     0.006 |
|       inst                 |     0.006 |
|     ila_1                  |     0.013 |
|       inst                 |     0.013 |
|     zynq_ultra_ps_e_0      |     2.471 |
|       inst                 |     2.471 |
+----------------------------+-----------+


