Copyright 1986-2022 Xilinx, Inc. All Rights Reserved. Copyright 2022-2025 Advanced Micro Devices, Inc. All Rights Reserved.
---------------------------------------------------------------------------------------------------------------------------------------------
| Tool Version : Vivado v.2025.2 (lin64) Build 6299465 Fri Nov 14 12:34:56 MST 2025
| Date         : Wed Dec 31 15:58:33 2025
| Host         : VT0144 running 64-bit Rocky Linux release 8.10 (Green Obsidian)
| Command      : report_utilization -file zynq_wrapper_systolic_utilization_placed.rpt -pb zynq_wrapper_systolic_utilization_placed.pb
| Design       : zynq_wrapper_systolic
| Device       : xczu7ev-ffvc1156-2-e
| Speed File   : -2
| Design State : Fully Placed
---------------------------------------------------------------------------------------------------------------------------------------------

Utilization Design Information

Table of Contents
-----------------
1. CLB Logic
1.1 Summary of Registers by Type
2. CLB Logic Distribution
3. BLOCKRAM
4. ARITHMETIC
5. I/O
6. CLOCK
7. ADVANCED
8. CONFIGURATION
9. Primitives
10. Black Boxes
11. Instantiated Netlists

1. CLB Logic
------------

+----------------------------+-------+-------+------------+-----------+-------+
|          Site Type         |  Used | Fixed | Prohibited | Available | Util% |
+----------------------------+-------+-------+------------+-----------+-------+
| CLB LUTs                   | 17545 |     0 |          0 |    230400 |  7.62 |
|   LUT as Logic             | 16276 |     0 |          0 |    230400 |  7.06 |
|   LUT as Memory            |  1269 |     0 |          0 |    101760 |  1.25 |
|     LUT as Distributed RAM |    20 |     0 |            |           |       |
|     LUT as Shift Register  |  1249 |     0 |            |           |       |
| CLB Registers              | 19673 |     0 |          0 |    460800 |  4.27 |
|   Register as Flip Flop    | 19534 |     0 |          0 |    460800 |  4.24 |
|   Register as Latch        |   139 |     0 |          0 |    460800 |  0.03 |
| CARRY8                     |   401 |     0 |          0 |     28800 |  1.39 |
| F7 Muxes                   |   399 |     0 |          0 |    115200 |  0.35 |
| F8 Muxes                   |   128 |     0 |          0 |     57600 |  0.22 |
| F9 Muxes                   |     0 |     0 |          0 |     28800 |  0.00 |
| Unique Control Sets        |   562 |       |          0 |     57600 |  0.98 |
+----------------------------+-------+-------+------------+-----------+-------+
* Warning! LUT value is adjusted to account for LUT combining.
** Note: Available Control Sets calculated as Slices * 2, Review the Control Sets Report for more information regarding control sets.


1.1 Summary of Registers by Type
--------------------------------

+-------+--------------+-------------+--------------+
| Total | Clock Enable | Synchronous | Asynchronous |
+-------+--------------+-------------+--------------+
| 24    |            _ |           - |            - |
| 0     |            _ |           - |          Set |
| 0     |            _ |           - |        Reset |
| 0     |            _ |         Set |            - |
| 0     |            _ |       Reset |            - |
| 0     |          Yes |           - |            - |
| 41    |          Yes |           - |          Set |
| 6900  |          Yes |           - |        Reset |
| 121   |          Yes |         Set |            - |
| 12587 |          Yes |       Reset |            - |
+-------+--------------+-------------+--------------+


2. CLB Logic Distribution
-------------------------

+--------------------------------------------+-------+-------+------------+-----------+-------+
|                  Site Type                 |  Used | Fixed | Prohibited | Available | Util% |
+--------------------------------------------+-------+-------+------------+-----------+-------+
| CLB                                        |  3671 |     0 |          0 |     28800 | 12.75 |
|   CLBL                                     |  1844 |     0 |            |           |       |
|   CLBM                                     |  1827 |     0 |            |           |       |
| LUT as Logic                               | 16276 |     0 |          0 |    230400 |  7.06 |
|   using O5 output only                     |   147 |       |            |           |       |
|   using O6 output only                     | 12003 |       |            |           |       |
|   using O5 and O6                          |  4126 |       |            |           |       |
| LUT as Memory                              |  1269 |     0 |          0 |    101760 |  1.25 |
|   LUT as Distributed RAM                   |    20 |     0 |            |           |       |
|     using O5 output only                   |     0 |       |            |           |       |
|     using O6 output only                   |     0 |       |            |           |       |
|     using O5 and O6                        |    20 |       |            |           |       |
|   LUT as Shift Register                    |  1249 |     0 |            |           |       |
|     using O5 output only                   |     0 |       |            |           |       |
|     using O6 output only                   |   217 |       |            |           |       |
|     using O5 and O6                        |  1032 |       |            |           |       |
| CLB Registers                              | 19673 |     0 |          0 |    460800 |  4.27 |
|   Register driven from within the CLB      |  9346 |       |            |           |       |
|   Register driven from outside the CLB     | 10327 |       |            |           |       |
|     LUT in front of the register is unused |  6368 |       |            |           |       |
|     LUT in front of the register is used   |  3959 |       |            |           |       |
+--------------------------------------------+-------+-------+------------+-----------+-------+


3. BLOCKRAM
-----------

+-------------------+------+-------+------------+-----------+-------+
|     Site Type     | Used | Fixed | Prohibited | Available | Util% |
+-------------------+------+-------+------------+-----------+-------+
| Block RAM Tile    | 25.5 |     0 |          0 |       312 |  8.17 |
|   RAMB36/FIFO*    |   25 |     0 |          0 |       312 |  8.01 |
|     RAMB36E2 only |   25 |       |            |           |       |
|   RAMB18          |    1 |     0 |          0 |       624 |  0.16 |
|     RAMB18E2 only |    1 |       |            |           |       |
| URAM              |    0 |     0 |          0 |        96 |  0.00 |
+-------------------+------+-------+------------+-----------+-------+
* Note: Each Block RAM Tile only has one FIFO logic available and therefore can accommodate only one FIFO36E2 or one FIFO18E2. However, if a FIFO18E2 occupies a Block RAM Tile, that tile can still accommodate a RAMB18E2


4. ARITHMETIC
-------------

+-----------+------+-------+------------+-----------+-------+
| Site Type | Used | Fixed | Prohibited | Available | Util% |
+-----------+------+-------+------------+-----------+-------+
| DSPs      |    0 |     0 |          0 |      1728 |  0.00 |
+-----------+------+-------+------------+-----------+-------+


5. I/O
------

+------------------+------+-------+------------+-----------+-------+
|     Site Type    | Used | Fixed | Prohibited | Available | Util% |
+------------------+------+-------+------------+-----------+-------+
| Bonded IOB       |    3 |     3 |          0 |       360 |  0.83 |
|   HPIOB_M        |    2 |     2 |          0 |       144 |  1.39 |
|     INPUT        |    2 |       |            |           |       |
|     OUTPUT       |    0 |       |            |           |       |
|     BIDIR        |    0 |       |            |           |       |
|   HPIOB_S        |    1 |     1 |          0 |       144 |  0.69 |
|     INPUT        |    1 |       |            |           |       |
|     OUTPUT       |    0 |       |            |           |       |
|     BIDIR        |    0 |       |            |           |       |
|   HDIOB_M        |    0 |     0 |          0 |        24 |  0.00 |
|   HDIOB_S        |    0 |     0 |          0 |        24 |  0.00 |
|   HPIOB_SNGL     |    0 |     0 |          0 |        24 |  0.00 |
| HPIOBDIFFINBUF   |    1 |     1 |          0 |       192 |  0.52 |
|   DIFFINBUF      |    1 |     1 |            |           |       |
| HPIOBDIFFOUTBUF  |    0 |     0 |          0 |       192 |  0.00 |
| HDIOBDIFFINBUF   |    0 |     0 |          0 |        48 |  0.00 |
| BITSLICE_CONTROL |    0 |     0 |          0 |        64 |  0.00 |
| BITSLICE_RX_TX   |    0 |     0 |          0 |      2496 |  0.00 |
| BITSLICE_TX      |    0 |     0 |          0 |        64 |  0.00 |
| RIU_OR           |    0 |     0 |          0 |        32 |  0.00 |
+------------------+------+-------+------------+-----------+-------+


6. CLOCK
--------

+------------+------+-------+------------+-----------+-------+
|  Site Type | Used | Fixed | Prohibited | Available | Util% |
+------------+------+-------+------------+-----------+-------+
| BUFGCE     |    6 |     0 |          0 |       208 |  2.88 |
| BUFGCE_DIV |    0 |     0 |          0 |        32 |  0.00 |
| BUFG_GT    |    0 |     0 |          0 |       144 |  0.00 |
| BUFG_PS    |    1 |     0 |          0 |        96 |  1.04 |
| BUFGCTRL*  |    0 |     0 |          0 |        64 |  0.00 |
| PLL        |    0 |     0 |          0 |        16 |  0.00 |
| MMCM       |    0 |     0 |          0 |         8 |  0.00 |
+------------+------+-------+------------+-----------+-------+
* Note: Each used BUFGCTRL counts as two GLOBAL CLOCK BUFFERs. This table does not include global clocking resources, only buffer cell usage. See the Clock Utilization Report (report_clock_utilization) for detailed accounting of global clocking resource availability.


7. ADVANCED
-----------

+-----------------+------+-------+------------+-----------+--------+
|    Site Type    | Used | Fixed | Prohibited | Available |  Util% |
+-----------------+------+-------+------------+-----------+--------+
| GTHE4_CHANNEL   |    0 |     0 |          0 |        20 |   0.00 |
| GTHE4_COMMON    |    0 |     0 |          0 |         5 |   0.00 |
| OBUFDS_GTE4     |    0 |     0 |          0 |        10 |   0.00 |
| OBUFDS_GTE4_ADV |    0 |     0 |          0 |        10 |   0.00 |
| PCIE40E4        |    0 |     0 |          0 |         2 |   0.00 |
| PS8             |    1 |     0 |          0 |         1 | 100.00 |
| SYSMONE4        |    0 |     0 |          0 |         1 |   0.00 |
| VCU             |    0 |     0 |          0 |         1 |   0.00 |
+-----------------+------+-------+------------+-----------+--------+


8. CONFIGURATION
----------------

+-------------+------+-------+------------+-----------+-------+
|  Site Type  | Used | Fixed | Prohibited | Available | Util% |
+-------------+------+-------+------------+-----------+-------+
| BSCANE2     |    1 |     0 |          0 |         4 | 25.00 |
| DNA_PORTE2  |    0 |     0 |          0 |         1 |  0.00 |
| EFUSE_USR   |    0 |     0 |          0 |         1 |  0.00 |
| FRAME_ECCE4 |    0 |     0 |          0 |         1 |  0.00 |
| ICAPE3      |    0 |     0 |          0 |         2 |  0.00 |
| MASTER_JTAG |    0 |     0 |          0 |         1 |  0.00 |
| STARTUPE3   |    0 |     0 |          0 |         1 |  0.00 |
+-------------+------+-------+------------+-----------+-------+


9. Primitives
-------------

+-----------+-------+---------------------+
|  Ref Name |  Used | Functional Category |
+-----------+-------+---------------------+
| FDRE      | 12587 |            Register |
| LUT6      |  7565 |                 CLB |
| FDCE      |  6777 |            Register |
| LUT2      |  4188 |                 CLB |
| LUT4      |  2889 |                 CLB |
| LUT1      |  2270 |                 CLB |
| LUT3      |  1835 |                 CLB |
| LUT5      |  1655 |                 CLB |
| SRL16E    |  1464 |                 CLB |
| SRLC32E   |   807 |                 CLB |
| CARRY8    |   401 |                 CLB |
| MUXF7     |   399 |                 CLB |
| LDCE      |   139 |            Register |
| MUXF8     |   128 |                 CLB |
| FDSE      |   121 |            Register |
| FDPE      |    49 |            Register |
| RAMD32    |    36 |                 CLB |
| RAMB36E2  |    25 |            BLOCKRAM |
| SRLC16E   |    10 |                 CLB |
| BUFGCE    |     6 |               Clock |
| RAMS32    |     4 |                 CLB |
| IBUFCTRL  |     2 |              Others |
| RAMB18E2  |     1 |            BLOCKRAM |
| PS8       |     1 |            Advanced |
| INBUF     |     1 |                 I/O |
| DIFFINBUF |     1 |                 I/O |
| BUFG_PS   |     1 |               Clock |
| BSCANE2   |     1 |       Configuration |
+-----------+-------+---------------------+


10. Black Boxes
---------------

+----------+------+
| Ref Name | Used |
+----------+------+


11. Instantiated Netlists
-------------------------

+------------------------------+------+
|           Ref Name           | Used |
+------------------------------+------+
| ram_dual_port                |    2 |
| ila_2                        |    2 |
| ila_0                        |    2 |
| ila_1                        |    1 |
| design_1_zynq_ultra_ps_e_0_0 |    1 |
| design_1_rst_ps8_0_99M_6     |    1 |
| design_1_axi_smc_0           |    1 |
| design_1_axi_gpio_1_0        |    1 |
| design_1_axi_gpio_0_1        |    1 |
| dbg_hub                      |    1 |
+------------------------------+------+


