Time resolution is 1 ps
Block Memory Generator module tb.a.SystolicCore0.serial2mem_opA.ram.inst.native_mem_module.blk_mem_gen_v8_4_12_inst is using a behavioral model for simulation which will not precisely model memory collision behavior.
Block Memory Generator module tb.a.SystolicCore0.serial2mem_opB.ram.inst.native_mem_module.blk_mem_gen_v8_4_12_inst is using a behavioral model for simulation which will not precisely model memory collision behavior.
WARNING: File testeINPUT_A1.mem referenced on /home/xmen/Music/2025.2/Vivado/data/ip/xilinx/blk_mem_gen_v8_4/simulation/blk_mem_gen_v8_4.v at line 3931 cannot be opened for reading. Please ensure that this file is available in the current working directory or parent directory of xsim.dir location specified via -xsimdir switch.
WARNING: File testeINPUT_B1.mem referenced on /home/xmen/Music/2025.2/Vivado/data/ip/xilinx/blk_mem_gen_v8_4/simulation/blk_mem_gen_v8_4.v at line 3931 cannot be opened for reading. Please ensure that this file is available in the current working directory or parent directory of xsim.dir location specified via -xsimdir switch.
blk_mem_gen_v8_4_12 collision detected at time: 45000, Instance: tb.a.SystolicCore0.serial2mem_opA.ram.inst.native_mem_module.blk_mem_gen_v8_4_12_inst, A write address: 0, B  read address: 0
blk_mem_gen_v8_4_12 collision detected at time: 45000, Instance: tb.a.SystolicCore0.serial2mem_opB.ram.inst.native_mem_module.blk_mem_gen_v8_4_12_inst, A write address: 0, B  read address: 0
blk_mem_gen_v8_4_12 collision detected at time: 55000, Instance: tb.a.SystolicCore0.serial2mem_opA.ram.inst.native_mem_module.blk_mem_gen_v8_4_12_inst, A write address: 0, B  read address: 0
blk_mem_gen_v8_4_12 collision detected at time: 55000, Instance: tb.a.SystolicCore0.serial2mem_opB.ram.inst.native_mem_module.blk_mem_gen_v8_4_12_inst, A write address: 0, B  read address: 0
blk_mem_gen_v8_4_12 collision detected at time: 65000, Instance: tb.a.SystolicCore0.serial2mem_opA.ram.inst.native_mem_module.blk_mem_gen_v8_4_12_inst, A write address: 0, B  read address: 0
blk_mem_gen_v8_4_12 collision detected at time: 65000, Instance: tb.a.SystolicCore0.serial2mem_opB.ram.inst.native_mem_module.blk_mem_gen_v8_4_12_inst, A write address: 0, B  read address: 0
blk_mem_gen_v8_4_12 collision detected at time: 75000, Instance: tb.a.SystolicCore0.serial2mem_opA.ram.inst.native_mem_module.blk_mem_gen_v8_4_12_inst, A write address: 0, B  read address: 0
blk_mem_gen_v8_4_12 collision detected at time: 75000, Instance: tb.a.SystolicCore0.serial2mem_opB.ram.inst.native_mem_module.blk_mem_gen_v8_4_12_inst, A write address: 0, B  read address: 0
Block Memory Generator module tb.a.SystolicCore0.serial2mem_opA.ram.inst.native_mem_module.blk_mem_gen_v8_4_12_inst is using a behavioral model for simulation which will not precisely model memory collision behavior.
Block Memory Generator module tb.a.SystolicCore0.serial2mem_opB.ram.inst.native_mem_module.blk_mem_gen_v8_4_12_inst is using a behavioral model for simulation which will not precisely model memory collision behavior.
WARNING: File testeINPUT_A1.mem referenced on /home/xmen/Music/2025.2/Vivado/data/ip/xilinx/blk_mem_gen_v8_4/simulation/blk_mem_gen_v8_4.v at line 3931 cannot be opened for reading. Please ensure that this file is available in the current working directory or parent directory of xsim.dir location specified via -xsimdir switch.
WARNING: File testeINPUT_B1.mem referenced on /home/xmen/Music/2025.2/Vivado/data/ip/xilinx/blk_mem_gen_v8_4/simulation/blk_mem_gen_v8_4.v at line 3931 cannot be opened for reading. Please ensure that this file is available in the current working directory or parent directory of xsim.dir location specified via -xsimdir switch.
blk_mem_gen_v8_4_12 collision detected at time: 45000, Instance: tb.a.SystolicCore0.serial2mem_opA.ram.inst.native_mem_module.blk_mem_gen_v8_4_12_inst, A write address: 0, B  read address: 0
blk_mem_gen_v8_4_12 collision detected at time: 45000, Instance: tb.a.SystolicCore0.serial2mem_opB.ram.inst.native_mem_module.blk_mem_gen_v8_4_12_inst, A write address: 0, B  read address: 0
blk_mem_gen_v8_4_12 collision detected at time: 55000, Instance: tb.a.SystolicCore0.serial2mem_opA.ram.inst.native_mem_module.blk_mem_gen_v8_4_12_inst, A write address: 0, B  read address: 0
blk_mem_gen_v8_4_12 collision detected at time: 55000, Instance: tb.a.SystolicCore0.serial2mem_opB.ram.inst.native_mem_module.blk_mem_gen_v8_4_12_inst, A write address: 0, B  read address: 0
blk_mem_gen_v8_4_12 collision detected at time: 65000, Instance: tb.a.SystolicCore0.serial2mem_opA.ram.inst.native_mem_module.blk_mem_gen_v8_4_12_inst, A write address: 0, B  read address: 0
blk_mem_gen_v8_4_12 collision detected at time: 65000, Instance: tb.a.SystolicCore0.serial2mem_opB.ram.inst.native_mem_module.blk_mem_gen_v8_4_12_inst, A write address: 0, B  read address: 0
blk_mem_gen_v8_4_12 collision detected at time: 75000, Instance: tb.a.SystolicCore0.serial2mem_opA.ram.inst.native_mem_module.blk_mem_gen_v8_4_12_inst, A write address: 0, B  read address: 0
blk_mem_gen_v8_4_12 collision detected at time: 75000, Instance: tb.a.SystolicCore0.serial2mem_opB.ram.inst.native_mem_module.blk_mem_gen_v8_4_12_inst, A write address: 0, B  read address: 0
Block Memory Generator module tb.a.SystolicCore0.serial2mem_opA.ram.inst.native_mem_module.blk_mem_gen_v8_4_12_inst is using a behavioral model for simulation which will not precisely model memory collision behavior.
Block Memory Generator module tb.a.SystolicCore0.serial2mem_opB.ram.inst.native_mem_module.blk_mem_gen_v8_4_12_inst is using a behavioral model for simulation which will not precisely model memory collision behavior.
WARNING: File testeINPUT_A1.mem referenced on /home/xmen/Music/2025.2/Vivado/data/ip/xilinx/blk_mem_gen_v8_4/simulation/blk_mem_gen_v8_4.v at line 3931 cannot be opened for reading. Please ensure that this file is available in the current working directory or parent directory of xsim.dir location specified via -xsimdir switch.
WARNING: File testeINPUT_B1.mem referenced on /home/xmen/Music/2025.2/Vivado/data/ip/xilinx/blk_mem_gen_v8_4/simulation/blk_mem_gen_v8_4.v at line 3931 cannot be opened for reading. Please ensure that this file is available in the current working directory or parent directory of xsim.dir location specified via -xsimdir switch.
blk_mem_gen_v8_4_12 collision detected at time: 45000, Instance: tb.a.SystolicCore0.serial2mem_opA.ram.inst.native_mem_module.blk_mem_gen_v8_4_12_inst, A write address: 0, B  read address: 0
blk_mem_gen_v8_4_12 collision detected at time: 45000, Instance: tb.a.SystolicCore0.serial2mem_opB.ram.inst.native_mem_module.blk_mem_gen_v8_4_12_inst, A write address: 0, B  read address: 0
blk_mem_gen_v8_4_12 collision detected at time: 55000, Instance: tb.a.SystolicCore0.serial2mem_opA.ram.inst.native_mem_module.blk_mem_gen_v8_4_12_inst, A write address: 0, B  read address: 0
blk_mem_gen_v8_4_12 collision detected at time: 55000, Instance: tb.a.SystolicCore0.serial2mem_opB.ram.inst.native_mem_module.blk_mem_gen_v8_4_12_inst, A write address: 0, B  read address: 0
blk_mem_gen_v8_4_12 collision detected at time: 65000, Instance: tb.a.SystolicCore0.serial2mem_opA.ram.inst.native_mem_module.blk_mem_gen_v8_4_12_inst, A write address: 0, B  read address: 0
blk_mem_gen_v8_4_12 collision detected at time: 65000, Instance: tb.a.SystolicCore0.serial2mem_opB.ram.inst.native_mem_module.blk_mem_gen_v8_4_12_inst, A write address: 0, B  read address: 0
blk_mem_gen_v8_4_12 collision detected at time: 75000, Instance: tb.a.SystolicCore0.serial2mem_opA.ram.inst.native_mem_module.blk_mem_gen_v8_4_12_inst, A write address: 0, B  read address: 0
blk_mem_gen_v8_4_12 collision detected at time: 75000, Instance: tb.a.SystolicCore0.serial2mem_opB.ram.inst.native_mem_module.blk_mem_gen_v8_4_12_inst, A write address: 0, B  read address: 0
blk_mem_gen_v8_4_12 WARNING: Address 1f is outside range for B Read
blk_mem_gen_v8_4_12 WARNING: Address 1f is outside range for B Read
INFO: xsimkernel Simulation Memory Usage: 511532 KB (Peak: 569956 KB), Simulation CPU Usage: 290180 ms
