
*** Running vivado
    with args -log SystolicCore_onlyFPGA_0_0.vds -m64 -product Vivado -mode batch -messageDb vivado.pb -notrace -source SystolicCore_onlyFPGA_0_0.tcl


****** Vivado v2025.2 (64-bit)
  **** SW Build 6299465 on Fri Nov 14 12:34:56 MST 2025
  **** IP Build 6300035 on Fri Nov 14 10:48:45 MST 2025
  **** SharedData Build 6298862 on Thu Nov 13 04:50:51 MST 2025
  **** Start of session at: Wed Feb  4 09:51:13 2026
    ** Copyright 1986-2022 Xilinx, Inc. All Rights Reserved.
    ** Copyright 2022-2025 Advanced Micro Devices, Inc. All Rights Reserved.

source SystolicCore_onlyFPGA_0_0.tcl -notrace
INFO: [IP_Flow 19-234] Refreshing IP repositories
INFO: [IP_Flow 19-1704] No user IP repositories specified
INFO: [IP_Flow 19-2313] Loaded Vivado IP repository '/home/xmen/Music/2025.2/data/ip'.
Command: synth_design -top SystolicCore_onlyFPGA_0_0 -part xczu7ev-ffvc1156-2-e -incremental_mode off -mode out_of_context
Starting synth_design
Attempting to get a license for feature 'Synthesis' and/or device 'xczu7ev'
INFO: [Common 17-349] Got license for feature 'Synthesis' and/or device 'xczu7ev'
INFO: [Device 21-403] Loading part xczu7ev-ffvc1156-2-e
INFO: [Synth 8-7079] Multithreading enabled for synth_design using a maximum of 7 processes.
INFO: [Synth 8-7078] Launching helper process for spawning children vivado processes
INFO: [Synth 8-7075] Helper process launched with PID 2972367
---------------------------------------------------------------------------------
Starting RTL Elaboration : Time (s): cpu = 00:00:02 ; elapsed = 00:00:02 . Memory (MB): peak = 3177.895 ; gain = 146.688 ; free physical = 521 ; free virtual = 39262
---------------------------------------------------------------------------------
INFO: [Synth 8-11241] undeclared symbol 'uart_clock', assumed default net type 'wire' [/home/xmen/Videos/RustDesk/SystolicCore/SystolicCore/rtl/SystolicCore.sv:154]
INFO: [Synth 8-11241] undeclared symbol 'uart_nreset', assumed default net type 'wire' [/home/xmen/Videos/RustDesk/SystolicCore/SystolicCore/rtl/SystolicCore.sv:163]
WARNING: [Synth 8-10507] attribute 'dont_touch' is already specified; last one will take precedence [/home/xmen/Videos/RustDesk/SystolicCore/SystolicCore/rtl/SystolicCore.sv:243]
INFO: [Synth 8-6157] synthesizing module 'SystolicCore_onlyFPGA_0_0' [/home/xmen/Videos/RustDesk/SystolicCore/SystolicCore/Zynq_Systolic_Core_AXI_FIFO_Stream/Zynq_Systolic_Core_AXI_FIFO_Stream.gen/sources_1/bd/SystolicCore/ip/SystolicCore_onlyFPGA_0_0/synth/SystolicCore_onlyFPGA_0_0.v:53]
WARNING: [Synth 8-4446] all outputs are unconnected for this instance and logic may be removed [/home/xmen/Videos/RustDesk/SystolicCore/SystolicCore/Zynq_Systolic_Core_AXI_FIFO_Stream/Zynq_Systolic_Core_AXI_FIFO_Stream.gen/sources_1/bd/SystolicCore/ip/SystolicCore_onlyFPGA_0_0/synth/SystolicCore_onlyFPGA_0_0.v:69]
INFO: [Synth 8-6157] synthesizing module 'onlyFPGA' [/home/xmen/Videos/RustDesk/SystolicCore/SystolicCore/rtl/onlyFPGA.v:23]
INFO: [Synth 8-6157] synthesizing module 'matrix_in_memeory' [/home/xmen/Videos/RustDesk/SystolicCore/SystolicCore/Zynq_Systolic_Core_AXI_FIFO_Stream/Zynq_Systolic_Core_AXI_FIFO_Stream.runs/SystolicCore_onlyFPGA_0_0_synth_1/.Xil/Vivado-2971460-VT0144/realtime/matrix_in_memeory_stub.v:6]
INFO: [Synth 8-6155] done synthesizing module 'matrix_in_memeory' (0#1) [/home/xmen/Videos/RustDesk/SystolicCore/SystolicCore/Zynq_Systolic_Core_AXI_FIFO_Stream/Zynq_Systolic_Core_AXI_FIFO_Stream.runs/SystolicCore_onlyFPGA_0_0_synth_1/.Xil/Vivado-2971460-VT0144/realtime/matrix_in_memeory_stub.v:6]
WARNING: [Synth 8-689] width (64) of port connection 'addra' does not match port width (7) of module 'matrix_in_memeory' [/home/xmen/Videos/RustDesk/SystolicCore/SystolicCore/rtl/onlyFPGA.v:38]
WARNING: [Synth 8-4446] all outputs are unconnected for this instance and logic may be removed [/home/xmen/Videos/RustDesk/SystolicCore/SystolicCore/rtl/onlyFPGA.v:43]
INFO: [Synth 8-6157] synthesizing module 'AXI_Stream_Systolic_Core' [/home/xmen/Videos/RustDesk/SystolicCore/SystolicCore/rtl/AXI_Stream_Systolic_Core.v:23]
INFO: [Synth 8-6157] synthesizing module 'SystolicCoreTop' [/home/xmen/Videos/RustDesk/SystolicCore/SystolicCore/rtl/SystolicCore.sv:23]
	Parameter BYTESIZES bound to: 64 - type: integer 
	Parameter WIDTHx bound to: 4 - type: integer 
	Parameter SIZE bound to: 16 - type: integer 
	Parameter WIDTH bound to: 8 - type: integer 
INFO: [Synth 8-6157] synthesizing module 'systolicMatrixMultiply' [/home/xmen/Videos/RustDesk/SystolicCore/SystolicCore/rtl/systolicMatrixMultiply.sv:12]
	Parameter WIDTH bound to: 8 - type: integer 
	Parameter SIZE bound to: 16 - type: integer 
	Parameter WIDTHx bound to: 4 - type: integer 
INFO: [Synth 8-6157] synthesizing module 'accumulator_cells' [/home/xmen/Videos/RustDesk/SystolicCore/SystolicCore/rtl/accumulator.sv:13]
	Parameter WIDTH bound to: 8 - type: integer 
	Parameter WIDTHx bound to: 4 - type: integer 
INFO: [Synth 8-6155] done synthesizing module 'accumulator_cells' (0#1) [/home/xmen/Videos/RustDesk/SystolicCore/SystolicCore/rtl/accumulator.sv:13]
WARNING: [Synth 8-324] index 16 out of range [/home/xmen/Videos/RustDesk/SystolicCore/SystolicCore/rtl/systolicMatrixMultiply.sv:55]
WARNING: [Synth 8-324] index 16 out of range [/home/xmen/Videos/RustDesk/SystolicCore/SystolicCore/rtl/systolicMatrixMultiply.sv:55]
WARNING: [Synth 8-324] index 16 out of range [/home/xmen/Videos/RustDesk/SystolicCore/SystolicCore/rtl/systolicMatrixMultiply.sv:55]
WARNING: [Synth 8-324] index 16 out of range [/home/xmen/Videos/RustDesk/SystolicCore/SystolicCore/rtl/systolicMatrixMultiply.sv:55]
WARNING: [Synth 8-324] index 16 out of range [/home/xmen/Videos/RustDesk/SystolicCore/SystolicCore/rtl/systolicMatrixMultiply.sv:55]
WARNING: [Synth 8-324] index 16 out of range [/home/xmen/Videos/RustDesk/SystolicCore/SystolicCore/rtl/systolicMatrixMultiply.sv:55]
WARNING: [Synth 8-324] index 16 out of range [/home/xmen/Videos/RustDesk/SystolicCore/SystolicCore/rtl/systolicMatrixMultiply.sv:55]
WARNING: [Synth 8-324] index 16 out of range [/home/xmen/Videos/RustDesk/SystolicCore/SystolicCore/rtl/systolicMatrixMultiply.sv:55]
WARNING: [Synth 8-324] index 16 out of range [/home/xmen/Videos/RustDesk/SystolicCore/SystolicCore/rtl/systolicMatrixMultiply.sv:55]
WARNING: [Synth 8-324] index 16 out of range [/home/xmen/Videos/RustDesk/SystolicCore/SystolicCore/rtl/systolicMatrixMultiply.sv:55]
WARNING: [Synth 8-324] index 16 out of range [/home/xmen/Videos/RustDesk/SystolicCore/SystolicCore/rtl/systolicMatrixMultiply.sv:55]
WARNING: [Synth 8-324] index 16 out of range [/home/xmen/Videos/RustDesk/SystolicCore/SystolicCore/rtl/systolicMatrixMultiply.sv:55]
WARNING: [Synth 8-324] index 16 out of range [/home/xmen/Videos/RustDesk/SystolicCore/SystolicCore/rtl/systolicMatrixMultiply.sv:55]
WARNING: [Synth 8-324] index 16 out of range [/home/xmen/Videos/RustDesk/SystolicCore/SystolicCore/rtl/systolicMatrixMultiply.sv:55]
WARNING: [Synth 8-324] index 16 out of range [/home/xmen/Videos/RustDesk/SystolicCore/SystolicCore/rtl/systolicMatrixMultiply.sv:55]
WARNING: [Synth 8-324] index 16 out of range [/home/xmen/Videos/RustDesk/SystolicCore/SystolicCore/rtl/systolicMatrixMultiply.sv:54]
WARNING: [Synth 8-324] index 16 out of range [/home/xmen/Videos/RustDesk/SystolicCore/SystolicCore/rtl/systolicMatrixMultiply.sv:54]
WARNING: [Synth 8-324] index 16 out of range [/home/xmen/Videos/RustDesk/SystolicCore/SystolicCore/rtl/systolicMatrixMultiply.sv:54]
WARNING: [Synth 8-324] index 16 out of range [/home/xmen/Videos/RustDesk/SystolicCore/SystolicCore/rtl/systolicMatrixMultiply.sv:54]
WARNING: [Synth 8-324] index 16 out of range [/home/xmen/Videos/RustDesk/SystolicCore/SystolicCore/rtl/systolicMatrixMultiply.sv:54]
WARNING: [Synth 8-324] index 16 out of range [/home/xmen/Videos/RustDesk/SystolicCore/SystolicCore/rtl/systolicMatrixMultiply.sv:54]
WARNING: [Synth 8-324] index 16 out of range [/home/xmen/Videos/RustDesk/SystolicCore/SystolicCore/rtl/systolicMatrixMultiply.sv:54]
WARNING: [Synth 8-324] index 16 out of range [/home/xmen/Videos/RustDesk/SystolicCore/SystolicCore/rtl/systolicMatrixMultiply.sv:54]
WARNING: [Synth 8-324] index 16 out of range [/home/xmen/Videos/RustDesk/SystolicCore/SystolicCore/rtl/systolicMatrixMultiply.sv:54]
WARNING: [Synth 8-324] index 16 out of range [/home/xmen/Videos/RustDesk/SystolicCore/SystolicCore/rtl/systolicMatrixMultiply.sv:54]
WARNING: [Synth 8-324] index 16 out of range [/home/xmen/Videos/RustDesk/SystolicCore/SystolicCore/rtl/systolicMatrixMultiply.sv:54]
WARNING: [Synth 8-324] index 16 out of range [/home/xmen/Videos/RustDesk/SystolicCore/SystolicCore/rtl/systolicMatrixMultiply.sv:54]
WARNING: [Synth 8-324] index 16 out of range [/home/xmen/Videos/RustDesk/SystolicCore/SystolicCore/rtl/systolicMatrixMultiply.sv:54]
WARNING: [Synth 8-324] index 16 out of range [/home/xmen/Videos/RustDesk/SystolicCore/SystolicCore/rtl/systolicMatrixMultiply.sv:54]
WARNING: [Synth 8-324] index 16 out of range [/home/xmen/Videos/RustDesk/SystolicCore/SystolicCore/rtl/systolicMatrixMultiply.sv:54]
WARNING: [Synth 8-324] index 16 out of range [/home/xmen/Videos/RustDesk/SystolicCore/SystolicCore/rtl/systolicMatrixMultiply.sv:54]
WARNING: [Synth 8-324] index 16 out of range [/home/xmen/Videos/RustDesk/SystolicCore/SystolicCore/rtl/systolicMatrixMultiply.sv:55]
INFO: [Synth 8-6155] done synthesizing module 'systolicMatrixMultiply' (0#1) [/home/xmen/Videos/RustDesk/SystolicCore/SystolicCore/rtl/systolicMatrixMultiply.sv:12]
INFO: [Synth 8-6157] synthesizing module 'serial2mem' [/home/xmen/Videos/RustDesk/SystolicCore/SystolicCore/rtl/serial2mem.sv:1]
	Parameter WIDTH bound to: 4 - type: integer 
	Parameter SIZE bound to: 16 - type: integer 
INFO: [Synth 8-6155] done synthesizing module 'serial2mem' (0#1) [/home/xmen/Videos/RustDesk/SystolicCore/SystolicCore/rtl/serial2mem.sv:1]
INFO: [Synth 8-6157] synthesizing module 'mem2seriala' [/home/xmen/Videos/RustDesk/SystolicCore/SystolicCore/rtl/mem2serial.sv:1]
	Parameter SIZE bound to: 16 - type: integer 
	Parameter WIDTH bound to: 8 - type: integer 
INFO: [Synth 8-6155] done synthesizing module 'mem2seriala' (0#1) [/home/xmen/Videos/RustDesk/SystolicCore/SystolicCore/rtl/mem2serial.sv:1]
WARNING: [Synth 8-689] width (64) of port connection 'smatrix_out' does not match port width (128) of module 'mem2seriala' [/home/xmen/Videos/RustDesk/SystolicCore/SystolicCore/rtl/SystolicCore.sv:299]
INFO: [Synth 8-6157] synthesizing module 'systolicControlUnitTop' [/home/xmen/Videos/RustDesk/SystolicCore/SystolicCore/rtl/SystolicControlUnit.sv:1]
INFO: [Synth 8-226] default block is never used [/home/xmen/Videos/RustDesk/SystolicCore/SystolicCore/rtl/SystolicControlUnit.sv:114]
INFO: [Synth 8-6157] synthesizing module 'counter' [/home/xmen/Videos/RustDesk/SystolicCore/SystolicCore/rtl/counter.sv:13]
	Parameter MAX_COUNTER bound to: 32 - type: integer 
INFO: [Synth 8-6155] done synthesizing module 'counter' (0#1) [/home/xmen/Videos/RustDesk/SystolicCore/SystolicCore/rtl/counter.sv:13]
WARNING: [Synth 8-689] width (33) of port connection 'counter' does not match port width (32) of module 'counter' [/home/xmen/Videos/RustDesk/SystolicCore/SystolicCore/rtl/SystolicControlUnit.sv:275]
WARNING: [Synth 8-689] width (33) of port connection 'counter' does not match port width (32) of module 'counter' [/home/xmen/Videos/RustDesk/SystolicCore/SystolicCore/rtl/SystolicControlUnit.sv:286]
WARNING: [Synth 8-689] width (33) of port connection 'counter' does not match port width (32) of module 'counter' [/home/xmen/Videos/RustDesk/SystolicCore/SystolicCore/rtl/SystolicControlUnit.sv:295]
WARNING: [Synth 8-689] width (33) of port connection 'counter' does not match port width (32) of module 'counter' [/home/xmen/Videos/RustDesk/SystolicCore/SystolicCore/rtl/SystolicControlUnit.sv:304]
WARNING: [Synth 8-689] width (33) of port connection 'counter' does not match port width (32) of module 'counter' [/home/xmen/Videos/RustDesk/SystolicCore/SystolicCore/rtl/SystolicControlUnit.sv:314]
WARNING: [Synth 8-689] width (33) of port connection 'counter' does not match port width (32) of module 'counter' [/home/xmen/Videos/RustDesk/SystolicCore/SystolicCore/rtl/SystolicControlUnit.sv:324]
WARNING: [Synth 8-4446] all outputs are unconnected for this instance and logic may be removed [/home/xmen/Videos/RustDesk/SystolicCore/SystolicCore/rtl/SystolicControlUnit.sv:329]
INFO: [Synth 8-6157] synthesizing module 'ila_4' [/home/xmen/Videos/RustDesk/SystolicCore/SystolicCore/Zynq_Systolic_Core_AXI_FIFO_Stream/Zynq_Systolic_Core_AXI_FIFO_Stream.runs/SystolicCore_onlyFPGA_0_0_synth_1/.Xil/Vivado-2971460-VT0144/realtime/ila_4_stub.v:6]
INFO: [Synth 8-6155] done synthesizing module 'ila_4' (0#1) [/home/xmen/Videos/RustDesk/SystolicCore/SystolicCore/Zynq_Systolic_Core_AXI_FIFO_Stream/Zynq_Systolic_Core_AXI_FIFO_Stream.runs/SystolicCore_onlyFPGA_0_0_synth_1/.Xil/Vivado-2971460-VT0144/realtime/ila_4_stub.v:6]
WARNING: [Synth 8-689] width (33) of port connection 'probe0' does not match port width (32) of module 'ila_4' [/home/xmen/Videos/RustDesk/SystolicCore/SystolicCore/rtl/SystolicControlUnit.sv:333]
WARNING: [Synth 8-689] width (33) of port connection 'probe1' does not match port width (32) of module 'ila_4' [/home/xmen/Videos/RustDesk/SystolicCore/SystolicCore/rtl/SystolicControlUnit.sv:334]
WARNING: [Synth 8-689] width (33) of port connection 'probe2' does not match port width (32) of module 'ila_4' [/home/xmen/Videos/RustDesk/SystolicCore/SystolicCore/rtl/SystolicControlUnit.sv:335]
WARNING: [Synth 8-689] width (33) of port connection 'probe3' does not match port width (32) of module 'ila_4' [/home/xmen/Videos/RustDesk/SystolicCore/SystolicCore/rtl/SystolicControlUnit.sv:336]
WARNING: [Synth 8-689] width (33) of port connection 'probe4' does not match port width (32) of module 'ila_4' [/home/xmen/Videos/RustDesk/SystolicCore/SystolicCore/rtl/SystolicControlUnit.sv:337]
WARNING: [Synth 8-689] width (33) of port connection 'probe5' does not match port width (32) of module 'ila_4' [/home/xmen/Videos/RustDesk/SystolicCore/SystolicCore/rtl/SystolicControlUnit.sv:338]
INFO: [Synth 8-6155] done synthesizing module 'systolicControlUnitTop' (0#1) [/home/xmen/Videos/RustDesk/SystolicCore/SystolicCore/rtl/SystolicControlUnit.sv:1]
WARNING: [Synth 8-689] width (64) of port connection 'uart_data_rx_out' does not match port width (8) of module 'systolicControlUnitTop' [/home/xmen/Videos/RustDesk/SystolicCore/SystolicCore/rtl/SystolicCore.sv:325]
INFO: [Synth 8-6157] synthesizing module 'reg_bank' [/home/xmen/Videos/RustDesk/SystolicCore/SystolicCore/rtl/bank_reg.sv:2]
	Parameter DATA_W bound to: 4 - type: integer 
	Parameter N_LANES bound to: 16 - type: integer 
INFO: [Synth 8-6157] synthesizing module 'ffd' [/home/xmen/Videos/RustDesk/SystolicCore/SystolicCore/rtl/ffd.sv:1]
	Parameter WIDTH bound to: 4 - type: integer 
INFO: [Synth 8-6155] done synthesizing module 'ffd' (0#1) [/home/xmen/Videos/RustDesk/SystolicCore/SystolicCore/rtl/ffd.sv:1]
INFO: [Synth 8-6155] done synthesizing module 'reg_bank' (0#1) [/home/xmen/Videos/RustDesk/SystolicCore/SystolicCore/rtl/bank_reg.sv:2]
ERROR: [Synth 8-439] module 'ila_3' not found [/home/xmen/Videos/RustDesk/SystolicCore/SystolicCore/rtl/SystolicCore.sv:384]
ERROR: [Synth 8-6156] failed synthesizing module 'SystolicCoreTop' [/home/xmen/Videos/RustDesk/SystolicCore/SystolicCore/rtl/SystolicCore.sv:23]
ERROR: [Synth 8-6156] failed synthesizing module 'AXI_Stream_Systolic_Core' [/home/xmen/Videos/RustDesk/SystolicCore/SystolicCore/rtl/AXI_Stream_Systolic_Core.v:23]
ERROR: [Synth 8-6156] failed synthesizing module 'onlyFPGA' [/home/xmen/Videos/RustDesk/SystolicCore/SystolicCore/rtl/onlyFPGA.v:23]
ERROR: [Synth 8-6156] failed synthesizing module 'SystolicCore_onlyFPGA_0_0' [/home/xmen/Videos/RustDesk/SystolicCore/SystolicCore/Zynq_Systolic_Core_AXI_FIFO_Stream/Zynq_Systolic_Core_AXI_FIFO_Stream.gen/sources_1/bd/SystolicCore/ip/SystolicCore_onlyFPGA_0_0/synth/SystolicCore_onlyFPGA_0_0.v:53]
---------------------------------------------------------------------------------
Finished RTL Elaboration : Time (s): cpu = 00:00:03 ; elapsed = 00:00:03 . Memory (MB): peak = 3276.863 ; gain = 245.656 ; free physical = 479 ; free virtual = 39006
---------------------------------------------------------------------------------
RTL Elaboration failed
INFO: [Common 17-83] Releasing license: Synthesis
36 Infos, 51 Warnings, 0 Critical Warnings and 6 Errors encountered.
synth_design failed
synth_design: Time (s): cpu = 00:00:07 ; elapsed = 00:00:07 . Memory (MB): peak = 3276.871 ; gain = 1402.281 ; free physical = 647 ; free virtual = 39173
INFO: [Common 17-2834] synth_design peak Physical Memory [PSS] (MB): overall = 2296.674; main = 2068.273; forked = 228.400
INFO: [Common 17-2834] synth_design peak Virtual Memory [VSS] (MB): overall = 4917.859; main = 3276.867; forked = 1640.992
ERROR: [Common 17-69] Command failed: Synthesis failed - please see the console or run log file for details
INFO: [Common 17-206] Exiting Vivado at Wed Feb  4 09:51:23 2026...
