Copyright 1986-2022 Xilinx, Inc. All Rights Reserved. Copyright 2022-2025 Advanced Micro Devices, Inc. All Rights Reserved.
--------------------------------------------------------------------------------------------------------------------------------------------------------------------------------------------------
| Tool Version : Vivado v.2025.2 (lin64) Build 6299465 Fri Nov 14 12:34:56 MST 2025
| Date         : Wed Jan  7 03:35:05 2026
| Host         : VT0144 running 64-bit Rocky Linux release 8.10 (Green Obsidian)
| Command      : report_methodology -file SystolicCore_wrapper_methodology_drc_routed.rpt -pb SystolicCore_wrapper_methodology_drc_routed.pb -rpx SystolicCore_wrapper_methodology_drc_routed.rpx
| Design       : SystolicCore_wrapper
| Device       : xczu7ev-ffvc1156-2-e
| Speed File   : -2
| Design State : Fully Routed
--------------------------------------------------------------------------------------------------------------------------------------------------------------------------------------------------

Report Methodology

Table of Contents
-----------------
1. REPORT SUMMARY
2. REPORT DETAILS

1. REPORT SUMMARY
-----------------
            Netlist: netlist
          Floorplan: design_1
      Design limits: <entire design considered>
             Max checks: <unlimited>
             Checks found: 145
+-----------+----------+---------------------------------------------+--------+
| Rule      | Severity | Description                                 | Checks |
+-----------+----------+---------------------------------------------+--------+
| LUTAR-1   | Warning  | LUT drives async reset alert                | 5      |
| TIMING-20 | Warning  | Non-clocked latch                           | 131    |
| XDCB-5    | Warning  | Runtime inefficient way to find pin objects | 8      |
| LATCH-1   | Advisory | Existing latches in the design              | 1      |
+-----------+----------+---------------------------------------------+--------+

2. REPORT DETAILS
-----------------
LUTAR-1#1 Warning
LUT drives async reset alert  
LUT cell dbg_hub/inst/BSCANID.u_xsdbm_id/CORE_XSDB.UUT_MASTER/U_ICON_INTERFACE/U_CMD6_RD/U_RD_FIFO/SUBCORE_FIFO.xsdbm_v3_0_5_rdfifo_inst/inst_fifo_gen/gconvfifo.rf/grf.rf/rstblk/ngwrdrst.grst.g7serrst.gwrrd_rst_sync_stage[2].rrst_inst/ngwrdrst.grst.g7serrst.rd_rst_reg[2]_i_1, with 2 or more inputs, drives asynchronous preset/clear pin(s) dbg_hub/inst/BSCANID.u_xsdbm_id/CORE_XSDB.UUT_MASTER/U_ICON_INTERFACE/U_CMD6_RD/U_RD_FIFO/SUBCORE_FIFO.xsdbm_v3_0_5_rdfifo_inst/inst_fifo_gen/gconvfifo.rf/grf.rf/rstblk/ngwrdrst.grst.g7serrst.rd_rst_reg_reg[0]/PRE,
dbg_hub/inst/BSCANID.u_xsdbm_id/CORE_XSDB.UUT_MASTER/U_ICON_INTERFACE/U_CMD6_RD/U_RD_FIFO/SUBCORE_FIFO.xsdbm_v3_0_5_rdfifo_inst/inst_fifo_gen/gconvfifo.rf/grf.rf/rstblk/ngwrdrst.grst.g7serrst.rd_rst_reg_reg[1]/PRE
dbg_hub/inst/BSCANID.u_xsdbm_id/CORE_XSDB.UUT_MASTER/U_ICON_INTERFACE/U_CMD6_RD/U_RD_FIFO/SUBCORE_FIFO.xsdbm_v3_0_5_rdfifo_inst/inst_fifo_gen/gconvfifo.rf/grf.rf/rstblk/ngwrdrst.grst.g7serrst.rd_rst_reg_reg[2]/PRE. The LUT may glitch and trigger an unexpected reset, even if it is a properly timed path.
Related violations: <none>

LUTAR-1#2 Warning
LUT drives async reset alert  
LUT cell dbg_hub/inst/BSCANID.u_xsdbm_id/CORE_XSDB.UUT_MASTER/U_ICON_INTERFACE/U_CMD6_RD/U_RD_FIFO/SUBCORE_FIFO.xsdbm_v3_0_5_rdfifo_inst/inst_fifo_gen/gconvfifo.rf/grf.rf/rstblk/ngwrdrst.grst.g7serrst.gwrrd_rst_sync_stage[2].wrst_inst/ngwrdrst.grst.g7serrst.wr_rst_reg[2]_i_1, with 2 or more inputs, drives asynchronous preset/clear pin(s) dbg_hub/inst/BSCANID.u_xsdbm_id/CORE_XSDB.UUT_MASTER/U_ICON_INTERFACE/U_CMD6_RD/U_RD_FIFO/SUBCORE_FIFO.xsdbm_v3_0_5_rdfifo_inst/inst_fifo_gen/gconvfifo.rf/grf.rf/rstblk/ngwrdrst.grst.g7serrst.wr_rst_reg_reg[0]/PRE,
dbg_hub/inst/BSCANID.u_xsdbm_id/CORE_XSDB.UUT_MASTER/U_ICON_INTERFACE/U_CMD6_RD/U_RD_FIFO/SUBCORE_FIFO.xsdbm_v3_0_5_rdfifo_inst/inst_fifo_gen/gconvfifo.rf/grf.rf/rstblk/ngwrdrst.grst.g7serrst.wr_rst_reg_reg[1]/PRE
dbg_hub/inst/BSCANID.u_xsdbm_id/CORE_XSDB.UUT_MASTER/U_ICON_INTERFACE/U_CMD6_RD/U_RD_FIFO/SUBCORE_FIFO.xsdbm_v3_0_5_rdfifo_inst/inst_fifo_gen/gconvfifo.rf/grf.rf/rstblk/ngwrdrst.grst.g7serrst.wr_rst_reg_reg[2]/PRE. The LUT may glitch and trigger an unexpected reset, even if it is a properly timed path.
Related violations: <none>

LUTAR-1#3 Warning
LUT drives async reset alert  
LUT cell dbg_hub/inst/BSCANID.u_xsdbm_id/CORE_XSDB.UUT_MASTER/U_ICON_INTERFACE/U_CMD6_WR/U_WR_FIFO/SUBCORE_FIFO.xsdbm_v3_0_5_wrfifo_inst/inst_fifo_gen/gconvfifo.rf/grf.rf/rstblk/ngwrdrst.grst.g7serrst.gwrrd_rst_sync_stage[2].rrst_inst/ngwrdrst.grst.g7serrst.rd_rst_reg[2]_i_1, with 2 or more inputs, drives asynchronous preset/clear pin(s) dbg_hub/inst/BSCANID.u_xsdbm_id/CORE_XSDB.UUT_MASTER/U_ICON_INTERFACE/U_CMD6_WR/U_WR_FIFO/SUBCORE_FIFO.xsdbm_v3_0_5_wrfifo_inst/inst_fifo_gen/gconvfifo.rf/grf.rf/rstblk/ngwrdrst.grst.g7serrst.rd_rst_reg_reg[0]/PRE,
dbg_hub/inst/BSCANID.u_xsdbm_id/CORE_XSDB.UUT_MASTER/U_ICON_INTERFACE/U_CMD6_WR/U_WR_FIFO/SUBCORE_FIFO.xsdbm_v3_0_5_wrfifo_inst/inst_fifo_gen/gconvfifo.rf/grf.rf/rstblk/ngwrdrst.grst.g7serrst.rd_rst_reg_reg[1]/PRE
dbg_hub/inst/BSCANID.u_xsdbm_id/CORE_XSDB.UUT_MASTER/U_ICON_INTERFACE/U_CMD6_WR/U_WR_FIFO/SUBCORE_FIFO.xsdbm_v3_0_5_wrfifo_inst/inst_fifo_gen/gconvfifo.rf/grf.rf/rstblk/ngwrdrst.grst.g7serrst.rd_rst_reg_reg[2]/PRE. The LUT may glitch and trigger an unexpected reset, even if it is a properly timed path.
Related violations: <none>

LUTAR-1#4 Warning
LUT drives async reset alert  
LUT cell dbg_hub/inst/BSCANID.u_xsdbm_id/CORE_XSDB.UUT_MASTER/U_ICON_INTERFACE/U_CMD6_WR/U_WR_FIFO/SUBCORE_FIFO.xsdbm_v3_0_5_wrfifo_inst/inst_fifo_gen/gconvfifo.rf/grf.rf/rstblk/ngwrdrst.grst.g7serrst.gwrrd_rst_sync_stage[2].wrst_inst/ngwrdrst.grst.g7serrst.wr_rst_reg[2]_i_1, with 2 or more inputs, drives asynchronous preset/clear pin(s) dbg_hub/inst/BSCANID.u_xsdbm_id/CORE_XSDB.UUT_MASTER/U_ICON_INTERFACE/U_CMD6_WR/U_WR_FIFO/SUBCORE_FIFO.xsdbm_v3_0_5_wrfifo_inst/inst_fifo_gen/gconvfifo.rf/grf.rf/rstblk/ngwrdrst.grst.g7serrst.wr_rst_reg_reg[0]/PRE,
dbg_hub/inst/BSCANID.u_xsdbm_id/CORE_XSDB.UUT_MASTER/U_ICON_INTERFACE/U_CMD6_WR/U_WR_FIFO/SUBCORE_FIFO.xsdbm_v3_0_5_wrfifo_inst/inst_fifo_gen/gconvfifo.rf/grf.rf/rstblk/ngwrdrst.grst.g7serrst.wr_rst_reg_reg[1]/PRE
dbg_hub/inst/BSCANID.u_xsdbm_id/CORE_XSDB.UUT_MASTER/U_ICON_INTERFACE/U_CMD6_WR/U_WR_FIFO/SUBCORE_FIFO.xsdbm_v3_0_5_wrfifo_inst/inst_fifo_gen/gconvfifo.rf/grf.rf/rstblk/ngwrdrst.grst.g7serrst.wr_rst_reg_reg[2]/PRE. The LUT may glitch and trigger an unexpected reset, even if it is a properly timed path.
Related violations: <none>

LUTAR-1#5 Warning
LUT drives async reset alert  
LUT cell dbg_hub/inst/BSCANID.u_xsdbm_id/SWITCH_N_EXT_BSCAN.bscan_switch/m_bscan_sel[0]_INST_0, with 2 or more inputs, drives asynchronous preset/clear pin(s) dbg_hub/inst/BSCANID.u_xsdbm_id/CORE_XSDB.U_ICON/U_CMD/iTARGET_reg[10]/CLR,
dbg_hub/inst/BSCANID.u_xsdbm_id/CORE_XSDB.U_ICON/U_CMD/iTARGET_reg[11]/CLR,
dbg_hub/inst/BSCANID.u_xsdbm_id/CORE_XSDB.U_ICON/U_CMD/iTARGET_reg[12]/CLR,
dbg_hub/inst/BSCANID.u_xsdbm_id/CORE_XSDB.U_ICON/U_CMD/iTARGET_reg[13]/CLR,
dbg_hub/inst/BSCANID.u_xsdbm_id/CORE_XSDB.U_ICON/U_CMD/iTARGET_reg[14]/CLR,
dbg_hub/inst/BSCANID.u_xsdbm_id/CORE_XSDB.U_ICON/U_CMD/iTARGET_reg[15]/CLR,
dbg_hub/inst/BSCANID.u_xsdbm_id/CORE_XSDB.U_ICON/U_CMD/iTARGET_reg[6]/CLR,
dbg_hub/inst/BSCANID.u_xsdbm_id/CORE_XSDB.U_ICON/U_CMD/iTARGET_reg[7]/CLR,
dbg_hub/inst/BSCANID.u_xsdbm_id/CORE_XSDB.U_ICON/U_CMD/iTARGET_reg[8]/CLR
dbg_hub/inst/BSCANID.u_xsdbm_id/CORE_XSDB.U_ICON/U_CMD/iTARGET_reg[9]/CLR. The LUT may glitch and trigger an unexpected reset, even if it is a properly timed path.
Related violations: <none>

TIMING-20#1 Warning
Non-clocked latch  
The latch SystolicCore_i/AXI_Stream_Systolic_0/inst/SystolicCore0/serial2mem_opA/single_port_ram_di_reg[0] cannot be properly analyzed as its control pin SystolicCore_i/AXI_Stream_Systolic_0/inst/SystolicCore0/serial2mem_opA/single_port_ram_di_reg[0]/G is not reached by a timing clock
Related violations: <none>

TIMING-20#2 Warning
Non-clocked latch  
The latch SystolicCore_i/AXI_Stream_Systolic_0/inst/SystolicCore0/serial2mem_opA/single_port_ram_di_reg[10] cannot be properly analyzed as its control pin SystolicCore_i/AXI_Stream_Systolic_0/inst/SystolicCore0/serial2mem_opA/single_port_ram_di_reg[10]/G is not reached by a timing clock
Related violations: <none>

TIMING-20#3 Warning
Non-clocked latch  
The latch SystolicCore_i/AXI_Stream_Systolic_0/inst/SystolicCore0/serial2mem_opA/single_port_ram_di_reg[11] cannot be properly analyzed as its control pin SystolicCore_i/AXI_Stream_Systolic_0/inst/SystolicCore0/serial2mem_opA/single_port_ram_di_reg[11]/G is not reached by a timing clock
Related violations: <none>

TIMING-20#4 Warning
Non-clocked latch  
The latch SystolicCore_i/AXI_Stream_Systolic_0/inst/SystolicCore0/serial2mem_opA/single_port_ram_di_reg[12] cannot be properly analyzed as its control pin SystolicCore_i/AXI_Stream_Systolic_0/inst/SystolicCore0/serial2mem_opA/single_port_ram_di_reg[12]/G is not reached by a timing clock
Related violations: <none>

TIMING-20#5 Warning
Non-clocked latch  
The latch SystolicCore_i/AXI_Stream_Systolic_0/inst/SystolicCore0/serial2mem_opA/single_port_ram_di_reg[13] cannot be properly analyzed as its control pin SystolicCore_i/AXI_Stream_Systolic_0/inst/SystolicCore0/serial2mem_opA/single_port_ram_di_reg[13]/G is not reached by a timing clock
Related violations: <none>

TIMING-20#6 Warning
Non-clocked latch  
The latch SystolicCore_i/AXI_Stream_Systolic_0/inst/SystolicCore0/serial2mem_opA/single_port_ram_di_reg[14] cannot be properly analyzed as its control pin SystolicCore_i/AXI_Stream_Systolic_0/inst/SystolicCore0/serial2mem_opA/single_port_ram_di_reg[14]/G is not reached by a timing clock
Related violations: <none>

TIMING-20#7 Warning
Non-clocked latch  
The latch SystolicCore_i/AXI_Stream_Systolic_0/inst/SystolicCore0/serial2mem_opA/single_port_ram_di_reg[15] cannot be properly analyzed as its control pin SystolicCore_i/AXI_Stream_Systolic_0/inst/SystolicCore0/serial2mem_opA/single_port_ram_di_reg[15]/G is not reached by a timing clock
Related violations: <none>

TIMING-20#8 Warning
Non-clocked latch  
The latch SystolicCore_i/AXI_Stream_Systolic_0/inst/SystolicCore0/serial2mem_opA/single_port_ram_di_reg[16] cannot be properly analyzed as its control pin SystolicCore_i/AXI_Stream_Systolic_0/inst/SystolicCore0/serial2mem_opA/single_port_ram_di_reg[16]/G is not reached by a timing clock
Related violations: <none>

TIMING-20#9 Warning
Non-clocked latch  
The latch SystolicCore_i/AXI_Stream_Systolic_0/inst/SystolicCore0/serial2mem_opA/single_port_ram_di_reg[17] cannot be properly analyzed as its control pin SystolicCore_i/AXI_Stream_Systolic_0/inst/SystolicCore0/serial2mem_opA/single_port_ram_di_reg[17]/G is not reached by a timing clock
Related violations: <none>

TIMING-20#10 Warning
Non-clocked latch  
The latch SystolicCore_i/AXI_Stream_Systolic_0/inst/SystolicCore0/serial2mem_opA/single_port_ram_di_reg[18] cannot be properly analyzed as its control pin SystolicCore_i/AXI_Stream_Systolic_0/inst/SystolicCore0/serial2mem_opA/single_port_ram_di_reg[18]/G is not reached by a timing clock
Related violations: <none>

TIMING-20#11 Warning
Non-clocked latch  
The latch SystolicCore_i/AXI_Stream_Systolic_0/inst/SystolicCore0/serial2mem_opA/single_port_ram_di_reg[19] cannot be properly analyzed as its control pin SystolicCore_i/AXI_Stream_Systolic_0/inst/SystolicCore0/serial2mem_opA/single_port_ram_di_reg[19]/G is not reached by a timing clock
Related violations: <none>

TIMING-20#12 Warning
Non-clocked latch  
The latch SystolicCore_i/AXI_Stream_Systolic_0/inst/SystolicCore0/serial2mem_opA/single_port_ram_di_reg[1] cannot be properly analyzed as its control pin SystolicCore_i/AXI_Stream_Systolic_0/inst/SystolicCore0/serial2mem_opA/single_port_ram_di_reg[1]/G is not reached by a timing clock
Related violations: <none>

TIMING-20#13 Warning
Non-clocked latch  
The latch SystolicCore_i/AXI_Stream_Systolic_0/inst/SystolicCore0/serial2mem_opA/single_port_ram_di_reg[20] cannot be properly analyzed as its control pin SystolicCore_i/AXI_Stream_Systolic_0/inst/SystolicCore0/serial2mem_opA/single_port_ram_di_reg[20]/G is not reached by a timing clock
Related violations: <none>

TIMING-20#14 Warning
Non-clocked latch  
The latch SystolicCore_i/AXI_Stream_Systolic_0/inst/SystolicCore0/serial2mem_opA/single_port_ram_di_reg[21] cannot be properly analyzed as its control pin SystolicCore_i/AXI_Stream_Systolic_0/inst/SystolicCore0/serial2mem_opA/single_port_ram_di_reg[21]/G is not reached by a timing clock
Related violations: <none>

TIMING-20#15 Warning
Non-clocked latch  
The latch SystolicCore_i/AXI_Stream_Systolic_0/inst/SystolicCore0/serial2mem_opA/single_port_ram_di_reg[22] cannot be properly analyzed as its control pin SystolicCore_i/AXI_Stream_Systolic_0/inst/SystolicCore0/serial2mem_opA/single_port_ram_di_reg[22]/G is not reached by a timing clock
Related violations: <none>

TIMING-20#16 Warning
Non-clocked latch  
The latch SystolicCore_i/AXI_Stream_Systolic_0/inst/SystolicCore0/serial2mem_opA/single_port_ram_di_reg[23] cannot be properly analyzed as its control pin SystolicCore_i/AXI_Stream_Systolic_0/inst/SystolicCore0/serial2mem_opA/single_port_ram_di_reg[23]/G is not reached by a timing clock
Related violations: <none>

TIMING-20#17 Warning
Non-clocked latch  
The latch SystolicCore_i/AXI_Stream_Systolic_0/inst/SystolicCore0/serial2mem_opA/single_port_ram_di_reg[24] cannot be properly analyzed as its control pin SystolicCore_i/AXI_Stream_Systolic_0/inst/SystolicCore0/serial2mem_opA/single_port_ram_di_reg[24]/G is not reached by a timing clock
Related violations: <none>

TIMING-20#18 Warning
Non-clocked latch  
The latch SystolicCore_i/AXI_Stream_Systolic_0/inst/SystolicCore0/serial2mem_opA/single_port_ram_di_reg[25] cannot be properly analyzed as its control pin SystolicCore_i/AXI_Stream_Systolic_0/inst/SystolicCore0/serial2mem_opA/single_port_ram_di_reg[25]/G is not reached by a timing clock
Related violations: <none>

TIMING-20#19 Warning
Non-clocked latch  
The latch SystolicCore_i/AXI_Stream_Systolic_0/inst/SystolicCore0/serial2mem_opA/single_port_ram_di_reg[26] cannot be properly analyzed as its control pin SystolicCore_i/AXI_Stream_Systolic_0/inst/SystolicCore0/serial2mem_opA/single_port_ram_di_reg[26]/G is not reached by a timing clock
Related violations: <none>

TIMING-20#20 Warning
Non-clocked latch  
The latch SystolicCore_i/AXI_Stream_Systolic_0/inst/SystolicCore0/serial2mem_opA/single_port_ram_di_reg[27] cannot be properly analyzed as its control pin SystolicCore_i/AXI_Stream_Systolic_0/inst/SystolicCore0/serial2mem_opA/single_port_ram_di_reg[27]/G is not reached by a timing clock
Related violations: <none>

TIMING-20#21 Warning
Non-clocked latch  
The latch SystolicCore_i/AXI_Stream_Systolic_0/inst/SystolicCore0/serial2mem_opA/single_port_ram_di_reg[28] cannot be properly analyzed as its control pin SystolicCore_i/AXI_Stream_Systolic_0/inst/SystolicCore0/serial2mem_opA/single_port_ram_di_reg[28]/G is not reached by a timing clock
Related violations: <none>

TIMING-20#22 Warning
Non-clocked latch  
The latch SystolicCore_i/AXI_Stream_Systolic_0/inst/SystolicCore0/serial2mem_opA/single_port_ram_di_reg[29] cannot be properly analyzed as its control pin SystolicCore_i/AXI_Stream_Systolic_0/inst/SystolicCore0/serial2mem_opA/single_port_ram_di_reg[29]/G is not reached by a timing clock
Related violations: <none>

TIMING-20#23 Warning
Non-clocked latch  
The latch SystolicCore_i/AXI_Stream_Systolic_0/inst/SystolicCore0/serial2mem_opA/single_port_ram_di_reg[2] cannot be properly analyzed as its control pin SystolicCore_i/AXI_Stream_Systolic_0/inst/SystolicCore0/serial2mem_opA/single_port_ram_di_reg[2]/G is not reached by a timing clock
Related violations: <none>

TIMING-20#24 Warning
Non-clocked latch  
The latch SystolicCore_i/AXI_Stream_Systolic_0/inst/SystolicCore0/serial2mem_opA/single_port_ram_di_reg[30] cannot be properly analyzed as its control pin SystolicCore_i/AXI_Stream_Systolic_0/inst/SystolicCore0/serial2mem_opA/single_port_ram_di_reg[30]/G is not reached by a timing clock
Related violations: <none>

TIMING-20#25 Warning
Non-clocked latch  
The latch SystolicCore_i/AXI_Stream_Systolic_0/inst/SystolicCore0/serial2mem_opA/single_port_ram_di_reg[31] cannot be properly analyzed as its control pin SystolicCore_i/AXI_Stream_Systolic_0/inst/SystolicCore0/serial2mem_opA/single_port_ram_di_reg[31]/G is not reached by a timing clock
Related violations: <none>

TIMING-20#26 Warning
Non-clocked latch  
The latch SystolicCore_i/AXI_Stream_Systolic_0/inst/SystolicCore0/serial2mem_opA/single_port_ram_di_reg[32] cannot be properly analyzed as its control pin SystolicCore_i/AXI_Stream_Systolic_0/inst/SystolicCore0/serial2mem_opA/single_port_ram_di_reg[32]/G is not reached by a timing clock
Related violations: <none>

TIMING-20#27 Warning
Non-clocked latch  
The latch SystolicCore_i/AXI_Stream_Systolic_0/inst/SystolicCore0/serial2mem_opA/single_port_ram_di_reg[33] cannot be properly analyzed as its control pin SystolicCore_i/AXI_Stream_Systolic_0/inst/SystolicCore0/serial2mem_opA/single_port_ram_di_reg[33]/G is not reached by a timing clock
Related violations: <none>

TIMING-20#28 Warning
Non-clocked latch  
The latch SystolicCore_i/AXI_Stream_Systolic_0/inst/SystolicCore0/serial2mem_opA/single_port_ram_di_reg[34] cannot be properly analyzed as its control pin SystolicCore_i/AXI_Stream_Systolic_0/inst/SystolicCore0/serial2mem_opA/single_port_ram_di_reg[34]/G is not reached by a timing clock
Related violations: <none>

TIMING-20#29 Warning
Non-clocked latch  
The latch SystolicCore_i/AXI_Stream_Systolic_0/inst/SystolicCore0/serial2mem_opA/single_port_ram_di_reg[35] cannot be properly analyzed as its control pin SystolicCore_i/AXI_Stream_Systolic_0/inst/SystolicCore0/serial2mem_opA/single_port_ram_di_reg[35]/G is not reached by a timing clock
Related violations: <none>

TIMING-20#30 Warning
Non-clocked latch  
The latch SystolicCore_i/AXI_Stream_Systolic_0/inst/SystolicCore0/serial2mem_opA/single_port_ram_di_reg[36] cannot be properly analyzed as its control pin SystolicCore_i/AXI_Stream_Systolic_0/inst/SystolicCore0/serial2mem_opA/single_port_ram_di_reg[36]/G is not reached by a timing clock
Related violations: <none>

TIMING-20#31 Warning
Non-clocked latch  
The latch SystolicCore_i/AXI_Stream_Systolic_0/inst/SystolicCore0/serial2mem_opA/single_port_ram_di_reg[37] cannot be properly analyzed as its control pin SystolicCore_i/AXI_Stream_Systolic_0/inst/SystolicCore0/serial2mem_opA/single_port_ram_di_reg[37]/G is not reached by a timing clock
Related violations: <none>

TIMING-20#32 Warning
Non-clocked latch  
The latch SystolicCore_i/AXI_Stream_Systolic_0/inst/SystolicCore0/serial2mem_opA/single_port_ram_di_reg[38] cannot be properly analyzed as its control pin SystolicCore_i/AXI_Stream_Systolic_0/inst/SystolicCore0/serial2mem_opA/single_port_ram_di_reg[38]/G is not reached by a timing clock
Related violations: <none>

TIMING-20#33 Warning
Non-clocked latch  
The latch SystolicCore_i/AXI_Stream_Systolic_0/inst/SystolicCore0/serial2mem_opA/single_port_ram_di_reg[39] cannot be properly analyzed as its control pin SystolicCore_i/AXI_Stream_Systolic_0/inst/SystolicCore0/serial2mem_opA/single_port_ram_di_reg[39]/G is not reached by a timing clock
Related violations: <none>

TIMING-20#34 Warning
Non-clocked latch  
The latch SystolicCore_i/AXI_Stream_Systolic_0/inst/SystolicCore0/serial2mem_opA/single_port_ram_di_reg[3] cannot be properly analyzed as its control pin SystolicCore_i/AXI_Stream_Systolic_0/inst/SystolicCore0/serial2mem_opA/single_port_ram_di_reg[3]/G is not reached by a timing clock
Related violations: <none>

TIMING-20#35 Warning
Non-clocked latch  
The latch SystolicCore_i/AXI_Stream_Systolic_0/inst/SystolicCore0/serial2mem_opA/single_port_ram_di_reg[40] cannot be properly analyzed as its control pin SystolicCore_i/AXI_Stream_Systolic_0/inst/SystolicCore0/serial2mem_opA/single_port_ram_di_reg[40]/G is not reached by a timing clock
Related violations: <none>

TIMING-20#36 Warning
Non-clocked latch  
The latch SystolicCore_i/AXI_Stream_Systolic_0/inst/SystolicCore0/serial2mem_opA/single_port_ram_di_reg[41] cannot be properly analyzed as its control pin SystolicCore_i/AXI_Stream_Systolic_0/inst/SystolicCore0/serial2mem_opA/single_port_ram_di_reg[41]/G is not reached by a timing clock
Related violations: <none>

TIMING-20#37 Warning
Non-clocked latch  
The latch SystolicCore_i/AXI_Stream_Systolic_0/inst/SystolicCore0/serial2mem_opA/single_port_ram_di_reg[42] cannot be properly analyzed as its control pin SystolicCore_i/AXI_Stream_Systolic_0/inst/SystolicCore0/serial2mem_opA/single_port_ram_di_reg[42]/G is not reached by a timing clock
Related violations: <none>

TIMING-20#38 Warning
Non-clocked latch  
The latch SystolicCore_i/AXI_Stream_Systolic_0/inst/SystolicCore0/serial2mem_opA/single_port_ram_di_reg[43] cannot be properly analyzed as its control pin SystolicCore_i/AXI_Stream_Systolic_0/inst/SystolicCore0/serial2mem_opA/single_port_ram_di_reg[43]/G is not reached by a timing clock
Related violations: <none>

TIMING-20#39 Warning
Non-clocked latch  
The latch SystolicCore_i/AXI_Stream_Systolic_0/inst/SystolicCore0/serial2mem_opA/single_port_ram_di_reg[44] cannot be properly analyzed as its control pin SystolicCore_i/AXI_Stream_Systolic_0/inst/SystolicCore0/serial2mem_opA/single_port_ram_di_reg[44]/G is not reached by a timing clock
Related violations: <none>

TIMING-20#40 Warning
Non-clocked latch  
The latch SystolicCore_i/AXI_Stream_Systolic_0/inst/SystolicCore0/serial2mem_opA/single_port_ram_di_reg[45] cannot be properly analyzed as its control pin SystolicCore_i/AXI_Stream_Systolic_0/inst/SystolicCore0/serial2mem_opA/single_port_ram_di_reg[45]/G is not reached by a timing clock
Related violations: <none>

TIMING-20#41 Warning
Non-clocked latch  
The latch SystolicCore_i/AXI_Stream_Systolic_0/inst/SystolicCore0/serial2mem_opA/single_port_ram_di_reg[46] cannot be properly analyzed as its control pin SystolicCore_i/AXI_Stream_Systolic_0/inst/SystolicCore0/serial2mem_opA/single_port_ram_di_reg[46]/G is not reached by a timing clock
Related violations: <none>

TIMING-20#42 Warning
Non-clocked latch  
The latch SystolicCore_i/AXI_Stream_Systolic_0/inst/SystolicCore0/serial2mem_opA/single_port_ram_di_reg[47] cannot be properly analyzed as its control pin SystolicCore_i/AXI_Stream_Systolic_0/inst/SystolicCore0/serial2mem_opA/single_port_ram_di_reg[47]/G is not reached by a timing clock
Related violations: <none>

TIMING-20#43 Warning
Non-clocked latch  
The latch SystolicCore_i/AXI_Stream_Systolic_0/inst/SystolicCore0/serial2mem_opA/single_port_ram_di_reg[48] cannot be properly analyzed as its control pin SystolicCore_i/AXI_Stream_Systolic_0/inst/SystolicCore0/serial2mem_opA/single_port_ram_di_reg[48]/G is not reached by a timing clock
Related violations: <none>

TIMING-20#44 Warning
Non-clocked latch  
The latch SystolicCore_i/AXI_Stream_Systolic_0/inst/SystolicCore0/serial2mem_opA/single_port_ram_di_reg[49] cannot be properly analyzed as its control pin SystolicCore_i/AXI_Stream_Systolic_0/inst/SystolicCore0/serial2mem_opA/single_port_ram_di_reg[49]/G is not reached by a timing clock
Related violations: <none>

TIMING-20#45 Warning
Non-clocked latch  
The latch SystolicCore_i/AXI_Stream_Systolic_0/inst/SystolicCore0/serial2mem_opA/single_port_ram_di_reg[4] cannot be properly analyzed as its control pin SystolicCore_i/AXI_Stream_Systolic_0/inst/SystolicCore0/serial2mem_opA/single_port_ram_di_reg[4]/G is not reached by a timing clock
Related violations: <none>

TIMING-20#46 Warning
Non-clocked latch  
The latch SystolicCore_i/AXI_Stream_Systolic_0/inst/SystolicCore0/serial2mem_opA/single_port_ram_di_reg[50] cannot be properly analyzed as its control pin SystolicCore_i/AXI_Stream_Systolic_0/inst/SystolicCore0/serial2mem_opA/single_port_ram_di_reg[50]/G is not reached by a timing clock
Related violations: <none>

TIMING-20#47 Warning
Non-clocked latch  
The latch SystolicCore_i/AXI_Stream_Systolic_0/inst/SystolicCore0/serial2mem_opA/single_port_ram_di_reg[51] cannot be properly analyzed as its control pin SystolicCore_i/AXI_Stream_Systolic_0/inst/SystolicCore0/serial2mem_opA/single_port_ram_di_reg[51]/G is not reached by a timing clock
Related violations: <none>

TIMING-20#48 Warning
Non-clocked latch  
The latch SystolicCore_i/AXI_Stream_Systolic_0/inst/SystolicCore0/serial2mem_opA/single_port_ram_di_reg[52] cannot be properly analyzed as its control pin SystolicCore_i/AXI_Stream_Systolic_0/inst/SystolicCore0/serial2mem_opA/single_port_ram_di_reg[52]/G is not reached by a timing clock
Related violations: <none>

TIMING-20#49 Warning
Non-clocked latch  
The latch SystolicCore_i/AXI_Stream_Systolic_0/inst/SystolicCore0/serial2mem_opA/single_port_ram_di_reg[53] cannot be properly analyzed as its control pin SystolicCore_i/AXI_Stream_Systolic_0/inst/SystolicCore0/serial2mem_opA/single_port_ram_di_reg[53]/G is not reached by a timing clock
Related violations: <none>

TIMING-20#50 Warning
Non-clocked latch  
The latch SystolicCore_i/AXI_Stream_Systolic_0/inst/SystolicCore0/serial2mem_opA/single_port_ram_di_reg[54] cannot be properly analyzed as its control pin SystolicCore_i/AXI_Stream_Systolic_0/inst/SystolicCore0/serial2mem_opA/single_port_ram_di_reg[54]/G is not reached by a timing clock
Related violations: <none>

TIMING-20#51 Warning
Non-clocked latch  
The latch SystolicCore_i/AXI_Stream_Systolic_0/inst/SystolicCore0/serial2mem_opA/single_port_ram_di_reg[55] cannot be properly analyzed as its control pin SystolicCore_i/AXI_Stream_Systolic_0/inst/SystolicCore0/serial2mem_opA/single_port_ram_di_reg[55]/G is not reached by a timing clock
Related violations: <none>

TIMING-20#52 Warning
Non-clocked latch  
The latch SystolicCore_i/AXI_Stream_Systolic_0/inst/SystolicCore0/serial2mem_opA/single_port_ram_di_reg[56] cannot be properly analyzed as its control pin SystolicCore_i/AXI_Stream_Systolic_0/inst/SystolicCore0/serial2mem_opA/single_port_ram_di_reg[56]/G is not reached by a timing clock
Related violations: <none>

TIMING-20#53 Warning
Non-clocked latch  
The latch SystolicCore_i/AXI_Stream_Systolic_0/inst/SystolicCore0/serial2mem_opA/single_port_ram_di_reg[57] cannot be properly analyzed as its control pin SystolicCore_i/AXI_Stream_Systolic_0/inst/SystolicCore0/serial2mem_opA/single_port_ram_di_reg[57]/G is not reached by a timing clock
Related violations: <none>

TIMING-20#54 Warning
Non-clocked latch  
The latch SystolicCore_i/AXI_Stream_Systolic_0/inst/SystolicCore0/serial2mem_opA/single_port_ram_di_reg[58] cannot be properly analyzed as its control pin SystolicCore_i/AXI_Stream_Systolic_0/inst/SystolicCore0/serial2mem_opA/single_port_ram_di_reg[58]/G is not reached by a timing clock
Related violations: <none>

TIMING-20#55 Warning
Non-clocked latch  
The latch SystolicCore_i/AXI_Stream_Systolic_0/inst/SystolicCore0/serial2mem_opA/single_port_ram_di_reg[59] cannot be properly analyzed as its control pin SystolicCore_i/AXI_Stream_Systolic_0/inst/SystolicCore0/serial2mem_opA/single_port_ram_di_reg[59]/G is not reached by a timing clock
Related violations: <none>

TIMING-20#56 Warning
Non-clocked latch  
The latch SystolicCore_i/AXI_Stream_Systolic_0/inst/SystolicCore0/serial2mem_opA/single_port_ram_di_reg[5] cannot be properly analyzed as its control pin SystolicCore_i/AXI_Stream_Systolic_0/inst/SystolicCore0/serial2mem_opA/single_port_ram_di_reg[5]/G is not reached by a timing clock
Related violations: <none>

TIMING-20#57 Warning
Non-clocked latch  
The latch SystolicCore_i/AXI_Stream_Systolic_0/inst/SystolicCore0/serial2mem_opA/single_port_ram_di_reg[60] cannot be properly analyzed as its control pin SystolicCore_i/AXI_Stream_Systolic_0/inst/SystolicCore0/serial2mem_opA/single_port_ram_di_reg[60]/G is not reached by a timing clock
Related violations: <none>

TIMING-20#58 Warning
Non-clocked latch  
The latch SystolicCore_i/AXI_Stream_Systolic_0/inst/SystolicCore0/serial2mem_opA/single_port_ram_di_reg[61] cannot be properly analyzed as its control pin SystolicCore_i/AXI_Stream_Systolic_0/inst/SystolicCore0/serial2mem_opA/single_port_ram_di_reg[61]/G is not reached by a timing clock
Related violations: <none>

TIMING-20#59 Warning
Non-clocked latch  
The latch SystolicCore_i/AXI_Stream_Systolic_0/inst/SystolicCore0/serial2mem_opA/single_port_ram_di_reg[62] cannot be properly analyzed as its control pin SystolicCore_i/AXI_Stream_Systolic_0/inst/SystolicCore0/serial2mem_opA/single_port_ram_di_reg[62]/G is not reached by a timing clock
Related violations: <none>

TIMING-20#60 Warning
Non-clocked latch  
The latch SystolicCore_i/AXI_Stream_Systolic_0/inst/SystolicCore0/serial2mem_opA/single_port_ram_di_reg[63] cannot be properly analyzed as its control pin SystolicCore_i/AXI_Stream_Systolic_0/inst/SystolicCore0/serial2mem_opA/single_port_ram_di_reg[63]/G is not reached by a timing clock
Related violations: <none>

TIMING-20#61 Warning
Non-clocked latch  
The latch SystolicCore_i/AXI_Stream_Systolic_0/inst/SystolicCore0/serial2mem_opA/single_port_ram_di_reg[6] cannot be properly analyzed as its control pin SystolicCore_i/AXI_Stream_Systolic_0/inst/SystolicCore0/serial2mem_opA/single_port_ram_di_reg[6]/G is not reached by a timing clock
Related violations: <none>

TIMING-20#62 Warning
Non-clocked latch  
The latch SystolicCore_i/AXI_Stream_Systolic_0/inst/SystolicCore0/serial2mem_opA/single_port_ram_di_reg[7] cannot be properly analyzed as its control pin SystolicCore_i/AXI_Stream_Systolic_0/inst/SystolicCore0/serial2mem_opA/single_port_ram_di_reg[7]/G is not reached by a timing clock
Related violations: <none>

TIMING-20#63 Warning
Non-clocked latch  
The latch SystolicCore_i/AXI_Stream_Systolic_0/inst/SystolicCore0/serial2mem_opA/single_port_ram_di_reg[8] cannot be properly analyzed as its control pin SystolicCore_i/AXI_Stream_Systolic_0/inst/SystolicCore0/serial2mem_opA/single_port_ram_di_reg[8]/G is not reached by a timing clock
Related violations: <none>

TIMING-20#64 Warning
Non-clocked latch  
The latch SystolicCore_i/AXI_Stream_Systolic_0/inst/SystolicCore0/serial2mem_opA/single_port_ram_di_reg[9] cannot be properly analyzed as its control pin SystolicCore_i/AXI_Stream_Systolic_0/inst/SystolicCore0/serial2mem_opA/single_port_ram_di_reg[9]/G is not reached by a timing clock
Related violations: <none>

TIMING-20#65 Warning
Non-clocked latch  
The latch SystolicCore_i/AXI_Stream_Systolic_0/inst/SystolicCore0/serial2mem_opB/single_port_ram_di_reg[0] cannot be properly analyzed as its control pin SystolicCore_i/AXI_Stream_Systolic_0/inst/SystolicCore0/serial2mem_opB/single_port_ram_di_reg[0]/G is not reached by a timing clock
Related violations: <none>

TIMING-20#66 Warning
Non-clocked latch  
The latch SystolicCore_i/AXI_Stream_Systolic_0/inst/SystolicCore0/serial2mem_opB/single_port_ram_di_reg[10] cannot be properly analyzed as its control pin SystolicCore_i/AXI_Stream_Systolic_0/inst/SystolicCore0/serial2mem_opB/single_port_ram_di_reg[10]/G is not reached by a timing clock
Related violations: <none>

TIMING-20#67 Warning
Non-clocked latch  
The latch SystolicCore_i/AXI_Stream_Systolic_0/inst/SystolicCore0/serial2mem_opB/single_port_ram_di_reg[11] cannot be properly analyzed as its control pin SystolicCore_i/AXI_Stream_Systolic_0/inst/SystolicCore0/serial2mem_opB/single_port_ram_di_reg[11]/G is not reached by a timing clock
Related violations: <none>

TIMING-20#68 Warning
Non-clocked latch  
The latch SystolicCore_i/AXI_Stream_Systolic_0/inst/SystolicCore0/serial2mem_opB/single_port_ram_di_reg[12] cannot be properly analyzed as its control pin SystolicCore_i/AXI_Stream_Systolic_0/inst/SystolicCore0/serial2mem_opB/single_port_ram_di_reg[12]/G is not reached by a timing clock
Related violations: <none>

TIMING-20#69 Warning
Non-clocked latch  
The latch SystolicCore_i/AXI_Stream_Systolic_0/inst/SystolicCore0/serial2mem_opB/single_port_ram_di_reg[13] cannot be properly analyzed as its control pin SystolicCore_i/AXI_Stream_Systolic_0/inst/SystolicCore0/serial2mem_opB/single_port_ram_di_reg[13]/G is not reached by a timing clock
Related violations: <none>

TIMING-20#70 Warning
Non-clocked latch  
The latch SystolicCore_i/AXI_Stream_Systolic_0/inst/SystolicCore0/serial2mem_opB/single_port_ram_di_reg[14] cannot be properly analyzed as its control pin SystolicCore_i/AXI_Stream_Systolic_0/inst/SystolicCore0/serial2mem_opB/single_port_ram_di_reg[14]/G is not reached by a timing clock
Related violations: <none>

TIMING-20#71 Warning
Non-clocked latch  
The latch SystolicCore_i/AXI_Stream_Systolic_0/inst/SystolicCore0/serial2mem_opB/single_port_ram_di_reg[15] cannot be properly analyzed as its control pin SystolicCore_i/AXI_Stream_Systolic_0/inst/SystolicCore0/serial2mem_opB/single_port_ram_di_reg[15]/G is not reached by a timing clock
Related violations: <none>

TIMING-20#72 Warning
Non-clocked latch  
The latch SystolicCore_i/AXI_Stream_Systolic_0/inst/SystolicCore0/serial2mem_opB/single_port_ram_di_reg[16] cannot be properly analyzed as its control pin SystolicCore_i/AXI_Stream_Systolic_0/inst/SystolicCore0/serial2mem_opB/single_port_ram_di_reg[16]/G is not reached by a timing clock
Related violations: <none>

TIMING-20#73 Warning
Non-clocked latch  
The latch SystolicCore_i/AXI_Stream_Systolic_0/inst/SystolicCore0/serial2mem_opB/single_port_ram_di_reg[17] cannot be properly analyzed as its control pin SystolicCore_i/AXI_Stream_Systolic_0/inst/SystolicCore0/serial2mem_opB/single_port_ram_di_reg[17]/G is not reached by a timing clock
Related violations: <none>

TIMING-20#74 Warning
Non-clocked latch  
The latch SystolicCore_i/AXI_Stream_Systolic_0/inst/SystolicCore0/serial2mem_opB/single_port_ram_di_reg[18] cannot be properly analyzed as its control pin SystolicCore_i/AXI_Stream_Systolic_0/inst/SystolicCore0/serial2mem_opB/single_port_ram_di_reg[18]/G is not reached by a timing clock
Related violations: <none>

TIMING-20#75 Warning
Non-clocked latch  
The latch SystolicCore_i/AXI_Stream_Systolic_0/inst/SystolicCore0/serial2mem_opB/single_port_ram_di_reg[19] cannot be properly analyzed as its control pin SystolicCore_i/AXI_Stream_Systolic_0/inst/SystolicCore0/serial2mem_opB/single_port_ram_di_reg[19]/G is not reached by a timing clock
Related violations: <none>

TIMING-20#76 Warning
Non-clocked latch  
The latch SystolicCore_i/AXI_Stream_Systolic_0/inst/SystolicCore0/serial2mem_opB/single_port_ram_di_reg[1] cannot be properly analyzed as its control pin SystolicCore_i/AXI_Stream_Systolic_0/inst/SystolicCore0/serial2mem_opB/single_port_ram_di_reg[1]/G is not reached by a timing clock
Related violations: <none>

TIMING-20#77 Warning
Non-clocked latch  
The latch SystolicCore_i/AXI_Stream_Systolic_0/inst/SystolicCore0/serial2mem_opB/single_port_ram_di_reg[20] cannot be properly analyzed as its control pin SystolicCore_i/AXI_Stream_Systolic_0/inst/SystolicCore0/serial2mem_opB/single_port_ram_di_reg[20]/G is not reached by a timing clock
Related violations: <none>

TIMING-20#78 Warning
Non-clocked latch  
The latch SystolicCore_i/AXI_Stream_Systolic_0/inst/SystolicCore0/serial2mem_opB/single_port_ram_di_reg[21] cannot be properly analyzed as its control pin SystolicCore_i/AXI_Stream_Systolic_0/inst/SystolicCore0/serial2mem_opB/single_port_ram_di_reg[21]/G is not reached by a timing clock
Related violations: <none>

TIMING-20#79 Warning
Non-clocked latch  
The latch SystolicCore_i/AXI_Stream_Systolic_0/inst/SystolicCore0/serial2mem_opB/single_port_ram_di_reg[22] cannot be properly analyzed as its control pin SystolicCore_i/AXI_Stream_Systolic_0/inst/SystolicCore0/serial2mem_opB/single_port_ram_di_reg[22]/G is not reached by a timing clock
Related violations: <none>

TIMING-20#80 Warning
Non-clocked latch  
The latch SystolicCore_i/AXI_Stream_Systolic_0/inst/SystolicCore0/serial2mem_opB/single_port_ram_di_reg[23] cannot be properly analyzed as its control pin SystolicCore_i/AXI_Stream_Systolic_0/inst/SystolicCore0/serial2mem_opB/single_port_ram_di_reg[23]/G is not reached by a timing clock
Related violations: <none>

TIMING-20#81 Warning
Non-clocked latch  
The latch SystolicCore_i/AXI_Stream_Systolic_0/inst/SystolicCore0/serial2mem_opB/single_port_ram_di_reg[24] cannot be properly analyzed as its control pin SystolicCore_i/AXI_Stream_Systolic_0/inst/SystolicCore0/serial2mem_opB/single_port_ram_di_reg[24]/G is not reached by a timing clock
Related violations: <none>

TIMING-20#82 Warning
Non-clocked latch  
The latch SystolicCore_i/AXI_Stream_Systolic_0/inst/SystolicCore0/serial2mem_opB/single_port_ram_di_reg[25] cannot be properly analyzed as its control pin SystolicCore_i/AXI_Stream_Systolic_0/inst/SystolicCore0/serial2mem_opB/single_port_ram_di_reg[25]/G is not reached by a timing clock
Related violations: <none>

TIMING-20#83 Warning
Non-clocked latch  
The latch SystolicCore_i/AXI_Stream_Systolic_0/inst/SystolicCore0/serial2mem_opB/single_port_ram_di_reg[26] cannot be properly analyzed as its control pin SystolicCore_i/AXI_Stream_Systolic_0/inst/SystolicCore0/serial2mem_opB/single_port_ram_di_reg[26]/G is not reached by a timing clock
Related violations: <none>

TIMING-20#84 Warning
Non-clocked latch  
The latch SystolicCore_i/AXI_Stream_Systolic_0/inst/SystolicCore0/serial2mem_opB/single_port_ram_di_reg[27] cannot be properly analyzed as its control pin SystolicCore_i/AXI_Stream_Systolic_0/inst/SystolicCore0/serial2mem_opB/single_port_ram_di_reg[27]/G is not reached by a timing clock
Related violations: <none>

TIMING-20#85 Warning
Non-clocked latch  
The latch SystolicCore_i/AXI_Stream_Systolic_0/inst/SystolicCore0/serial2mem_opB/single_port_ram_di_reg[28] cannot be properly analyzed as its control pin SystolicCore_i/AXI_Stream_Systolic_0/inst/SystolicCore0/serial2mem_opB/single_port_ram_di_reg[28]/G is not reached by a timing clock
Related violations: <none>

TIMING-20#86 Warning
Non-clocked latch  
The latch SystolicCore_i/AXI_Stream_Systolic_0/inst/SystolicCore0/serial2mem_opB/single_port_ram_di_reg[29] cannot be properly analyzed as its control pin SystolicCore_i/AXI_Stream_Systolic_0/inst/SystolicCore0/serial2mem_opB/single_port_ram_di_reg[29]/G is not reached by a timing clock
Related violations: <none>

TIMING-20#87 Warning
Non-clocked latch  
The latch SystolicCore_i/AXI_Stream_Systolic_0/inst/SystolicCore0/serial2mem_opB/single_port_ram_di_reg[2] cannot be properly analyzed as its control pin SystolicCore_i/AXI_Stream_Systolic_0/inst/SystolicCore0/serial2mem_opB/single_port_ram_di_reg[2]/G is not reached by a timing clock
Related violations: <none>

TIMING-20#88 Warning
Non-clocked latch  
The latch SystolicCore_i/AXI_Stream_Systolic_0/inst/SystolicCore0/serial2mem_opB/single_port_ram_di_reg[30] cannot be properly analyzed as its control pin SystolicCore_i/AXI_Stream_Systolic_0/inst/SystolicCore0/serial2mem_opB/single_port_ram_di_reg[30]/G is not reached by a timing clock
Related violations: <none>

TIMING-20#89 Warning
Non-clocked latch  
The latch SystolicCore_i/AXI_Stream_Systolic_0/inst/SystolicCore0/serial2mem_opB/single_port_ram_di_reg[31] cannot be properly analyzed as its control pin SystolicCore_i/AXI_Stream_Systolic_0/inst/SystolicCore0/serial2mem_opB/single_port_ram_di_reg[31]/G is not reached by a timing clock
Related violations: <none>

TIMING-20#90 Warning
Non-clocked latch  
The latch SystolicCore_i/AXI_Stream_Systolic_0/inst/SystolicCore0/serial2mem_opB/single_port_ram_di_reg[32] cannot be properly analyzed as its control pin SystolicCore_i/AXI_Stream_Systolic_0/inst/SystolicCore0/serial2mem_opB/single_port_ram_di_reg[32]/G is not reached by a timing clock
Related violations: <none>

TIMING-20#91 Warning
Non-clocked latch  
The latch SystolicCore_i/AXI_Stream_Systolic_0/inst/SystolicCore0/serial2mem_opB/single_port_ram_di_reg[33] cannot be properly analyzed as its control pin SystolicCore_i/AXI_Stream_Systolic_0/inst/SystolicCore0/serial2mem_opB/single_port_ram_di_reg[33]/G is not reached by a timing clock
Related violations: <none>

TIMING-20#92 Warning
Non-clocked latch  
The latch SystolicCore_i/AXI_Stream_Systolic_0/inst/SystolicCore0/serial2mem_opB/single_port_ram_di_reg[34] cannot be properly analyzed as its control pin SystolicCore_i/AXI_Stream_Systolic_0/inst/SystolicCore0/serial2mem_opB/single_port_ram_di_reg[34]/G is not reached by a timing clock
Related violations: <none>

TIMING-20#93 Warning
Non-clocked latch  
The latch SystolicCore_i/AXI_Stream_Systolic_0/inst/SystolicCore0/serial2mem_opB/single_port_ram_di_reg[35] cannot be properly analyzed as its control pin SystolicCore_i/AXI_Stream_Systolic_0/inst/SystolicCore0/serial2mem_opB/single_port_ram_di_reg[35]/G is not reached by a timing clock
Related violations: <none>

TIMING-20#94 Warning
Non-clocked latch  
The latch SystolicCore_i/AXI_Stream_Systolic_0/inst/SystolicCore0/serial2mem_opB/single_port_ram_di_reg[36] cannot be properly analyzed as its control pin SystolicCore_i/AXI_Stream_Systolic_0/inst/SystolicCore0/serial2mem_opB/single_port_ram_di_reg[36]/G is not reached by a timing clock
Related violations: <none>

TIMING-20#95 Warning
Non-clocked latch  
The latch SystolicCore_i/AXI_Stream_Systolic_0/inst/SystolicCore0/serial2mem_opB/single_port_ram_di_reg[37] cannot be properly analyzed as its control pin SystolicCore_i/AXI_Stream_Systolic_0/inst/SystolicCore0/serial2mem_opB/single_port_ram_di_reg[37]/G is not reached by a timing clock
Related violations: <none>

TIMING-20#96 Warning
Non-clocked latch  
The latch SystolicCore_i/AXI_Stream_Systolic_0/inst/SystolicCore0/serial2mem_opB/single_port_ram_di_reg[38] cannot be properly analyzed as its control pin SystolicCore_i/AXI_Stream_Systolic_0/inst/SystolicCore0/serial2mem_opB/single_port_ram_di_reg[38]/G is not reached by a timing clock
Related violations: <none>

TIMING-20#97 Warning
Non-clocked latch  
The latch SystolicCore_i/AXI_Stream_Systolic_0/inst/SystolicCore0/serial2mem_opB/single_port_ram_di_reg[39] cannot be properly analyzed as its control pin SystolicCore_i/AXI_Stream_Systolic_0/inst/SystolicCore0/serial2mem_opB/single_port_ram_di_reg[39]/G is not reached by a timing clock
Related violations: <none>

TIMING-20#98 Warning
Non-clocked latch  
The latch SystolicCore_i/AXI_Stream_Systolic_0/inst/SystolicCore0/serial2mem_opB/single_port_ram_di_reg[3] cannot be properly analyzed as its control pin SystolicCore_i/AXI_Stream_Systolic_0/inst/SystolicCore0/serial2mem_opB/single_port_ram_di_reg[3]/G is not reached by a timing clock
Related violations: <none>

TIMING-20#99 Warning
Non-clocked latch  
The latch SystolicCore_i/AXI_Stream_Systolic_0/inst/SystolicCore0/serial2mem_opB/single_port_ram_di_reg[40] cannot be properly analyzed as its control pin SystolicCore_i/AXI_Stream_Systolic_0/inst/SystolicCore0/serial2mem_opB/single_port_ram_di_reg[40]/G is not reached by a timing clock
Related violations: <none>

TIMING-20#100 Warning
Non-clocked latch  
The latch SystolicCore_i/AXI_Stream_Systolic_0/inst/SystolicCore0/serial2mem_opB/single_port_ram_di_reg[41] cannot be properly analyzed as its control pin SystolicCore_i/AXI_Stream_Systolic_0/inst/SystolicCore0/serial2mem_opB/single_port_ram_di_reg[41]/G is not reached by a timing clock
Related violations: <none>

TIMING-20#101 Warning
Non-clocked latch  
The latch SystolicCore_i/AXI_Stream_Systolic_0/inst/SystolicCore0/serial2mem_opB/single_port_ram_di_reg[42] cannot be properly analyzed as its control pin SystolicCore_i/AXI_Stream_Systolic_0/inst/SystolicCore0/serial2mem_opB/single_port_ram_di_reg[42]/G is not reached by a timing clock
Related violations: <none>

TIMING-20#102 Warning
Non-clocked latch  
The latch SystolicCore_i/AXI_Stream_Systolic_0/inst/SystolicCore0/serial2mem_opB/single_port_ram_di_reg[43] cannot be properly analyzed as its control pin SystolicCore_i/AXI_Stream_Systolic_0/inst/SystolicCore0/serial2mem_opB/single_port_ram_di_reg[43]/G is not reached by a timing clock
Related violations: <none>

TIMING-20#103 Warning
Non-clocked latch  
The latch SystolicCore_i/AXI_Stream_Systolic_0/inst/SystolicCore0/serial2mem_opB/single_port_ram_di_reg[44] cannot be properly analyzed as its control pin SystolicCore_i/AXI_Stream_Systolic_0/inst/SystolicCore0/serial2mem_opB/single_port_ram_di_reg[44]/G is not reached by a timing clock
Related violations: <none>

TIMING-20#104 Warning
Non-clocked latch  
The latch SystolicCore_i/AXI_Stream_Systolic_0/inst/SystolicCore0/serial2mem_opB/single_port_ram_di_reg[45] cannot be properly analyzed as its control pin SystolicCore_i/AXI_Stream_Systolic_0/inst/SystolicCore0/serial2mem_opB/single_port_ram_di_reg[45]/G is not reached by a timing clock
Related violations: <none>

TIMING-20#105 Warning
Non-clocked latch  
The latch SystolicCore_i/AXI_Stream_Systolic_0/inst/SystolicCore0/serial2mem_opB/single_port_ram_di_reg[46] cannot be properly analyzed as its control pin SystolicCore_i/AXI_Stream_Systolic_0/inst/SystolicCore0/serial2mem_opB/single_port_ram_di_reg[46]/G is not reached by a timing clock
Related violations: <none>

TIMING-20#106 Warning
Non-clocked latch  
The latch SystolicCore_i/AXI_Stream_Systolic_0/inst/SystolicCore0/serial2mem_opB/single_port_ram_di_reg[47] cannot be properly analyzed as its control pin SystolicCore_i/AXI_Stream_Systolic_0/inst/SystolicCore0/serial2mem_opB/single_port_ram_di_reg[47]/G is not reached by a timing clock
Related violations: <none>

TIMING-20#107 Warning
Non-clocked latch  
The latch SystolicCore_i/AXI_Stream_Systolic_0/inst/SystolicCore0/serial2mem_opB/single_port_ram_di_reg[48] cannot be properly analyzed as its control pin SystolicCore_i/AXI_Stream_Systolic_0/inst/SystolicCore0/serial2mem_opB/single_port_ram_di_reg[48]/G is not reached by a timing clock
Related violations: <none>

TIMING-20#108 Warning
Non-clocked latch  
The latch SystolicCore_i/AXI_Stream_Systolic_0/inst/SystolicCore0/serial2mem_opB/single_port_ram_di_reg[49] cannot be properly analyzed as its control pin SystolicCore_i/AXI_Stream_Systolic_0/inst/SystolicCore0/serial2mem_opB/single_port_ram_di_reg[49]/G is not reached by a timing clock
Related violations: <none>

TIMING-20#109 Warning
Non-clocked latch  
The latch SystolicCore_i/AXI_Stream_Systolic_0/inst/SystolicCore0/serial2mem_opB/single_port_ram_di_reg[4] cannot be properly analyzed as its control pin SystolicCore_i/AXI_Stream_Systolic_0/inst/SystolicCore0/serial2mem_opB/single_port_ram_di_reg[4]/G is not reached by a timing clock
Related violations: <none>

TIMING-20#110 Warning
Non-clocked latch  
The latch SystolicCore_i/AXI_Stream_Systolic_0/inst/SystolicCore0/serial2mem_opB/single_port_ram_di_reg[50] cannot be properly analyzed as its control pin SystolicCore_i/AXI_Stream_Systolic_0/inst/SystolicCore0/serial2mem_opB/single_port_ram_di_reg[50]/G is not reached by a timing clock
Related violations: <none>

TIMING-20#111 Warning
Non-clocked latch  
The latch SystolicCore_i/AXI_Stream_Systolic_0/inst/SystolicCore0/serial2mem_opB/single_port_ram_di_reg[51] cannot be properly analyzed as its control pin SystolicCore_i/AXI_Stream_Systolic_0/inst/SystolicCore0/serial2mem_opB/single_port_ram_di_reg[51]/G is not reached by a timing clock
Related violations: <none>

TIMING-20#112 Warning
Non-clocked latch  
The latch SystolicCore_i/AXI_Stream_Systolic_0/inst/SystolicCore0/serial2mem_opB/single_port_ram_di_reg[52] cannot be properly analyzed as its control pin SystolicCore_i/AXI_Stream_Systolic_0/inst/SystolicCore0/serial2mem_opB/single_port_ram_di_reg[52]/G is not reached by a timing clock
Related violations: <none>

TIMING-20#113 Warning
Non-clocked latch  
The latch SystolicCore_i/AXI_Stream_Systolic_0/inst/SystolicCore0/serial2mem_opB/single_port_ram_di_reg[53] cannot be properly analyzed as its control pin SystolicCore_i/AXI_Stream_Systolic_0/inst/SystolicCore0/serial2mem_opB/single_port_ram_di_reg[53]/G is not reached by a timing clock
Related violations: <none>

TIMING-20#114 Warning
Non-clocked latch  
The latch SystolicCore_i/AXI_Stream_Systolic_0/inst/SystolicCore0/serial2mem_opB/single_port_ram_di_reg[54] cannot be properly analyzed as its control pin SystolicCore_i/AXI_Stream_Systolic_0/inst/SystolicCore0/serial2mem_opB/single_port_ram_di_reg[54]/G is not reached by a timing clock
Related violations: <none>

TIMING-20#115 Warning
Non-clocked latch  
The latch SystolicCore_i/AXI_Stream_Systolic_0/inst/SystolicCore0/serial2mem_opB/single_port_ram_di_reg[55] cannot be properly analyzed as its control pin SystolicCore_i/AXI_Stream_Systolic_0/inst/SystolicCore0/serial2mem_opB/single_port_ram_di_reg[55]/G is not reached by a timing clock
Related violations: <none>

TIMING-20#116 Warning
Non-clocked latch  
The latch SystolicCore_i/AXI_Stream_Systolic_0/inst/SystolicCore0/serial2mem_opB/single_port_ram_di_reg[56] cannot be properly analyzed as its control pin SystolicCore_i/AXI_Stream_Systolic_0/inst/SystolicCore0/serial2mem_opB/single_port_ram_di_reg[56]/G is not reached by a timing clock
Related violations: <none>

TIMING-20#117 Warning
Non-clocked latch  
The latch SystolicCore_i/AXI_Stream_Systolic_0/inst/SystolicCore0/serial2mem_opB/single_port_ram_di_reg[57] cannot be properly analyzed as its control pin SystolicCore_i/AXI_Stream_Systolic_0/inst/SystolicCore0/serial2mem_opB/single_port_ram_di_reg[57]/G is not reached by a timing clock
Related violations: <none>

TIMING-20#118 Warning
Non-clocked latch  
The latch SystolicCore_i/AXI_Stream_Systolic_0/inst/SystolicCore0/serial2mem_opB/single_port_ram_di_reg[58] cannot be properly analyzed as its control pin SystolicCore_i/AXI_Stream_Systolic_0/inst/SystolicCore0/serial2mem_opB/single_port_ram_di_reg[58]/G is not reached by a timing clock
Related violations: <none>

TIMING-20#119 Warning
Non-clocked latch  
The latch SystolicCore_i/AXI_Stream_Systolic_0/inst/SystolicCore0/serial2mem_opB/single_port_ram_di_reg[59] cannot be properly analyzed as its control pin SystolicCore_i/AXI_Stream_Systolic_0/inst/SystolicCore0/serial2mem_opB/single_port_ram_di_reg[59]/G is not reached by a timing clock
Related violations: <none>

TIMING-20#120 Warning
Non-clocked latch  
The latch SystolicCore_i/AXI_Stream_Systolic_0/inst/SystolicCore0/serial2mem_opB/single_port_ram_di_reg[5] cannot be properly analyzed as its control pin SystolicCore_i/AXI_Stream_Systolic_0/inst/SystolicCore0/serial2mem_opB/single_port_ram_di_reg[5]/G is not reached by a timing clock
Related violations: <none>

TIMING-20#121 Warning
Non-clocked latch  
The latch SystolicCore_i/AXI_Stream_Systolic_0/inst/SystolicCore0/serial2mem_opB/single_port_ram_di_reg[60] cannot be properly analyzed as its control pin SystolicCore_i/AXI_Stream_Systolic_0/inst/SystolicCore0/serial2mem_opB/single_port_ram_di_reg[60]/G is not reached by a timing clock
Related violations: <none>

TIMING-20#122 Warning
Non-clocked latch  
The latch SystolicCore_i/AXI_Stream_Systolic_0/inst/SystolicCore0/serial2mem_opB/single_port_ram_di_reg[61] cannot be properly analyzed as its control pin SystolicCore_i/AXI_Stream_Systolic_0/inst/SystolicCore0/serial2mem_opB/single_port_ram_di_reg[61]/G is not reached by a timing clock
Related violations: <none>

TIMING-20#123 Warning
Non-clocked latch  
The latch SystolicCore_i/AXI_Stream_Systolic_0/inst/SystolicCore0/serial2mem_opB/single_port_ram_di_reg[62] cannot be properly analyzed as its control pin SystolicCore_i/AXI_Stream_Systolic_0/inst/SystolicCore0/serial2mem_opB/single_port_ram_di_reg[62]/G is not reached by a timing clock
Related violations: <none>

TIMING-20#124 Warning
Non-clocked latch  
The latch SystolicCore_i/AXI_Stream_Systolic_0/inst/SystolicCore0/serial2mem_opB/single_port_ram_di_reg[63] cannot be properly analyzed as its control pin SystolicCore_i/AXI_Stream_Systolic_0/inst/SystolicCore0/serial2mem_opB/single_port_ram_di_reg[63]/G is not reached by a timing clock
Related violations: <none>

TIMING-20#125 Warning
Non-clocked latch  
The latch SystolicCore_i/AXI_Stream_Systolic_0/inst/SystolicCore0/serial2mem_opB/single_port_ram_di_reg[6] cannot be properly analyzed as its control pin SystolicCore_i/AXI_Stream_Systolic_0/inst/SystolicCore0/serial2mem_opB/single_port_ram_di_reg[6]/G is not reached by a timing clock
Related violations: <none>

TIMING-20#126 Warning
Non-clocked latch  
The latch SystolicCore_i/AXI_Stream_Systolic_0/inst/SystolicCore0/serial2mem_opB/single_port_ram_di_reg[7] cannot be properly analyzed as its control pin SystolicCore_i/AXI_Stream_Systolic_0/inst/SystolicCore0/serial2mem_opB/single_port_ram_di_reg[7]/G is not reached by a timing clock
Related violations: <none>

TIMING-20#127 Warning
Non-clocked latch  
The latch SystolicCore_i/AXI_Stream_Systolic_0/inst/SystolicCore0/serial2mem_opB/single_port_ram_di_reg[8] cannot be properly analyzed as its control pin SystolicCore_i/AXI_Stream_Systolic_0/inst/SystolicCore0/serial2mem_opB/single_port_ram_di_reg[8]/G is not reached by a timing clock
Related violations: <none>

TIMING-20#128 Warning
Non-clocked latch  
The latch SystolicCore_i/AXI_Stream_Systolic_0/inst/SystolicCore0/serial2mem_opB/single_port_ram_di_reg[9] cannot be properly analyzed as its control pin SystolicCore_i/AXI_Stream_Systolic_0/inst/SystolicCore0/serial2mem_opB/single_port_ram_di_reg[9]/G is not reached by a timing clock
Related violations: <none>

TIMING-20#129 Warning
Non-clocked latch  
The latch SystolicCore_i/AXI_Stream_Systolic_0/inst/SystolicCore0/systolicControlUnit_Global/serial2mem_opa_rready_i_reg cannot be properly analyzed as its control pin SystolicCore_i/AXI_Stream_Systolic_0/inst/SystolicCore0/systolicControlUnit_Global/serial2mem_opa_rready_i_reg/G is not reached by a timing clock
Related violations: <none>

TIMING-20#130 Warning
Non-clocked latch  
The latch SystolicCore_i/AXI_Stream_Systolic_0/inst/SystolicCore0/systolicControlUnit_Global/serial2mem_opa_rw_reg cannot be properly analyzed as its control pin SystolicCore_i/AXI_Stream_Systolic_0/inst/SystolicCore0/systolicControlUnit_Global/serial2mem_opa_rw_reg/G is not reached by a timing clock
Related violations: <none>

TIMING-20#131 Warning
Non-clocked latch  
The latch SystolicCore_i/AXI_Stream_Systolic_0/inst/SystolicCore0/systolicControlUnit_Global/starting_frame_identified_reg cannot be properly analyzed as its control pin SystolicCore_i/AXI_Stream_Systolic_0/inst/SystolicCore0/systolicControlUnit_Global/starting_frame_identified_reg/G is not reached by a timing clock
Related violations: <none>

XDCB-5#1 Warning
Runtime inefficient way to find pin objects  
The option '-from : [get_pins -hierarchical -filter {NAME =~ *ila_core_inst/u_trig/N_DDR_TC.N_DDR_TC_INST[*].U_TC/allx_typeA_match_detection.ltlib_v1_0_3_allx_typeA_inst/DUT/u_srl_drive/CLK}]' of constraint 'set_false_path' uses inefficient query to find pin objects (see constraint position '157' in the Timing Constraint window in Vivado IDE). To reduce runtime, it is recommended to get the pins through the cell objects. Please refer to Using Constraints Guide (Constraints Efficiency). An example of optimal query is: get_pins -filter {REF_PIN_NAME=~yy*} -of_objects [get_cells -hierarchical xx*].
Current XDC: /home/xmen/Videos/RustDesk/SystolicCore/SystolicCore/Zynq_Systolic_Core_AXI_FIFO_Stream/Zynq_Systolic_Core_AXI_FIFO_Stream.gen/sources_1/ip/ila_1/ila_v6_2/constraints/ila.xdc (Line: 72)
Related violations: <none>

XDCB-5#2 Warning
Runtime inefficient way to find pin objects  
The option '-from : [get_pins -hierarchical -filter {NAME =~ *ila_core_inst/u_trig/N_DDR_TC.N_DDR_TC_INST[*].U_TC/allx_typeA_match_detection.ltlib_v1_0_3_allx_typeA_inst/DUT/u_srl_drive/CLK}]' of constraint 'set_false_path' uses inefficient query to find pin objects (see constraint position '208' in the Timing Constraint window in Vivado IDE). To reduce runtime, it is recommended to get the pins through the cell objects. Please refer to Using Constraints Guide (Constraints Efficiency). An example of optimal query is: get_pins -filter {REF_PIN_NAME=~yy*} -of_objects [get_cells -hierarchical xx*].
Current XDC: /home/xmen/Videos/RustDesk/SystolicCore/SystolicCore/Zynq_Systolic_Core_AXI_FIFO_Stream/Zynq_Systolic_Core_AXI_FIFO_Stream.gen/sources_1/ip/ila_1/ila_v6_2/constraints/ila.xdc (Line: 72)
Related violations: <none>

XDCB-5#3 Warning
Runtime inefficient way to find pin objects  
The option '-from : [get_pins -hierarchical -filter {NAME =~ *ila_core_inst/u_trig/N_DDR_TC.N_DDR_TC_INST[*].U_TC/allx_typeA_match_detection.ltlib_v1_0_3_allx_typeA_inst/DUT/u_srl_drive/CLK}]' of constraint 'set_false_path' uses inefficient query to find pin objects (see constraint position '43' in the Timing Constraint window in Vivado IDE). To reduce runtime, it is recommended to get the pins through the cell objects. Please refer to Using Constraints Guide (Constraints Efficiency). An example of optimal query is: get_pins -filter {REF_PIN_NAME=~yy*} -of_objects [get_cells -hierarchical xx*].
Current XDC: /home/xmen/Videos/RustDesk/SystolicCore/SystolicCore/Zynq_Systolic_Core_AXI_FIFO_Stream/Zynq_Systolic_Core_AXI_FIFO_Stream.gen/sources_1/bd/SystolicCore/ip/SystolicCore_system_ila_0_0/bd_0/ip/ip_0/ila_v6_2/constraints/ila.xdc (Line: 72)
Related violations: <none>

XDCB-5#4 Warning
Runtime inefficient way to find pin objects  
The option '-from : [get_pins -hierarchical -filter {NAME =~ *ila_core_inst/u_trig/N_DDR_TC.N_DDR_TC_INST[*].U_TC/allx_typeA_match_detection.ltlib_v1_0_3_allx_typeA_inst/DUT/u_srl_drive/CLK}]' of constraint 'set_false_path' uses inefficient query to find pin objects (see constraint position '98' in the Timing Constraint window in Vivado IDE). To reduce runtime, it is recommended to get the pins through the cell objects. Please refer to Using Constraints Guide (Constraints Efficiency). An example of optimal query is: get_pins -filter {REF_PIN_NAME=~yy*} -of_objects [get_cells -hierarchical xx*].
Current XDC: /home/xmen/Videos/RustDesk/SystolicCore/SystolicCore/Zynq_Systolic_Core_AXI_FIFO_Stream/Zynq_Systolic_Core_AXI_FIFO_Stream.gen/sources_1/ip/ila_0/ila_v6_2/constraints/ila.xdc (Line: 72)
Related violations: <none>

XDCB-5#5 Warning
Runtime inefficient way to find pin objects  
The option '-to : [get_pins -hierarchical -filter {NAME =~ *ila_core_inst/u_trig/N_DDR_TC.N_DDR_TC_INST[*].U_TC/yes_output_reg.dout_reg_reg/D}]' of constraint 'set_false_path' uses inefficient query to find pin objects (see constraint position '157' in the Timing Constraint window in Vivado IDE). To reduce runtime, it is recommended to get the pins through the cell objects. Please refer to Using Constraints Guide (Constraints Efficiency). An example of optimal query is: get_pins -filter {REF_PIN_NAME=~yy*} -of_objects [get_cells -hierarchical xx*].
Current XDC: /home/xmen/Videos/RustDesk/SystolicCore/SystolicCore/Zynq_Systolic_Core_AXI_FIFO_Stream/Zynq_Systolic_Core_AXI_FIFO_Stream.gen/sources_1/ip/ila_1/ila_v6_2/constraints/ila.xdc (Line: 72)
Related violations: <none>

XDCB-5#6 Warning
Runtime inefficient way to find pin objects  
The option '-to : [get_pins -hierarchical -filter {NAME =~ *ila_core_inst/u_trig/N_DDR_TC.N_DDR_TC_INST[*].U_TC/yes_output_reg.dout_reg_reg/D}]' of constraint 'set_false_path' uses inefficient query to find pin objects (see constraint position '208' in the Timing Constraint window in Vivado IDE). To reduce runtime, it is recommended to get the pins through the cell objects. Please refer to Using Constraints Guide (Constraints Efficiency). An example of optimal query is: get_pins -filter {REF_PIN_NAME=~yy*} -of_objects [get_cells -hierarchical xx*].
Current XDC: /home/xmen/Videos/RustDesk/SystolicCore/SystolicCore/Zynq_Systolic_Core_AXI_FIFO_Stream/Zynq_Systolic_Core_AXI_FIFO_Stream.gen/sources_1/ip/ila_1/ila_v6_2/constraints/ila.xdc (Line: 72)
Related violations: <none>

XDCB-5#7 Warning
Runtime inefficient way to find pin objects  
The option '-to : [get_pins -hierarchical -filter {NAME =~ *ila_core_inst/u_trig/N_DDR_TC.N_DDR_TC_INST[*].U_TC/yes_output_reg.dout_reg_reg/D}]' of constraint 'set_false_path' uses inefficient query to find pin objects (see constraint position '43' in the Timing Constraint window in Vivado IDE). To reduce runtime, it is recommended to get the pins through the cell objects. Please refer to Using Constraints Guide (Constraints Efficiency). An example of optimal query is: get_pins -filter {REF_PIN_NAME=~yy*} -of_objects [get_cells -hierarchical xx*].
Current XDC: /home/xmen/Videos/RustDesk/SystolicCore/SystolicCore/Zynq_Systolic_Core_AXI_FIFO_Stream/Zynq_Systolic_Core_AXI_FIFO_Stream.gen/sources_1/bd/SystolicCore/ip/SystolicCore_system_ila_0_0/bd_0/ip/ip_0/ila_v6_2/constraints/ila.xdc (Line: 72)
Related violations: <none>

XDCB-5#8 Warning
Runtime inefficient way to find pin objects  
The option '-to : [get_pins -hierarchical -filter {NAME =~ *ila_core_inst/u_trig/N_DDR_TC.N_DDR_TC_INST[*].U_TC/yes_output_reg.dout_reg_reg/D}]' of constraint 'set_false_path' uses inefficient query to find pin objects (see constraint position '98' in the Timing Constraint window in Vivado IDE). To reduce runtime, it is recommended to get the pins through the cell objects. Please refer to Using Constraints Guide (Constraints Efficiency). An example of optimal query is: get_pins -filter {REF_PIN_NAME=~yy*} -of_objects [get_cells -hierarchical xx*].
Current XDC: /home/xmen/Videos/RustDesk/SystolicCore/SystolicCore/Zynq_Systolic_Core_AXI_FIFO_Stream/Zynq_Systolic_Core_AXI_FIFO_Stream.gen/sources_1/ip/ila_0/ila_v6_2/constraints/ila.xdc (Line: 72)
Related violations: <none>

LATCH-1#1 Advisory
Existing latches in the design  
There are 131 latches found in the design. Inferred latches are often the result of HDL coding mistakes, such as incomplete if or case statements.
Related violations: <none>


