Copyright 1986-2022 Xilinx, Inc. All Rights Reserved. Copyright 2022-2025 Advanced Micro Devices, Inc. All Rights Reserved.
---------------------------------------------------------------------------------------------------------------------------------------------
| Tool Version : Vivado v.2025.2 (lin64) Build 6299465 Fri Nov 14 12:34:56 MST 2025
| Date         : Tue Feb  3 02:31:38 2026
| Host         : VT0144 running 64-bit Rocky Linux release 8.10 (Green Obsidian)
| Command      : report_utilization -file SystolicCore_wrapper_utilization_placed.rpt -pb SystolicCore_wrapper_utilization_placed.pb
| Design       : SystolicCore_wrapper
| Device       : xczu7ev-ffvc1156-2-e
| Speed File   : -2
| Design State : Fully Placed
---------------------------------------------------------------------------------------------------------------------------------------------

Utilization Design Information

Table of Contents
-----------------
1. CLB Logic
1.1 Summary of Registers by Type
2. CLB Logic Distribution
3. BLOCKRAM
4. ARITHMETIC
5. I/O
6. CLOCK
7. ADVANCED
8. CONFIGURATION
9. Primitives
10. Black Boxes
11. Instantiated Netlists

1. CLB Logic
------------

+----------------------------+-------+-------+------------+-----------+-------+
|          Site Type         |  Used | Fixed | Prohibited | Available | Util% |
+----------------------------+-------+-------+------------+-----------+-------+
| CLB LUTs                   | 42711 |     0 |          0 |    230400 | 18.54 |
|   LUT as Logic             | 41834 |     0 |          0 |    230400 | 18.16 |
|   LUT as Memory            |   877 |     0 |          0 |    101760 |  0.86 |
|     LUT as Distributed RAM |   116 |     0 |            |           |       |
|     LUT as Shift Register  |   761 |     0 |            |           |       |
| CLB Registers              | 39598 |     0 |          0 |    460800 |  8.59 |
|   Register as Flip Flop    | 39589 |     0 |          0 |    460800 |  8.59 |
|   Register as Latch        |     9 |     0 |          0 |    460800 | <0.01 |
| CARRY8                     |  1093 |     0 |          0 |     28800 |  3.80 |
| F7 Muxes                   |  2002 |     0 |          0 |    115200 |  1.74 |
| F8 Muxes                   |   780 |     0 |          0 |     57600 |  1.35 |
| F9 Muxes                   |     0 |     0 |          0 |     28800 |  0.00 |
| Unique Control Sets        |  2128 |       |          0 |     57600 |  3.69 |
+----------------------------+-------+-------+------------+-----------+-------+
* Warning! LUT value is adjusted to account for LUT combining.
** Note: Available Control Sets calculated as Slices * 2, Review the Control Sets Report for more information regarding control sets.


1.1 Summary of Registers by Type
--------------------------------

+-------+--------------+-------------+--------------+
| Total | Clock Enable | Synchronous | Asynchronous |
+-------+--------------+-------------+--------------+
| 0     |            _ |           - |            - |
| 0     |            _ |           - |          Set |
| 0     |            _ |           - |        Reset |
| 0     |            _ |         Set |            - |
| 0     |            _ |       Reset |            - |
| 0     |          Yes |           - |            - |
| 44    |          Yes |           - |          Set |
| 30070 |          Yes |           - |        Reset |
| 151   |          Yes |         Set |            - |
| 9333  |          Yes |       Reset |            - |
+-------+--------------+-------------+--------------+


2. CLB Logic Distribution
-------------------------

+--------------------------------------------+-------+-------+------------+-----------+-------+
|                  Site Type                 |  Used | Fixed | Prohibited | Available | Util% |
+--------------------------------------------+-------+-------+------------+-----------+-------+
| CLB                                        |  8083 |     0 |          0 |     28800 | 28.07 |
|   CLBL                                     |  4034 |     0 |            |           |       |
|   CLBM                                     |  4049 |     0 |            |           |       |
| LUT as Logic                               | 41834 |     0 |          0 |    230400 | 18.16 |
|   using O5 output only                     |   203 |       |            |           |       |
|   using O6 output only                     | 31854 |       |            |           |       |
|   using O5 and O6                          |  9777 |       |            |           |       |
| LUT as Memory                              |   877 |     0 |          0 |    101760 |  0.86 |
|   LUT as Distributed RAM                   |   116 |     0 |            |           |       |
|     using O5 output only                   |     0 |       |            |           |       |
|     using O6 output only                   |    96 |       |            |           |       |
|     using O5 and O6                        |    20 |       |            |           |       |
|   LUT as Shift Register                    |   761 |     0 |            |           |       |
|     using O5 output only                   |     0 |       |            |           |       |
|     using O6 output only                   |   101 |       |            |           |       |
|     using O5 and O6                        |   660 |       |            |           |       |
| CLB Registers                              | 39598 |     0 |          0 |    460800 |  8.59 |
|   Register driven from within the CLB      | 17710 |       |            |           |       |
|   Register driven from outside the CLB     | 21888 |       |            |           |       |
|     LUT in front of the register is unused |  8524 |       |            |           |       |
|     LUT in front of the register is used   | 13364 |       |            |           |       |
+--------------------------------------------+-------+-------+------------+-----------+-------+


3. BLOCKRAM
-----------

+-------------------+------+-------+------------+-----------+-------+
|     Site Type     | Used | Fixed | Prohibited | Available | Util% |
+-------------------+------+-------+------------+-----------+-------+
| Block RAM Tile    | 23.5 |     0 |          0 |       312 |  7.53 |
|   RAMB36/FIFO*    |   21 |     0 |          0 |       312 |  6.73 |
|     RAMB36E2 only |   21 |       |            |           |       |
|   RAMB18          |    5 |     0 |          0 |       624 |  0.80 |
|     RAMB18E2 only |    5 |       |            |           |       |
| URAM              |    0 |     0 |          0 |        96 |  0.00 |
+-------------------+------+-------+------------+-----------+-------+
* Note: Each Block RAM Tile only has one FIFO logic available and therefore can accommodate only one FIFO36E2 or one FIFO18E2. However, if a FIFO18E2 occupies a Block RAM Tile, that tile can still accommodate a RAMB18E2


4. ARITHMETIC
-------------

+-----------+------+-------+------------+-----------+-------+
| Site Type | Used | Fixed | Prohibited | Available | Util% |
+-----------+------+-------+------------+-----------+-------+
| DSPs      |    0 |     0 |          0 |      1728 |  0.00 |
+-----------+------+-------+------------+-----------+-------+


5. I/O
------

+------------------+------+-------+------------+-----------+-------+
|     Site Type    | Used | Fixed | Prohibited | Available | Util% |
+------------------+------+-------+------------+-----------+-------+
| Bonded IOB       |    0 |     0 |          0 |       360 |  0.00 |
|   HPIOB_M        |    0 |     0 |          0 |       144 |  0.00 |
|   HPIOB_S        |    0 |     0 |          0 |       144 |  0.00 |
|   HDIOB_M        |    0 |     0 |          0 |        24 |  0.00 |
|   HDIOB_S        |    0 |     0 |          0 |        24 |  0.00 |
|   HPIOB_SNGL     |    0 |     0 |          0 |        24 |  0.00 |
| HPIOBDIFFINBUF   |    0 |     0 |          0 |       192 |  0.00 |
| HPIOBDIFFOUTBUF  |    0 |     0 |          0 |       192 |  0.00 |
| HDIOBDIFFINBUF   |    0 |     0 |          0 |        48 |  0.00 |
| BITSLICE_CONTROL |    0 |     0 |          0 |        64 |  0.00 |
| BITSLICE_RX_TX   |    0 |     0 |          0 |      2496 |  0.00 |
| BITSLICE_TX      |    0 |     0 |          0 |        64 |  0.00 |
| RIU_OR           |    0 |     0 |          0 |        32 |  0.00 |
+------------------+------+-------+------------+-----------+-------+


6. CLOCK
--------

+------------+------+-------+------------+-----------+-------+
|  Site Type | Used | Fixed | Prohibited | Available | Util% |
+------------+------+-------+------------+-----------+-------+
| BUFGCE     |    1 |     0 |          0 |       208 |  0.48 |
| BUFGCE_DIV |    0 |     0 |          0 |        32 |  0.00 |
| BUFG_GT    |    0 |     0 |          0 |       144 |  0.00 |
| BUFG_PS    |    1 |     0 |          0 |        96 |  1.04 |
| BUFGCTRL*  |    0 |     0 |          0 |        64 |  0.00 |
| PLL        |    0 |     0 |          0 |        16 |  0.00 |
| MMCM       |    0 |     0 |          0 |         8 |  0.00 |
+------------+------+-------+------------+-----------+-------+
* Note: Each used BUFGCTRL counts as two GLOBAL CLOCK BUFFERs. This table does not include global clocking resources, only buffer cell usage. See the Clock Utilization Report (report_clock_utilization) for detailed accounting of global clocking resource availability.


7. ADVANCED
-----------

+-----------------+------+-------+------------+-----------+--------+
|    Site Type    | Used | Fixed | Prohibited | Available |  Util% |
+-----------------+------+-------+------------+-----------+--------+
| GTHE4_CHANNEL   |    0 |     0 |          0 |        20 |   0.00 |
| GTHE4_COMMON    |    0 |     0 |          0 |         5 |   0.00 |
| OBUFDS_GTE4     |    0 |     0 |          0 |        10 |   0.00 |
| OBUFDS_GTE4_ADV |    0 |     0 |          0 |        10 |   0.00 |
| PCIE40E4        |    0 |     0 |          0 |         2 |   0.00 |
| PS8             |    1 |     0 |          0 |         1 | 100.00 |
| SYSMONE4        |    0 |     0 |          0 |         1 |   0.00 |
| VCU             |    0 |     0 |          0 |         1 |   0.00 |
+-----------------+------+-------+------------+-----------+--------+


8. CONFIGURATION
----------------

+-------------+------+-------+------------+-----------+-------+
|  Site Type  | Used | Fixed | Prohibited | Available | Util% |
+-------------+------+-------+------------+-----------+-------+
| BSCANE2     |    1 |     0 |          0 |         4 | 25.00 |
| DNA_PORTE2  |    0 |     0 |          0 |         1 |  0.00 |
| EFUSE_USR   |    0 |     0 |          0 |         1 |  0.00 |
| FRAME_ECCE4 |    0 |     0 |          0 |         1 |  0.00 |
| ICAPE3      |    0 |     0 |          0 |         2 |  0.00 |
| MASTER_JTAG |    0 |     0 |          0 |         1 |  0.00 |
| STARTUPE3   |    0 |     0 |          0 |         1 |  0.00 |
+-------------+------+-------+------------+-----------+-------+


9. Primitives
-------------

+----------+-------+---------------------+
| Ref Name |  Used | Functional Category |
+----------+-------+---------------------+
| FDCE     | 30061 |            Register |
| LUT6     | 21692 |                 CLB |
| LUT2     | 12545 |                 CLB |
| FDRE     |  9333 |            Register |
| LUT1     |  6464 |                 CLB |
| LUT5     |  4725 |                 CLB |
| LUT4     |  3930 |                 CLB |
| LUT3     |  2255 |                 CLB |
| MUXF7    |  2002 |                 CLB |
| CARRY8   |  1093 |                 CLB |
| SRL16E   |   962 |                 CLB |
| MUXF8    |   780 |                 CLB |
| SRLC32E  |   453 |                 CLB |
| FDSE     |   151 |            Register |
| RAMD64E  |    96 |                 CLB |
| FDPE     |    44 |            Register |
| RAMD32   |    36 |                 CLB |
| RAMB36E2 |    21 |            BLOCKRAM |
| LDCE     |     9 |            Register |
| SRLC16E  |     6 |                 CLB |
| RAMB18E2 |     5 |            BLOCKRAM |
| RAMS32   |     4 |                 CLB |
| PS8      |     1 |            Advanced |
| BUFG_PS  |     1 |               Clock |
| BUFGCE   |     1 |               Clock |
| BSCANE2  |     1 |       Configuration |
+----------+-------+---------------------+


10. Black Boxes
---------------

+----------+------+
| Ref Name | Used |
+----------+------+


11. Instantiated Netlists
-------------------------

+--------------------------------------+------+
|               Ref Name               | Used |
+--------------------------------------+------+
| ila_4                                |    3 |
| matrix_in_memeory                    |    1 |
| dbg_hub                              |    1 |
| SystolicCore_zynq_ultra_ps_e_0_1     |    1 |
| SystolicCore_rst_ps8_0_99M_0         |    1 |
| SystolicCore_onlyFPGA_0_0            |    1 |
| SystolicCore_axi_timer_0_0           |    1 |
| SystolicCore_axi_smc_0               |    1 |
| SystolicCore_axi_fifo_mm_s_1_0       |    1 |
| SystolicCore_axi_fifo_mm_s_0_0       |    1 |
| SystolicCore_AXI_Stream_Systolic_1_0 |    1 |
| SystolicCore_AXI_Stream_Systolic_0_0 |    1 |
+--------------------------------------+------+


