Copyright 1986-2022 Xilinx, Inc. All Rights Reserved. Copyright 2022-2025 Advanced Micro Devices, Inc. All Rights Reserved.
-----------------------------------------------------------------------------------------------------------------------------------------------------------------------------
| Tool Version : Vivado v.2025.1 (lin64) Build 6140274 Wed May 21 22:58:25 MDT 2025
| Date         : Tue Nov 11 18:02:14 2025
| Host         : VT0144 running 64-bit Rocky Linux release 8.10 (Green Obsidian)
| Command      : report_methodology -file Arty7_top_sim_methodology_drc_routed.rpt -pb Arty7_top_sim_methodology_drc_routed.pb -rpx Arty7_top_sim_methodology_drc_routed.rpx
| Design       : Arty7_top_sim
| Device       : xc7a100tcsg324-3
| Speed File   : -3
| Design State : Fully Routed
-----------------------------------------------------------------------------------------------------------------------------------------------------------------------------

Report Methodology

Table of Contents
-----------------
1. REPORT SUMMARY
2. REPORT DETAILS

1. REPORT SUMMARY
-----------------
            Netlist: netlist
          Floorplan: design_1
      Design limits: <entire design considered>
             Max checks: <unlimited>
             Checks found: 93
+-----------+------------------+---------------------------------------------+--------+
| Rule      | Severity         | Description                                 | Checks |
+-----------+------------------+---------------------------------------------+--------+
| TIMING-14 | Critical Warning | LUT on the clock tree                       | 2      |
| TIMING-17 | Critical Warning | Non-clocked sequential cell                 | 63     |
| LUTAR-1   | Warning          | LUT drives async reset alert                | 4      |
| TIMING-18 | Warning          | Missing input or output delay               | 5      |
| TIMING-20 | Warning          | Non-clocked latch                           | 16     |
| XDCB-5    | Warning          | Runtime inefficient way to find pin objects | 2      |
| LATCH-1   | Advisory         | Existing latches in the design              | 1      |
+-----------+------------------+---------------------------------------------+--------+

2. REPORT DETAILS
-----------------
TIMING-14#1 Critical Warning
LUT on the clock tree  
The LUT SystolicCore0/serial2mem_opA_i_1 has been found on the clock tree. Run opt_design to optimize the clock trees, then re-run report_methodology. If LUT(s) are still present in the clock trees, modify the RTL or the synthesis options accordingly to move the clock gating logic to dedicated clock enable resources. Keep in mind that post-opt_design database cannot be used for pin-planning tasks
Related violations: <none>

TIMING-14#2 Critical Warning
LUT on the clock tree  
The LUT SystolicCore0/serial2mem_opB_i_1 has been found on the clock tree. Run opt_design to optimize the clock trees, then re-run report_methodology. If LUT(s) are still present in the clock trees, modify the RTL or the synthesis options accordingly to move the clock gating logic to dedicated clock enable resources. Keep in mind that post-opt_design database cannot be used for pin-planning tasks
Related violations: <none>

TIMING-17#1 Critical Warning
Non-clocked sequential cell  
The clock pin SystolicCore0/clock_hate_pc/out_clock_ref_reg/C is not reached by a timing clock
Related violations: <none>

TIMING-17#2 Critical Warning
Non-clocked sequential cell  
The clock pin SystolicCore0/mem2serial_transfer_pc/i_counter_reg[0]/C is not reached by a timing clock
Related violations: <none>

TIMING-17#3 Critical Warning
Non-clocked sequential cell  
The clock pin SystolicCore0/mem2serial_transfer_pc/i_counter_reg[1]/C is not reached by a timing clock
Related violations: <none>

TIMING-17#4 Critical Warning
Non-clocked sequential cell  
The clock pin SystolicCore0/mem2serial_transfer_pc/j_counter_reg[0]/C is not reached by a timing clock
Related violations: <none>

TIMING-17#5 Critical Warning
Non-clocked sequential cell  
The clock pin SystolicCore0/mem2serial_transfer_pc/j_counter_reg[1]/C is not reached by a timing clock
Related violations: <none>

TIMING-17#6 Critical Warning
Non-clocked sequential cell  
The clock pin SystolicCore0/mem2serial_transfer_pc/mem2seriala_fsm_reg[0]/C is not reached by a timing clock
Related violations: <none>

TIMING-17#7 Critical Warning
Non-clocked sequential cell  
The clock pin SystolicCore0/mem2serial_transfer_pc/mem2seriala_fsm_reg[1]/C is not reached by a timing clock
Related violations: <none>

TIMING-17#8 Critical Warning
Non-clocked sequential cell  
The clock pin SystolicCore0/uart_systolic_core/uart_receiver/FSM_sequential_current_fsm_reg[0]/C is not reached by a timing clock
Related violations: <none>

TIMING-17#9 Critical Warning
Non-clocked sequential cell  
The clock pin SystolicCore0/uart_systolic_core/uart_receiver/FSM_sequential_current_fsm_reg[1]/C is not reached by a timing clock
Related violations: <none>

TIMING-17#10 Critical Warning
Non-clocked sequential cell  
The clock pin SystolicCore0/uart_systolic_core/uart_receiver/bit_start_reg/C is not reached by a timing clock
Related violations: <none>

TIMING-17#11 Critical Warning
Non-clocked sequential cell  
The clock pin SystolicCore0/uart_systolic_core/uart_receiver/boudrategenerator_inst/base_clock_counter/counter_reg[0]/C is not reached by a timing clock
Related violations: <none>

TIMING-17#12 Critical Warning
Non-clocked sequential cell  
The clock pin SystolicCore0/uart_systolic_core/uart_receiver/boudrategenerator_inst/base_clock_counter/counter_reg[1]/C is not reached by a timing clock
Related violations: <none>

TIMING-17#13 Critical Warning
Non-clocked sequential cell  
The clock pin SystolicCore0/uart_systolic_core/uart_receiver/boudrategenerator_inst/base_clock_counter/counting_done_reg/C is not reached by a timing clock
Related violations: <none>

TIMING-17#14 Critical Warning
Non-clocked sequential cell  
The clock pin SystolicCore0/uart_systolic_core/uart_receiver/boudrategenerator_inst/clock_base_ref/out_clock_ref_reg/C is not reached by a timing clock
Related violations: <none>

TIMING-17#15 Critical Warning
Non-clocked sequential cell  
The clock pin SystolicCore0/uart_systolic_core/uart_receiver/boudrategenerator_inst/clock_out_reg/C is not reached by a timing clock
Related violations: <none>

TIMING-17#16 Critical Warning
Non-clocked sequential cell  
The clock pin SystolicCore0/uart_systolic_core/uart_receiver/boudrategenerator_inst/sampling_counter/counter_reg[0]/C is not reached by a timing clock
Related violations: <none>

TIMING-17#17 Critical Warning
Non-clocked sequential cell  
The clock pin SystolicCore0/uart_systolic_core/uart_receiver/boudrategenerator_inst/sampling_counter/counter_reg[1]/C is not reached by a timing clock
Related violations: <none>

TIMING-17#18 Critical Warning
Non-clocked sequential cell  
The clock pin SystolicCore0/uart_systolic_core/uart_receiver/boudrategenerator_inst/sampling_counter/counter_reg[2]/C is not reached by a timing clock
Related violations: <none>

TIMING-17#19 Critical Warning
Non-clocked sequential cell  
The clock pin SystolicCore0/uart_systolic_core/uart_receiver/boudrategenerator_inst/sampling_counter/counter_reg[3]/C is not reached by a timing clock
Related violations: <none>

TIMING-17#20 Critical Warning
Non-clocked sequential cell  
The clock pin SystolicCore0/uart_systolic_core/uart_receiver/boudrategenerator_inst/sampling_counter/counting_done_reg/C is not reached by a timing clock
Related violations: <none>

TIMING-17#21 Critical Warning
Non-clocked sequential cell  
The clock pin SystolicCore0/uart_systolic_core/uart_receiver/data_rx_out_reg[0]/C is not reached by a timing clock
Related violations: <none>

TIMING-17#22 Critical Warning
Non-clocked sequential cell  
The clock pin SystolicCore0/uart_systolic_core/uart_receiver/data_rx_out_reg[1]/C is not reached by a timing clock
Related violations: <none>

TIMING-17#23 Critical Warning
Non-clocked sequential cell  
The clock pin SystolicCore0/uart_systolic_core/uart_receiver/data_rx_out_reg[2]/C is not reached by a timing clock
Related violations: <none>

TIMING-17#24 Critical Warning
Non-clocked sequential cell  
The clock pin SystolicCore0/uart_systolic_core/uart_receiver/data_rx_out_reg[3]/C is not reached by a timing clock
Related violations: <none>

TIMING-17#25 Critical Warning
Non-clocked sequential cell  
The clock pin SystolicCore0/uart_systolic_core/uart_receiver/data_rx_out_reg[4]/C is not reached by a timing clock
Related violations: <none>

TIMING-17#26 Critical Warning
Non-clocked sequential cell  
The clock pin SystolicCore0/uart_systolic_core/uart_receiver/data_rx_out_reg[5]/C is not reached by a timing clock
Related violations: <none>

TIMING-17#27 Critical Warning
Non-clocked sequential cell  
The clock pin SystolicCore0/uart_systolic_core/uart_receiver/data_rx_out_reg[6]/C is not reached by a timing clock
Related violations: <none>

TIMING-17#28 Critical Warning
Non-clocked sequential cell  
The clock pin SystolicCore0/uart_systolic_core/uart_receiver/data_rx_out_reg[7]/C is not reached by a timing clock
Related violations: <none>

TIMING-17#29 Critical Warning
Non-clocked sequential cell  
The clock pin SystolicCore0/uart_systolic_core/uart_receiver/ena_reg/C is not reached by a timing clock
Related violations: <none>

TIMING-17#30 Critical Warning
Non-clocked sequential cell  
The clock pin SystolicCore0/uart_systolic_core/uart_receiver/pdata_rx_out_reg[0]/C is not reached by a timing clock
Related violations: <none>

TIMING-17#31 Critical Warning
Non-clocked sequential cell  
The clock pin SystolicCore0/uart_systolic_core/uart_receiver/pdata_rx_out_reg[1]/C is not reached by a timing clock
Related violations: <none>

TIMING-17#32 Critical Warning
Non-clocked sequential cell  
The clock pin SystolicCore0/uart_systolic_core/uart_receiver/pdata_rx_out_reg[2]/C is not reached by a timing clock
Related violations: <none>

TIMING-17#33 Critical Warning
Non-clocked sequential cell  
The clock pin SystolicCore0/uart_systolic_core/uart_receiver/pdata_rx_out_reg[3]/C is not reached by a timing clock
Related violations: <none>

TIMING-17#34 Critical Warning
Non-clocked sequential cell  
The clock pin SystolicCore0/uart_systolic_core/uart_receiver/pdata_rx_out_reg[4]/C is not reached by a timing clock
Related violations: <none>

TIMING-17#35 Critical Warning
Non-clocked sequential cell  
The clock pin SystolicCore0/uart_systolic_core/uart_receiver/pdata_rx_out_reg[5]/C is not reached by a timing clock
Related violations: <none>

TIMING-17#36 Critical Warning
Non-clocked sequential cell  
The clock pin SystolicCore0/uart_systolic_core/uart_receiver/pdata_rx_out_reg[6]/C is not reached by a timing clock
Related violations: <none>

TIMING-17#37 Critical Warning
Non-clocked sequential cell  
The clock pin SystolicCore0/uart_systolic_core/uart_receiver/pdata_rx_out_reg[7]/C is not reached by a timing clock
Related violations: <none>

TIMING-17#38 Critical Warning
Non-clocked sequential cell  
The clock pin SystolicCore0/uart_systolic_core/uart_receiver/px_bit_reg[0]/C is not reached by a timing clock
Related violations: <none>

TIMING-17#39 Critical Warning
Non-clocked sequential cell  
The clock pin SystolicCore0/uart_systolic_core/uart_receiver/px_bit_reg[1]/C is not reached by a timing clock
Related violations: <none>

TIMING-17#40 Critical Warning
Non-clocked sequential cell  
The clock pin SystolicCore0/uart_systolic_core/uart_receiver/px_bit_reg[2]/C is not reached by a timing clock
Related violations: <none>

TIMING-17#41 Critical Warning
Non-clocked sequential cell  
The clock pin SystolicCore0/uart_systolic_core/uart_receiver/px_bit_reg[3]/C is not reached by a timing clock
Related violations: <none>

TIMING-17#42 Critical Warning
Non-clocked sequential cell  
The clock pin SystolicCore0/uart_systolic_core/uart_receiver/tmp_sdata_rx_in_reg/C is not reached by a timing clock
Related violations: <none>

TIMING-17#43 Critical Warning
Non-clocked sequential cell  
The clock pin SystolicCore0/uart_systolic_core/uart_transmitter/FSM_sequential_current_fsm_reg[0]/C is not reached by a timing clock
Related violations: <none>

TIMING-17#44 Critical Warning
Non-clocked sequential cell  
The clock pin SystolicCore0/uart_systolic_core/uart_transmitter/FSM_sequential_current_fsm_reg[1]/C is not reached by a timing clock
Related violations: <none>

TIMING-17#45 Critical Warning
Non-clocked sequential cell  
The clock pin SystolicCore0/uart_systolic_core/uart_transmitter/FSM_sequential_current_fsm_reg[2]/C is not reached by a timing clock
Related violations: <none>

TIMING-17#46 Critical Warning
Non-clocked sequential cell  
The clock pin SystolicCore0/uart_systolic_core/uart_transmitter/boudrategenerator_inst/base_clock_counter/counter_reg[0]/C is not reached by a timing clock
Related violations: <none>

TIMING-17#47 Critical Warning
Non-clocked sequential cell  
The clock pin SystolicCore0/uart_systolic_core/uart_transmitter/boudrategenerator_inst/base_clock_counter/counter_reg[1]/C is not reached by a timing clock
Related violations: <none>

TIMING-17#48 Critical Warning
Non-clocked sequential cell  
The clock pin SystolicCore0/uart_systolic_core/uart_transmitter/boudrategenerator_inst/base_clock_counter/counter_reg[2]/C is not reached by a timing clock
Related violations: <none>

TIMING-17#49 Critical Warning
Non-clocked sequential cell  
The clock pin SystolicCore0/uart_systolic_core/uart_transmitter/boudrategenerator_inst/base_clock_counter/counter_reg[3]/C is not reached by a timing clock
Related violations: <none>

TIMING-17#50 Critical Warning
Non-clocked sequential cell  
The clock pin SystolicCore0/uart_systolic_core/uart_transmitter/boudrategenerator_inst/base_clock_counter/counter_reg[4]/C is not reached by a timing clock
Related violations: <none>

TIMING-17#51 Critical Warning
Non-clocked sequential cell  
The clock pin SystolicCore0/uart_systolic_core/uart_transmitter/boudrategenerator_inst/base_clock_counter/counter_reg[5]/C is not reached by a timing clock
Related violations: <none>

TIMING-17#52 Critical Warning
Non-clocked sequential cell  
The clock pin SystolicCore0/uart_systolic_core/uart_transmitter/boudrategenerator_inst/base_clock_counter/counting_done_reg/C is not reached by a timing clock
Related violations: <none>

TIMING-17#53 Critical Warning
Non-clocked sequential cell  
The clock pin SystolicCore0/uart_systolic_core/uart_transmitter/boudrategenerator_inst/clock_base_ref/out_clock_ref_reg/C is not reached by a timing clock
Related violations: <none>

TIMING-17#54 Critical Warning
Non-clocked sequential cell  
The clock pin SystolicCore0/uart_systolic_core/uart_transmitter/boudrategenerator_inst/clock_out_reg/C is not reached by a timing clock
Related violations: <none>

TIMING-17#55 Critical Warning
Non-clocked sequential cell  
The clock pin SystolicCore0/uart_systolic_core/uart_transmitter/px_bit_reg[0]/C is not reached by a timing clock
Related violations: <none>

TIMING-17#56 Critical Warning
Non-clocked sequential cell  
The clock pin SystolicCore0/uart_systolic_core/uart_transmitter/px_bit_reg[1]/C is not reached by a timing clock
Related violations: <none>

TIMING-17#57 Critical Warning
Non-clocked sequential cell  
The clock pin SystolicCore0/uart_systolic_core/uart_transmitter/px_bit_reg[2]/C is not reached by a timing clock
Related violations: <none>

TIMING-17#58 Critical Warning
Non-clocked sequential cell  
The clock pin SystolicCore0/uart_systolic_core/uart_transmitter/px_bit_reg[3]/C is not reached by a timing clock
Related violations: <none>

TIMING-17#59 Critical Warning
Non-clocked sequential cell  
The clock pin SystolicCore0/uart_systolic_core/uart_transmitter/px_bit_reg[4]/C is not reached by a timing clock
Related violations: <none>

TIMING-17#60 Critical Warning
Non-clocked sequential cell  
The clock pin SystolicCore0/uart_systolic_core/uart_transmitter/px_bit_reg[5]/C is not reached by a timing clock
Related violations: <none>

TIMING-17#61 Critical Warning
Non-clocked sequential cell  
The clock pin SystolicCore0/uart_systolic_core/uart_transmitter/px_bit_reg[6]/C is not reached by a timing clock
Related violations: <none>

TIMING-17#62 Critical Warning
Non-clocked sequential cell  
The clock pin SystolicCore0/uart_systolic_core/uart_transmitter/px_bit_reg[7]/C is not reached by a timing clock
Related violations: <none>

TIMING-17#63 Critical Warning
Non-clocked sequential cell  
The clock pin SystolicCore0/uart_systolic_core/uart_transmitter/sdata_tx_out_reg/C is not reached by a timing clock
Related violations: <none>

LUTAR-1#1 Warning
LUT drives async reset alert  
LUT cell dbg_hub/inst/BSCANID.u_xsdbm_id/CORE_XSDB.UUT_MASTER/U_ICON_INTERFACE/U_CMD6_RD/U_RD_FIFO/SUBCORE_FIFO.xsdbm_v3_0_4_rdfifo_inst/inst_fifo_gen/gconvfifo.rf/grf.rf/rstblk/ngwrdrst.grst.g7serrst.gwrrd_rst_sync_stage[2].rrst_inst/ngwrdrst.grst.g7serrst.rd_rst_reg[2]_i_1, with 2 or more inputs, drives asynchronous preset/clear pin(s) dbg_hub/inst/BSCANID.u_xsdbm_id/CORE_XSDB.UUT_MASTER/U_ICON_INTERFACE/U_CMD6_RD/U_RD_FIFO/SUBCORE_FIFO.xsdbm_v3_0_4_rdfifo_inst/inst_fifo_gen/gconvfifo.rf/grf.rf/rstblk/ngwrdrst.grst.g7serrst.rd_rst_reg_reg[0]/PRE,
dbg_hub/inst/BSCANID.u_xsdbm_id/CORE_XSDB.UUT_MASTER/U_ICON_INTERFACE/U_CMD6_RD/U_RD_FIFO/SUBCORE_FIFO.xsdbm_v3_0_4_rdfifo_inst/inst_fifo_gen/gconvfifo.rf/grf.rf/rstblk/ngwrdrst.grst.g7serrst.rd_rst_reg_reg[1]/PRE
dbg_hub/inst/BSCANID.u_xsdbm_id/CORE_XSDB.UUT_MASTER/U_ICON_INTERFACE/U_CMD6_RD/U_RD_FIFO/SUBCORE_FIFO.xsdbm_v3_0_4_rdfifo_inst/inst_fifo_gen/gconvfifo.rf/grf.rf/rstblk/ngwrdrst.grst.g7serrst.rd_rst_reg_reg[2]/PRE. The LUT may glitch and trigger an unexpected reset, even if it is a properly timed path.
Related violations: <none>

LUTAR-1#2 Warning
LUT drives async reset alert  
LUT cell dbg_hub/inst/BSCANID.u_xsdbm_id/CORE_XSDB.UUT_MASTER/U_ICON_INTERFACE/U_CMD6_RD/U_RD_FIFO/SUBCORE_FIFO.xsdbm_v3_0_4_rdfifo_inst/inst_fifo_gen/gconvfifo.rf/grf.rf/rstblk/ngwrdrst.grst.g7serrst.gwrrd_rst_sync_stage[2].wrst_inst/ngwrdrst.grst.g7serrst.wr_rst_reg[2]_i_1, with 2 or more inputs, drives asynchronous preset/clear pin(s) dbg_hub/inst/BSCANID.u_xsdbm_id/CORE_XSDB.UUT_MASTER/U_ICON_INTERFACE/U_CMD6_RD/U_RD_FIFO/SUBCORE_FIFO.xsdbm_v3_0_4_rdfifo_inst/inst_fifo_gen/gconvfifo.rf/grf.rf/rstblk/ngwrdrst.grst.g7serrst.wr_rst_reg_reg[0]/PRE,
dbg_hub/inst/BSCANID.u_xsdbm_id/CORE_XSDB.UUT_MASTER/U_ICON_INTERFACE/U_CMD6_RD/U_RD_FIFO/SUBCORE_FIFO.xsdbm_v3_0_4_rdfifo_inst/inst_fifo_gen/gconvfifo.rf/grf.rf/rstblk/ngwrdrst.grst.g7serrst.wr_rst_reg_reg[1]/PRE
dbg_hub/inst/BSCANID.u_xsdbm_id/CORE_XSDB.UUT_MASTER/U_ICON_INTERFACE/U_CMD6_RD/U_RD_FIFO/SUBCORE_FIFO.xsdbm_v3_0_4_rdfifo_inst/inst_fifo_gen/gconvfifo.rf/grf.rf/rstblk/ngwrdrst.grst.g7serrst.wr_rst_reg_reg[2]/PRE. The LUT may glitch and trigger an unexpected reset, even if it is a properly timed path.
Related violations: <none>

LUTAR-1#3 Warning
LUT drives async reset alert  
LUT cell dbg_hub/inst/BSCANID.u_xsdbm_id/CORE_XSDB.UUT_MASTER/U_ICON_INTERFACE/U_CMD6_WR/U_WR_FIFO/SUBCORE_FIFO.xsdbm_v3_0_4_wrfifo_inst/inst_fifo_gen/gconvfifo.rf/grf.rf/rstblk/ngwrdrst.grst.g7serrst.gwrrd_rst_sync_stage[2].rrst_inst/ngwrdrst.grst.g7serrst.rd_rst_reg[2]_i_1, with 2 or more inputs, drives asynchronous preset/clear pin(s) dbg_hub/inst/BSCANID.u_xsdbm_id/CORE_XSDB.UUT_MASTER/U_ICON_INTERFACE/U_CMD6_WR/U_WR_FIFO/SUBCORE_FIFO.xsdbm_v3_0_4_wrfifo_inst/inst_fifo_gen/gconvfifo.rf/grf.rf/rstblk/ngwrdrst.grst.g7serrst.rd_rst_reg_reg[0]/PRE,
dbg_hub/inst/BSCANID.u_xsdbm_id/CORE_XSDB.UUT_MASTER/U_ICON_INTERFACE/U_CMD6_WR/U_WR_FIFO/SUBCORE_FIFO.xsdbm_v3_0_4_wrfifo_inst/inst_fifo_gen/gconvfifo.rf/grf.rf/rstblk/ngwrdrst.grst.g7serrst.rd_rst_reg_reg[1]/PRE
dbg_hub/inst/BSCANID.u_xsdbm_id/CORE_XSDB.UUT_MASTER/U_ICON_INTERFACE/U_CMD6_WR/U_WR_FIFO/SUBCORE_FIFO.xsdbm_v3_0_4_wrfifo_inst/inst_fifo_gen/gconvfifo.rf/grf.rf/rstblk/ngwrdrst.grst.g7serrst.rd_rst_reg_reg[2]/PRE. The LUT may glitch and trigger an unexpected reset, even if it is a properly timed path.
Related violations: <none>

LUTAR-1#4 Warning
LUT drives async reset alert  
LUT cell dbg_hub/inst/BSCANID.u_xsdbm_id/CORE_XSDB.UUT_MASTER/U_ICON_INTERFACE/U_CMD6_WR/U_WR_FIFO/SUBCORE_FIFO.xsdbm_v3_0_4_wrfifo_inst/inst_fifo_gen/gconvfifo.rf/grf.rf/rstblk/ngwrdrst.grst.g7serrst.gwrrd_rst_sync_stage[2].wrst_inst/ngwrdrst.grst.g7serrst.wr_rst_reg[2]_i_1, with 2 or more inputs, drives asynchronous preset/clear pin(s) dbg_hub/inst/BSCANID.u_xsdbm_id/CORE_XSDB.UUT_MASTER/U_ICON_INTERFACE/U_CMD6_WR/U_WR_FIFO/SUBCORE_FIFO.xsdbm_v3_0_4_wrfifo_inst/inst_fifo_gen/gconvfifo.rf/grf.rf/rstblk/ngwrdrst.grst.g7serrst.wr_rst_reg_reg[0]/PRE,
dbg_hub/inst/BSCANID.u_xsdbm_id/CORE_XSDB.UUT_MASTER/U_ICON_INTERFACE/U_CMD6_WR/U_WR_FIFO/SUBCORE_FIFO.xsdbm_v3_0_4_wrfifo_inst/inst_fifo_gen/gconvfifo.rf/grf.rf/rstblk/ngwrdrst.grst.g7serrst.wr_rst_reg_reg[1]/PRE
dbg_hub/inst/BSCANID.u_xsdbm_id/CORE_XSDB.UUT_MASTER/U_ICON_INTERFACE/U_CMD6_WR/U_WR_FIFO/SUBCORE_FIFO.xsdbm_v3_0_4_wrfifo_inst/inst_fifo_gen/gconvfifo.rf/grf.rf/rstblk/ngwrdrst.grst.g7serrst.wr_rst_reg_reg[2]/PRE. The LUT may glitch and trigger an unexpected reset, even if it is a properly timed path.
Related violations: <none>

TIMING-18#1 Warning
Missing input or output delay  
An input delay is missing on btn[0] relative to the rising and/or falling clock edge(s) of sys_clk_pin.
Related violations: <none>

TIMING-18#2 Warning
Missing input or output delay  
An input delay is missing on btn[1] relative to the rising and/or falling clock edge(s) of sys_clk_pin.
Related violations: <none>

TIMING-18#3 Warning
Missing input or output delay  
An input delay is missing on btn[2] relative to the rising and/or falling clock edge(s) of sys_clk_pin.
Related violations: <none>

TIMING-18#4 Warning
Missing input or output delay  
An input delay is missing on btn[3] relative to the rising and/or falling clock edge(s) of sys_clk_pin.
Related violations: <none>

TIMING-18#5 Warning
Missing input or output delay  
An input delay is missing on uart_txd_in relative to the rising and/or falling clock edge(s) of sys_clk_pin.
Related violations: <none>

TIMING-20#1 Warning
Non-clocked latch  
The latch SystolicCore0/mem2serial_transfer_pc/next_i_counter_reg[0] cannot be properly analyzed as its control pin SystolicCore0/mem2serial_transfer_pc/next_i_counter_reg[0]/G is not reached by a timing clock
Related violations: <none>

TIMING-20#2 Warning
Non-clocked latch  
The latch SystolicCore0/mem2serial_transfer_pc/next_i_counter_reg[1] cannot be properly analyzed as its control pin SystolicCore0/mem2serial_transfer_pc/next_i_counter_reg[1]/G is not reached by a timing clock
Related violations: <none>

TIMING-20#3 Warning
Non-clocked latch  
The latch SystolicCore0/mem2serial_transfer_pc/next_j_counter_reg[0] cannot be properly analyzed as its control pin SystolicCore0/mem2serial_transfer_pc/next_j_counter_reg[0]/G is not reached by a timing clock
Related violations: <none>

TIMING-20#4 Warning
Non-clocked latch  
The latch SystolicCore0/mem2serial_transfer_pc/next_j_counter_reg[1] cannot be properly analyzed as its control pin SystolicCore0/mem2serial_transfer_pc/next_j_counter_reg[1]/G is not reached by a timing clock
Related violations: <none>

TIMING-20#5 Warning
Non-clocked latch  
The latch SystolicCore0/mem2serial_transfer_pc/next_mem2seriala_fsm_reg[0] cannot be properly analyzed as its control pin SystolicCore0/mem2serial_transfer_pc/next_mem2seriala_fsm_reg[0]/G is not reached by a timing clock
Related violations: <none>

TIMING-20#6 Warning
Non-clocked latch  
The latch SystolicCore0/mem2serial_transfer_pc/next_mem2seriala_fsm_reg[1] cannot be properly analyzed as its control pin SystolicCore0/mem2serial_transfer_pc/next_mem2seriala_fsm_reg[1]/G is not reached by a timing clock
Related violations: <none>

TIMING-20#7 Warning
Non-clocked latch  
The latch SystolicCore0/mem2serial_transfer_pc/rvalid_o_reg cannot be properly analyzed as its control pin SystolicCore0/mem2serial_transfer_pc/rvalid_o_reg/G is not reached by a timing clock
Related violations: <none>

TIMING-20#8 Warning
Non-clocked latch  
The latch SystolicCore0/systolicControlUnit_Global/FSM_onehot_fsm_unit_control_next_reg[0] cannot be properly analyzed as its control pin SystolicCore0/systolicControlUnit_Global/FSM_onehot_fsm_unit_control_next_reg[0]/G is not reached by a timing clock
Related violations: <none>

TIMING-20#9 Warning
Non-clocked latch  
The latch SystolicCore0/systolicControlUnit_Global/FSM_onehot_fsm_unit_control_next_reg[1] cannot be properly analyzed as its control pin SystolicCore0/systolicControlUnit_Global/FSM_onehot_fsm_unit_control_next_reg[1]/G is not reached by a timing clock
Related violations: <none>

TIMING-20#10 Warning
Non-clocked latch  
The latch SystolicCore0/systolicControlUnit_Global/FSM_onehot_fsm_unit_control_next_reg[2] cannot be properly analyzed as its control pin SystolicCore0/systolicControlUnit_Global/FSM_onehot_fsm_unit_control_next_reg[2]/G is not reached by a timing clock
Related violations: <none>

TIMING-20#11 Warning
Non-clocked latch  
The latch SystolicCore0/systolicControlUnit_Global/FSM_onehot_fsm_unit_control_next_reg[3] cannot be properly analyzed as its control pin SystolicCore0/systolicControlUnit_Global/FSM_onehot_fsm_unit_control_next_reg[3]/G is not reached by a timing clock
Related violations: <none>

TIMING-20#12 Warning
Non-clocked latch  
The latch SystolicCore0/systolicControlUnit_Global/mem2serial_valid_i_reg cannot be properly analyzed as its control pin SystolicCore0/systolicControlUnit_Global/mem2serial_valid_i_reg/G is not reached by a timing clock
Related violations: <none>

TIMING-20#13 Warning
Non-clocked latch  
The latch SystolicCore0/systolicControlUnit_Global/serial2mem_opa_rready_i_reg cannot be properly analyzed as its control pin SystolicCore0/systolicControlUnit_Global/serial2mem_opa_rready_i_reg/G is not reached by a timing clock
Related violations: <none>

TIMING-20#14 Warning
Non-clocked latch  
The latch SystolicCore0/systolicControlUnit_Global/serial2mem_opa_rw_reg cannot be properly analyzed as its control pin SystolicCore0/systolicControlUnit_Global/serial2mem_opa_rw_reg/G is not reached by a timing clock
Related violations: <none>

TIMING-20#15 Warning
Non-clocked latch  
The latch SystolicCore0/systolicControlUnit_Global/serial2mem_opa_valid_i_reg cannot be properly analyzed as its control pin SystolicCore0/systolicControlUnit_Global/serial2mem_opa_valid_i_reg/G is not reached by a timing clock
Related violations: <none>

TIMING-20#16 Warning
Non-clocked latch  
The latch SystolicCore0/systolicControlUnit_Global/serial2mem_opb_valid_i_reg cannot be properly analyzed as its control pin SystolicCore0/systolicControlUnit_Global/serial2mem_opb_valid_i_reg/G is not reached by a timing clock
Related violations: <none>

XDCB-5#1 Warning
Runtime inefficient way to find pin objects  
The option '-from : [get_pins -hierarchical -filter {NAME =~ *ila_core_inst/u_trig/N_DDR_TC.N_DDR_TC_INST[*].U_TC/allx_typeA_match_detection.ltlib_v1_0_3_allx_typeA_inst/DUT/u_srl_drive/CLK}]' of constraint 'set_false_path' uses inefficient query to find pin objects (see constraint position '48' in the Timing Constraint window in Vivado IDE). To reduce runtime, it is recommended to get the pins through the cell objects. Please refer to Using Constraints Guide (Constraints Efficiency). An example of optimal query is: get_pins -filter {REF_PIN_NAME=~yy*} -of_objects [get_cells -hierarchical xx*].
Current XDC: /home/xmen/Desktop/SystolicCore/vivado/SystolicCore/SystolicCore.gen/sources_1/ip/ila_0_1/ila_v6_2/constraints/ila.xdc (Line: 72)
Related violations: <none>

XDCB-5#2 Warning
Runtime inefficient way to find pin objects  
The option '-to : [get_pins -hierarchical -filter {NAME =~ *ila_core_inst/u_trig/N_DDR_TC.N_DDR_TC_INST[*].U_TC/yes_output_reg.dout_reg_reg/D}]' of constraint 'set_false_path' uses inefficient query to find pin objects (see constraint position '48' in the Timing Constraint window in Vivado IDE). To reduce runtime, it is recommended to get the pins through the cell objects. Please refer to Using Constraints Guide (Constraints Efficiency). An example of optimal query is: get_pins -filter {REF_PIN_NAME=~yy*} -of_objects [get_cells -hierarchical xx*].
Current XDC: /home/xmen/Desktop/SystolicCore/vivado/SystolicCore/SystolicCore.gen/sources_1/ip/ila_0_1/ila_v6_2/constraints/ila.xdc (Line: 72)
Related violations: <none>

LATCH-1#1 Advisory
Existing latches in the design  
There are 16 latches found in the design. Inferred latches are often the result of HDL coding mistakes, such as incomplete if or case statements.
Related violations: <none>


