
*** Running vivado
    with args -log Arty7_top_sim.vdi -applog -m64 -product Vivado -messageDb vivado.pb -mode batch -source Arty7_top_sim.tcl -notrace


****** Vivado v2025.1 (64-bit)
  **** SW Build 6140274 on Wed May 21 22:58:25 MDT 2025
  **** IP Build 6138677 on Thu May 22 03:10:11 MDT 2025
  **** SharedData Build 6139179 on Tue May 20 17:58:58 MDT 2025
  **** Start of session at: Tue Nov 11 18:01:04 2025
    ** Copyright 1986-2022 Xilinx, Inc. All Rights Reserved.
    ** Copyright 2022-2025 Advanced Micro Devices, Inc. All Rights Reserved.

source Arty7_top_sim.tcl -notrace
Command: link_design -top Arty7_top_sim -part xc7a100tcsg324-3
Design is defaulting to srcset: sources_1
Design is defaulting to constrset: constrs_1
INFO: [Device 21-403] Loading part xc7a100tcsg324-3
INFO: [Project 1-5699] Read binary netlist with skipMacroContent - 1
INFO: [Project 1-454] Reading design checkpoint '/home/xmen/Desktop/SystolicCore/vivado/SystolicCore/SystolicCore.gen/sources_1/ip/ila_0_1/ila_0.dcp' for cell 'SystolicCore0/ILA'
INFO: [Project 1-454] Reading design checkpoint '/home/xmen/Desktop/SystolicCore/vivado/SystolicCore/SystolicCore.gen/sources_1/ip/ram_single_port/ram_single_port.dcp' for cell 'SystolicCore0/serial2mem_opA/mem'
Netlist sorting complete. Time (s): cpu = 00:00:00.05 ; elapsed = 00:00:00.05 . Memory (MB): peak = 1977.734 ; gain = 0.000 ; free physical = 8504 ; free virtual = 37922
INFO: [Netlist 29-17] Analyzing 1653 Unisim elements for replacement
INFO: [Netlist 29-28] Unisim Transformation completed in 0 CPU seconds
INFO: [Project 1-479] Netlist was created with Vivado 2025.1
INFO: [Project 1-570] Preparing netlist for logic optimization
INFO: [Chipscope 16-324] Core: SystolicCore0/ILA UUID: eb9dbfc8-a249-53e5-92c4-564a55f4188e 
Parsing XDC File [/home/xmen/Desktop/SystolicCore/vivado/SystolicCore/SystolicCore.gen/sources_1/ip/ila_0_1/ila_v6_2/constraints/ila_impl.xdc] for cell 'SystolicCore0/ILA/inst'
WARNING: [Vivado_Tcl 4-921] Waiver ID 'CDC-10' -to list should not be empty. [/home/xmen/Desktop/SystolicCore/vivado/SystolicCore/SystolicCore.gen/sources_1/ip/ila_0_1/ila_v6_2/constraints/ila_impl.xdc:40]
Finished Parsing XDC File [/home/xmen/Desktop/SystolicCore/vivado/SystolicCore/SystolicCore.gen/sources_1/ip/ila_0_1/ila_v6_2/constraints/ila_impl.xdc] for cell 'SystolicCore0/ILA/inst'
Parsing XDC File [/home/xmen/Desktop/SystolicCore/vivado/SystolicCore/SystolicCore.gen/sources_1/ip/ila_0_1/ila_v6_2/constraints/ila.xdc] for cell 'SystolicCore0/ILA/inst'
WARNING: [Vivado_Tcl 4-921] Waiver ID 'CDC-10' -to list should not be empty. [/home/xmen/Desktop/SystolicCore/vivado/SystolicCore/SystolicCore.gen/sources_1/ip/ila_0_1/ila_v6_2/constraints/ila.xdc:130]
Finished Parsing XDC File [/home/xmen/Desktop/SystolicCore/vivado/SystolicCore/SystolicCore.gen/sources_1/ip/ila_0_1/ila_v6_2/constraints/ila.xdc] for cell 'SystolicCore0/ILA/inst'
Parsing XDC File [/home/xmen/ARTYA7/XilinxDesignConstraint/Arty-A7-100-Master.xdc]
Finished Parsing XDC File [/home/xmen/ARTYA7/XilinxDesignConstraint/Arty-A7-100-Master.xdc]
INFO: [Opt 31-138] Pushed 0 inverter(s) to 0 load pin(s).
INFO: [Project 1-1687] 2 scoped IP constraints or related sub-commands were skipped due to synthesis logic optimizations usually triggered by constant connectivity or unconnected output pins. To review the skipped constraints and messages, run the command 'set_param netlist.IPMsgFiltering false' before opening the design.
Netlist sorting complete. Time (s): cpu = 00:00:00 ; elapsed = 00:00:00 . Memory (MB): peak = 2179.340 ; gain = 0.000 ; free physical = 8392 ; free virtual = 37809
INFO: [Project 1-111] Unisim Transformation Summary:
  A total of 860 instances were transformed.
  CFGLUT5 => CFGLUT5 (SRL16E, SRLC32E): 828 instances
  RAM64M => RAM64M (RAMD64E(x4)): 32 instances

12 Infos, 2 Warnings, 0 Critical Warnings and 0 Errors encountered.
link_design completed successfully
link_design: Time (s): cpu = 00:00:05 ; elapsed = 00:00:05 . Memory (MB): peak = 2179.375 ; gain = 425.367 ; free physical = 8391 ; free virtual = 37809
Command: opt_design
Attempting to get a license for feature 'Implementation' and/or device 'xc7a100t'
INFO: [Common 17-349] Got license for feature 'Implementation' and/or device 'xc7a100t'
Running DRC as a precondition to command opt_design

Starting DRC Task
INFO: [DRC 23-27] Running DRC with 8 threads
INFO: [Project 1-461] DRC finished with 0 Errors
INFO: [Project 1-462] Please refer to the DRC report (report_drc) for more information.

Time (s): cpu = 00:00:00.63 ; elapsed = 00:00:00.22 . Memory (MB): peak = 2321.395 ; gain = 142.020 ; free physical = 8313 ; free virtual = 37730

Starting Cache Timing Information Task
INFO: [Timing 38-35] Done setting XDC timing constraints.
Ending Cache Timing Information Task | Checksum: 1eb2286a0

Time (s): cpu = 00:00:03 ; elapsed = 00:00:03 . Memory (MB): peak = 2737.348 ; gain = 415.953 ; free physical = 7908 ; free virtual = 37326

Starting Logic Optimization Task

Phase 1 Initialization

Phase 1.1 Core Generation And Design Setup

Phase 1.1.1 Generate And Synthesize Debug Cores
INFO: [Chipscope 16-329] Generating Script for core instance : dbg_hub 
INFO: [IP_Flow 19-3806] Processing IP xilinx.com:ip:xsdbm:3.0 for cell dbg_hub_CV.
INFO: [Chipscope 16-469] Using cached IP synthesis design for IP xilinx.com:ip:xsdbm:3.0, cache-ID = 4f7d9b26e9b69e70.
Done building netlist checker database: Time (s): cpu = 00:00:00.01 ; elapsed = 00:00:00 . Memory (MB): peak = 3124.816 ; gain = 0.000 ; free physical = 7518 ; free virtual = 36939
Netlist sorting complete. Time (s): cpu = 00:00:00.01 ; elapsed = 00:00:00.01 . Memory (MB): peak = 3124.816 ; gain = 0.000 ; free physical = 7507 ; free virtual = 36928
Phase 1.1.1 Generate And Synthesize Debug Cores | Checksum: 218d19a38

Time (s): cpu = 00:00:09 ; elapsed = 00:00:25 . Memory (MB): peak = 3124.816 ; gain = 23.812 ; free physical = 7507 ; free virtual = 36928
Phase 1.1 Core Generation And Design Setup | Checksum: 218d19a38

Time (s): cpu = 00:00:09 ; elapsed = 00:00:25 . Memory (MB): peak = 3124.816 ; gain = 23.812 ; free physical = 7507 ; free virtual = 36928

Phase 1.2 Setup Constraints And Sort Netlist
Phase 1.2 Setup Constraints And Sort Netlist | Checksum: 218d19a38

Time (s): cpu = 00:00:09 ; elapsed = 00:00:25 . Memory (MB): peak = 3124.816 ; gain = 23.812 ; free physical = 7507 ; free virtual = 36928
Phase 1 Initialization | Checksum: 218d19a38

Time (s): cpu = 00:00:09 ; elapsed = 00:00:25 . Memory (MB): peak = 3124.816 ; gain = 23.812 ; free physical = 7507 ; free virtual = 36928

Phase 2 Timer Update And Timing Data Collection

Phase 2.1 Timer Update
Phase 2.1 Timer Update | Checksum: 218d19a38

Time (s): cpu = 00:00:10 ; elapsed = 00:00:25 . Memory (MB): peak = 3124.816 ; gain = 23.812 ; free physical = 7507 ; free virtual = 36928

Phase 2.2 Timing Data Collection
Phase 2.2 Timing Data Collection | Checksum: 218d19a38

Time (s): cpu = 00:00:10 ; elapsed = 00:00:25 . Memory (MB): peak = 3124.816 ; gain = 23.812 ; free physical = 7505 ; free virtual = 36926
Phase 2 Timer Update And Timing Data Collection | Checksum: 218d19a38

Time (s): cpu = 00:00:10 ; elapsed = 00:00:25 . Memory (MB): peak = 3124.816 ; gain = 23.812 ; free physical = 7505 ; free virtual = 36926

Phase 3 Retarget
INFO: [Opt 31-1851] Number of loadless carry chains removed were: 0
INFO: [Opt 31-1834] Total Chains To Be Transformed Were: 0 AND Number of Transformed insts Created are: 0
INFO: [Opt 31-1566] Pulled 2 inverters resulting in an inversion of 32 pins
INFO: [Opt 31-138] Pushed 1 inverter(s) to 1 load pin(s).
INFO: [Opt 31-49] Retargeted 0 cell(s).
Phase 3 Retarget | Checksum: 25d632dc8

Time (s): cpu = 00:00:10 ; elapsed = 00:00:25 . Memory (MB): peak = 3124.816 ; gain = 23.812 ; free physical = 7505 ; free virtual = 36926
Retarget | Checksum: 25d632dc8
INFO: [Opt 31-389] Phase Retarget created 8 cells and removed 26 cells
INFO: [Opt 31-1021] In phase Retarget, 66 netlist objects are constrained preventing optimization. Please run opt_design with -debug_log to get more detail. 

Phase 4 Constant propagation
INFO: [Opt 31-138] Pushed 0 inverter(s) to 0 load pin(s).
Phase 4 Constant propagation | Checksum: 23fd2e469

Time (s): cpu = 00:00:10 ; elapsed = 00:00:26 . Memory (MB): peak = 3124.816 ; gain = 23.812 ; free physical = 7505 ; free virtual = 36926
Constant propagation | Checksum: 23fd2e469
INFO: [Opt 31-389] Phase Constant propagation created 0 cells and removed 16 cells
INFO: [Opt 31-1021] In phase Constant propagation, 47 netlist objects are constrained preventing optimization. Please run opt_design with -debug_log to get more detail. 

Phase 5 Sweep
INFO: [Constraints 18-11670] Building netlist checker database with flags, 0x8
Done building netlist checker database: Time (s): cpu = 00:00:00.01 ; elapsed = 00:00:00 . Memory (MB): peak = 3124.816 ; gain = 0.000 ; free physical = 7505 ; free virtual = 36926
INFO: [Constraints 18-11670] Building netlist checker database with flags, 0x8
Done building netlist checker database: Time (s): cpu = 00:00:00 ; elapsed = 00:00:00.01 . Memory (MB): peak = 3124.816 ; gain = 0.000 ; free physical = 7504 ; free virtual = 36924
Phase 5 Sweep | Checksum: 2275a32d4

Time (s): cpu = 00:00:10 ; elapsed = 00:00:26 . Memory (MB): peak = 3124.816 ; gain = 23.812 ; free physical = 7504 ; free virtual = 36924
Sweep | Checksum: 2275a32d4
INFO: [Opt 31-389] Phase Sweep created 0 cells and removed 40 cells
INFO: [Opt 31-1021] In phase Sweep, 2586 netlist objects are constrained preventing optimization. Please run opt_design with -debug_log to get more detail. 

Phase 6 BUFG optimization
INFO: [Opt 31-194] Inserted BUFG SystolicCore0/serial2mem_opa_clock_BUFG_inst to drive 31 load(s) on clock net SystolicCore0/serial2mem_opa_clock_BUFG
INFO: [Opt 31-194] Inserted BUFG SystolicCore0/serial2mem_opb_clock_BUFG_inst to drive 31 load(s) on clock net SystolicCore0/serial2mem_opb_clock_BUFG
INFO: [Opt 31-194] Inserted BUFG SystolicCore0/uart_systolic_core/uart_receiver/boudrategenerator_inst/clock_out_BUFG_inst to drive 31 load(s) on clock net SystolicCore0/uart_systolic_core/uart_receiver/boudrategenerator_inst/clock_out_BUFG
INFO: [Opt 31-193] Inserted 3 BUFG(s) on clock nets
Phase 6 BUFG optimization | Checksum: 25eade20c

Time (s): cpu = 00:00:10 ; elapsed = 00:00:26 . Memory (MB): peak = 3156.832 ; gain = 55.828 ; free physical = 7504 ; free virtual = 36924
BUFG optimization | Checksum: 25eade20c
INFO: [Opt 31-662] Phase BUFG optimization created 3 cells of which 3 are BUFGs and removed 0 cells.

Phase 7 Shift Register Optimization
INFO: [Opt 31-1064] SRL Remap converted 0 SRLs to 0 registers and converted 0 registers of register chains to 0 SRLs
Phase 7 Shift Register Optimization | Checksum: 25eade20c

Time (s): cpu = 00:00:10 ; elapsed = 00:00:26 . Memory (MB): peak = 3156.832 ; gain = 55.828 ; free physical = 7504 ; free virtual = 36924
Shift Register Optimization | Checksum: 25eade20c
INFO: [Opt 31-389] Phase Shift Register Optimization created 0 cells and removed 0 cells

Phase 8 Post Processing Netlist
Phase 8 Post Processing Netlist | Checksum: 25eade20c

Time (s): cpu = 00:00:10 ; elapsed = 00:00:26 . Memory (MB): peak = 3156.832 ; gain = 55.828 ; free physical = 7504 ; free virtual = 36924
Post Processing Netlist | Checksum: 25eade20c
INFO: [Opt 31-389] Phase Post Processing Netlist created 0 cells and removed 0 cells
INFO: [Opt 31-1021] In phase Post Processing Netlist, 66 netlist objects are constrained preventing optimization. Please run opt_design with -debug_log to get more detail. 

Phase 9 Finalization

Phase 9.1 Finalizing Design Cores and Updating Shapes
Phase 9.1 Finalizing Design Cores and Updating Shapes | Checksum: 2a49462cc

Time (s): cpu = 00:00:10 ; elapsed = 00:00:26 . Memory (MB): peak = 3156.832 ; gain = 55.828 ; free physical = 7504 ; free virtual = 36924

Phase 9.2 Verifying Netlist Connectivity

Starting Connectivity Check Task

Time (s): cpu = 00:00:00.01 ; elapsed = 00:00:00.01 . Memory (MB): peak = 3156.832 ; gain = 0.000 ; free physical = 7506 ; free virtual = 36927
Phase 9.2 Verifying Netlist Connectivity | Checksum: 2a49462cc

Time (s): cpu = 00:00:10 ; elapsed = 00:00:26 . Memory (MB): peak = 3156.832 ; gain = 55.828 ; free physical = 7506 ; free virtual = 36927
Phase 9 Finalization | Checksum: 2a49462cc

Time (s): cpu = 00:00:10 ; elapsed = 00:00:26 . Memory (MB): peak = 3156.832 ; gain = 55.828 ; free physical = 7506 ; free virtual = 36927
Opt_design Change Summary
=========================


-------------------------------------------------------------------------------------------------------------------------
|  Phase                        |  #Cells created  |  #Cells Removed  |  #Constrained objects preventing optimizations  |
-------------------------------------------------------------------------------------------------------------------------
|  Retarget                     |               8  |              26  |                                             66  |
|  Constant propagation         |               0  |              16  |                                             47  |
|  Sweep                        |               0  |              40  |                                           2586  |
|  BUFG optimization            |               3  |               0  |                                              0  |
|  Shift Register Optimization  |               0  |               0  |                                              0  |
|  Post Processing Netlist      |               0  |               0  |                                             66  |
-------------------------------------------------------------------------------------------------------------------------


Ending Logic Optimization Task | Checksum: 2a49462cc

Time (s): cpu = 00:00:10 ; elapsed = 00:00:26 . Memory (MB): peak = 3156.832 ; gain = 55.828 ; free physical = 7506 ; free virtual = 36927

Starting Power Optimization Task
INFO: [Pwropt 34-132] Skipping clock gating for clocks with a period < 2.00 ns.
INFO: [Timing 38-35] Done setting XDC timing constraints.
Running Vector-less Activity Propagation...

Finished Running Vector-less Activity Propagation
INFO: [Pwropt 34-9] Applying IDT optimizations ...
INFO: [Pwropt 34-10] Applying ODC optimizations ...


Starting PowerOpt Patch Enables Task
INFO: [Pwropt 34-162] WRITE_MODE attribute of 0 BRAM(s) out of a total of 119 has been updated to save power. Run report_power_opt to get a complete listing of the BRAMs updated.
INFO: [Pwropt 34-201] Structural ODC has moved 0 WE to EN ports
Number of BRAM Ports augmented: 117 newly gated: 0 Total Ports: 238
Ending PowerOpt Patch Enables Task | Checksum: 2b93cbe52

Time (s): cpu = 00:00:00.18 ; elapsed = 00:00:00.17 . Memory (MB): peak = 3521.812 ; gain = 0.000 ; free physical = 7211 ; free virtual = 36632
Ending Power Optimization Task | Checksum: 2b93cbe52

Time (s): cpu = 00:00:07 ; elapsed = 00:00:05 . Memory (MB): peak = 3521.812 ; gain = 364.980 ; free physical = 7211 ; free virtual = 36632

Starting Final Cleanup Task
Ending Final Cleanup Task | Checksum: 2b93cbe52

Time (s): cpu = 00:00:00 ; elapsed = 00:00:00 . Memory (MB): peak = 3521.812 ; gain = 0.000 ; free physical = 7211 ; free virtual = 36632

Starting Netlist Obfuscation Task
Netlist sorting complete. Time (s): cpu = 00:00:00.01 ; elapsed = 00:00:00.01 . Memory (MB): peak = 3521.812 ; gain = 0.000 ; free physical = 7211 ; free virtual = 36632
Ending Netlist Obfuscation Task | Checksum: 21744c9b1

Time (s): cpu = 00:00:00.01 ; elapsed = 00:00:00.01 . Memory (MB): peak = 3521.812 ; gain = 0.000 ; free physical = 7211 ; free virtual = 36632
INFO: [Common 17-83] Releasing license: Implementation
54 Infos, 2 Warnings, 0 Critical Warnings and 0 Errors encountered.
opt_design completed successfully
opt_design: Time (s): cpu = 00:00:22 ; elapsed = 00:00:34 . Memory (MB): peak = 3521.812 ; gain = 1342.438 ; free physical = 7211 ; free virtual = 36632
INFO: [Vivado 12-24828] Executing command : report_drc -file Arty7_top_sim_drc_opted.rpt -pb Arty7_top_sim_drc_opted.pb -rpx Arty7_top_sim_drc_opted.rpx
Command: report_drc -file Arty7_top_sim_drc_opted.rpt -pb Arty7_top_sim_drc_opted.pb -rpx Arty7_top_sim_drc_opted.rpx
INFO: [IP_Flow 19-1839] IP Catalog is up to date.
INFO: [DRC 23-27] Running DRC with 8 threads
INFO: [Vivado_Tcl 2-168] The results of DRC are in file /home/xmen/Desktop/SystolicCore/vivado/SystolicCore/SystolicCore.runs/impl_1/Arty7_top_sim_drc_opted.rpt.
report_drc completed successfully
INFO: [Timing 38-35] Done setting XDC timing constraints.
INFO: [Timing 38-480] Writing timing data to binary archive.
Wrote PlaceDB: Time (s): cpu = 00:00:00 ; elapsed = 00:00:00 . Memory (MB): peak = 3521.812 ; gain = 0.000 ; free physical = 7216 ; free virtual = 36643
Wrote PulsedLatchDB: Time (s): cpu = 00:00:00 ; elapsed = 00:00:00 . Memory (MB): peak = 3521.812 ; gain = 0.000 ; free physical = 7216 ; free virtual = 36643
Writing XDEF routing.
Writing XDEF routing logical nets.
Write ShapeDB Complete: Time (s): cpu = 00:00:00.05 ; elapsed = 00:00:00.01 . Memory (MB): peak = 3521.812 ; gain = 0.000 ; free physical = 7214 ; free virtual = 36641
Writing XDEF routing special nets.
Wrote RouteStorage: Time (s): cpu = 00:00:00.06 ; elapsed = 00:00:00.01 . Memory (MB): peak = 3521.812 ; gain = 0.000 ; free physical = 7213 ; free virtual = 36641
Wrote Netlist Cache: Time (s): cpu = 00:00:00 ; elapsed = 00:00:00 . Memory (MB): peak = 3521.812 ; gain = 0.000 ; free physical = 7213 ; free virtual = 36641
Wrote Device Cache: Time (s): cpu = 00:00:00.01 ; elapsed = 00:00:00 . Memory (MB): peak = 3521.812 ; gain = 0.000 ; free physical = 7213 ; free virtual = 36640
Write Physdb Complete: Time (s): cpu = 00:00:00.07 ; elapsed = 00:00:00.01 . Memory (MB): peak = 3521.812 ; gain = 0.000 ; free physical = 7212 ; free virtual = 36639
INFO: [Common 17-1381] The checkpoint '/home/xmen/Desktop/SystolicCore/vivado/SystolicCore/SystolicCore.runs/impl_1/Arty7_top_sim_opt.dcp' has been generated.
INFO: [Chipscope 16-240] Debug cores have already been implemented
Command: place_design
Attempting to get a license for feature 'Implementation' and/or device 'xc7a100t'
INFO: [Common 17-349] Got license for feature 'Implementation' and/or device 'xc7a100t'
INFO: [Common 17-83] Releasing license: Implementation
INFO: [DRC 23-27] Running DRC with 8 threads
INFO: [Vivado_Tcl 4-198] DRC finished with 0 Errors
INFO: [Vivado_Tcl 4-199] Please refer to the DRC report (report_drc) for more information.
Running DRC as a precondition to command place_design
INFO: [DRC 23-27] Running DRC with 8 threads
INFO: [Vivado_Tcl 4-198] DRC finished with 0 Errors, 21 Warnings
INFO: [Vivado_Tcl 4-199] Please refer to the DRC report (report_drc) for more information.
INFO: [Place 30-611] Multithreading enabled for place_design using a maximum of 8 CPUs

Starting Placer Task

Phase 1 Placer Initialization

Phase 1.1 Placer Initialization Netlist Sorting
Netlist sorting complete. Time (s): cpu = 00:00:00 ; elapsed = 00:00:00 . Memory (MB): peak = 3521.812 ; gain = 0.000 ; free physical = 7201 ; free virtual = 36625
Phase 1.1 Placer Initialization Netlist Sorting | Checksum: 1bac0fefe

Time (s): cpu = 00:00:00 ; elapsed = 00:00:00 . Memory (MB): peak = 3521.812 ; gain = 0.000 ; free physical = 7201 ; free virtual = 36625
Netlist sorting complete. Time (s): cpu = 00:00:00.01 ; elapsed = 00:00:00.01 . Memory (MB): peak = 3521.812 ; gain = 0.000 ; free physical = 7201 ; free virtual = 36625

Phase 1.2 IO Placement/ Clock Placement/ Build Placer Device
WARNING: [Place 30-87] Partially locked IO Bus is found. Following components of the IO Bus btn are not locked:  'btn[3]'  'btn[2]'  'btn[1]' 
Phase 1.2 IO Placement/ Clock Placement/ Build Placer Device | Checksum: 17752ce16

Time (s): cpu = 00:00:00.74 ; elapsed = 00:00:00.28 . Memory (MB): peak = 3521.812 ; gain = 0.000 ; free physical = 7199 ; free virtual = 36623

Phase 1.3 Build Placer Netlist Model
Phase 1.3 Build Placer Netlist Model | Checksum: 190bc93c9

Time (s): cpu = 00:00:03 ; elapsed = 00:00:01 . Memory (MB): peak = 3521.812 ; gain = 0.000 ; free physical = 7193 ; free virtual = 36617

Phase 1.4 Constrain Clocks/Macros
Phase 1.4 Constrain Clocks/Macros | Checksum: 190bc93c9

Time (s): cpu = 00:00:03 ; elapsed = 00:00:01 . Memory (MB): peak = 3521.812 ; gain = 0.000 ; free physical = 7193 ; free virtual = 36617
Phase 1 Placer Initialization | Checksum: 190bc93c9

Time (s): cpu = 00:00:03 ; elapsed = 00:00:01 . Memory (MB): peak = 3521.812 ; gain = 0.000 ; free physical = 7193 ; free virtual = 36617

Phase 2 Global Placement

Phase 2.1 Floorplanning
Phase 2.1 Floorplanning | Checksum: 2677884bc

Time (s): cpu = 00:00:04 ; elapsed = 00:00:01 . Memory (MB): peak = 3521.812 ; gain = 0.000 ; free physical = 7170 ; free virtual = 36595

Phase 2.2 Update Timing before SLR Path Opt
Phase 2.2 Update Timing before SLR Path Opt | Checksum: 23d07aeed

Time (s): cpu = 00:00:04 ; elapsed = 00:00:02 . Memory (MB): peak = 3521.812 ; gain = 0.000 ; free physical = 7190 ; free virtual = 36614

Phase 2.3 Post-Processing in Floorplanning
Phase 2.3 Post-Processing in Floorplanning | Checksum: 23d07aeed

Time (s): cpu = 00:00:04 ; elapsed = 00:00:02 . Memory (MB): peak = 3521.812 ; gain = 0.000 ; free physical = 7190 ; free virtual = 36614

Phase 2.4 Global Place Phase1
Phase 2.4 Global Place Phase1 | Checksum: 300f013cc

Time (s): cpu = 00:00:12 ; elapsed = 00:00:04 . Memory (MB): peak = 3521.812 ; gain = 0.000 ; free physical = 7187 ; free virtual = 36611

Phase 2.5 Global Place Phase2

Phase 2.5.1 UpdateTiming Before Physical Synthesis
Phase 2.5.1 UpdateTiming Before Physical Synthesis | Checksum: 299a55341

Time (s): cpu = 00:00:13 ; elapsed = 00:00:04 . Memory (MB): peak = 3521.812 ; gain = 0.000 ; free physical = 7188 ; free virtual = 36612

Phase 2.5.2 Physical Synthesis In Placer
INFO: [Physopt 32-1035] Found 0 LUTNM shape to break, 442 LUT instances to create LUTNM shape
INFO: [Physopt 32-1044] Break lutnm for timing: one critical 0, two critical 0, total 0, new lutff created 0
INFO: [Physopt 32-1138] End 1 Pass. Optimized 208 nets or LUTs. Breaked 0 LUT, combined 208 existing LUTs and moved 0 existing LUT
INFO: [Physopt 32-65] No nets found for high-fanout optimization.
INFO: [Physopt 32-232] Optimized 0 net. Created 0 new instance.
INFO: [Physopt 32-775] End 1 Pass. Optimized 0 net or cell. Created 0 new cell, deleted 0 existing cell and moved 0 existing cell
INFO: [Physopt 32-670] No setup violation found.  DSP Register Optimization was not performed.
INFO: [Physopt 32-670] No setup violation found.  Shift Register to Pipeline Optimization was not performed.
INFO: [Physopt 32-670] No setup violation found.  Shift Register Optimization was not performed.
INFO: [Physopt 32-670] No setup violation found.  BRAM Register Optimization was not performed.
INFO: [Physopt 32-670] No setup violation found.  URAM Register Optimization was not performed.
INFO: [Physopt 32-949] No candidate nets found for dynamic/static region interface net replication
INFO: [Physopt 32-775] End 1 Pass. Optimized 0 net or cell. Created 0 new cell, deleted 0 existing cell and moved 0 existing cell
Netlist sorting complete. Time (s): cpu = 00:00:00 ; elapsed = 00:00:00 . Memory (MB): peak = 3521.812 ; gain = 0.000 ; free physical = 7187 ; free virtual = 36611

Summary of Physical Synthesis Optimizations
============================================


-----------------------------------------------------------------------------------------------------------------------------------------------------------
|  Optimization                                     |  Added Cells  |  Removed Cells  |  Optimized Cells/Nets  |  Dont Touch  |  Iterations  |  Elapsed   |
-----------------------------------------------------------------------------------------------------------------------------------------------------------
|  LUT Combining                                    |            0  |            208  |                   208  |           0  |           1  |  00:00:00  |
|  Retime                                           |            0  |              0  |                     0  |           0  |           1  |  00:00:00  |
|  Very High Fanout                                 |            0  |              0  |                     0  |           0  |           1  |  00:00:00  |
|  DSP Register                                     |            0  |              0  |                     0  |           0  |           0  |  00:00:00  |
|  Shift Register to Pipeline                       |            0  |              0  |                     0  |           0  |           0  |  00:00:00  |
|  Shift Register                                   |            0  |              0  |                     0  |           0  |           0  |  00:00:00  |
|  BRAM Register                                    |            0  |              0  |                     0  |           0  |           0  |  00:00:00  |
|  URAM Register                                    |            0  |              0  |                     0  |           0  |           0  |  00:00:00  |
|  Dynamic/Static Region Interface Net Replication  |            0  |              0  |                     0  |           0  |           1  |  00:00:00  |
|  Total                                            |            0  |            208  |                   208  |           0  |           4  |  00:00:00  |
-----------------------------------------------------------------------------------------------------------------------------------------------------------


Phase 2.5.2 Physical Synthesis In Placer | Checksum: 1d0724cdb

Time (s): cpu = 00:00:14 ; elapsed = 00:00:05 . Memory (MB): peak = 3521.812 ; gain = 0.000 ; free physical = 7187 ; free virtual = 36611
Phase 2.5 Global Place Phase2 | Checksum: 1f1746889

Time (s): cpu = 00:00:15 ; elapsed = 00:00:05 . Memory (MB): peak = 3521.812 ; gain = 0.000 ; free physical = 7188 ; free virtual = 36612
Phase 2 Global Placement | Checksum: 1f1746889

Time (s): cpu = 00:00:15 ; elapsed = 00:00:05 . Memory (MB): peak = 3521.812 ; gain = 0.000 ; free physical = 7188 ; free virtual = 36612

Phase 3 Detail Placement

Phase 3.1 Commit Multi Column Macros
Phase 3.1 Commit Multi Column Macros | Checksum: 1cbf6ece2

Time (s): cpu = 00:00:15 ; elapsed = 00:00:05 . Memory (MB): peak = 3521.812 ; gain = 0.000 ; free physical = 7188 ; free virtual = 36612

Phase 3.2 Commit Most Macros & LUTRAMs
Phase 3.2 Commit Most Macros & LUTRAMs | Checksum: 1fe67738d

Time (s): cpu = 00:00:16 ; elapsed = 00:00:06 . Memory (MB): peak = 3521.812 ; gain = 0.000 ; free physical = 7187 ; free virtual = 36611

Phase 3.3 Area Swap Optimization
Phase 3.3 Area Swap Optimization | Checksum: 1ddc07212

Time (s): cpu = 00:00:17 ; elapsed = 00:00:06 . Memory (MB): peak = 3521.812 ; gain = 0.000 ; free physical = 7187 ; free virtual = 36612

Phase 3.4 Pipeline Register Optimization
Phase 3.4 Pipeline Register Optimization | Checksum: 201126204

Time (s): cpu = 00:00:17 ; elapsed = 00:00:06 . Memory (MB): peak = 3521.812 ; gain = 0.000 ; free physical = 7187 ; free virtual = 36612

Phase 3.5 Small Shape Detail Placement
Phase 3.5 Small Shape Detail Placement | Checksum: 22323fe76

Time (s): cpu = 00:00:18 ; elapsed = 00:00:07 . Memory (MB): peak = 3521.812 ; gain = 0.000 ; free physical = 7186 ; free virtual = 36610

Phase 3.6 Re-assign LUT pins
Phase 3.6 Re-assign LUT pins | Checksum: 2b1f43259

Time (s): cpu = 00:00:18 ; elapsed = 00:00:07 . Memory (MB): peak = 3521.812 ; gain = 0.000 ; free physical = 7186 ; free virtual = 36610

Phase 3.7 Pipeline Register Optimization
Phase 3.7 Pipeline Register Optimization | Checksum: 197cd1ca0

Time (s): cpu = 00:00:19 ; elapsed = 00:00:07 . Memory (MB): peak = 3521.812 ; gain = 0.000 ; free physical = 7186 ; free virtual = 36610
Phase 3 Detail Placement | Checksum: 197cd1ca0

Time (s): cpu = 00:00:19 ; elapsed = 00:00:07 . Memory (MB): peak = 3521.812 ; gain = 0.000 ; free physical = 7186 ; free virtual = 36610

Phase 4 Post Placement Optimization and Clean-Up

Phase 4.1 Post Commit Optimization
INFO: [Timing 38-35] Done setting XDC timing constraints.

Phase 4.1.1 Post Placement Optimization
Post Placement Optimization Initialization | Checksum: 2a2d825e4

Phase 4.1.1.1 BUFG Insertion

Starting Physical Synthesis Task

Phase 1 Physical Synthesis Initialization
INFO: [Physopt 32-721] Multithreading enabled for phys_opt_design using a maximum of 8 CPUs
INFO: [Physopt 32-619] Estimated Timing Summary | WNS=3.651 | TNS=0.000 |
Phase 1 Physical Synthesis Initialization | Checksum: 1e4dbcc98

Time (s): cpu = 00:00:00.27 ; elapsed = 00:00:00.08 . Memory (MB): peak = 3521.812 ; gain = 0.000 ; free physical = 7185 ; free virtual = 36609
INFO: [Place 46-56] BUFG insertion identified 0 candidate nets. Inserted BUFG: 0, Replicated BUFG Driver: 0, Skipped due to Placement/Routing Conflicts: 0, Skipped due to Timing Degradation: 0, Skipped due to netlist editing failed: 0.
Ending Physical Synthesis Task | Checksum: 22c935c02

Time (s): cpu = 00:00:00.34 ; elapsed = 00:00:00.11 . Memory (MB): peak = 3521.812 ; gain = 0.000 ; free physical = 7185 ; free virtual = 36609
Phase 4.1.1.1 BUFG Insertion | Checksum: 2a2d825e4

Time (s): cpu = 00:00:21 ; elapsed = 00:00:08 . Memory (MB): peak = 3521.812 ; gain = 0.000 ; free physical = 7185 ; free virtual = 36609

Phase 4.1.1.2 Post Placement Timing Optimization
INFO: [Place 30-746] Post Placement Timing Summary WNS=3.651. For the most accurate timing information please run report_timing.
Phase 4.1.1.2 Post Placement Timing Optimization | Checksum: 20f31212f

Time (s): cpu = 00:00:21 ; elapsed = 00:00:08 . Memory (MB): peak = 3521.812 ; gain = 0.000 ; free physical = 7185 ; free virtual = 36609

Time (s): cpu = 00:00:21 ; elapsed = 00:00:08 . Memory (MB): peak = 3521.812 ; gain = 0.000 ; free physical = 7185 ; free virtual = 36609
Phase 4.1 Post Commit Optimization | Checksum: 20f31212f

Time (s): cpu = 00:00:21 ; elapsed = 00:00:08 . Memory (MB): peak = 3521.812 ; gain = 0.000 ; free physical = 7185 ; free virtual = 36609

Phase 4.2 Post Placement Cleanup
Phase 4.2 Post Placement Cleanup | Checksum: 20f31212f

Time (s): cpu = 00:00:21 ; elapsed = 00:00:08 . Memory (MB): peak = 3521.812 ; gain = 0.000 ; free physical = 7185 ; free virtual = 36609

Phase 4.3 Placer Reporting

Phase 4.3.1 Print Estimated Congestion
INFO: [Place 30-612] Post-Placement Estimated Congestion 
 ____________________________________________________
|           | Global Congestion | Short Congestion  |
| Direction | Region Size       | Region Size       |
|___________|___________________|___________________|
|      North|                1x1|                1x1|
|___________|___________________|___________________|
|      South|                1x1|                1x1|
|___________|___________________|___________________|
|       East|                1x1|                1x1|
|___________|___________________|___________________|
|       West|                1x1|                1x1|
|___________|___________________|___________________|

Phase 4.3.1 Print Estimated Congestion | Checksum: 20f31212f

Time (s): cpu = 00:00:22 ; elapsed = 00:00:08 . Memory (MB): peak = 3521.812 ; gain = 0.000 ; free physical = 7185 ; free virtual = 36609
Phase 4.3 Placer Reporting | Checksum: 20f31212f

Time (s): cpu = 00:00:22 ; elapsed = 00:00:08 . Memory (MB): peak = 3521.812 ; gain = 0.000 ; free physical = 7185 ; free virtual = 36609

Phase 4.4 Final Placement Cleanup
Netlist sorting complete. Time (s): cpu = 00:00:00 ; elapsed = 00:00:00 . Memory (MB): peak = 3521.812 ; gain = 0.000 ; free physical = 7185 ; free virtual = 36609

Time (s): cpu = 00:00:22 ; elapsed = 00:00:08 . Memory (MB): peak = 3521.812 ; gain = 0.000 ; free physical = 7185 ; free virtual = 36609
Phase 4 Post Placement Optimization and Clean-Up | Checksum: 2021416a4

Time (s): cpu = 00:00:22 ; elapsed = 00:00:08 . Memory (MB): peak = 3521.812 ; gain = 0.000 ; free physical = 7185 ; free virtual = 36609
Ending Placer Task | Checksum: 1c2f286c4

Time (s): cpu = 00:00:22 ; elapsed = 00:00:08 . Memory (MB): peak = 3521.812 ; gain = 0.000 ; free physical = 7185 ; free virtual = 36609
90 Infos, 3 Warnings, 0 Critical Warnings and 0 Errors encountered.
place_design completed successfully
place_design: Time (s): cpu = 00:00:23 ; elapsed = 00:00:08 . Memory (MB): peak = 3521.812 ; gain = 0.000 ; free physical = 7185 ; free virtual = 36609
INFO: [Vivado 12-24838] Running report commands "report_control_sets, report_io, report_utilization" in parallel.
Running report generation with 3 threads.
INFO: [Vivado 12-24828] Executing command : report_control_sets -verbose -file Arty7_top_sim_control_sets_placed.rpt
report_control_sets: Time (s): cpu = 00:00:00.1 ; elapsed = 00:00:00.07 . Memory (MB): peak = 3521.812 ; gain = 0.000 ; free physical = 7176 ; free virtual = 36600
INFO: [Vivado 12-24828] Executing command : report_io -file Arty7_top_sim_io_placed.rpt
report_io: Time (s): cpu = 00:00:00.15 ; elapsed = 00:00:00.11 . Memory (MB): peak = 3521.812 ; gain = 0.000 ; free physical = 7174 ; free virtual = 36598
INFO: [Vivado 12-24828] Executing command : report_utilization -file Arty7_top_sim_utilization_placed.rpt -pb Arty7_top_sim_utilization_placed.pb
INFO: [Timing 38-480] Writing timing data to binary archive.
Write ShapeDB Complete: Time (s): cpu = 00:00:00.08 ; elapsed = 00:00:00.02 . Memory (MB): peak = 3521.812 ; gain = 0.000 ; free physical = 7182 ; free virtual = 36608
Wrote PlaceDB: Time (s): cpu = 00:00:00.74 ; elapsed = 00:00:00.25 . Memory (MB): peak = 3521.812 ; gain = 0.000 ; free physical = 7168 ; free virtual = 36609
Wrote PulsedLatchDB: Time (s): cpu = 00:00:00 ; elapsed = 00:00:00 . Memory (MB): peak = 3521.812 ; gain = 0.000 ; free physical = 7168 ; free virtual = 36609
Writing XDEF routing.
Writing XDEF routing logical nets.
Writing XDEF routing special nets.
Wrote RouteStorage: Time (s): cpu = 00:00:00.03 ; elapsed = 00:00:00.02 . Memory (MB): peak = 3521.812 ; gain = 0.000 ; free physical = 7168 ; free virtual = 36609
Wrote Netlist Cache: Time (s): cpu = 00:00:00.01 ; elapsed = 00:00:00 . Memory (MB): peak = 3521.812 ; gain = 0.000 ; free physical = 7167 ; free virtual = 36609
Wrote Device Cache: Time (s): cpu = 00:00:00 ; elapsed = 00:00:00 . Memory (MB): peak = 3521.812 ; gain = 0.000 ; free physical = 7167 ; free virtual = 36609
Write Physdb Complete: Time (s): cpu = 00:00:00.79 ; elapsed = 00:00:00.28 . Memory (MB): peak = 3521.812 ; gain = 0.000 ; free physical = 7167 ; free virtual = 36609
INFO: [Common 17-1381] The checkpoint '/home/xmen/Desktop/SystolicCore/vivado/SystolicCore/SystolicCore.runs/impl_1/Arty7_top_sim_placed.dcp' has been generated.
Command: phys_opt_design
Attempting to get a license for feature 'Implementation' and/or device 'xc7a100t'
INFO: [Common 17-349] Got license for feature 'Implementation' and/or device 'xc7a100t'

Starting Initial Update Timing Task

Time (s): cpu = 00:00:01 ; elapsed = 00:00:00.4 . Memory (MB): peak = 3521.812 ; gain = 0.000 ; free physical = 7167 ; free virtual = 36596
INFO: [Vivado_Tcl 4-2279] Estimated Timing Summary | WNS= 3.651 | TNS= 0.000 | 
INFO: [Vivado_Tcl 4-383] Design worst setup slack (WNS) is greater than or equal to 0.000 ns. All physical synthesis setup optimizations will be skipped.
INFO: [Vivado_Tcl 4-232] No setup violation found. The netlist was not modified.
INFO: [Common 17-83] Releasing license: Implementation
101 Infos, 3 Warnings, 0 Critical Warnings and 0 Errors encountered.
phys_opt_design completed successfully
INFO: [Timing 38-480] Writing timing data to binary archive.
Write ShapeDB Complete: Time (s): cpu = 00:00:00.07 ; elapsed = 00:00:00.01 . Memory (MB): peak = 3521.812 ; gain = 0.000 ; free physical = 7165 ; free virtual = 36596
Wrote PlaceDB: Time (s): cpu = 00:00:00.76 ; elapsed = 00:00:00.25 . Memory (MB): peak = 3521.812 ; gain = 0.000 ; free physical = 7151 ; free virtual = 36596
Wrote PulsedLatchDB: Time (s): cpu = 00:00:00 ; elapsed = 00:00:00 . Memory (MB): peak = 3521.812 ; gain = 0.000 ; free physical = 7151 ; free virtual = 36596
Writing XDEF routing.
Writing XDEF routing logical nets.
Writing XDEF routing special nets.
Wrote RouteStorage: Time (s): cpu = 00:00:00.02 ; elapsed = 00:00:00.01 . Memory (MB): peak = 3521.812 ; gain = 0.000 ; free physical = 7151 ; free virtual = 36596
Wrote Netlist Cache: Time (s): cpu = 00:00:00.01 ; elapsed = 00:00:00.01 . Memory (MB): peak = 3521.812 ; gain = 0.000 ; free physical = 7150 ; free virtual = 36596
Wrote Device Cache: Time (s): cpu = 00:00:00 ; elapsed = 00:00:00 . Memory (MB): peak = 3521.812 ; gain = 0.000 ; free physical = 7150 ; free virtual = 36596
Write Physdb Complete: Time (s): cpu = 00:00:00.8 ; elapsed = 00:00:00.27 . Memory (MB): peak = 3521.812 ; gain = 0.000 ; free physical = 7150 ; free virtual = 36596
INFO: [Common 17-1381] The checkpoint '/home/xmen/Desktop/SystolicCore/vivado/SystolicCore/SystolicCore.runs/impl_1/Arty7_top_sim_physopt.dcp' has been generated.
Command: route_design
Attempting to get a license for feature 'Implementation' and/or device 'xc7a100t'
INFO: [Common 17-349] Got license for feature 'Implementation' and/or device 'xc7a100t'


Starting Routing Task
INFO: [Route 35-254] Multithreading enabled for route_design using a maximum of 8 CPUs

Phase 1 Build RT Design
Checksum: PlaceDB: 68adc469 ConstDB: 0 ShapeSum: a87262c5 RouteDB: b1d25f96
Post Restoration Checksum: NetGraph: 36a1fe6a | NumContArr: ec85603 | Constraints: c2a8fa9d | Timing: c2a8fa9d
Phase 1 Build RT Design | Checksum: 1cabc49a7

Time (s): cpu = 00:00:12 ; elapsed = 00:00:10 . Memory (MB): peak = 3521.812 ; gain = 0.000 ; free physical = 7168 ; free virtual = 36599

Phase 2 Router Initialization

Phase 2.1 Fix Topology Constraints
Phase 2.1 Fix Topology Constraints | Checksum: 1cabc49a7

Time (s): cpu = 00:00:12 ; elapsed = 00:00:10 . Memory (MB): peak = 3521.812 ; gain = 0.000 ; free physical = 7168 ; free virtual = 36599

Phase 2.2 Pre Route Cleanup
Phase 2.2 Pre Route Cleanup | Checksum: 1cabc49a7

Time (s): cpu = 00:00:12 ; elapsed = 00:00:10 . Memory (MB): peak = 3521.812 ; gain = 0.000 ; free physical = 7168 ; free virtual = 36599
 Number of Nodes with overlaps = 0

Phase 2.3 Update Timing
Phase 2.3 Update Timing | Checksum: 2e9ed4c90

Time (s): cpu = 00:00:15 ; elapsed = 00:00:11 . Memory (MB): peak = 3521.812 ; gain = 0.000 ; free physical = 7165 ; free virtual = 36598
INFO: [Route 35-416] Intermediate Timing Summary | WNS=3.651  | TNS=0.000  | WHS=-0.540 | THS=-694.537|


Phase 2.4 Update Timing for Bus Skew

Phase 2.4.1 Update Timing
Phase 2.4.1 Update Timing | Checksum: 28b0e4922

Time (s): cpu = 00:00:17 ; elapsed = 00:00:11 . Memory (MB): peak = 3521.812 ; gain = 0.000 ; free physical = 7164 ; free virtual = 36597
INFO: [Route 35-416] Intermediate Timing Summary | WNS=3.651  | TNS=0.000  | WHS=-0.540 | THS=-1.292 |

Phase 2.4 Update Timing for Bus Skew | Checksum: 2b507e3cf

Time (s): cpu = 00:00:17 ; elapsed = 00:00:11 . Memory (MB): peak = 3521.812 ; gain = 0.000 ; free physical = 7164 ; free virtual = 36597

Phase 2.5 Soft Constraint Pins - Fast Budgeting
Phase 2.5 Soft Constraint Pins - Fast Budgeting | Checksum: 2b507e3cf

Time (s): cpu = 00:00:17 ; elapsed = 00:00:11 . Memory (MB): peak = 3521.812 ; gain = 0.000 ; free physical = 7155 ; free virtual = 36588

Router Utilization Summary
  Global Vertical Routing Utilization    = 0.00256779 %
  Global Horizontal Routing Utilization  = 0.00262859 %
  Routable Net Status*
  *Does not include unroutable nets such as driverless and loadless.
  Run report_route_status for detailed report.
  Number of Failed Nets               = 12679
    (Failed Nets is the sum of unrouted and partially routed nets)
  Number of Unrouted Nets             = 12669
  Number of Partially Routed Nets     = 10
  Number of Node Overlaps             = 4

Phase 2 Router Initialization | Checksum: 2023d4657

Time (s): cpu = 00:00:17 ; elapsed = 00:00:12 . Memory (MB): peak = 3521.812 ; gain = 0.000 ; free physical = 7149 ; free virtual = 36582

Phase 3 Global Routing
Phase 3 Global Routing | Checksum: 2023d4657

Time (s): cpu = 00:00:17 ; elapsed = 00:00:12 . Memory (MB): peak = 3521.812 ; gain = 0.000 ; free physical = 7149 ; free virtual = 36582

Phase 4 Initial Routing

Phase 4.1 Initial Net Routing Pass
Phase 4.1 Initial Net Routing Pass | Checksum: 307da61ad

Time (s): cpu = 00:00:20 ; elapsed = 00:00:12 . Memory (MB): peak = 3521.812 ; gain = 0.000 ; free physical = 7108 ; free virtual = 36541
Phase 4 Initial Routing | Checksum: 307da61ad

Time (s): cpu = 00:00:20 ; elapsed = 00:00:12 . Memory (MB): peak = 3521.812 ; gain = 0.000 ; free physical = 7108 ; free virtual = 36541

Phase 5 Rip-up And Reroute

Phase 5.1 Global Iteration 0
 Number of Nodes with overlaps = 788
 Number of Nodes with overlaps = 10
 Number of Nodes with overlaps = 4
 Number of Nodes with overlaps = 0
INFO: [Route 35-416] Intermediate Timing Summary | WNS=1.620  | TNS=0.000  | WHS=N/A    | THS=N/A    |

Phase 5.1 Global Iteration 0 | Checksum: 254fd3797

Time (s): cpu = 00:00:23 ; elapsed = 00:00:14 . Memory (MB): peak = 3521.812 ; gain = 0.000 ; free physical = 7108 ; free virtual = 36538
Phase 5 Rip-up And Reroute | Checksum: 254fd3797

Time (s): cpu = 00:00:23 ; elapsed = 00:00:14 . Memory (MB): peak = 3521.812 ; gain = 0.000 ; free physical = 7108 ; free virtual = 36538

Phase 6 Delay and Skew Optimization

Phase 6.1 Delay CleanUp
Phase 6.1 Delay CleanUp | Checksum: 254fd3797

Time (s): cpu = 00:00:23 ; elapsed = 00:00:14 . Memory (MB): peak = 3521.812 ; gain = 0.000 ; free physical = 7108 ; free virtual = 36538

Phase 6.2 Clock Skew Optimization
Phase 6.2 Clock Skew Optimization | Checksum: 254fd3797

Time (s): cpu = 00:00:23 ; elapsed = 00:00:14 . Memory (MB): peak = 3521.812 ; gain = 0.000 ; free physical = 7108 ; free virtual = 36538
Phase 6 Delay and Skew Optimization | Checksum: 254fd3797

Time (s): cpu = 00:00:23 ; elapsed = 00:00:14 . Memory (MB): peak = 3521.812 ; gain = 0.000 ; free physical = 7108 ; free virtual = 36538

Phase 7 Post Hold Fix

Phase 7.1 Hold Fix Iter
INFO: [Route 35-416] Intermediate Timing Summary | WNS=1.620  | TNS=0.000  | WHS=-0.540 | THS=-0.540 |


Phase 7.1.1 Lut RouteThru Assignment for hold
Phase 7.1.1 Lut RouteThru Assignment for hold | Checksum: 246c6a108

Time (s): cpu = 00:00:24 ; elapsed = 00:00:14 . Memory (MB): peak = 3521.812 ; gain = 0.000 ; free physical = 7108 ; free virtual = 36538
Phase 7.1 Hold Fix Iter | Checksum: 246c6a108

Time (s): cpu = 00:00:24 ; elapsed = 00:00:14 . Memory (MB): peak = 3521.812 ; gain = 0.000 ; free physical = 7108 ; free virtual = 36538

Phase 7.2 Additional Hold Fix
INFO: [Route 35-416] Intermediate Timing Summary | WNS=1.620  | TNS=0.000  | WHS=-0.540 | THS=-0.540 |

Phase 7.2 Additional Hold Fix | Checksum: 251d43efb

Time (s): cpu = 00:00:25 ; elapsed = 00:00:14 . Memory (MB): peak = 3521.812 ; gain = 0.000 ; free physical = 7107 ; free virtual = 36538

Phase 7.3 Non Free Resource Hold Fix Iter
Phase 7.3 Non Free Resource Hold Fix Iter | Checksum: 241838c79

Time (s): cpu = 00:00:25 ; elapsed = 00:00:14 . Memory (MB): peak = 3521.812 ; gain = 0.000 ; free physical = 7107 ; free virtual = 36538
Phase 7 Post Hold Fix | Checksum: 241838c79

Time (s): cpu = 00:00:25 ; elapsed = 00:00:14 . Memory (MB): peak = 3521.812 ; gain = 0.000 ; free physical = 7107 ; free virtual = 36538

Phase 8 Route finalize

Router Utilization Summary
  Global Vertical Routing Utilization    = 2.96753 %
  Global Horizontal Routing Utilization  = 2.77295 %
  Routable Net Status*
  *Does not include unroutable nets such as driverless and loadless.
  Run report_route_status for detailed report.
  Number of Failed Nets               = 0
    (Failed Nets is the sum of unrouted and partially routed nets)
  Number of Unrouted Nets             = 0
  Number of Partially Routed Nets     = 0
  Number of Node Overlaps             = 0

Phase 8 Route finalize | Checksum: 241838c79

Time (s): cpu = 00:00:25 ; elapsed = 00:00:15 . Memory (MB): peak = 3521.812 ; gain = 0.000 ; free physical = 7107 ; free virtual = 36538

Phase 9 Verifying routed nets

 Verification completed successfully
Phase 9 Verifying routed nets | Checksum: 241838c79

Time (s): cpu = 00:00:25 ; elapsed = 00:00:15 . Memory (MB): peak = 3521.812 ; gain = 0.000 ; free physical = 7105 ; free virtual = 36538

Phase 10 Depositing Routes
Phase 10 Depositing Routes | Checksum: 211a1190b

Time (s): cpu = 00:00:26 ; elapsed = 00:00:15 . Memory (MB): peak = 3521.812 ; gain = 0.000 ; free physical = 7104 ; free virtual = 36537

Phase 11 Post Process Routing
WARNING: [Route 35-419] Router was unable to fix hold violation on pin SystolicCore0/ILA/inst/PROBE_PIPE.shift_probes_reg[0][120]/D driven by global clock buffer BUFGCTRL_X0Y16.
Resolution: Run report_timing_summary to analyze the hold violations.
Phase 11 Post Process Routing | Checksum: 211a1190b

Time (s): cpu = 00:00:26 ; elapsed = 00:00:15 . Memory (MB): peak = 3521.812 ; gain = 0.000 ; free physical = 7104 ; free virtual = 36537

Phase 12 Post Router Timing

Phase 12.1 Update Timing
Phase 12.1 Update Timing | Checksum: 211a1190b

Time (s): cpu = 00:00:26 ; elapsed = 00:00:15 . Memory (MB): peak = 3521.812 ; gain = 0.000 ; free physical = 7104 ; free virtual = 36537
INFO: [Route 35-57] Estimated Timing Summary | WNS=1.620  | TNS=0.000  | WHS=-0.540 | THS=-0.540 |

WARNING: [Route 35-328] Router estimated timing not met.
Resolution: For a complete and accurate timing signoff, report_timing_summary must be run after route_design. Alternatively, route_design can be run with the -timing_summary option to enable a complete timing signoff at the end of route_design.
Phase 12 Post Router Timing | Checksum: 211a1190b

Time (s): cpu = 00:00:26 ; elapsed = 00:00:15 . Memory (MB): peak = 3521.812 ; gain = 0.000 ; free physical = 7104 ; free virtual = 36537
Total Elapsed time in route_design: 14.88 secs

Phase 13 Post-Route Event Processing
Phase 13 Post-Route Event Processing | Checksum: 1c51d5fd5

Time (s): cpu = 00:00:26 ; elapsed = 00:00:15 . Memory (MB): peak = 3521.812 ; gain = 0.000 ; free physical = 7104 ; free virtual = 36537
INFO: [Route 35-16] Router Completed Successfully
Ending Routing Task | Checksum: 1c51d5fd5

Time (s): cpu = 00:00:26 ; elapsed = 00:00:15 . Memory (MB): peak = 3521.812 ; gain = 0.000 ; free physical = 7104 ; free virtual = 36537

Routing Is Done.
INFO: [Common 17-83] Releasing license: Implementation
113 Infos, 5 Warnings, 0 Critical Warnings and 0 Errors encountered.
route_design completed successfully
route_design: Time (s): cpu = 00:00:26 ; elapsed = 00:00:15 . Memory (MB): peak = 3521.812 ; gain = 0.000 ; free physical = 7104 ; free virtual = 36537
INFO: [Vivado 12-24828] Executing command : report_drc -file Arty7_top_sim_drc_routed.rpt -pb Arty7_top_sim_drc_routed.pb -rpx Arty7_top_sim_drc_routed.rpx
Command: report_drc -file Arty7_top_sim_drc_routed.rpt -pb Arty7_top_sim_drc_routed.pb -rpx Arty7_top_sim_drc_routed.rpx
INFO: [IP_Flow 19-1839] IP Catalog is up to date.
INFO: [DRC 23-27] Running DRC with 8 threads
INFO: [Vivado_Tcl 2-168] The results of DRC are in file /home/xmen/Desktop/SystolicCore/vivado/SystolicCore/SystolicCore.runs/impl_1/Arty7_top_sim_drc_routed.rpt.
report_drc completed successfully
INFO: [Vivado 12-24828] Executing command : report_methodology -file Arty7_top_sim_methodology_drc_routed.rpt -pb Arty7_top_sim_methodology_drc_routed.pb -rpx Arty7_top_sim_methodology_drc_routed.rpx
Command: report_methodology -file Arty7_top_sim_methodology_drc_routed.rpt -pb Arty7_top_sim_methodology_drc_routed.pb -rpx Arty7_top_sim_methodology_drc_routed.rpx
INFO: [Timing 38-35] Done setting XDC timing constraints.
INFO: [DRC 23-133] Running Methodology with 8 threads
INFO: [Vivado_Tcl 2-1520] The results of Report Methodology are in file /home/xmen/Desktop/SystolicCore/vivado/SystolicCore/SystolicCore.runs/impl_1/Arty7_top_sim_methodology_drc_routed.rpt.
report_methodology completed successfully
INFO: [Vivado 12-24828] Executing command : report_timing_summary -max_paths 10 -routable_nets -report_unconstrained -file Arty7_top_sim_timing_summary_routed.rpt -pb Arty7_top_sim_timing_summary_routed.pb -rpx Arty7_top_sim_timing_summary_routed.rpx -warn_on_violation 
INFO: [Timing 38-35] Done setting XDC timing constraints.
INFO: [Timing 38-91] UpdateTimingParams: Speed grade: -3, Delay Type: min_max.
INFO: [Timing 38-191] Multithreading enabled for timing update using a maximum of 8 CPUs
CRITICAL WARNING: [Timing 38-282] The design failed to meet the timing requirements. Please see the timing summary report for details on the timing violations.
WARNING: [Timing 38-436] There are set_bus_skew constraint(s) in this design. Please run report_bus_skew to ensure that bus skew requirements are met.
INFO: [Vivado 12-24838] Running report commands "report_bus_skew, report_incremental_reuse, report_route_status" in parallel.
Running report generation with 3 threads.
INFO: [Vivado 12-24828] Executing command : report_incremental_reuse -file Arty7_top_sim_incremental_reuse_routed.rpt
INFO: [Vivado_Tcl 4-1062] Incremental flow is disabled. No incremental reuse Info to report.
INFO: [Vivado 12-24828] Executing command : report_bus_skew -warn_on_violation -file Arty7_top_sim_bus_skew_routed.rpt -pb Arty7_top_sim_bus_skew_routed.pb -rpx Arty7_top_sim_bus_skew_routed.rpx
INFO: [Timing 38-91] UpdateTimingParams: Speed grade: -3, Delay Type: min_max.
INFO: [Timing 38-191] Multithreading enabled for timing update using a maximum of 8 CPUs
INFO: [Vivado 12-24828] Executing command : report_route_status -file Arty7_top_sim_route_status.rpt -pb Arty7_top_sim_route_status.pb
INFO: [Vivado 12-24828] Executing command : report_power -file Arty7_top_sim_power_routed.rpt -pb Arty7_top_sim_power_summary_routed.pb -rpx Arty7_top_sim_power_routed.rpx
Command: report_power -file Arty7_top_sim_power_routed.rpt -pb Arty7_top_sim_power_summary_routed.pb -rpx Arty7_top_sim_power_routed.rpx
Running Vector-less Activity Propagation...

Finished Running Vector-less Activity Propagation
133 Infos, 6 Warnings, 1 Critical Warnings and 0 Errors encountered.
report_power completed successfully
INFO: [Vivado 12-24828] Executing command : report_clock_utilization -file Arty7_top_sim_clock_utilization_routed.rpt
INFO: [Timing 38-480] Writing timing data to binary archive.
Write ShapeDB Complete: Time (s): cpu = 00:00:00.07 ; elapsed = 00:00:00.02 . Memory (MB): peak = 3621.152 ; gain = 0.000 ; free physical = 7037 ; free virtual = 36484
Wrote PlaceDB: Time (s): cpu = 00:00:00.78 ; elapsed = 00:00:00.27 . Memory (MB): peak = 3621.152 ; gain = 0.000 ; free physical = 7003 ; free virtual = 36464
Wrote PulsedLatchDB: Time (s): cpu = 00:00:00 ; elapsed = 00:00:00 . Memory (MB): peak = 3621.152 ; gain = 0.000 ; free physical = 7003 ; free virtual = 36464
Writing XDEF routing.
Writing XDEF routing logical nets.
Writing XDEF routing special nets.
Wrote RouteStorage: Time (s): cpu = 00:00:00.11 ; elapsed = 00:00:00.05 . Memory (MB): peak = 3621.152 ; gain = 0.000 ; free physical = 7001 ; free virtual = 36464
Wrote Netlist Cache: Time (s): cpu = 00:00:00 ; elapsed = 00:00:00.01 . Memory (MB): peak = 3621.152 ; gain = 0.000 ; free physical = 7000 ; free virtual = 36464
Wrote Device Cache: Time (s): cpu = 00:00:00 ; elapsed = 00:00:00 . Memory (MB): peak = 3621.152 ; gain = 0.000 ; free physical = 7000 ; free virtual = 36464
Write Physdb Complete: Time (s): cpu = 00:00:00.89 ; elapsed = 00:00:00.33 . Memory (MB): peak = 3621.152 ; gain = 0.000 ; free physical = 7000 ; free virtual = 36464
INFO: [Common 17-1381] The checkpoint '/home/xmen/Desktop/SystolicCore/vivado/SystolicCore/SystolicCore.runs/impl_1/Arty7_top_sim_routed.dcp' has been generated.
Command: write_bitstream -force Arty7_top_sim.bit
Attempting to get a license for feature 'Implementation' and/or device 'xc7a100t'
INFO: [Common 17-349] Got license for feature 'Implementation' and/or device 'xc7a100t'
Running DRC as a precondition to command write_bitstream
INFO: [IP_Flow 19-1839] IP Catalog is up to date.
INFO: [DRC 23-27] Running DRC with 8 threads
INFO: [Vivado 12-3199] DRC finished with 0 Errors
INFO: [Vivado 12-3200] Please refer to the DRC report (report_drc) for more information.
INFO: [Designutils 20-2272] Running write_bitstream with 8 threads.
Loading data files...
Loading site data...
Loading route data...
Processing options...
Creating bitmap...
Creating bitstream...
Writing bitstream ./Arty7_top_sim.bit...
INFO: [Vivado 12-1842] Bitgen Completed Successfully.
INFO: [Project 1-1876] WebTalk data collection is mandatory when using a ULT device. To see the specific WebTalk data collected for your design, open the usage_statistics_webtalk.html or usage_statistics_webtalk.xml file in the implementation directory.
INFO: [Common 17-83] Releasing license: Implementation
145 Infos, 6 Warnings, 1 Critical Warnings and 0 Errors encountered.
write_bitstream completed successfully
write_bitstream: Time (s): cpu = 00:00:15 ; elapsed = 00:00:25 . Memory (MB): peak = 3922.734 ; gain = 301.582 ; free physical = 6665 ; free virtual = 36118
INFO: [Common 17-206] Exiting Vivado at Tue Nov 11 18:02:41 2025...
