
*** Running vivado
    with args -log Arty7_top_sim.vdi -applog -m64 -product Vivado -messageDb vivado.pb -mode batch -source Arty7_top_sim.tcl -notrace


****** Vivado v2025.2 (64-bit)
  **** SW Build 6299465 on Fri Nov 14 12:34:56 MST 2025
  **** IP Build 6300035 on Fri Nov 14 10:48:45 MST 2025
  **** SharedData Build 6298862 on Thu Nov 13 04:50:51 MST 2025
  **** Start of session at: Tue Nov 25 03:01:04 2025
    ** Copyright 1986-2022 Xilinx, Inc. All Rights Reserved.
    ** Copyright 2022-2025 Advanced Micro Devices, Inc. All Rights Reserved.

source Arty7_top_sim.tcl -notrace
Command: link_design -top Arty7_top_sim -part xc7a100tcsg324-1
Design is defaulting to srcset: sources_1
Design is defaulting to constrset: constrs_1
INFO: [Device 21-403] Loading part xc7a100tcsg324-1
INFO: [Project 1-5699] Read binary netlist with skipMacroContent - 1
INFO: [Project 1-454] Reading design checkpoint '/home/xmen/Desktop/SystolicCore/SystolicCore/SystolicCore.gen/sources_1/ip/ila_2/ila_2.dcp' for cell 'SystolicCore0/your_instance_name'
INFO: [Project 1-454] Reading design checkpoint '/home/xmen/Desktop/SystolicCore/SystolicCore/SystolicCore.gen/sources_1/ip/dual_porte_ram/dual_porte_ram.dcp' for cell 'SystolicCore0/serial2mem_opA/ram'
Netlist sorting complete. Time (s): cpu = 00:00:00.04 ; elapsed = 00:00:00.04 . Memory (MB): peak = 2052.020 ; gain = 0.000 ; free physical = 10404 ; free virtual = 44516
INFO: [Netlist 29-17] Analyzing 957 Unisim elements for replacement
INFO: [Netlist 29-28] Unisim Transformation completed in 0 CPU seconds
INFO: [Project 1-479] Netlist was created with Vivado 2025.2
INFO: [Project 1-570] Preparing netlist for logic optimization
INFO: [Chipscope 16-324] Core: SystolicCore0/systolicControlUnit_Global/your_instance_name UUID: f90ee68e-4842-522a-86f7-a946cbe314da 
INFO: [Chipscope 16-324] Core: SystolicCore0/your_instance_name UUID: 41dc18da-b57e-59bb-92a8-bd5a6a2577a4 
Parsing XDC File [/home/xmen/Desktop/SystolicCore/SystolicCore/SystolicCore.gen/sources_1/ip/ila_2/ila_v6_2/constraints/ila_impl.xdc] for cell 'SystolicCore0/systolicControlUnit_Global/your_instance_name/inst'
WARNING: [Vivado_Tcl 4-921] Waiver ID 'CDC-10' -to list should not be empty. [/home/xmen/Desktop/SystolicCore/SystolicCore/SystolicCore.gen/sources_1/ip/ila_2/ila_v6_2/constraints/ila_impl.xdc:31]
Finished Parsing XDC File [/home/xmen/Desktop/SystolicCore/SystolicCore/SystolicCore.gen/sources_1/ip/ila_2/ila_v6_2/constraints/ila_impl.xdc] for cell 'SystolicCore0/systolicControlUnit_Global/your_instance_name/inst'
Parsing XDC File [/home/xmen/Desktop/SystolicCore/SystolicCore/SystolicCore.gen/sources_1/ip/ila_2/ila_v6_2/constraints/ila_impl.xdc] for cell 'SystolicCore0/your_instance_name/inst'
WARNING: [Vivado_Tcl 4-921] Waiver ID 'CDC-10' -to list should not be empty. [/home/xmen/Desktop/SystolicCore/SystolicCore/SystolicCore.gen/sources_1/ip/ila_2/ila_v6_2/constraints/ila_impl.xdc:31]
Finished Parsing XDC File [/home/xmen/Desktop/SystolicCore/SystolicCore/SystolicCore.gen/sources_1/ip/ila_2/ila_v6_2/constraints/ila_impl.xdc] for cell 'SystolicCore0/your_instance_name/inst'
Parsing XDC File [/home/xmen/Desktop/SystolicCore/SystolicCore/SystolicCore.gen/sources_1/ip/ila_2/ila_v6_2/constraints/ila.xdc] for cell 'SystolicCore0/systolicControlUnit_Global/your_instance_name/inst'
WARNING: [Vivado_Tcl 4-921] Waiver ID 'CDC-10' -to list should not be empty. [/home/xmen/Desktop/SystolicCore/SystolicCore/SystolicCore.gen/sources_1/ip/ila_2/ila_v6_2/constraints/ila.xdc:108]
Finished Parsing XDC File [/home/xmen/Desktop/SystolicCore/SystolicCore/SystolicCore.gen/sources_1/ip/ila_2/ila_v6_2/constraints/ila.xdc] for cell 'SystolicCore0/systolicControlUnit_Global/your_instance_name/inst'
Parsing XDC File [/home/xmen/Desktop/SystolicCore/SystolicCore/SystolicCore.gen/sources_1/ip/ila_2/ila_v6_2/constraints/ila.xdc] for cell 'SystolicCore0/your_instance_name/inst'
WARNING: [Vivado_Tcl 4-921] Waiver ID 'CDC-10' -to list should not be empty. [/home/xmen/Desktop/SystolicCore/SystolicCore/SystolicCore.gen/sources_1/ip/ila_2/ila_v6_2/constraints/ila.xdc:108]
Finished Parsing XDC File [/home/xmen/Desktop/SystolicCore/SystolicCore/SystolicCore.gen/sources_1/ip/ila_2/ila_v6_2/constraints/ila.xdc] for cell 'SystolicCore0/your_instance_name/inst'
Parsing XDC File [/home/xmen/Desktop/SystolicCore/xilinxdesignconstraint/Arty-A7-100-Master.xdc]
Finished Parsing XDC File [/home/xmen/Desktop/SystolicCore/xilinxdesignconstraint/Arty-A7-100-Master.xdc]
INFO: [Opt 31-138] Pushed 0 inverter(s) to 0 load pin(s).
INFO: [Project 1-1687] 4 scoped IP constraints or related sub-commands were skipped due to synthesis logic optimizations usually triggered by constant connectivity or unconnected output pins. To review the skipped constraints and messages, run the command 'set_param netlist.IPMsgFiltering false' before opening the design.
Netlist sorting complete. Time (s): cpu = 00:00:00 ; elapsed = 00:00:00 . Memory (MB): peak = 2261.531 ; gain = 0.000 ; free physical = 10275 ; free virtual = 44382
INFO: [Project 1-111] Unisim Transformation Summary:
  A total of 584 instances were transformed.
  CFGLUT5 => CFGLUT5 (SRL16E, SRLC32E): 72 instances
  FDCP => FDCP (FDCE, FDPE, LDCE, LUT3, VCC): 512 instances

13 Infos, 4 Warnings, 0 Critical Warnings and 0 Errors encountered.
link_design completed successfully
Command: opt_design
Attempting to get a license for feature 'Implementation' and/or device 'xc7a100t'
INFO: [Common 17-349] Got license for feature 'Implementation' and/or device 'xc7a100t'
Running DRC as a precondition to command opt_design

Starting DRC Task
INFO: [DRC 23-27] Running DRC with 8 threads
INFO: [Project 1-461] DRC finished with 0 Errors
INFO: [Project 1-462] Please refer to the DRC report (report_drc) for more information.

Time (s): cpu = 00:00:00.43 ; elapsed = 00:00:00.22 . Memory (MB): peak = 2367.250 ; gain = 105.684 ; free physical = 10219 ; free virtual = 44326

Starting Cache Timing Information Task
INFO: [Timing 38-35] Done setting XDC timing constraints.
Ending Cache Timing Information Task | Checksum: 17cef697e

Time (s): cpu = 00:00:03 ; elapsed = 00:00:03 . Memory (MB): peak = 2804.203 ; gain = 436.953 ; free physical = 9798 ; free virtual = 43910

Starting Logic Optimization Task

Phase 1 Initialization

Phase 1.1 Core Generation And Design Setup

Phase 1.1.1 Generate And Synthesize Debug Cores
INFO: [Chipscope 16-329] Generating Script for core instance : dbg_hub 
INFO: [IP_Flow 19-3806] Processing IP xilinx.com:ip:xsdbm:3.0 for cell dbg_hub_CV.
INFO: [Chipscope 16-469] Using cached IP synthesis design for IP xilinx.com:ip:xsdbm:3.0, cache-ID = 79dc95960f1a892f.
Done building netlist checker database: Time (s): cpu = 00:00:00 ; elapsed = 00:00:00 . Memory (MB): peak = 3205.703 ; gain = 0.000 ; free physical = 9411 ; free virtual = 43538
Netlist sorting complete. Time (s): cpu = 00:00:00.01 ; elapsed = 00:00:00.01 . Memory (MB): peak = 3205.703 ; gain = 0.000 ; free physical = 9395 ; free virtual = 43521
Phase 1.1.1 Generate And Synthesize Debug Cores | Checksum: 218381758

Time (s): cpu = 00:00:10 ; elapsed = 00:00:06 . Memory (MB): peak = 3205.703 ; gain = 23.781 ; free physical = 9395 ; free virtual = 43521
Phase 1.1 Core Generation And Design Setup | Checksum: 218381758

Time (s): cpu = 00:00:10 ; elapsed = 00:00:06 . Memory (MB): peak = 3205.703 ; gain = 23.781 ; free physical = 9395 ; free virtual = 43521

Phase 1.2 Setup Constraints And Sort Netlist
Phase 1.2 Setup Constraints And Sort Netlist | Checksum: 218381758

Time (s): cpu = 00:00:10 ; elapsed = 00:00:06 . Memory (MB): peak = 3205.703 ; gain = 23.781 ; free physical = 9395 ; free virtual = 43521
Phase 1 Initialization | Checksum: 218381758

Time (s): cpu = 00:00:10 ; elapsed = 00:00:06 . Memory (MB): peak = 3205.703 ; gain = 23.781 ; free physical = 9395 ; free virtual = 43521

Phase 2 Timer Update And Timing Data Collection

Phase 2.1 Detect if minReqCache needed
Phase 2.1 Detect if minReqCache needed | Checksum: 218381758

Time (s): cpu = 00:00:10 ; elapsed = 00:00:06 . Memory (MB): peak = 3205.703 ; gain = 23.781 ; free physical = 9393 ; free virtual = 43520

Phase 2.2 Timer Update
Phase 2.2 Timer Update | Checksum: 218381758

Time (s): cpu = 00:00:10 ; elapsed = 00:00:06 . Memory (MB): peak = 3205.703 ; gain = 23.781 ; free physical = 9393 ; free virtual = 43520

Phase 2.3 Timing Data Collection
Phase 2.3 Timing Data Collection | Checksum: 218381758

Time (s): cpu = 00:00:10 ; elapsed = 00:00:06 . Memory (MB): peak = 3205.703 ; gain = 23.781 ; free physical = 9392 ; free virtual = 43518
Phase 2 Timer Update And Timing Data Collection | Checksum: 218381758

Time (s): cpu = 00:00:10 ; elapsed = 00:00:06 . Memory (MB): peak = 3205.703 ; gain = 23.781 ; free physical = 9392 ; free virtual = 43518

Phase 3 Retarget
INFO: [Opt 31-1851] Number of loadless carry chains removed were: 0
INFO: [Opt 31-1834] Total Chains To Be Transformed Were: 0 AND Number of Transformed insts Created are: 0
INFO: [Opt 31-138] Pushed 4 inverter(s) to 6 load pin(s).
INFO: [Opt 31-49] Retargeted 0 cell(s).
Phase 3 Retarget | Checksum: 21153c6dd

Time (s): cpu = 00:00:10 ; elapsed = 00:00:06 . Memory (MB): peak = 3205.703 ; gain = 23.781 ; free physical = 9392 ; free virtual = 43518
Retarget | Checksum: 21153c6dd
INFO: [Opt 31-389] Phase Retarget created 10 cells and removed 18 cells
INFO: [Opt 31-1021] In phase Retarget, 1206 netlist objects are constrained preventing optimization. Please run opt_design with -debug_log to get more detail. 

Phase 4 Constant propagation
INFO: [Opt 31-138] Pushed 0 inverter(s) to 0 load pin(s).
Phase 4 Constant propagation | Checksum: 245987fc6

Time (s): cpu = 00:00:10 ; elapsed = 00:00:06 . Memory (MB): peak = 3205.703 ; gain = 23.781 ; free physical = 9392 ; free virtual = 43518
Constant propagation | Checksum: 245987fc6
INFO: [Opt 31-389] Phase Constant propagation created 0 cells and removed 32 cells
INFO: [Opt 31-1021] In phase Constant propagation, 1693 netlist objects are constrained preventing optimization. Please run opt_design with -debug_log to get more detail. 

Phase 5 Sweep
INFO: [Constraints 18-11670] Building netlist checker database with flags, 0x8
Done building netlist checker database: Time (s): cpu = 00:00:00 ; elapsed = 00:00:00 . Memory (MB): peak = 3205.703 ; gain = 0.000 ; free physical = 9392 ; free virtual = 43518
INFO: [Constraints 18-11670] Building netlist checker database with flags, 0x8
Done building netlist checker database: Time (s): cpu = 00:00:00 ; elapsed = 00:00:00.01 . Memory (MB): peak = 3205.703 ; gain = 0.000 ; free physical = 9392 ; free virtual = 43518
Phase 5 Sweep | Checksum: 24c4a08ff

Time (s): cpu = 00:00:10 ; elapsed = 00:00:06 . Memory (MB): peak = 3205.703 ; gain = 23.781 ; free physical = 9392 ; free virtual = 43518
Sweep | Checksum: 24c4a08ff
INFO: [Opt 31-389] Phase Sweep created 0 cells and removed 158 cells
INFO: [Opt 31-1021] In phase Sweep, 5011 netlist objects are constrained preventing optimization. Please run opt_design with -debug_log to get more detail. 

Phase 6 BUFG optimization
INFO: [Opt 31-194] Inserted BUFG SystolicCore0/uart_systolic_core/uart_transmitter/in0_BUFG_inst to drive 1545 load(s) on clock net SystolicCore0/uart_systolic_core/uart_transmitter/in0_BUFG
INFO: [Opt 31-194] Inserted BUFG SystolicCore0/uart_systolic_core/uart_receiver/rx_data_valid_BUFG_inst to drive 49 load(s) on clock net SystolicCore0/uart_systolic_core/uart_receiver/rx_data_valid_BUFG
INFO: [Opt 31-193] Inserted 2 BUFG(s) on clock nets
Phase 6 BUFG optimization | Checksum: 21ff64df1

Time (s): cpu = 00:00:10 ; elapsed = 00:00:06 . Memory (MB): peak = 3237.719 ; gain = 55.797 ; free physical = 9391 ; free virtual = 43517
BUFG optimization | Checksum: 21ff64df1
INFO: [Opt 31-662] Phase BUFG optimization created 2 cells of which 2 are BUFGs and removed 0 cells.

Phase 7 Shift Register Optimization
INFO: [Opt 31-1064] SRL Remap converted 0 SRLs to 0 registers and converted 0 registers of register chains to 0 SRLs
Phase 7 Shift Register Optimization | Checksum: 21ff64df1

Time (s): cpu = 00:00:10 ; elapsed = 00:00:06 . Memory (MB): peak = 3237.719 ; gain = 55.797 ; free physical = 9391 ; free virtual = 43517
Shift Register Optimization | Checksum: 21ff64df1
INFO: [Opt 31-389] Phase Shift Register Optimization created 0 cells and removed 0 cells

Phase 8 Post Processing Netlist
Phase 8 Post Processing Netlist | Checksum: 21ff64df1

Time (s): cpu = 00:00:10 ; elapsed = 00:00:06 . Memory (MB): peak = 3237.719 ; gain = 55.797 ; free physical = 9391 ; free virtual = 43517
Post Processing Netlist | Checksum: 21ff64df1
INFO: [Opt 31-389] Phase Post Processing Netlist created 0 cells and removed 0 cells
INFO: [Opt 31-1021] In phase Post Processing Netlist, 1694 netlist objects are constrained preventing optimization. Please run opt_design with -debug_log to get more detail. 

Phase 9 Finalization

Phase 9.1 Finalizing Design Cores and Updating Shapes
Phase 9.1 Finalizing Design Cores and Updating Shapes | Checksum: 1cc3e118c

Time (s): cpu = 00:00:11 ; elapsed = 00:00:06 . Memory (MB): peak = 3237.719 ; gain = 55.797 ; free physical = 9390 ; free virtual = 43517

Phase 9.2 Verifying Netlist Connectivity

Starting Connectivity Check Task

Time (s): cpu = 00:00:00 ; elapsed = 00:00:00 . Memory (MB): peak = 3237.719 ; gain = 0.000 ; free physical = 9390 ; free virtual = 43517
Phase 9.2 Verifying Netlist Connectivity | Checksum: 1cc3e118c

Time (s): cpu = 00:00:11 ; elapsed = 00:00:06 . Memory (MB): peak = 3237.719 ; gain = 55.797 ; free physical = 9390 ; free virtual = 43517
Phase 9 Finalization | Checksum: 1cc3e118c

Time (s): cpu = 00:00:11 ; elapsed = 00:00:06 . Memory (MB): peak = 3237.719 ; gain = 55.797 ; free physical = 9390 ; free virtual = 43517
Opt_design Change Summary
=========================


-------------------------------------------------------------------------------------------------------------------------
|  Phase                        |  #Cells created  |  #Cells Removed  |  #Constrained objects preventing optimizations  |
-------------------------------------------------------------------------------------------------------------------------
|  Retarget                     |              10  |              18  |                                           1206  |
|  Constant propagation         |               0  |              32  |                                           1693  |
|  Sweep                        |               0  |             158  |                                           5011  |
|  BUFG optimization            |               2  |               0  |                                              0  |
|  Shift Register Optimization  |               0  |               0  |                                              0  |
|  Post Processing Netlist      |               0  |               0  |                                           1694  |
-------------------------------------------------------------------------------------------------------------------------


Ending Logic Optimization Task | Checksum: 1cc3e118c

Time (s): cpu = 00:00:11 ; elapsed = 00:00:06 . Memory (MB): peak = 3237.719 ; gain = 55.797 ; free physical = 9390 ; free virtual = 43517

Starting Power Optimization Task
INFO: [Pwropt 34-132] Skipping clock gating for clocks with a period < 2.00 ns.
INFO: [Pwropt 34-9] Applying IDT optimizations ...
INFO: [Pwropt 34-10] Applying ODC optimizations ...
INFO: [Timing 38-35] Done setting XDC timing constraints.
Running Vector-less Activity Propagation...

Finished Running Vector-less Activity Propagation


Starting PowerOpt Patch Enables Task
INFO: [Pwropt 34-162] WRITE_MODE attribute of 0 BRAM(s) out of a total of 4 has been updated to save power. Run report_power_opt to get a complete listing of the BRAMs updated.
INFO: [Pwropt 34-201] Structural ODC has moved 0 WE to EN ports
Number of BRAM Ports augmented: 2 newly gated: 0 Total Ports: 8
Ending PowerOpt Patch Enables Task | Checksum: 1d22bba03

Time (s): cpu = 00:00:00.03 ; elapsed = 00:00:00.02 . Memory (MB): peak = 3341.770 ; gain = 0.000 ; free physical = 9354 ; free virtual = 43480
Ending Power Optimization Task | Checksum: 1d22bba03

Time (s): cpu = 00:00:03 ; elapsed = 00:00:00.8 . Memory (MB): peak = 3341.770 ; gain = 104.051 ; free physical = 9354 ; free virtual = 43480

Starting Final Cleanup Task
Ending Final Cleanup Task | Checksum: 1d22bba03

Time (s): cpu = 00:00:00 ; elapsed = 00:00:00 . Memory (MB): peak = 3341.770 ; gain = 0.000 ; free physical = 9354 ; free virtual = 43480
Netlist sorting complete. Time (s): cpu = 00:00:00.01 ; elapsed = 00:00:00 . Memory (MB): peak = 3341.770 ; gain = 0.000 ; free physical = 9353 ; free virtual = 43479
INFO: [Common 17-83] Releasing license: Implementation
53 Infos, 4 Warnings, 0 Critical Warnings and 0 Errors encountered.
opt_design completed successfully
opt_design: Time (s): cpu = 00:00:18 ; elapsed = 00:00:11 . Memory (MB): peak = 3341.770 ; gain = 1080.203 ; free physical = 9353 ; free virtual = 43479
INFO: [Vivado 12-24828] Executing command : report_drc -file Arty7_top_sim_drc_opted.rpt -pb Arty7_top_sim_drc_opted.pb -rpx Arty7_top_sim_drc_opted.rpx
Command: report_drc -file Arty7_top_sim_drc_opted.rpt -pb Arty7_top_sim_drc_opted.pb -rpx Arty7_top_sim_drc_opted.rpx
INFO: [IP_Flow 19-1839] IP Catalog is up to date.
INFO: [DRC 23-27] Running DRC with 8 threads
INFO: [Vivado_Tcl 2-168] The results of DRC are in file /home/xmen/Desktop/SystolicCore/SystolicCore/SystolicCore.runs/impl_1/Arty7_top_sim_drc_opted.rpt.
report_drc completed successfully
INFO: [Timing 38-480] Writing timing data to binary archive.
Wrote PlaceDB: Time (s): cpu = 00:00:00 ; elapsed = 00:00:00 . Memory (MB): peak = 3341.770 ; gain = 0.000 ; free physical = 9355 ; free virtual = 43481
Wrote PulsedLatchDB: Time (s): cpu = 00:00:00 ; elapsed = 00:00:00 . Memory (MB): peak = 3341.770 ; gain = 0.000 ; free physical = 9355 ; free virtual = 43481
Writing XDEF routing.
Write ShapeDB Complete: Time (s): cpu = 00:00:00.03 ; elapsed = 00:00:00 . Memory (MB): peak = 3341.770 ; gain = 0.000 ; free physical = 9355 ; free virtual = 43481
Writing XDEF routing logical nets.
Writing XDEF routing special nets.
Wrote RouteStorage: Time (s): cpu = 00:00:00.05 ; elapsed = 00:00:00.01 . Memory (MB): peak = 3341.770 ; gain = 0.000 ; free physical = 9355 ; free virtual = 43481
Wrote PlaceStorage: Time (s): cpu = 00:00:00 ; elapsed = 00:00:00 . Memory (MB): peak = 3341.770 ; gain = 0.000 ; free physical = 9355 ; free virtual = 43481
Wrote Netlist Cache: Time (s): cpu = 00:00:00 ; elapsed = 00:00:00 . Memory (MB): peak = 3341.770 ; gain = 0.000 ; free physical = 9355 ; free virtual = 43481
Wrote Device Cache: Time (s): cpu = 00:00:00.01 ; elapsed = 00:00:00 . Memory (MB): peak = 3341.770 ; gain = 0.000 ; free physical = 9355 ; free virtual = 43481
Write Physdb Complete: Time (s): cpu = 00:00:00.06 ; elapsed = 00:00:00.01 . Memory (MB): peak = 3341.770 ; gain = 0.000 ; free physical = 9355 ; free virtual = 43481
INFO: [Common 17-1381] The checkpoint '/home/xmen/Desktop/SystolicCore/SystolicCore/SystolicCore.runs/impl_1/Arty7_top_sim_opt.dcp' has been generated.
INFO: [Chipscope 16-240] Debug cores have already been implemented
Command: place_design
Attempting to get a license for feature 'Implementation' and/or device 'xc7a100t'
INFO: [Common 17-349] Got license for feature 'Implementation' and/or device 'xc7a100t'
INFO: [Common 17-83] Releasing license: Implementation
INFO: [DRC 23-27] Running DRC with 8 threads
INFO: [Vivado_Tcl 4-198] DRC finished with 0 Errors
INFO: [Vivado_Tcl 4-199] Please refer to the DRC report (report_drc) for more information.
INFO: [Timing 38-35] Done setting XDC timing constraints.
Running DRC as a precondition to command place_design
INFO: [DRC 23-27] Running DRC with 8 threads
INFO: [Vivado_Tcl 4-198] DRC finished with 0 Errors, 21 Warnings
INFO: [Vivado_Tcl 4-199] Please refer to the DRC report (report_drc) for more information.
INFO: [Place 30-611] Multithreading enabled for place_design using a maximum of 8 CPUs

Starting Placer Task

Phase 1 Placer Initialization

Phase 1.1 Placer Initialization Netlist Sorting
Netlist sorting complete. Time (s): cpu = 00:00:00 ; elapsed = 00:00:00 . Memory (MB): peak = 3341.770 ; gain = 0.000 ; free physical = 9352 ; free virtual = 43478
Phase 1.1 Placer Initialization Netlist Sorting | Checksum: 13f7b4150

Time (s): cpu = 00:00:00 ; elapsed = 00:00:00 . Memory (MB): peak = 3341.770 ; gain = 0.000 ; free physical = 9352 ; free virtual = 43478
Netlist sorting complete. Time (s): cpu = 00:00:00 ; elapsed = 00:00:00 . Memory (MB): peak = 3341.770 ; gain = 0.000 ; free physical = 9352 ; free virtual = 43478

Phase 1.2 IO Placement/ Clock Placement/ Build Placer Device
WARNING: [Place 30-87] Partially locked IO Bus is found. Following components of the IO Bus btn are not locked:  'btn[3]'  'btn[2]'  'btn[1]' 
Phase 1.2 IO Placement/ Clock Placement/ Build Placer Device | Checksum: 1df576fe7

Time (s): cpu = 00:00:00.77 ; elapsed = 00:00:00.27 . Memory (MB): peak = 3341.770 ; gain = 0.000 ; free physical = 9352 ; free virtual = 43478

Phase 1.3 Build Placer Netlist Model
Phase 1.3 Build Placer Netlist Model | Checksum: 1e56373bb

Time (s): cpu = 00:00:02 ; elapsed = 00:00:00.9 . Memory (MB): peak = 3341.770 ; gain = 0.000 ; free physical = 9351 ; free virtual = 43477

Phase 1.4 Constrain Clocks/Macros
Phase 1.4 Constrain Clocks/Macros | Checksum: 1e56373bb

Time (s): cpu = 00:00:02 ; elapsed = 00:00:00.91 . Memory (MB): peak = 3341.770 ; gain = 0.000 ; free physical = 9351 ; free virtual = 43477
Phase 1 Placer Initialization | Checksum: 1e56373bb

Time (s): cpu = 00:00:02 ; elapsed = 00:00:00.92 . Memory (MB): peak = 3341.770 ; gain = 0.000 ; free physical = 9351 ; free virtual = 43477

Phase 2 Global Placement

Phase 2.1 Floorplanning
Phase 2.1 Floorplanning | Checksum: 2625972cc

Time (s): cpu = 00:00:03 ; elapsed = 00:00:01 . Memory (MB): peak = 3341.770 ; gain = 0.000 ; free physical = 9327 ; free virtual = 43453

Phase 2.2 Update Timing before SLR Path Opt
Phase 2.2 Update Timing before SLR Path Opt | Checksum: 2ba3eead5

Time (s): cpu = 00:00:04 ; elapsed = 00:00:01 . Memory (MB): peak = 3341.770 ; gain = 0.000 ; free physical = 9337 ; free virtual = 43463

Phase 2.3 Post-Processing in Floorplanning
Phase 2.3 Post-Processing in Floorplanning | Checksum: 2ba3eead5

Time (s): cpu = 00:00:04 ; elapsed = 00:00:01 . Memory (MB): peak = 3341.770 ; gain = 0.000 ; free physical = 9337 ; free virtual = 43463

Phase 2.4 Global Place Phase1
Phase 2.4 Global Place Phase1 | Checksum: 27433d50d

Time (s): cpu = 00:00:13 ; elapsed = 00:00:03 . Memory (MB): peak = 3341.770 ; gain = 0.000 ; free physical = 9375 ; free virtual = 43466

Phase 2.5 Global Place Phase2

Phase 2.5.1 UpdateTiming Before Physical Synthesis
Phase 2.5.1 UpdateTiming Before Physical Synthesis | Checksum: 27433d50d

Time (s): cpu = 00:00:13 ; elapsed = 00:00:03 . Memory (MB): peak = 3341.770 ; gain = 0.000 ; free physical = 9374 ; free virtual = 43466

Phase 2.5.2 Physical Synthesis In Placer
INFO: [Physopt 32-1035] Found 0 LUTNM shape to break, 875 LUT instances to create LUTNM shape
INFO: [Physopt 32-1044] Break lutnm for timing: one critical 0, two critical 0, total 0, new lutff created 0
INFO: [Physopt 32-1138] End 1 Pass. Optimized 685 nets or LUTs. Breaked 0 LUT, combined 685 existing LUTs and moved 0 existing LUT
INFO: [Physopt 32-65] No nets found for high-fanout optimization.
INFO: [Physopt 32-232] Optimized 0 net. Created 0 new instance.
INFO: [Physopt 32-775] End 1 Pass. Optimized 0 net or cell. Created 0 new cell, deleted 0 existing cell and moved 0 existing cell
INFO: [Physopt 32-670] No setup violation found.  DSP Register Optimization was not performed.
INFO: [Physopt 32-670] No setup violation found.  Shift Register to Pipeline Optimization was not performed.
INFO: [Physopt 32-670] No setup violation found.  Shift Register Optimization was not performed.
INFO: [Physopt 32-670] No setup violation found.  BRAM Register Optimization was not performed.
INFO: [Physopt 32-670] No setup violation found.  URAM Register Optimization was not performed.
INFO: [Physopt 32-949] No candidate nets found for dynamic/static region interface net replication
INFO: [Physopt 32-775] End 1 Pass. Optimized 0 net or cell. Created 0 new cell, deleted 0 existing cell and moved 0 existing cell
Netlist sorting complete. Time (s): cpu = 00:00:00 ; elapsed = 00:00:00 . Memory (MB): peak = 3341.770 ; gain = 0.000 ; free physical = 9374 ; free virtual = 43468

Summary of Physical Synthesis Optimizations
============================================


-----------------------------------------------------------------------------------------------------------------------------------------------------------
|  Optimization                                     |  Added Cells  |  Removed Cells  |  Optimized Cells/Nets  |  Dont Touch  |  Iterations  |  Elapsed   |
-----------------------------------------------------------------------------------------------------------------------------------------------------------
|  LUT Combining                                    |            0  |            685  |                   685  |           0  |           1  |  00:00:00  |
|  Retime                                           |            0  |              0  |                     0  |           0  |           1  |  00:00:00  |
|  Very High Fanout                                 |            0  |              0  |                     0  |           0  |           1  |  00:00:00  |
|  DSP Register                                     |            0  |              0  |                     0  |           0  |           0  |  00:00:00  |
|  Shift Register to Pipeline                       |            0  |              0  |                     0  |           0  |           0  |  00:00:00  |
|  Shift Register                                   |            0  |              0  |                     0  |           0  |           0  |  00:00:00  |
|  BRAM Register                                    |            0  |              0  |                     0  |           0  |           0  |  00:00:00  |
|  URAM Register                                    |            0  |              0  |                     0  |           0  |           0  |  00:00:00  |
|  Dynamic/Static Region Interface Net Replication  |            0  |              0  |                     0  |           0  |           1  |  00:00:00  |
|  Total                                            |            0  |            685  |                   685  |           0  |           4  |  00:00:00  |
-----------------------------------------------------------------------------------------------------------------------------------------------------------


Phase 2.5.2 Physical Synthesis In Placer | Checksum: 2990d5f6e

Time (s): cpu = 00:00:14 ; elapsed = 00:00:04 . Memory (MB): peak = 3341.770 ; gain = 0.000 ; free physical = 9374 ; free virtual = 43468
Phase 2.5 Global Place Phase2 | Checksum: 28f6f67c1

Time (s): cpu = 00:00:15 ; elapsed = 00:00:04 . Memory (MB): peak = 3341.770 ; gain = 0.000 ; free physical = 9375 ; free virtual = 43469
Phase 2 Global Placement | Checksum: 28f6f67c1

Time (s): cpu = 00:00:15 ; elapsed = 00:00:04 . Memory (MB): peak = 3341.770 ; gain = 0.000 ; free physical = 9375 ; free virtual = 43469

Phase 3 Detail Placement

Phase 3.1 Commit Multi Column Macros
Phase 3.1 Commit Multi Column Macros | Checksum: 311f26352

Time (s): cpu = 00:00:16 ; elapsed = 00:00:04 . Memory (MB): peak = 3341.770 ; gain = 0.000 ; free physical = 9364 ; free virtual = 43457

Phase 3.2 Commit Most Macros & LUTRAMs
Phase 3.2 Commit Most Macros & LUTRAMs | Checksum: 1f72f01d0

Time (s): cpu = 00:00:16 ; elapsed = 00:00:05 . Memory (MB): peak = 3341.770 ; gain = 0.000 ; free physical = 9364 ; free virtual = 43458

Phase 3.3 Area Swap Optimization
Phase 3.3 Area Swap Optimization | Checksum: 26497d4fd

Time (s): cpu = 00:00:17 ; elapsed = 00:00:05 . Memory (MB): peak = 3341.770 ; gain = 0.000 ; free physical = 9364 ; free virtual = 43458

Phase 3.4 Pipeline Register Optimization
Phase 3.4 Pipeline Register Optimization | Checksum: 241071a23

Time (s): cpu = 00:00:17 ; elapsed = 00:00:05 . Memory (MB): peak = 3341.770 ; gain = 0.000 ; free physical = 9364 ; free virtual = 43458

Phase 3.5 Small Shape Detail Placement
Phase 3.5 Small Shape Detail Placement | Checksum: 2305a04d2

Time (s): cpu = 00:00:19 ; elapsed = 00:00:06 . Memory (MB): peak = 3341.770 ; gain = 0.000 ; free physical = 9366 ; free virtual = 43458

Phase 3.6 Re-assign LUT pins
Phase 3.6 Re-assign LUT pins | Checksum: 1ffbf38ca

Time (s): cpu = 00:00:19 ; elapsed = 00:00:07 . Memory (MB): peak = 3341.770 ; gain = 0.000 ; free physical = 9376 ; free virtual = 43469

Phase 3.7 Pipeline Register Optimization
Phase 3.7 Pipeline Register Optimization | Checksum: 235338aba

Time (s): cpu = 00:00:19 ; elapsed = 00:00:07 . Memory (MB): peak = 3341.770 ; gain = 0.000 ; free physical = 9375 ; free virtual = 43469
Phase 3 Detail Placement | Checksum: 235338aba

Time (s): cpu = 00:00:19 ; elapsed = 00:00:07 . Memory (MB): peak = 3341.770 ; gain = 0.000 ; free physical = 9375 ; free virtual = 43469

Phase 4 Post Placement Optimization and Clean-Up

Phase 4.1 Post Commit Optimization
INFO: [Timing 38-35] Done setting XDC timing constraints.

Phase 4.1.1 Post Placement Optimization
Post Placement Optimization Initialization | Checksum: 26d795bbc

Phase 4.1.1.1 BUFG Insertion

Starting Physical Synthesis Task

Phase 1 Physical Synthesis Initialization
INFO: [Physopt 32-721] Multithreading enabled for phys_opt_design using a maximum of 8 CPUs
INFO: [Physopt 32-619] Estimated Timing Summary | WNS=1.443 | TNS=0.000 |
Phase 1 Physical Synthesis Initialization | Checksum: 223540c2f

Time (s): cpu = 00:00:00.2 ; elapsed = 00:00:00.06 . Memory (MB): peak = 3341.770 ; gain = 0.000 ; free physical = 9378 ; free virtual = 43469
INFO: [Place 46-33] Processed net SystolicCore0/DUT_MatrixMultiplyM0/CELULA_ROWS[6].CELULA_COLUMNS[5].MAC/uart_systolic_core_i_1, BUFG insertion was skipped due to placement/routing conflicts.
INFO: [Place 46-56] BUFG insertion identified 1 candidate nets. Inserted BUFG: 0, Replicated BUFG Driver: 0, Skipped due to Placement/Routing Conflicts: 1, Skipped due to Timing Degradation: 0, Skipped due to netlist editing failed: 0.
Ending Physical Synthesis Task | Checksum: 1eefa0823

Time (s): cpu = 00:00:00.31 ; elapsed = 00:00:00.12 . Memory (MB): peak = 3341.770 ; gain = 0.000 ; free physical = 9378 ; free virtual = 43469
Phase 4.1.1.1 BUFG Insertion | Checksum: 26d795bbc

Time (s): cpu = 00:00:22 ; elapsed = 00:00:07 . Memory (MB): peak = 3341.770 ; gain = 0.000 ; free physical = 9378 ; free virtual = 43469

Phase 4.1.1.2 Post Placement Timing Optimization
INFO: [Place 30-746] Post Placement Timing Summary WNS=1.443. For the most accurate timing information please run report_timing.
Phase 4.1.1.2 Post Placement Timing Optimization | Checksum: 24283c463

Time (s): cpu = 00:00:22 ; elapsed = 00:00:07 . Memory (MB): peak = 3341.770 ; gain = 0.000 ; free physical = 9378 ; free virtual = 43469

Time (s): cpu = 00:00:22 ; elapsed = 00:00:07 . Memory (MB): peak = 3341.770 ; gain = 0.000 ; free physical = 9378 ; free virtual = 43469
Phase 4.1 Post Commit Optimization | Checksum: 24283c463

Time (s): cpu = 00:00:22 ; elapsed = 00:00:07 . Memory (MB): peak = 3341.770 ; gain = 0.000 ; free physical = 9378 ; free virtual = 43469

Phase 4.2 Post Placement Cleanup
Phase 4.2 Post Placement Cleanup | Checksum: 24283c463

Time (s): cpu = 00:00:22 ; elapsed = 00:00:07 . Memory (MB): peak = 3341.770 ; gain = 0.000 ; free physical = 9378 ; free virtual = 43469

Phase 4.3 Placer Reporting

Phase 4.3.1 Print Estimated Congestion
INFO: [Place 30-612] Post-Placement Estimated Congestion 
 ____________________________________________________
|           | Global Congestion | Short Congestion  |
| Direction | Region Size       | Region Size       |
|___________|___________________|___________________|
|      North|                1x1|                1x1|
|___________|___________________|___________________|
|      South|                1x1|                1x1|
|___________|___________________|___________________|
|       East|                1x1|                1x1|
|___________|___________________|___________________|
|       West|                1x1|                1x1|
|___________|___________________|___________________|

Phase 4.3.1 Print Estimated Congestion | Checksum: 24283c463

Time (s): cpu = 00:00:22 ; elapsed = 00:00:07 . Memory (MB): peak = 3341.770 ; gain = 0.000 ; free physical = 9379 ; free virtual = 43470
Phase 4.3 Placer Reporting | Checksum: 24283c463

Time (s): cpu = 00:00:22 ; elapsed = 00:00:07 . Memory (MB): peak = 3341.770 ; gain = 0.000 ; free physical = 9379 ; free virtual = 43470

Phase 4.4 Final Placement Cleanup
Netlist sorting complete. Time (s): cpu = 00:00:00 ; elapsed = 00:00:00 . Memory (MB): peak = 3341.770 ; gain = 0.000 ; free physical = 9379 ; free virtual = 43470

Time (s): cpu = 00:00:22 ; elapsed = 00:00:07 . Memory (MB): peak = 3341.770 ; gain = 0.000 ; free physical = 9379 ; free virtual = 43470
Phase 4 Post Placement Optimization and Clean-Up | Checksum: 1e3551baf

Time (s): cpu = 00:00:22 ; elapsed = 00:00:07 . Memory (MB): peak = 3341.770 ; gain = 0.000 ; free physical = 9378 ; free virtual = 43469
Ending Placer Task | Checksum: 10f5bd1e3

Time (s): cpu = 00:00:22 ; elapsed = 00:00:07 . Memory (MB): peak = 3341.770 ; gain = 0.000 ; free physical = 9378 ; free virtual = 43469
90 Infos, 5 Warnings, 0 Critical Warnings and 0 Errors encountered.
place_design completed successfully
place_design: Time (s): cpu = 00:00:23 ; elapsed = 00:00:08 . Memory (MB): peak = 3341.770 ; gain = 0.000 ; free physical = 9378 ; free virtual = 43469
INFO: [Vivado 12-24838] Running report commands "report_control_sets, report_io, report_utilization" in parallel.
Running report generation with 3 threads.
INFO: [Vivado 12-24828] Executing command : report_io -file Arty7_top_sim_io_placed.rpt
report_io: Time (s): cpu = 00:00:00.18 ; elapsed = 00:00:00.1 . Memory (MB): peak = 3341.770 ; gain = 0.000 ; free physical = 9362 ; free virtual = 43453
INFO: [Vivado 12-24828] Executing command : report_utilization -file Arty7_top_sim_utilization_placed.rpt -pb Arty7_top_sim_utilization_placed.pb
INFO: [Vivado 12-24828] Executing command : report_control_sets -verbose -file Arty7_top_sim_control_sets_placed.rpt
report_control_sets: Time (s): cpu = 00:00:00.22 ; elapsed = 00:00:00.15 . Memory (MB): peak = 3341.770 ; gain = 0.000 ; free physical = 9376 ; free virtual = 43469
INFO: [Timing 38-480] Writing timing data to binary archive.
Wrote PlaceDB: Time (s): cpu = 00:00:00 ; elapsed = 00:00:00 . Memory (MB): peak = 3341.770 ; gain = 0.000 ; free physical = 9377 ; free virtual = 43469
Wrote PulsedLatchDB: Time (s): cpu = 00:00:00 ; elapsed = 00:00:00 . Memory (MB): peak = 3341.770 ; gain = 0.000 ; free physical = 9377 ; free virtual = 43469
Writing XDEF routing.
Writing XDEF routing logical nets.
Write ShapeDB Complete: Time (s): cpu = 00:00:00.05 ; elapsed = 00:00:00.01 . Memory (MB): peak = 3341.770 ; gain = 0.000 ; free physical = 9376 ; free virtual = 43469
Writing XDEF routing special nets.
Wrote RouteStorage: Time (s): cpu = 00:00:00.05 ; elapsed = 00:00:00.01 . Memory (MB): peak = 3341.770 ; gain = 0.000 ; free physical = 9376 ; free virtual = 43469
Wrote PlaceStorage: Time (s): cpu = 00:00:00.63 ; elapsed = 00:00:00.24 . Memory (MB): peak = 3341.770 ; gain = 0.000 ; free physical = 9365 ; free virtual = 43470
Wrote Netlist Cache: Time (s): cpu = 00:00:00 ; elapsed = 00:00:00.01 . Memory (MB): peak = 3341.770 ; gain = 0.000 ; free physical = 9364 ; free virtual = 43470
Wrote Device Cache: Time (s): cpu = 00:00:00.01 ; elapsed = 00:00:00 . Memory (MB): peak = 3341.770 ; gain = 0.000 ; free physical = 9363 ; free virtual = 43470
Write Physdb Complete: Time (s): cpu = 00:00:00.69 ; elapsed = 00:00:00.27 . Memory (MB): peak = 3341.770 ; gain = 0.000 ; free physical = 9363 ; free virtual = 43470
INFO: [Common 17-1381] The checkpoint '/home/xmen/Desktop/SystolicCore/SystolicCore/SystolicCore.runs/impl_1/Arty7_top_sim_placed.dcp' has been generated.
Command: phys_opt_design
Attempting to get a license for feature 'Implementation' and/or device 'xc7a100t'
INFO: [Common 17-349] Got license for feature 'Implementation' and/or device 'xc7a100t'

Starting Initial Update Timing Task

Time (s): cpu = 00:00:02 ; elapsed = 00:00:00.34 . Memory (MB): peak = 3341.770 ; gain = 0.000 ; free physical = 9376 ; free virtual = 43473
INFO: [Vivado_Tcl 4-2279] Estimated Timing Summary | WNS= 1.443 | TNS= 0.000 | 
INFO: [Vivado_Tcl 4-383] Design worst setup slack (WNS) is greater than or equal to 0.000 ns. All physical synthesis setup optimizations will be skipped.
INFO: [Vivado_Tcl 4-232] No setup violation found. The netlist was not modified.
INFO: [Common 17-83] Releasing license: Implementation
101 Infos, 5 Warnings, 0 Critical Warnings and 0 Errors encountered.
phys_opt_design completed successfully
INFO: [Timing 38-480] Writing timing data to binary archive.
Wrote PlaceDB: Time (s): cpu = 00:00:00 ; elapsed = 00:00:00 . Memory (MB): peak = 3341.770 ; gain = 0.000 ; free physical = 9376 ; free virtual = 43473
Wrote PulsedLatchDB: Time (s): cpu = 00:00:00 ; elapsed = 00:00:00 . Memory (MB): peak = 3341.770 ; gain = 0.000 ; free physical = 9376 ; free virtual = 43473
Writing XDEF routing.
Writing XDEF routing logical nets.
Write ShapeDB Complete: Time (s): cpu = 00:00:00.05 ; elapsed = 00:00:00.01 . Memory (MB): peak = 3341.770 ; gain = 0.000 ; free physical = 9375 ; free virtual = 43473
Writing XDEF routing special nets.
Wrote RouteStorage: Time (s): cpu = 00:00:00.06 ; elapsed = 00:00:00.01 . Memory (MB): peak = 3341.770 ; gain = 0.000 ; free physical = 9375 ; free virtual = 43473
Wrote PlaceStorage: Time (s): cpu = 00:00:00.63 ; elapsed = 00:00:00.25 . Memory (MB): peak = 3341.770 ; gain = 0.000 ; free physical = 9367 ; free virtual = 43477
Wrote Netlist Cache: Time (s): cpu = 00:00:00 ; elapsed = 00:00:00.01 . Memory (MB): peak = 3341.770 ; gain = 0.000 ; free physical = 9366 ; free virtual = 43477
Wrote Device Cache: Time (s): cpu = 00:00:00.01 ; elapsed = 00:00:00 . Memory (MB): peak = 3341.770 ; gain = 0.000 ; free physical = 9366 ; free virtual = 43477
Write Physdb Complete: Time (s): cpu = 00:00:00.7 ; elapsed = 00:00:00.27 . Memory (MB): peak = 3341.770 ; gain = 0.000 ; free physical = 9365 ; free virtual = 43476
INFO: [Common 17-1381] The checkpoint '/home/xmen/Desktop/SystolicCore/SystolicCore/SystolicCore.runs/impl_1/Arty7_top_sim_physopt.dcp' has been generated.
Command: route_design
Attempting to get a license for feature 'Implementation' and/or device 'xc7a100t'
INFO: [Common 17-349] Got license for feature 'Implementation' and/or device 'xc7a100t'


Starting Routing Task
INFO: [Route 35-254] Multithreading enabled for route_design using a maximum of 8 CPUs

Phase 1 Build RT Design
Checksum: PlaceDB: 18c27d83 ConstDB: 0 ShapeSum: 44c6f4ca RouteDB: b1d25f96
Post Restoration Checksum: NetGraph: 1ac0acd4 | NumContArr: 8ca8c740 | Constraints: c2a8fa9d | Timing: c2a8fa9d
Phase 1 Build RT Design | Checksum: 22cbb694e

Time (s): cpu = 00:00:15 ; elapsed = 00:00:12 . Memory (MB): peak = 3341.770 ; gain = 0.000 ; free physical = 9364 ; free virtual = 43469

Phase 2 Router Initialization

Phase 2.1 Fix Topology Constraints
Phase 2.1 Fix Topology Constraints | Checksum: 22cbb694e

Time (s): cpu = 00:00:15 ; elapsed = 00:00:12 . Memory (MB): peak = 3341.770 ; gain = 0.000 ; free physical = 9364 ; free virtual = 43469

Phase 2.2 Pre Route Cleanup
Phase 2.2 Pre Route Cleanup | Checksum: 22cbb694e

Time (s): cpu = 00:00:15 ; elapsed = 00:00:12 . Memory (MB): peak = 3341.770 ; gain = 0.000 ; free physical = 9364 ; free virtual = 43469

Phase 2.3 Update Timing
Phase 2.3 Update Timing | Checksum: 31c230902

Time (s): cpu = 00:00:18 ; elapsed = 00:00:13 . Memory (MB): peak = 3341.770 ; gain = 0.000 ; free physical = 9355 ; free virtual = 43457
INFO: [Route 35-416] Intermediate Timing Summary | WNS=1.537  | TNS=0.000  | WHS=-1.518 | THS=-161.089|


Phase 2.4 Update Timing for Bus Skew

Phase 2.4.1 Update Timing
Phase 2.4.1 Update Timing | Checksum: 34be43fae

Time (s): cpu = 00:00:20 ; elapsed = 00:00:14 . Memory (MB): peak = 3341.770 ; gain = 0.000 ; free physical = 9366 ; free virtual = 43468
INFO: [Route 35-416] Intermediate Timing Summary | WNS=1.537  | TNS=0.000  | WHS=-2.419 | THS=-21.942|

Phase 2.4 Update Timing for Bus Skew | Checksum: 2f7ebe8fc

Time (s): cpu = 00:00:20 ; elapsed = 00:00:14 . Memory (MB): peak = 3341.770 ; gain = 0.000 ; free physical = 9367 ; free virtual = 43470

Phase 2.5 Soft Constraint Pins - Fast Budgeting
Phase 2.5 Soft Constraint Pins - Fast Budgeting | Checksum: 2f7ebe8fc

Time (s): cpu = 00:00:20 ; elapsed = 00:00:14 . Memory (MB): peak = 3341.770 ; gain = 0.000 ; free physical = 9367 ; free virtual = 43469

Router Utilization Summary
  Global Vertical Routing Utilization    = 0.0336423 %
  Global Horizontal Routing Utilization  = 0.041418 %
  Routable Net Status*
  *Does not include unroutable nets such as driverless and loadless.
  Run report_route_status for detailed report.
  Number of Failed Nets               = 11117
    (Failed Nets is the sum of unrouted and partially routed nets)
  Number of Unrouted Nets             = 10590
  Number of Partially Routed Nets     = 527
  Number of Node Overlaps             = 377

Phase 2 Router Initialization | Checksum: 28eb7c966

Time (s): cpu = 00:00:20 ; elapsed = 00:00:14 . Memory (MB): peak = 3341.770 ; gain = 0.000 ; free physical = 9366 ; free virtual = 43468

Phase 3 Global Routing
Phase 3 Global Routing | Checksum: 28eb7c966

Time (s): cpu = 00:00:20 ; elapsed = 00:00:14 . Memory (MB): peak = 3341.770 ; gain = 0.000 ; free physical = 9366 ; free virtual = 43468

Phase 4 Initial Routing

Phase 4.1 Initial Net Routing Pass
Phase 4.1 Initial Net Routing Pass | Checksum: 220fd6e12

Time (s): cpu = 00:00:21 ; elapsed = 00:00:14 . Memory (MB): peak = 3341.770 ; gain = 0.000 ; free physical = 9366 ; free virtual = 43468
Phase 4 Initial Routing | Checksum: 220fd6e12

Time (s): cpu = 00:00:21 ; elapsed = 00:00:14 . Memory (MB): peak = 3341.770 ; gain = 0.000 ; free physical = 9366 ; free virtual = 43468

Phase 5 Rip-up And Reroute

Phase 5.1 Global Iteration 0
 Number of Nodes with overlaps = 670
 Number of Nodes with overlaps = 25
 Number of Nodes with overlaps = 3
 Number of Nodes with overlaps = 1
 Number of Nodes with overlaps = 0
INFO: [Route 35-416] Intermediate Timing Summary | WNS=1.627  | TNS=0.000  | WHS=N/A    | THS=N/A    |

Phase 5.1 Global Iteration 0 | Checksum: 2be80352d

Time (s): cpu = 00:00:24 ; elapsed = 00:00:15 . Memory (MB): peak = 3341.770 ; gain = 0.000 ; free physical = 9365 ; free virtual = 43468

Phase 5.2 Global Iteration 1
 Number of Nodes with overlaps = 2
 Number of Nodes with overlaps = 0
INFO: [Route 35-416] Intermediate Timing Summary | WNS=1.627  | TNS=0.000  | WHS=N/A    | THS=N/A    |

Phase 5.2 Global Iteration 1 | Checksum: 22cb57f14

Time (s): cpu = 00:00:24 ; elapsed = 00:00:15 . Memory (MB): peak = 3341.770 ; gain = 0.000 ; free physical = 9365 ; free virtual = 43468
Phase 5 Rip-up And Reroute | Checksum: 22cb57f14

Time (s): cpu = 00:00:24 ; elapsed = 00:00:15 . Memory (MB): peak = 3341.770 ; gain = 0.000 ; free physical = 9365 ; free virtual = 43468

Phase 6 Delay and Skew Optimization

Phase 6.1 Delay CleanUp

Phase 6.1.1 Update Timing
Phase 6.1.1 Update Timing | Checksum: 2303c42fd

Time (s): cpu = 00:00:24 ; elapsed = 00:00:15 . Memory (MB): peak = 3341.770 ; gain = 0.000 ; free physical = 9366 ; free virtual = 43468
INFO: [Route 35-416] Intermediate Timing Summary | WNS=1.634  | TNS=0.000  | WHS=N/A    | THS=N/A    |

Phase 6.1 Delay CleanUp | Checksum: 1e9e9d607

Time (s): cpu = 00:00:24 ; elapsed = 00:00:15 . Memory (MB): peak = 3341.770 ; gain = 0.000 ; free physical = 9366 ; free virtual = 43468

Phase 6.2 Clock Skew Optimization
Phase 6.2 Clock Skew Optimization | Checksum: 1e9e9d607

Time (s): cpu = 00:00:24 ; elapsed = 00:00:15 . Memory (MB): peak = 3341.770 ; gain = 0.000 ; free physical = 9366 ; free virtual = 43468
Phase 6 Delay and Skew Optimization | Checksum: 1e9e9d607

Time (s): cpu = 00:00:24 ; elapsed = 00:00:15 . Memory (MB): peak = 3341.770 ; gain = 0.000 ; free physical = 9366 ; free virtual = 43468

Phase 7 Post Hold Fix

Phase 7.1 Hold Fix Iter
INFO: [Route 35-416] Intermediate Timing Summary | WNS=1.634  | TNS=0.000  | WHS=0.041  | THS=0.000  |

Phase 7.1 Hold Fix Iter | Checksum: 1a9443710

Time (s): cpu = 00:00:25 ; elapsed = 00:00:15 . Memory (MB): peak = 3341.770 ; gain = 0.000 ; free physical = 9366 ; free virtual = 43468
Phase 7 Post Hold Fix | Checksum: 1a9443710

Time (s): cpu = 00:00:25 ; elapsed = 00:00:15 . Memory (MB): peak = 3341.770 ; gain = 0.000 ; free physical = 9366 ; free virtual = 43468

Phase 8 Route finalize

Router Utilization Summary
  Global Vertical Routing Utilization    = 1.18327 %
  Global Horizontal Routing Utilization  = 1.53176 %
  Routable Net Status*
  *Does not include unroutable nets such as driverless and loadless.
  Run report_route_status for detailed report.
  Number of Failed Nets               = 0
    (Failed Nets is the sum of unrouted and partially routed nets)
  Number of Unrouted Nets             = 0
  Number of Partially Routed Nets     = 0
  Number of Node Overlaps             = 0

Phase 8 Route finalize | Checksum: 1a9443710

Time (s): cpu = 00:00:25 ; elapsed = 00:00:15 . Memory (MB): peak = 3341.770 ; gain = 0.000 ; free physical = 9366 ; free virtual = 43468

Phase 9 Verifying routed nets

 Verification completed successfully
Phase 9 Verifying routed nets | Checksum: 1a9443710

Time (s): cpu = 00:00:25 ; elapsed = 00:00:15 . Memory (MB): peak = 3341.770 ; gain = 0.000 ; free physical = 9365 ; free virtual = 43468

Phase 10 Depositing Routes
Phase 10 Depositing Routes | Checksum: 18e33547d

Time (s): cpu = 00:00:25 ; elapsed = 00:00:16 . Memory (MB): peak = 3341.770 ; gain = 0.000 ; free physical = 9366 ; free virtual = 43468

Phase 11 Post Process Routing
Phase 11 Post Process Routing | Checksum: 18e33547d

Time (s): cpu = 00:00:25 ; elapsed = 00:00:16 . Memory (MB): peak = 3341.770 ; gain = 0.000 ; free physical = 9366 ; free virtual = 43469

Phase 12 Post Router Timing
INFO: [Route 35-57] Estimated Timing Summary | WNS=1.634  | TNS=0.000  | WHS=0.041  | THS=0.000  |

INFO: [Route 35-327] The final timing numbers are based on the router estimated timing analysis. For a complete and accurate timing signoff, please run report_timing_summary.
Phase 12 Post Router Timing | Checksum: 18e33547d

Time (s): cpu = 00:00:25 ; elapsed = 00:00:16 . Memory (MB): peak = 3341.770 ; gain = 0.000 ; free physical = 9366 ; free virtual = 43469
Total Elapsed time in route_design: 15.72 secs

Phase 13 Post-Route Event Processing
Phase 13 Post-Route Event Processing | Checksum: 19ddb3f4b

Time (s): cpu = 00:00:25 ; elapsed = 00:00:16 . Memory (MB): peak = 3341.770 ; gain = 0.000 ; free physical = 9366 ; free virtual = 43469
INFO: [Route 35-16] Router Completed Successfully
Ending Routing Task | Checksum: 19ddb3f4b

Time (s): cpu = 00:00:25 ; elapsed = 00:00:16 . Memory (MB): peak = 3341.770 ; gain = 0.000 ; free physical = 9366 ; free virtual = 43469

Routing Is Done.
INFO: [Common 17-83] Releasing license: Implementation
115 Infos, 5 Warnings, 0 Critical Warnings and 0 Errors encountered.
route_design completed successfully
route_design: Time (s): cpu = 00:00:25 ; elapsed = 00:00:16 . Memory (MB): peak = 3341.770 ; gain = 0.000 ; free physical = 9367 ; free virtual = 43469
INFO: [Vivado 12-24828] Executing command : report_drc -file Arty7_top_sim_drc_routed.rpt -pb Arty7_top_sim_drc_routed.pb -rpx Arty7_top_sim_drc_routed.rpx
Command: report_drc -file Arty7_top_sim_drc_routed.rpt -pb Arty7_top_sim_drc_routed.pb -rpx Arty7_top_sim_drc_routed.rpx
INFO: [IP_Flow 19-1839] IP Catalog is up to date.
INFO: [DRC 23-27] Running DRC with 8 threads
INFO: [Vivado_Tcl 2-168] The results of DRC are in file /home/xmen/Desktop/SystolicCore/SystolicCore/SystolicCore.runs/impl_1/Arty7_top_sim_drc_routed.rpt.
report_drc completed successfully
INFO: [Vivado 12-24828] Executing command : report_methodology -file Arty7_top_sim_methodology_drc_routed.rpt -pb Arty7_top_sim_methodology_drc_routed.pb -rpx Arty7_top_sim_methodology_drc_routed.rpx
Command: report_methodology -file Arty7_top_sim_methodology_drc_routed.rpt -pb Arty7_top_sim_methodology_drc_routed.pb -rpx Arty7_top_sim_methodology_drc_routed.rpx
INFO: [Timing 38-35] Done setting XDC timing constraints.
INFO: [DRC 23-133] Running Methodology with 8 threads
INFO: [Vivado_Tcl 2-1520] The results of Report Methodology are in file /home/xmen/Desktop/SystolicCore/SystolicCore/SystolicCore.runs/impl_1/Arty7_top_sim_methodology_drc_routed.rpt.
report_methodology completed successfully
INFO: [Vivado 12-24828] Executing command : report_timing_summary -max_paths 10 -routable_nets -report_unconstrained -file Arty7_top_sim_timing_summary_routed.rpt -pb Arty7_top_sim_timing_summary_routed.pb -rpx Arty7_top_sim_timing_summary_routed.rpx -warn_on_violation 
INFO: [Timing 38-35] Done setting XDC timing constraints.
INFO: [Timing 38-91] UpdateTimingParams: Speed grade: -1, Delay Type: min_max.
INFO: [Timing 38-191] Multithreading enabled for timing update using a maximum of 8 CPUs
WARNING: [Timing 38-436] There are set_bus_skew constraint(s) in this design. Please run report_bus_skew to ensure that bus skew requirements are met.
INFO: [Vivado 12-24838] Running report commands "report_bus_skew, report_incremental_reuse, report_route_status" in parallel.
Running report generation with 3 threads.
INFO: [Vivado 12-24828] Executing command : report_incremental_reuse -file Arty7_top_sim_incremental_reuse_routed.rpt
INFO: [Vivado_Tcl 4-1062] Incremental flow is disabled. No incremental reuse Info to report.
INFO: [Vivado 12-24828] Executing command : report_route_status -file Arty7_top_sim_route_status.rpt -pb Arty7_top_sim_route_status.pb
INFO: [Vivado 12-24828] Executing command : report_bus_skew -warn_on_violation -file Arty7_top_sim_bus_skew_routed.rpt -pb Arty7_top_sim_bus_skew_routed.pb -rpx Arty7_top_sim_bus_skew_routed.rpx
INFO: [Timing 38-91] UpdateTimingParams: Speed grade: -1, Delay Type: min_max.
INFO: [Timing 38-191] Multithreading enabled for timing update using a maximum of 8 CPUs
INFO: [Vivado 12-24828] Executing command : report_power -file Arty7_top_sim_power_routed.rpt -pb Arty7_top_sim_power_summary_routed.pb -rpx Arty7_top_sim_power_routed.rpx
Command: report_power -file Arty7_top_sim_power_routed.rpt -pb Arty7_top_sim_power_summary_routed.pb -rpx Arty7_top_sim_power_routed.rpx
Running Vector-less Activity Propagation...

Finished Running Vector-less Activity Propagation
135 Infos, 6 Warnings, 0 Critical Warnings and 0 Errors encountered.
report_power completed successfully
INFO: [Vivado 12-24828] Executing command : report_clock_utilization -file Arty7_top_sim_clock_utilization_routed.rpt
INFO: [Timing 38-480] Writing timing data to binary archive.
Wrote PlaceDB: Time (s): cpu = 00:00:00 ; elapsed = 00:00:00 . Memory (MB): peak = 3341.770 ; gain = 0.000 ; free physical = 9304 ; free virtual = 43423
Wrote PulsedLatchDB: Time (s): cpu = 00:00:00 ; elapsed = 00:00:00 . Memory (MB): peak = 3341.770 ; gain = 0.000 ; free physical = 9304 ; free virtual = 43423
Writing XDEF routing.
Writing XDEF routing logical nets.
Write ShapeDB Complete: Time (s): cpu = 00:00:00.04 ; elapsed = 00:00:00.01 . Memory (MB): peak = 3341.770 ; gain = 0.000 ; free physical = 9303 ; free virtual = 43423
Writing XDEF routing special nets.
Wrote RouteStorage: Time (s): cpu = 00:00:00.26 ; elapsed = 00:00:00.06 . Memory (MB): peak = 3341.770 ; gain = 0.000 ; free physical = 9300 ; free virtual = 43424
Wrote PlaceStorage: Time (s): cpu = 00:00:00.5 ; elapsed = 00:00:00.24 . Memory (MB): peak = 3341.770 ; gain = 0.000 ; free physical = 9292 ; free virtual = 43426
Wrote Netlist Cache: Time (s): cpu = 00:00:00.01 ; elapsed = 00:00:00.01 . Memory (MB): peak = 3341.770 ; gain = 0.000 ; free physical = 9291 ; free virtual = 43426
Wrote Device Cache: Time (s): cpu = 00:00:00 ; elapsed = 00:00:00 . Memory (MB): peak = 3341.770 ; gain = 0.000 ; free physical = 9290 ; free virtual = 43426
Write Physdb Complete: Time (s): cpu = 00:00:00.77 ; elapsed = 00:00:00.31 . Memory (MB): peak = 3341.770 ; gain = 0.000 ; free physical = 9290 ; free virtual = 43426
INFO: [Common 17-1381] The checkpoint '/home/xmen/Desktop/SystolicCore/SystolicCore/SystolicCore.runs/impl_1/Arty7_top_sim_routed.dcp' has been generated.
Command: write_bitstream -force Arty7_top_sim.bit
Attempting to get a license for feature 'Implementation' and/or device 'xc7a100t'
INFO: [Common 17-349] Got license for feature 'Implementation' and/or device 'xc7a100t'
Running DRC as a precondition to command write_bitstream
INFO: [IP_Flow 19-1839] IP Catalog is up to date.
INFO: [DRC 23-27] Running DRC with 8 threads
INFO: [Vivado 12-3199] DRC finished with 0 Errors
INFO: [Vivado 12-3200] Please refer to the DRC report (report_drc) for more information.
Integrating Hard IP ELF/MEM with the PDI.
INFO: [Designutils 20-2272] Running write_bitstream with 8 threads.
Loading data files...
Loading site data...
Loading route data...
Processing options...
Creating bitmap...
Creating bitstream...
Writing bitstream ./Arty7_top_sim.bit...
INFO: [Vivado 12-1842] Bitgen Completed Successfully.
INFO: [Common 17-83] Releasing license: Implementation
146 Infos, 6 Warnings, 0 Critical Warnings and 0 Errors encountered.
write_bitstream completed successfully
write_bitstream: Time (s): cpu = 00:00:10 ; elapsed = 00:00:24 . Memory (MB): peak = 3602.996 ; gain = 261.227 ; free physical = 8987 ; free virtual = 43106
INFO: [Common 17-206] Exiting Vivado at Tue Nov 25 03:02:15 2025...
