Vivado Simulator v2025.2
Copyright 1986-2022 Xilinx, Inc. All Rights Reserved.
Copyright 2022-2025 Advanced Micro Devices, Inc. All Rights Reserved.
Running: /home/xmen/Music/2025.2/Vivado/bin/unwrapped/lnx64.o/xelab --incr --debug typical --relax --mt 8 -L xil_defaultlib -L blk_mem_gen_v8_4_12 -L uvm -L xilinx_vip -L unisims_ver -L unimacro_ver -L secureip -L xpm --snapshot tb_behav xil_defaultlib.tb xil_defaultlib.glbl -log elaborate.log 
Using 8 slave threads.
Starting static elaboration
Pass Through NonSizing Optimizer
WARNING: [VRFC 10-3091] actual bit length 8 differs from formal bit length 32 for port 's_axis_tdata' [/home/xmen/Videos/RustDesk/SystolicCore/SystolicCore/tb/tb_fpga.sv:169]
WARNING: [VRFC 10-3091] actual bit length 32 differs from formal bit length 1 for port 'm_axis_tready' [/home/xmen/Videos/RustDesk/SystolicCore/SystolicCore/tb/tb_fpga.sv:175]
WARNING: [VRFC 10-3091] actual bit length 32 differs from formal bit length 8 for port 'uart_data_rx_out' [/home/xmen/Videos/RustDesk/SystolicCore/SystolicCore/rtl/AXI_Stream_Systolic_Core.v:58]
WARNING: [VRFC 10-3091] actual bit length 32 differs from formal bit length 8 for port 'uart_data_tx_in' [/home/xmen/Videos/RustDesk/SystolicCore/SystolicCore/rtl/AXI_Stream_Systolic_Core.v:60]
WARNING: [VRFC 10-3091] actual bit length 4 differs from formal bit length 64 for port 'probe2' [/home/xmen/Videos/RustDesk/SystolicCore/SystolicCore/rtl/serial2mem.sv:122]
WARNING: [VRFC 10-3091] actual bit length 4 differs from formal bit length 8 for port 'probe3' [/home/xmen/Videos/RustDesk/SystolicCore/SystolicCore/rtl/serial2mem.sv:123]
WARNING: [VRFC 10-3091] actual bit length 32 differs from formal bit length 8 for port 'probe4' [/home/xmen/Videos/RustDesk/SystolicCore/SystolicCore/rtl/serial2mem.sv:124]
WARNING: [VRFC 10-3091] actual bit length 5 differs from formal bit length 8 for port 'probe5' [/home/xmen/Videos/RustDesk/SystolicCore/SystolicCore/rtl/serial2mem.sv:125]
WARNING: [VRFC 10-3091] actual bit length 4 differs from formal bit length 8 for port 'probe1' [/home/xmen/Videos/RustDesk/SystolicCore/SystolicCore/rtl/mem2serial.sv:161]
WARNING: [VRFC 10-3091] actual bit length 4 differs from formal bit length 8 for port 'probe2' [/home/xmen/Videos/RustDesk/SystolicCore/SystolicCore/rtl/mem2serial.sv:162]
WARNING: [VRFC 10-3091] actual bit length 32 differs from formal bit length 8 for port 'probe3' [/home/xmen/Videos/RustDesk/SystolicCore/SystolicCore/rtl/mem2serial.sv:163]
WARNING: [VRFC 10-3818] variable 'tb_uart_data_tx_in' is driven by invalid combination of procedural drivers [/home/xmen/Videos/RustDesk/SystolicCore/SystolicCore/tb/tb_fpga.sv:30]
WARNING: [VRFC 10-2921] 'tb_uart_data_tx_in' driven by this always_comb block should not be driven by any other process [/home/xmen/Videos/RustDesk/SystolicCore/SystolicCore/tb/tb_fpga.sv:116]
WARNING: [VRFC 10-3129] assignment to input 's_axis_tlast' [/home/xmen/Videos/RustDesk/SystolicCore/SystolicCore/rtl/AXI_Stream_Systolic_Core.v:57]
WARNING: [VRFC 10-10063] index 16 into 'b_vec' is out of bounds [/home/xmen/Videos/RustDesk/SystolicCore/SystolicCore/rtl/systolicMatrixMultiply.sv:52]
WARNING: [VRFC 10-10063] index 16 into 'a_vec' is out of bounds [/home/xmen/Videos/RustDesk/SystolicCore/SystolicCore/rtl/systolicMatrixMultiply.sv:51]
Completed static elaboration
Starting simulation data flow analysis
WARNING: [XSIM 43-4099] "/home/xmen/Videos/RustDesk/SystolicCore/SystolicCore/rtl/SystolicControlUnit.sv" Line 1. Module systolicControlUnitTop doesn't have a timescale but at least one module in design has a timescale.
Completed simulation data flow analysis
Time Resolution for simulation is 1ps
Compiling module xil_defaultlib.accumulator_cells(WIDTH=8)
Compiling module xil_defaultlib.systolicMatrixMultiply(SIZE=16)
Compiling module blk_mem_gen_v8_4_12.blk_mem_gen_v8_4_12_output_stage...
Compiling module blk_mem_gen_v8_4_12.blk_mem_gen_v8_4_12_output_stage...
Compiling module blk_mem_gen_v8_4_12.blk_mem_gen_v8_4_12_softecc_outp...
Compiling module blk_mem_gen_v8_4_12.blk_mem_gen_v8_4_12_mem_module(C...
Compiling module blk_mem_gen_v8_4_12.blk_mem_gen_v8_4_12(C_FAMILY="zy...
Compiling module xil_defaultlib.ram_dual_port
Compiling module xil_defaultlib.ila_2
Compiling module xil_defaultlib.serial2mem(SIZE=16)
Compiling module xil_defaultlib.ila_1
Compiling module xil_defaultlib.mem2seriala(SIZE=16)
Compiling module xil_defaultlib.systolicControlUnitTop
Compiling module xil_defaultlib.ila_3
Compiling module xil_defaultlib.SystolicCoreTop(SIZE=16)
Compiling module xil_defaultlib.AXI_Stream_Systolic_Core
Compiling module xil_defaultlib.tb
Compiling module xil_defaultlib.glbl
Built simulation snapshot tb_behav
