Time resolution is 1 ps
 Block Memory Generator module loading initial data...
 Block Memory Generator data initialization complete.
Block Memory Generator module tb.your_instance_name.inst.native_mem_module.blk_mem_gen_v8_4_12_inst is using a behavioral model for simulation which will not precisely model memory collision behavior.
Block Memory Generator module tb.Core0.SystolicCore0.serial2mem_opA.ram_0.inst.native_mem_module.blk_mem_gen_v8_4_12_inst is using a behavioral model for simulation which will not precisely model memory collision behavior.
Block Memory Generator module tb.Core0.SystolicCore0.serial2mem_opB.ram_0.inst.native_mem_module.blk_mem_gen_v8_4_12_inst is using a behavioral model for simulation which will not precisely model memory collision behavior.
WARNING: Too many words specified in data file testeINPUT_A.mem
blk_mem_gen_v8_4_12 collision detected at time: 13500, Instance: tb.Core0.SystolicCore0.serial2mem_opA.ram_0.inst.native_mem_module.blk_mem_gen_v8_4_12_inst, A write address: 0, B  read address: 0
blk_mem_gen_v8_4_12 collision detected at time: 13500, Instance: tb.Core0.SystolicCore0.serial2mem_opB.ram_0.inst.native_mem_module.blk_mem_gen_v8_4_12_inst, A write address: 0, B  read address: 0
blk_mem_gen_v8_4_12 collision detected at time: 16500, Instance: tb.Core0.SystolicCore0.serial2mem_opA.ram_0.inst.native_mem_module.blk_mem_gen_v8_4_12_inst, A write address: 0, B  read address: 0
blk_mem_gen_v8_4_12 collision detected at time: 16500, Instance: tb.Core0.SystolicCore0.serial2mem_opB.ram_0.inst.native_mem_module.blk_mem_gen_v8_4_12_inst, A write address: 0, B  read address: 0
blk_mem_gen_v8_4_12 collision detected at time: 19500, Instance: tb.Core0.SystolicCore0.serial2mem_opA.ram_0.inst.native_mem_module.blk_mem_gen_v8_4_12_inst, A write address: 0, B  read address: 0
blk_mem_gen_v8_4_12 collision detected at time: 19500, Instance: tb.Core0.SystolicCore0.serial2mem_opB.ram_0.inst.native_mem_module.blk_mem_gen_v8_4_12_inst, A write address: 0, B  read address: 0
blk_mem_gen_v8_4_12 collision detected at time: 22500, Instance: tb.Core0.SystolicCore0.serial2mem_opA.ram_0.inst.native_mem_module.blk_mem_gen_v8_4_12_inst, A write address: 0, B  read address: 0
blk_mem_gen_v8_4_12 collision detected at time: 22500, Instance: tb.Core0.SystolicCore0.serial2mem_opB.ram_0.inst.native_mem_module.blk_mem_gen_v8_4_12_inst, A write address: 0, B  read address: 0
 Block Memory Generator module loading initial data...
 Block Memory Generator data initialization complete.
Block Memory Generator module tb.your_instance_name.inst.native_mem_module.blk_mem_gen_v8_4_12_inst is using a behavioral model for simulation which will not precisely model memory collision behavior.
Block Memory Generator module tb.Core0.SystolicCore0.serial2mem_opA.ram_0.inst.native_mem_module.blk_mem_gen_v8_4_12_inst is using a behavioral model for simulation which will not precisely model memory collision behavior.
Block Memory Generator module tb.Core0.SystolicCore0.serial2mem_opB.ram_0.inst.native_mem_module.blk_mem_gen_v8_4_12_inst is using a behavioral model for simulation which will not precisely model memory collision behavior.
WARNING: Too many words specified in data file testeINPUT_A.mem
blk_mem_gen_v8_4_12 collision detected at time: 13500, Instance: tb.Core0.SystolicCore0.serial2mem_opA.ram_0.inst.native_mem_module.blk_mem_gen_v8_4_12_inst, A write address: 0, B  read address: 0
blk_mem_gen_v8_4_12 collision detected at time: 13500, Instance: tb.Core0.SystolicCore0.serial2mem_opB.ram_0.inst.native_mem_module.blk_mem_gen_v8_4_12_inst, A write address: 0, B  read address: 0
blk_mem_gen_v8_4_12 collision detected at time: 16500, Instance: tb.Core0.SystolicCore0.serial2mem_opA.ram_0.inst.native_mem_module.blk_mem_gen_v8_4_12_inst, A write address: 0, B  read address: 0
blk_mem_gen_v8_4_12 collision detected at time: 16500, Instance: tb.Core0.SystolicCore0.serial2mem_opB.ram_0.inst.native_mem_module.blk_mem_gen_v8_4_12_inst, A write address: 0, B  read address: 0
blk_mem_gen_v8_4_12 collision detected at time: 19500, Instance: tb.Core0.SystolicCore0.serial2mem_opA.ram_0.inst.native_mem_module.blk_mem_gen_v8_4_12_inst, A write address: 0, B  read address: 0
blk_mem_gen_v8_4_12 collision detected at time: 19500, Instance: tb.Core0.SystolicCore0.serial2mem_opB.ram_0.inst.native_mem_module.blk_mem_gen_v8_4_12_inst, A write address: 0, B  read address: 0
blk_mem_gen_v8_4_12 collision detected at time: 22500, Instance: tb.Core0.SystolicCore0.serial2mem_opA.ram_0.inst.native_mem_module.blk_mem_gen_v8_4_12_inst, A write address: 0, B  read address: 0
blk_mem_gen_v8_4_12 collision detected at time: 22500, Instance: tb.Core0.SystolicCore0.serial2mem_opB.ram_0.inst.native_mem_module.blk_mem_gen_v8_4_12_inst, A write address: 0, B  read address: 0
blk_mem_gen_v8_4_12 WARNING: Address 1f is outside range for A Write
blk_mem_gen_v8_4_12 WARNING: Address 1f is outside range for B Read
blk_mem_gen_v8_4_12 WARNING: Address 1f is outside range for B Read
blk_mem_gen_v8_4_12 WARNING: Address 1f is outside range for B Read
blk_mem_gen_v8_4_12 WARNING: Address 1f is outside range for B Read
