INFO: [VRFC 10-2263] Analyzing SystemVerilog file "/home/xmen/Videos/SystolicCore/rtl/Arty7_top_sim.sv" into library xil_defaultlib
INFO: [VRFC 10-311] analyzing module Arty7_top_sim
INFO: [VRFC 10-2263] Analyzing SystemVerilog file "/home/xmen/Videos/SystolicCore/rtl/SystolicControlUnit.sv" into library xil_defaultlib
INFO: [VRFC 10-311] analyzing module systolicControlUnitTop
INFO: [VRFC 10-2263] Analyzing SystemVerilog file "/home/xmen/Videos/SystolicCore/rtl/SystolicCore.sv" into library xil_defaultlib
INFO: [VRFC 10-311] analyzing module SystolicCoreTop
INFO: [VRFC 10-2263] Analyzing SystemVerilog file "/home/xmen/Videos/SystolicCore/rtl/accumulator.sv" into library xil_defaultlib
INFO: [VRFC 10-311] analyzing module accumulator_cells
INFO: [VRFC 10-2263] Analyzing SystemVerilog file "/home/xmen/Videos/SystolicCore/rtl/uart/rtl/counter.sv" into library xil_defaultlib
INFO: [VRFC 10-311] analyzing module counter
INFO: [VRFC 10-2263] Analyzing SystemVerilog file "/home/xmen/Videos/SystolicCore/rtl/mem2serial.sv" into library xil_defaultlib
INFO: [VRFC 10-311] analyzing module mem2seriala
INFO: [VRFC 10-2263] Analyzing SystemVerilog file "/home/xmen/Videos/SystolicCore/rtl/uart/rtl/ref_clock.sv" into library xil_defaultlib
INFO: [VRFC 10-311] analyzing module ref_clock
INFO: [VRFC 10-2263] Analyzing SystemVerilog file "/home/xmen/Videos/SystolicCore/rtl/serial2mem.sv" into library xil_defaultlib
INFO: [VRFC 10-311] analyzing module serial2mem
INFO: [VRFC 10-2263] Analyzing SystemVerilog file "/home/xmen/Videos/SystolicCore/rtl/systolicMatrixMultiply.sv" into library xil_defaultlib
INFO: [VRFC 10-311] analyzing module systolicMatrixMultiply
INFO: [VRFC 10-2263] Analyzing SystemVerilog file "/home/xmen/Videos/SystolicCore/rtl/src/uart_top.sv" into library xil_defaultlib
INFO: [VRFC 10-311] analyzing module uart_top
INFO: [VRFC 10-2263] Analyzing SystemVerilog file "/home/xmen/Videos/SystolicCore/tb/tb_fpga.sv" into library xil_defaultlib
INFO: [VRFC 10-311] analyzing module tb
WARNING: [VRFC 10-8658] /* is inside a comment [/home/xmen/Videos/SystolicCore/tb/tb_fpga.sv:75]
