Time resolution is 1 ps
Block Memory Generator module tb.a.SystolicCore0.serial2mem_opA.ram.inst.native_mem_module.blk_mem_gen_v8_4_12_inst is using a behavioral model for simulation which will not precisely model memory collision behavior.
Block Memory Generator module tb.a.SystolicCore0.serial2mem_opB.ram.inst.native_mem_module.blk_mem_gen_v8_4_12_inst is using a behavioral model for simulation which will not precisely model memory collision behavior.
Block Memory Generator module tb.a.SystolicCore1.serial2mem_opA.ram.inst.native_mem_module.blk_mem_gen_v8_4_12_inst is using a behavioral model for simulation which will not precisely model memory collision behavior.
Block Memory Generator module tb.a.SystolicCore1.serial2mem_opB.ram.inst.native_mem_module.blk_mem_gen_v8_4_12_inst is using a behavioral model for simulation which will not precisely model memory collision behavior.
blk_mem_gen_v8_4_12 collision detected at time: 45000, Instance: tb.a.SystolicCore0.serial2mem_opA.ram.inst.native_mem_module.blk_mem_gen_v8_4_12_inst, A write address: 0, B  read address: 0
blk_mem_gen_v8_4_12 collision detected at time: 45000, Instance: tb.a.SystolicCore0.serial2mem_opB.ram.inst.native_mem_module.blk_mem_gen_v8_4_12_inst, A write address: 0, B  read address: 0
blk_mem_gen_v8_4_12 collision detected at time: 45000, Instance: tb.a.SystolicCore1.serial2mem_opA.ram.inst.native_mem_module.blk_mem_gen_v8_4_12_inst, A write address: 0, B  read address: 0
blk_mem_gen_v8_4_12 collision detected at time: 45000, Instance: tb.a.SystolicCore1.serial2mem_opB.ram.inst.native_mem_module.blk_mem_gen_v8_4_12_inst, A write address: 0, B  read address: 0
blk_mem_gen_v8_4_12 collision detected at time: 55000, Instance: tb.a.SystolicCore0.serial2mem_opA.ram.inst.native_mem_module.blk_mem_gen_v8_4_12_inst, A write address: 0, B  read address: 0
blk_mem_gen_v8_4_12 collision detected at time: 55000, Instance: tb.a.SystolicCore0.serial2mem_opB.ram.inst.native_mem_module.blk_mem_gen_v8_4_12_inst, A write address: 0, B  read address: 0
blk_mem_gen_v8_4_12 collision detected at time: 55000, Instance: tb.a.SystolicCore1.serial2mem_opA.ram.inst.native_mem_module.blk_mem_gen_v8_4_12_inst, A write address: 0, B  read address: 0
blk_mem_gen_v8_4_12 collision detected at time: 55000, Instance: tb.a.SystolicCore1.serial2mem_opB.ram.inst.native_mem_module.blk_mem_gen_v8_4_12_inst, A write address: 0, B  read address: 0
blk_mem_gen_v8_4_12 collision detected at time: 65000, Instance: tb.a.SystolicCore0.serial2mem_opA.ram.inst.native_mem_module.blk_mem_gen_v8_4_12_inst, A write address: 0, B  read address: 0
blk_mem_gen_v8_4_12 collision detected at time: 65000, Instance: tb.a.SystolicCore0.serial2mem_opB.ram.inst.native_mem_module.blk_mem_gen_v8_4_12_inst, A write address: 0, B  read address: 0
blk_mem_gen_v8_4_12 collision detected at time: 65000, Instance: tb.a.SystolicCore1.serial2mem_opA.ram.inst.native_mem_module.blk_mem_gen_v8_4_12_inst, A write address: 0, B  read address: 0
blk_mem_gen_v8_4_12 collision detected at time: 65000, Instance: tb.a.SystolicCore1.serial2mem_opB.ram.inst.native_mem_module.blk_mem_gen_v8_4_12_inst, A write address: 0, B  read address: 0
blk_mem_gen_v8_4_12 collision detected at time: 75000, Instance: tb.a.SystolicCore0.serial2mem_opA.ram.inst.native_mem_module.blk_mem_gen_v8_4_12_inst, A write address: 0, B  read address: 0
blk_mem_gen_v8_4_12 collision detected at time: 75000, Instance: tb.a.SystolicCore0.serial2mem_opB.ram.inst.native_mem_module.blk_mem_gen_v8_4_12_inst, A write address: 0, B  read address: 0
blk_mem_gen_v8_4_12 collision detected at time: 75000, Instance: tb.a.SystolicCore1.serial2mem_opA.ram.inst.native_mem_module.blk_mem_gen_v8_4_12_inst, A write address: 0, B  read address: 0
blk_mem_gen_v8_4_12 collision detected at time: 75000, Instance: tb.a.SystolicCore1.serial2mem_opB.ram.inst.native_mem_module.blk_mem_gen_v8_4_12_inst, A write address: 0, B  read address: 0
Block Memory Generator module tb.a.SystolicCore0.serial2mem_opA.ram.inst.native_mem_module.blk_mem_gen_v8_4_12_inst is using a behavioral model for simulation which will not precisely model memory collision behavior.
Block Memory Generator module tb.a.SystolicCore0.serial2mem_opB.ram.inst.native_mem_module.blk_mem_gen_v8_4_12_inst is using a behavioral model for simulation which will not precisely model memory collision behavior.
Block Memory Generator module tb.a.SystolicCore1.serial2mem_opA.ram.inst.native_mem_module.blk_mem_gen_v8_4_12_inst is using a behavioral model for simulation which will not precisely model memory collision behavior.
Block Memory Generator module tb.a.SystolicCore1.serial2mem_opB.ram.inst.native_mem_module.blk_mem_gen_v8_4_12_inst is using a behavioral model for simulation which will not precisely model memory collision behavior.
blk_mem_gen_v8_4_12 collision detected at time: 45000, Instance: tb.a.SystolicCore0.serial2mem_opA.ram.inst.native_mem_module.blk_mem_gen_v8_4_12_inst, A write address: 0, B  read address: 0
blk_mem_gen_v8_4_12 collision detected at time: 45000, Instance: tb.a.SystolicCore0.serial2mem_opB.ram.inst.native_mem_module.blk_mem_gen_v8_4_12_inst, A write address: 0, B  read address: 0
blk_mem_gen_v8_4_12 collision detected at time: 45000, Instance: tb.a.SystolicCore1.serial2mem_opA.ram.inst.native_mem_module.blk_mem_gen_v8_4_12_inst, A write address: 0, B  read address: 0
blk_mem_gen_v8_4_12 collision detected at time: 45000, Instance: tb.a.SystolicCore1.serial2mem_opB.ram.inst.native_mem_module.blk_mem_gen_v8_4_12_inst, A write address: 0, B  read address: 0
blk_mem_gen_v8_4_12 collision detected at time: 55000, Instance: tb.a.SystolicCore0.serial2mem_opA.ram.inst.native_mem_module.blk_mem_gen_v8_4_12_inst, A write address: 0, B  read address: 0
blk_mem_gen_v8_4_12 collision detected at time: 55000, Instance: tb.a.SystolicCore0.serial2mem_opB.ram.inst.native_mem_module.blk_mem_gen_v8_4_12_inst, A write address: 0, B  read address: 0
blk_mem_gen_v8_4_12 collision detected at time: 55000, Instance: tb.a.SystolicCore1.serial2mem_opA.ram.inst.native_mem_module.blk_mem_gen_v8_4_12_inst, A write address: 0, B  read address: 0
blk_mem_gen_v8_4_12 collision detected at time: 55000, Instance: tb.a.SystolicCore1.serial2mem_opB.ram.inst.native_mem_module.blk_mem_gen_v8_4_12_inst, A write address: 0, B  read address: 0
blk_mem_gen_v8_4_12 collision detected at time: 65000, Instance: tb.a.SystolicCore0.serial2mem_opA.ram.inst.native_mem_module.blk_mem_gen_v8_4_12_inst, A write address: 0, B  read address: 0
blk_mem_gen_v8_4_12 collision detected at time: 65000, Instance: tb.a.SystolicCore0.serial2mem_opB.ram.inst.native_mem_module.blk_mem_gen_v8_4_12_inst, A write address: 0, B  read address: 0
blk_mem_gen_v8_4_12 collision detected at time: 65000, Instance: tb.a.SystolicCore1.serial2mem_opA.ram.inst.native_mem_module.blk_mem_gen_v8_4_12_inst, A write address: 0, B  read address: 0
blk_mem_gen_v8_4_12 collision detected at time: 65000, Instance: tb.a.SystolicCore1.serial2mem_opB.ram.inst.native_mem_module.blk_mem_gen_v8_4_12_inst, A write address: 0, B  read address: 0
blk_mem_gen_v8_4_12 collision detected at time: 75000, Instance: tb.a.SystolicCore0.serial2mem_opA.ram.inst.native_mem_module.blk_mem_gen_v8_4_12_inst, A write address: 0, B  read address: 0
blk_mem_gen_v8_4_12 collision detected at time: 75000, Instance: tb.a.SystolicCore0.serial2mem_opB.ram.inst.native_mem_module.blk_mem_gen_v8_4_12_inst, A write address: 0, B  read address: 0
blk_mem_gen_v8_4_12 collision detected at time: 75000, Instance: tb.a.SystolicCore1.serial2mem_opA.ram.inst.native_mem_module.blk_mem_gen_v8_4_12_inst, A write address: 0, B  read address: 0
blk_mem_gen_v8_4_12 collision detected at time: 75000, Instance: tb.a.SystolicCore1.serial2mem_opB.ram.inst.native_mem_module.blk_mem_gen_v8_4_12_inst, A write address: 0, B  read address: 0
blk_mem_gen_v8_4_12 WARNING: Address 1f is outside range for B Read
blk_mem_gen_v8_4_12 WARNING: Address 1f is outside range for B Read
blk_mem_gen_v8_4_12 WARNING: Address 1f is outside range for B Read
blk_mem_gen_v8_4_12 WARNING: Address 1f is outside range for B Read
