Copyright 1986-2022 Xilinx, Inc. All Rights Reserved. Copyright 2022-2025 Advanced Micro Devices, Inc. All Rights Reserved.
---------------------------------------------------------------------------------------------------------------------------------------------
| Tool Version : Vivado v.2025.1 (lin64) Build 6140274 Wed May 21 22:58:25 MDT 2025
| Date         : Wed Nov  5 00:25:08 2025
| Host         : VT0144 running 64-bit Rocky Linux release 8.10 (Green Obsidian)
| Command      : report_control_sets -verbose -file Arty7_top_sim_control_sets_placed.rpt
| Design       : Arty7_top_sim
| Device       : xc7a100t
---------------------------------------------------------------------------------------------------------------------------------------------

Control Set Information

Table of Contents
-----------------
1. Summary
2. Histogram
3. Flip-Flop Distribution
4. Detailed Control Set Information

1. Summary
----------

+----------------------------------------------------------+-------+
|                          Status                          | Count |
+----------------------------------------------------------+-------+
| Total control sets                                       |    55 |
|    Minimum number of control sets                        |    55 |
|    Addition due to synthesis replication                 |     0 |
|    Addition due to physical synthesis replication        |     0 |
| Unused register locations in slices containing registers |    96 |
+----------------------------------------------------------+-------+
* Control sets can be merged at opt_design using control_set_merge or merge_equivalent_drivers
** Run report_qor_suggestions for automated merging and remapping suggestions


2. Histogram
------------

+--------------------+-------+
|       Fanout       | Count |
+--------------------+-------+
| Total control sets |    55 |
| >= 0 to < 4        |     9 |
| >= 4 to < 6        |     2 |
| >= 6 to < 8        |     3 |
| >= 8 to < 10       |    38 |
| >= 10 to < 12      |     0 |
| >= 12 to < 14      |     0 |
| >= 14 to < 16      |     0 |
| >= 16              |     3 |
+--------------------+-------+
* Control sets can be remapped at either synth_design or opt_design


3. Flip-Flop Distribution
-------------------------

+--------------+-----------------------+------------------------+-----------------+--------------+
| Clock Enable | Synchronous Set/Reset | Asynchronous Set/Reset | Total Registers | Total Slices |
+--------------+-----------------------+------------------------+-----------------+--------------+
| No           | No                    | No                     |              21 |            8 |
| No           | No                    | Yes                    |             739 |          193 |
| No           | Yes                   | No                     |               0 |            0 |
| Yes          | No                    | No                     |               4 |            1 |
| Yes          | No                    | Yes                    |             780 |          197 |
| Yes          | Yes                   | No                     |              16 |            4 |
+--------------+-----------------------+------------------------+-----------------+--------------+


4. Detailed Control Set Information
-----------------------------------

+------------------------------------------------------------------------------------------------+------------------------------------------------------------------+--------------------------------------+------------------+----------------+--------------+
|                                          Clock Signal                                          |                           Enable Signal                          |           Set/Reset Signal           | Slice Load Count | Bel Load Count | Bels / Slice |
+------------------------------------------------------------------------------------------------+------------------------------------------------------------------+--------------------------------------+------------------+----------------+--------------+
|  uart1/uart_receiver/boudrategenerator_inst/base_clock_counter/base_clock                      |                                                                  | btn_IBUF[0]                          |                1 |              1 |         1.00 |
|  uart1/uart_receiver/boudrategenerator_inst/clock_base_ref/counter_base/done                   |                                                                  | btn_IBUF[0]                          |                1 |              1 |         1.00 |
|  clock_hate_pc/counter_base/done                                                               |                                                                  | btn_IBUF[0]                          |                1 |              1 |         1.00 |
|  uart1/uart_transmitter/boudrategenerator_inst/base_clock_counter/counting_done_reg_0          |                                                                  | btn_IBUF[0]                          |                1 |              1 |         1.00 |
|  uart1/uart_transmitter/boudrategenerator_inst/clock_base_ref/counter_base/counting_done_reg_0 |                                                                  | btn_IBUF[0]                          |                1 |              1 |         1.00 |
|  clock_IBUF_BUFG                                                                               |                                                                  |                                      |                1 |              1 |         1.00 |
|  clock_hate_pc/CLK                                                                             |                                                                  |                                      |                1 |              2 |         2.00 |
|  uart1/uart_receiver/boudrategenerator_inst/clock_base_ref/out_clock_ref_reg_0                 |                                                                  | btn_IBUF[0]                          |                1 |              3 |         3.00 |
|  mem2serial_transfer_pc/rvalid_o_reg_i_1_n_0                                                   |                                                                  |                                      |                1 |              3 |         3.00 |
|  uart1/uart_receiver/boudrategenerator_inst/CLK_BUFG                                           | uart1/uart_receiver/boudrategenerator_inst/sampling_counter/E[0] | btn_IBUF[0]                          |                1 |              4 |         4.00 |
|  mem_opb_clock_BUFG                                                                            | mem_input_opB/E[0]                                               |                                      |                1 |              4 |         4.00 |
|  clock_hate_pc/CLK                                                                             |                                                                  | btn_IBUF[0]                          |                1 |              6 |         6.00 |
| ~mem2serial_transfer_pc/mem2seriala_fsm[1]                                                     |                                                                  |                                      |                2 |              6 |         3.00 |
|  uart1/uart_transmitter/boudrategenerator_inst/clock_base_ref/out_clock_ref_reg_0              |                                                                  | btn_IBUF[0]                          |                2 |              7 |         3.50 |
|  mem_opb_clock_BUFG                                                                            | mem_input_opA/mem[6][7]_i_1_n_0                                  | btn_IBUF[0]                          |                1 |              8 |         8.00 |
|  mem_opb_clock_BUFG                                                                            | mem_input_opA/mem[5][7]_i_1_n_0                                  | btn_IBUF[0]                          |                4 |              8 |         2.00 |
|  mem_opb_clock_BUFG                                                                            | mem_input_opA/mem[7][7]_i_1__0_n_0                               | btn_IBUF[0]                          |                5 |              8 |         1.60 |
|  mem_opb_clock_BUFG                                                                            | mem_input_opA/mem[15][7]_i_1__0_n_0                              | btn_IBUF[0]                          |                4 |              8 |         2.00 |
|  mem_opb_clock_BUFG                                                                            | mem_input_opA/mem[9][7]_i_1__0_n_0                               | btn_IBUF[0]                          |                7 |              8 |         1.14 |
|  mem_opb_clock_BUFG                                                                            | mem_input_opA/mem[14][7]_i_1_n_0                                 | btn_IBUF[0]                          |                2 |              8 |         4.00 |
|  mem_opb_clock_BUFG                                                                            | mem_input_opA/mem[13][7]_i_1__0_n_0                              | btn_IBUF[0]                          |                1 |              8 |         8.00 |
|  mem_opb_clock_BUFG                                                                            | mem_input_opA/mem[12][7]_i_1__0_n_0                              | btn_IBUF[0]                          |                1 |              8 |         8.00 |
|  mem_opb_clock_BUFG                                                                            | mem_input_opA/mem[11][7]_i_1__0_n_0                              | btn_IBUF[0]                          |                2 |              8 |         4.00 |
|  mem_opb_clock_BUFG                                                                            | mem_input_opA/mem[0][7]_i_1_n_0                                  | btn_IBUF[0]                          |                1 |              8 |         8.00 |
|  mem_opb_clock_BUFG                                                                            | mem_input_opA/mem[10][7]_i_1_n_0                                 | btn_IBUF[0]                          |                1 |              8 |         8.00 |
|  mem_opb_clock_BUFG                                                                            | mem_input_opA/btn[0]                                             | mem_input_opB/out_data[7]_i_1__0_n_0 |                2 |              8 |         4.00 |
|  mem_opb_clock_BUFG                                                                            | mem_input_opA/btn[0]                                             | mem_input_opA/out_data[7]_i_1_n_0    |                2 |              8 |         4.00 |
|  mem_opb_clock_BUFG                                                                            | mem_input_opA/mem[2][7]_i_1_n_0                                  | btn_IBUF[0]                          |                1 |              8 |         8.00 |
|  mem_opb_clock_BUFG                                                                            | mem_input_opB/mem[7][7]_i_1_n_0                                  | btn_IBUF[0]                          |                2 |              8 |         4.00 |
|  mem_opb_clock_BUFG                                                                            | mem_input_opB/mem[15][7]_i_1_n_0                                 | btn_IBUF[0]                          |                2 |              8 |         4.00 |
|  mem_opb_clock_BUFG                                                                            | mem_input_opA/mem[4][7]_i_1_n_0                                  | btn_IBUF[0]                          |                1 |              8 |         8.00 |
|  mem_opb_clock_BUFG                                                                            | mem_input_opA/mem[3][7]_i_1__0_n_0                               | btn_IBUF[0]                          |                1 |              8 |         8.00 |
|  mem_opb_clock_BUFG                                                                            | mem_input_opB/mem[3][7]_i_1_n_0                                  | btn_IBUF[0]                          |                2 |              8 |         4.00 |
|  uart1/uart_receiver/boudrategenerator_inst/CLK_BUFG                                           | uart1/uart_receiver/uart_ready_rx_out                            | btn_IBUF[0]                          |                4 |              8 |         2.00 |
|  mem_opb_clock_BUFG                                                                            |                                                                  | btn_IBUF[0]                          |                4 |              8 |         2.00 |
|  mem_opb_clock_BUFG                                                                            | mem_input_opB/mem[14][7]_i_1__0_n_0                              | btn_IBUF[0]                          |                4 |              8 |         2.00 |
|  mem_opb_clock_BUFG                                                                            | mem_input_opB/mem[13][7]_i_1_n_0                                 | btn_IBUF[0]                          |                2 |              8 |         4.00 |
|  mem_opb_clock_BUFG                                                                            | mem_input_opB/mem[10][7]_i_1__0_n_0                              | btn_IBUF[0]                          |                2 |              8 |         4.00 |
|  mem_opb_clock_BUFG                                                                            | mem_input_opB/mem[0][7]_i_1__0_n_0                               | btn_IBUF[0]                          |                1 |              8 |         8.00 |
|  mem_opb_clock_BUFG                                                                            | mem_input_opB/mem[11][7]_i_1_n_0                                 | btn_IBUF[0]                          |                1 |              8 |         8.00 |
|  mem_opb_clock_BUFG                                                                            | mem_input_opB/mem[12][7]_i_1_n_0                                 | btn_IBUF[0]                          |                1 |              8 |         8.00 |
|  mem_opb_clock_BUFG                                                                            | mem_input_opA/mem[1][7]_i_1_n_0                                  | btn_IBUF[0]                          |                2 |              8 |         4.00 |
|  mem_opb_clock_BUFG                                                                            | mem_input_opB/mem[2][7]_i_1__0_n_0                               | btn_IBUF[0]                          |                2 |              8 |         4.00 |
|  mem_opb_clock_BUFG                                                                            | mem_input_opB/mem[5][7]_i_1__0_n_0                               | btn_IBUF[0]                          |                3 |              8 |         2.67 |
|  mem_opb_clock_BUFG                                                                            | mem_input_opB/mem[1][7]_i_1__0_n_0                               | btn_IBUF[0]                          |                1 |              8 |         8.00 |
|  mem_opb_clock_BUFG                                                                            | mem_input_opB/mem[8][7]_i_1__0_n_0                               | btn_IBUF[0]                          |                1 |              8 |         8.00 |
|  mem_opb_clock_BUFG                                                                            | mem_input_opB/mem[9][7]_i_1_n_0                                  | btn_IBUF[0]                          |                7 |              8 |         1.14 |
|  mem_opb_clock_BUFG                                                                            | mem_input_opB/mem[4][7]_i_1__0_n_0                               | btn_IBUF[0]                          |                3 |              8 |         2.67 |
|  mem_opb_clock_BUFG                                                                            | mem_input_opB/mem[6][7]_i_1__0_n_0                               | btn_IBUF[0]                          |                4 |              8 |         2.00 |
|  mem_opb_clock_BUFG                                                                            | mem_input_opA/mem[8][7]_i_1_n_0                                  | btn_IBUF[0]                          |                5 |              8 |         1.60 |
|  uart1/uart_transmitter/boudrategenerator_inst/CLK                                             |                                                                  | btn_IBUF[0]                          |                3 |              9 |         3.00 |
|  uart_valid_tx_in_reg_i_1_n_0                                                                  |                                                                  |                                      |                3 |              9 |         3.00 |
|  uart1/uart_receiver/boudrategenerator_inst/CLK_BUFG                                           |                                                                  | btn_IBUF[0]                          |                4 |             18 |         4.50 |
|  clock_IBUF_BUFG                                                                               | DUT_MatrixMultiplyM0/output_produc_a_b[7][7][7]_i_1_n_0          | btn_IBUF[0]                          |              115 |            512 |         4.45 |
|  clock_IBUF_BUFG                                                                               |                                                                  | btn_IBUF[0]                          |              173 |            683 |         3.95 |
+------------------------------------------------------------------------------------------------+------------------------------------------------------------------+--------------------------------------+------------------+----------------+--------------+


