Copyright 1986-2022 Xilinx, Inc. All Rights Reserved. Copyright 2022-2025 Advanced Micro Devices, Inc. All Rights Reserved.
---------------------------------------------------------------------------------------------------------------------------------------------------------------------------------------------------------------------------------------
| Tool Version : Vivado v.2025.1 (lin64) Build 6140274 Wed May 21 22:58:25 MDT 2025
| Date         : Fri Oct 31 00:01:41 2025
| Host         : VT0144 running 64-bit Rocky Linux release 8.10 (Green Obsidian)
| Command      : report_timing_summary -max_paths 10 -routable_nets -report_unconstrained -file Arty7_top_timing_summary_routed.rpt -pb Arty7_top_timing_summary_routed.pb -rpx Arty7_top_timing_summary_routed.rpx -warn_on_violation
| Design       : Arty7_top
| Device       : 7a100t-csg324
| Speed File   : -2L  PRODUCTION 1.23 2018-06-13
| Design State : Routed
---------------------------------------------------------------------------------------------------------------------------------------------------------------------------------------------------------------------------------------

Timing Summary Report

------------------------------------------------------------------------------------------------
| Timer Settings
| --------------
------------------------------------------------------------------------------------------------

  Enable Multi Corner Analysis               :  Yes
  Enable Pessimism Removal                   :  Yes
  Pessimism Removal Resolution               :  Nearest Common Node
  Enable Input Delay Default Clock           :  No
  Enable Preset / Clear Arcs                 :  No
  Disable Flight Delays                      :  No
  Ignore I/O Paths                           :  No
  Timing Early Launch at Borrowing Latches   :  No
  Borrow Time for Max Delay Exceptions       :  Yes
  Merge Timing Exceptions                    :  Yes
  Inter-SLR Compensation                     :  Conservative

  Corner  Analyze    Analyze    
  Name    Max Paths  Min Paths  
  ------  ---------  ---------  
  Slow    Yes        Yes        
  Fast    Yes        Yes        


------------------------------------------------------------------------------------------------
| Report Methodology
| ------------------
------------------------------------------------------------------------------------------------

Rule       Severity          Description                  Violations  
---------  ----------------  ---------------------------  ----------  
TIMING-17  Critical Warning  Non-clocked sequential cell  14          

Note: This report is based on the most recent report_methodology run and may not be up-to-date. Run report_methodology on the current design for the latest report.



check_timing report

Table of Contents
-----------------
1. checking no_clock (14)
2. checking constant_clock (0)
3. checking pulse_width_clock (0)
4. checking unconstrained_internal_endpoints (27)
5. checking no_input_delay (1)
6. checking no_output_delay (1)
7. checking multiple_clock (0)
8. checking generated_clocks (0)
9. checking loops (0)
10. checking partial_input_delay (0)
11. checking partial_output_delay (0)
12. checking latch_loops (0)

1. checking no_clock (14)
-------------------------
 There are 4 register/latch pins with no clock driven by root clock pin: clock (HIGH)

 There is 1 register/latch pin with no clock driven by root clock pin: uart1/uart_transmitter/boudrategenerator_inst/base_clock_counter/counting_done_reg/Q (HIGH)

 There is 1 register/latch pin with no clock driven by root clock pin: uart1/uart_transmitter/boudrategenerator_inst/clock_base_ref/counter_base/counting_done_reg/Q (HIGH)

 There are 7 register/latch pins with no clock driven by root clock pin: uart1/uart_transmitter/boudrategenerator_inst/clock_base_ref/out_clock_ref_reg/Q (HIGH)

 There is 1 register/latch pin with no clock driven by root clock pin: uart1/uart_transmitter/boudrategenerator_inst/clock_out_reg/Q (HIGH)


2. checking constant_clock (0)
------------------------------
 There are 0 register/latch pins with constant_clock.


3. checking pulse_width_clock (0)
---------------------------------
 There are 0 register/latch pins which need pulse_width check


4. checking unconstrained_internal_endpoints (27)
-------------------------------------------------
 There are 27 pins that are not constrained for maximum delay. (HIGH)

 There are 0 pins that are not constrained for maximum delay due to constant clock.


5. checking no_input_delay (1)
------------------------------
 There is 1 input port with no input delay specified. (HIGH)

 There are 0 input ports with no input delay but user has a false path constraint.


6. checking no_output_delay (1)
-------------------------------
 There is 1 port with no output delay specified. (HIGH)

 There are 0 ports with no output delay but user has a false path constraint

 There are 0 ports with no output delay but with a timing clock defined on it or propagating through it


7. checking multiple_clock (0)
------------------------------
 There are 0 register/latch pins with multiple clocks.


8. checking generated_clocks (0)
--------------------------------
 There are 0 generated clocks that are not connected to a clock source.


9. checking loops (0)
---------------------
 There are 0 combinational loops in the design.


10. checking partial_input_delay (0)
------------------------------------
 There are 0 input ports with partial input delay specified.


11. checking partial_output_delay (0)
-------------------------------------
 There are 0 ports with partial output delay specified.


12. checking latch_loops (0)
----------------------------
 There are 0 combinational latch loops in the design through latch input



------------------------------------------------------------------------------------------------
| Design Timing Summary
| ---------------------
------------------------------------------------------------------------------------------------

    WNS(ns)      TNS(ns)  TNS Failing Endpoints  TNS Total Endpoints      WHS(ns)      THS(ns)  THS Failing Endpoints  THS Total Endpoints     WPWS(ns)     TPWS(ns)  TPWS Failing Endpoints  TPWS Total Endpoints  
    -------      -------  ---------------------  -------------------      -------      -------  ---------------------  -------------------     --------     --------  ----------------------  --------------------  
        inf        0.000                      0                   28          inf        0.000                      0                   28           NA           NA                      NA                    NA  


There are no user specified timing constraints.


------------------------------------------------------------------------------------------------
| Clock Summary
| -------------
------------------------------------------------------------------------------------------------


------------------------------------------------------------------------------------------------
| Intra Clock Table
| -----------------
------------------------------------------------------------------------------------------------

Clock             WNS(ns)      TNS(ns)  TNS Failing Endpoints  TNS Total Endpoints      WHS(ns)      THS(ns)  THS Failing Endpoints  THS Total Endpoints     WPWS(ns)     TPWS(ns)  TPWS Failing Endpoints  TPWS Total Endpoints  
-----             -------      -------  ---------------------  -------------------      -------      -------  ---------------------  -------------------     --------     --------  ----------------------  --------------------  


------------------------------------------------------------------------------------------------
| Inter Clock Table
| -----------------
------------------------------------------------------------------------------------------------

From Clock    To Clock          WNS(ns)      TNS(ns)  TNS Failing Endpoints  TNS Total Endpoints      WHS(ns)      THS(ns)  THS Failing Endpoints  THS Total Endpoints  
----------    --------          -------      -------  ---------------------  -------------------      -------      -------  ---------------------  -------------------  


------------------------------------------------------------------------------------------------
| Other Path Groups Table
| -----------------------
------------------------------------------------------------------------------------------------

Path Group    From Clock    To Clock          WNS(ns)      TNS(ns)  TNS Failing Endpoints  TNS Total Endpoints      WHS(ns)      THS(ns)  THS Failing Endpoints  THS Total Endpoints  
----------    ----------    --------          -------      -------  ---------------------  -------------------      -------      -------  ---------------------  -------------------  


------------------------------------------------------------------------------------------------
| User Ignored Path Table
| -----------------------
------------------------------------------------------------------------------------------------

Path Group    From Clock    To Clock    
----------    ----------    --------    


------------------------------------------------------------------------------------------------
| Unconstrained Path Table
| ------------------------
------------------------------------------------------------------------------------------------

Path Group    From Clock    To Clock    
----------    ----------    --------    
(none)                                    


------------------------------------------------------------------------------------------------
| Timing Details
| --------------
------------------------------------------------------------------------------------------------


--------------------------------------------------------------------------------------
Path Group:  (none)
From Clock:  
  To Clock:  

Max Delay            28 Endpoints
Min Delay            28 Endpoints
--------------------------------------------------------------------------------------


Max Delay Paths
--------------------------------------------------------------------------------------
Slack:                    inf
  Source:                 uart1/uart_transmitter/sdata_tx_out_reg/C
                            (rising edge-triggered cell FDPE)
  Destination:            uart_rxd_out
                            (output port)
  Path Group:             (none)
  Path Type:              Max at Slow Process Corner
  Data Path Delay:        4.622ns  (logic 2.766ns (59.851%)  route 1.856ns (40.149%))
  Logic Levels:           2  (FDPE=1 OBUF=1)

    Location             Delay type                Incr(ns)  Path(ns)    Netlist Resource(s)
  -------------------------------------------------------------------    -------------------
    SLICE_X1Y50          FDPE                         0.000     0.000 r  uart1/uart_transmitter/sdata_tx_out_reg/C
    SLICE_X1Y50          FDPE (Prop_fdpe_C_Q)         0.379     0.379 r  uart1/uart_transmitter/sdata_tx_out_reg/Q
                         net (fo=1, routed)           1.856     2.235    uart_rxd_out_OBUF
    V16                  OBUF (Prop_obuf_I_O)         2.387     4.622 r  uart_rxd_out_OBUF_inst/O
                         net (fo=0)                   0.000     4.622    uart_rxd_out
    V16                                                               r  uart_rxd_out (OUT)
  -------------------------------------------------------------------    -------------------

Slack:                    inf
  Source:                 btn[0]
                            (input port)
  Destination:            uart1/uart_transmitter/boudrategenerator_inst/base_clock_counter/counter_reg[0]/CLR
  Path Group:             (none)
  Path Type:              Max at Slow Process Corner
  Data Path Delay:        2.134ns  (logic 0.918ns (43.003%)  route 1.216ns (56.997%))
  Logic Levels:           1  (IBUF=1)

    Location             Delay type                Incr(ns)  Path(ns)    Netlist Resource(s)
  -------------------------------------------------------------------    -------------------
    R10                                               0.000     0.000 f  btn[0] (IN)
                         net (fo=0)                   0.000     0.000    btn[0]
    R10                  IBUF (Prop_ibuf_I_O)         0.918     0.918 f  btn_IBUF[0]_inst/O
                         net (fo=14, routed)          1.216     2.134    uart1/uart_transmitter/boudrategenerator_inst/base_clock_counter/btn_IBUF[0]
    SLICE_X0Y45          FDCE                                         f  uart1/uart_transmitter/boudrategenerator_inst/base_clock_counter/counter_reg[0]/CLR
  -------------------------------------------------------------------    -------------------

Slack:                    inf
  Source:                 btn[0]
                            (input port)
  Destination:            uart1/uart_transmitter/boudrategenerator_inst/base_clock_counter/counter_reg[1]/CLR
  Path Group:             (none)
  Path Type:              Max at Slow Process Corner
  Data Path Delay:        2.134ns  (logic 0.918ns (43.003%)  route 1.216ns (56.997%))
  Logic Levels:           1  (IBUF=1)

    Location             Delay type                Incr(ns)  Path(ns)    Netlist Resource(s)
  -------------------------------------------------------------------    -------------------
    R10                                               0.000     0.000 f  btn[0] (IN)
                         net (fo=0)                   0.000     0.000    btn[0]
    R10                  IBUF (Prop_ibuf_I_O)         0.918     0.918 f  btn_IBUF[0]_inst/O
                         net (fo=14, routed)          1.216     2.134    uart1/uart_transmitter/boudrategenerator_inst/base_clock_counter/btn_IBUF[0]
    SLICE_X0Y45          FDCE                                         f  uart1/uart_transmitter/boudrategenerator_inst/base_clock_counter/counter_reg[1]/CLR
  -------------------------------------------------------------------    -------------------

Slack:                    inf
  Source:                 btn[0]
                            (input port)
  Destination:            uart1/uart_transmitter/boudrategenerator_inst/base_clock_counter/counter_reg[2]/CLR
  Path Group:             (none)
  Path Type:              Max at Slow Process Corner
  Data Path Delay:        2.134ns  (logic 0.918ns (43.003%)  route 1.216ns (56.997%))
  Logic Levels:           1  (IBUF=1)

    Location             Delay type                Incr(ns)  Path(ns)    Netlist Resource(s)
  -------------------------------------------------------------------    -------------------
    R10                                               0.000     0.000 f  btn[0] (IN)
                         net (fo=0)                   0.000     0.000    btn[0]
    R10                  IBUF (Prop_ibuf_I_O)         0.918     0.918 f  btn_IBUF[0]_inst/O
                         net (fo=14, routed)          1.216     2.134    uart1/uart_transmitter/boudrategenerator_inst/base_clock_counter/btn_IBUF[0]
    SLICE_X0Y45          FDCE                                         f  uart1/uart_transmitter/boudrategenerator_inst/base_clock_counter/counter_reg[2]/CLR
  -------------------------------------------------------------------    -------------------

Slack:                    inf
  Source:                 btn[0]
                            (input port)
  Destination:            uart1/uart_transmitter/boudrategenerator_inst/base_clock_counter/counter_reg[4]/CLR
  Path Group:             (none)
  Path Type:              Max at Slow Process Corner
  Data Path Delay:        2.134ns  (logic 0.918ns (43.003%)  route 1.216ns (56.997%))
  Logic Levels:           1  (IBUF=1)

    Location             Delay type                Incr(ns)  Path(ns)    Netlist Resource(s)
  -------------------------------------------------------------------    -------------------
    R10                                               0.000     0.000 f  btn[0] (IN)
                         net (fo=0)                   0.000     0.000    btn[0]
    R10                  IBUF (Prop_ibuf_I_O)         0.918     0.918 f  btn_IBUF[0]_inst/O
                         net (fo=14, routed)          1.216     2.134    uart1/uart_transmitter/boudrategenerator_inst/base_clock_counter/btn_IBUF[0]
    SLICE_X0Y45          FDCE                                         f  uart1/uart_transmitter/boudrategenerator_inst/base_clock_counter/counter_reg[4]/CLR
  -------------------------------------------------------------------    -------------------

Slack:                    inf
  Source:                 btn[0]
                            (input port)
  Destination:            uart1/uart_transmitter/boudrategenerator_inst/base_clock_counter/counter_reg[5]/CLR
  Path Group:             (none)
  Path Type:              Max at Slow Process Corner
  Data Path Delay:        2.134ns  (logic 0.918ns (43.003%)  route 1.216ns (56.997%))
  Logic Levels:           1  (IBUF=1)

    Location             Delay type                Incr(ns)  Path(ns)    Netlist Resource(s)
  -------------------------------------------------------------------    -------------------
    R10                                               0.000     0.000 f  btn[0] (IN)
                         net (fo=0)                   0.000     0.000    btn[0]
    R10                  IBUF (Prop_ibuf_I_O)         0.918     0.918 f  btn_IBUF[0]_inst/O
                         net (fo=14, routed)          1.216     2.134    uart1/uart_transmitter/boudrategenerator_inst/base_clock_counter/btn_IBUF[0]
    SLICE_X0Y45          FDCE                                         f  uart1/uart_transmitter/boudrategenerator_inst/base_clock_counter/counter_reg[5]/CLR
  -------------------------------------------------------------------    -------------------

Slack:                    inf
  Source:                 btn[0]
                            (input port)
  Destination:            uart1/uart_transmitter/boudrategenerator_inst/base_clock_counter/counter_reg[3]/CLR
  Path Group:             (none)
  Path Type:              Max at Slow Process Corner
  Data Path Delay:        2.025ns  (logic 0.918ns (45.314%)  route 1.107ns (54.686%))
  Logic Levels:           1  (IBUF=1)

    Location             Delay type                Incr(ns)  Path(ns)    Netlist Resource(s)
  -------------------------------------------------------------------    -------------------
    R10                                               0.000     0.000 f  btn[0] (IN)
                         net (fo=0)                   0.000     0.000    btn[0]
    R10                  IBUF (Prop_ibuf_I_O)         0.918     0.918 f  btn_IBUF[0]_inst/O
                         net (fo=14, routed)          1.107     2.025    uart1/uart_transmitter/boudrategenerator_inst/base_clock_counter/btn_IBUF[0]
    SLICE_X0Y46          FDCE                                         f  uart1/uart_transmitter/boudrategenerator_inst/base_clock_counter/counter_reg[3]/CLR
  -------------------------------------------------------------------    -------------------

Slack:                    inf
  Source:                 btn[0]
                            (input port)
  Destination:            uart1/uart_transmitter/boudrategenerator_inst/base_clock_counter/counting_done_reg/CLR
  Path Group:             (none)
  Path Type:              Max at Slow Process Corner
  Data Path Delay:        2.025ns  (logic 0.918ns (45.314%)  route 1.107ns (54.686%))
  Logic Levels:           1  (IBUF=1)

    Location             Delay type                Incr(ns)  Path(ns)    Netlist Resource(s)
  -------------------------------------------------------------------    -------------------
    R10                                               0.000     0.000 f  btn[0] (IN)
                         net (fo=0)                   0.000     0.000    btn[0]
    R10                  IBUF (Prop_ibuf_I_O)         0.918     0.918 f  btn_IBUF[0]_inst/O
                         net (fo=14, routed)          1.107     2.025    uart1/uart_transmitter/boudrategenerator_inst/base_clock_counter/btn_IBUF[0]
    SLICE_X0Y46          FDCE                                         f  uart1/uart_transmitter/boudrategenerator_inst/base_clock_counter/counting_done_reg/CLR
  -------------------------------------------------------------------    -------------------

Slack:                    inf
  Source:                 btn[0]
                            (input port)
  Destination:            uart1/uart_transmitter/boudrategenerator_inst/clock_base_ref/out_clock_ref_reg/CLR
  Path Group:             (none)
  Path Type:              Max at Slow Process Corner
  Data Path Delay:        1.907ns  (logic 0.918ns (48.111%)  route 0.990ns (51.889%))
  Logic Levels:           1  (IBUF=1)

    Location             Delay type                Incr(ns)  Path(ns)    Netlist Resource(s)
  -------------------------------------------------------------------    -------------------
    R10                                               0.000     0.000 f  btn[0] (IN)
                         net (fo=0)                   0.000     0.000    btn[0]
    R10                  IBUF (Prop_ibuf_I_O)         0.918     0.918 f  btn_IBUF[0]_inst/O
                         net (fo=14, routed)          0.990     1.907    uart1/uart_transmitter/boudrategenerator_inst/clock_base_ref/btn_IBUF[0]
    SLICE_X0Y47          FDCE                                         f  uart1/uart_transmitter/boudrategenerator_inst/clock_base_ref/out_clock_ref_reg/CLR
  -------------------------------------------------------------------    -------------------

Slack:                    inf
  Source:                 btn[0]
                            (input port)
  Destination:            uart1/uart_transmitter/boudrategenerator_inst/clock_base_ref/counter_base/counter_reg[0]/CLR
  Path Group:             (none)
  Path Type:              Max at Slow Process Corner
  Data Path Delay:        1.790ns  (logic 0.918ns (51.275%)  route 0.872ns (48.725%))
  Logic Levels:           1  (IBUF=1)

    Location             Delay type                Incr(ns)  Path(ns)    Netlist Resource(s)
  -------------------------------------------------------------------    -------------------
    R10                                               0.000     0.000 f  btn[0] (IN)
                         net (fo=0)                   0.000     0.000    btn[0]
    R10                  IBUF (Prop_ibuf_I_O)         0.918     0.918 f  btn_IBUF[0]_inst/O
                         net (fo=14, routed)          0.872     1.790    uart1/uart_transmitter/boudrategenerator_inst/clock_base_ref/counter_base/btn_IBUF[0]
    SLICE_X0Y48          FDCE                                         f  uart1/uart_transmitter/boudrategenerator_inst/clock_base_ref/counter_base/counter_reg[0]/CLR
  -------------------------------------------------------------------    -------------------





Min Delay Paths
--------------------------------------------------------------------------------------
Slack:                    inf
  Source:                 uart1/uart_transmitter/boudrategenerator_inst/base_clock_counter/counter_reg[4]/C
                            (rising edge-triggered cell FDCE)
  Destination:            uart1/uart_transmitter/boudrategenerator_inst/base_clock_counter/counter_reg[5]/D
  Path Group:             (none)
  Path Type:              Min at Fast Process Corner
  Data Path Delay:        0.324ns  (logic 0.227ns (70.054%)  route 0.097ns (29.946%))
  Logic Levels:           2  (FDCE=1 LUT6=1)

    Location             Delay type                Incr(ns)  Path(ns)    Netlist Resource(s)
  -------------------------------------------------------------------    -------------------
    SLICE_X0Y45          FDCE                         0.000     0.000 r  uart1/uart_transmitter/boudrategenerator_inst/base_clock_counter/counter_reg[4]/C
    SLICE_X0Y45          FDCE (Prop_fdce_C_Q)         0.128     0.128 r  uart1/uart_transmitter/boudrategenerator_inst/base_clock_counter/counter_reg[4]/Q
                         net (fo=5, routed)           0.097     0.225    uart1/uart_transmitter/boudrategenerator_inst/base_clock_counter/counter_reg[4]
    SLICE_X0Y45          LUT6 (Prop_lut6_I5_O)        0.099     0.324 r  uart1/uart_transmitter/boudrategenerator_inst/base_clock_counter/counter[5]_i_1/O
                         net (fo=1, routed)           0.000     0.324    uart1/uart_transmitter/boudrategenerator_inst/base_clock_counter/counter[5]_i_1_n_0
    SLICE_X0Y45          FDCE                                         r  uart1/uart_transmitter/boudrategenerator_inst/base_clock_counter/counter_reg[5]/D
  -------------------------------------------------------------------    -------------------

Slack:                    inf
  Source:                 uart1/uart_transmitter/boudrategenerator_inst/base_clock_counter/counter_reg[3]/C
                            (rising edge-triggered cell FDCE)
  Destination:            uart1/uart_transmitter/boudrategenerator_inst/base_clock_counter/counter_reg[2]/D
  Path Group:             (none)
  Path Type:              Min at Fast Process Corner
  Data Path Delay:        0.338ns  (logic 0.186ns (55.080%)  route 0.152ns (44.920%))
  Logic Levels:           2  (FDCE=1 LUT6=1)

    Location             Delay type                Incr(ns)  Path(ns)    Netlist Resource(s)
  -------------------------------------------------------------------    -------------------
    SLICE_X0Y46          FDCE                         0.000     0.000 r  uart1/uart_transmitter/boudrategenerator_inst/base_clock_counter/counter_reg[3]/C
    SLICE_X0Y46          FDCE (Prop_fdce_C_Q)         0.141     0.141 f  uart1/uart_transmitter/boudrategenerator_inst/base_clock_counter/counter_reg[3]/Q
                         net (fo=5, routed)           0.152     0.293    uart1/uart_transmitter/boudrategenerator_inst/base_clock_counter/counter_reg[3]
    SLICE_X0Y45          LUT6 (Prop_lut6_I2_O)        0.045     0.338 r  uart1/uart_transmitter/boudrategenerator_inst/base_clock_counter/counter[2]_i_1__0/O
                         net (fo=1, routed)           0.000     0.338    uart1/uart_transmitter/boudrategenerator_inst/base_clock_counter/counter[2]_i_1__0_n_0
    SLICE_X0Y45          FDCE                                         r  uart1/uart_transmitter/boudrategenerator_inst/base_clock_counter/counter_reg[2]/D
  -------------------------------------------------------------------    -------------------

Slack:                    inf
  Source:                 uart1/uart_transmitter/boudrategenerator_inst/base_clock_counter/counter_reg[5]/C
                            (rising edge-triggered cell FDCE)
  Destination:            uart1/uart_transmitter/boudrategenerator_inst/base_clock_counter/counting_done_reg/D
  Path Group:             (none)
  Path Type:              Min at Fast Process Corner
  Data Path Delay:        0.352ns  (logic 0.186ns (52.903%)  route 0.166ns (47.097%))
  Logic Levels:           2  (FDCE=1 LUT6=1)

    Location             Delay type                Incr(ns)  Path(ns)    Netlist Resource(s)
  -------------------------------------------------------------------    -------------------
    SLICE_X0Y45          FDCE                         0.000     0.000 r  uart1/uart_transmitter/boudrategenerator_inst/base_clock_counter/counter_reg[5]/C
    SLICE_X0Y45          FDCE (Prop_fdce_C_Q)         0.141     0.141 r  uart1/uart_transmitter/boudrategenerator_inst/base_clock_counter/counter_reg[5]/Q
                         net (fo=4, routed)           0.166     0.307    uart1/uart_transmitter/boudrategenerator_inst/base_clock_counter/counter_reg[5]
    SLICE_X0Y46          LUT6 (Prop_lut6_I1_O)        0.045     0.352 r  uart1/uart_transmitter/boudrategenerator_inst/base_clock_counter/counter3/O
                         net (fo=1, routed)           0.000     0.352    uart1/uart_transmitter/boudrategenerator_inst/base_clock_counter/counter3_n_0
    SLICE_X0Y46          FDCE                                         r  uart1/uart_transmitter/boudrategenerator_inst/base_clock_counter/counting_done_reg/D
  -------------------------------------------------------------------    -------------------

Slack:                    inf
  Source:                 uart1/uart_transmitter/boudrategenerator_inst/clock_base_ref/counter_base/counter_reg[0]/C
                            (rising edge-triggered cell FDCE)
  Destination:            uart1/uart_transmitter/boudrategenerator_inst/clock_base_ref/counter_base/counter_reg[2]/D
  Path Group:             (none)
  Path Type:              Min at Fast Process Corner
  Data Path Delay:        0.355ns  (logic 0.184ns (51.782%)  route 0.171ns (48.218%))
  Logic Levels:           2  (FDCE=1 LUT3=1)

    Location             Delay type                Incr(ns)  Path(ns)    Netlist Resource(s)
  -------------------------------------------------------------------    -------------------
    SLICE_X0Y48          FDCE                         0.000     0.000 r  uart1/uart_transmitter/boudrategenerator_inst/clock_base_ref/counter_base/counter_reg[0]/C
    SLICE_X0Y48          FDCE (Prop_fdce_C_Q)         0.141     0.141 r  uart1/uart_transmitter/boudrategenerator_inst/clock_base_ref/counter_base/counter_reg[0]/Q
                         net (fo=4, routed)           0.171     0.312    uart1/uart_transmitter/boudrategenerator_inst/clock_base_ref/counter_base/counter_reg_n_0_[0]
    SLICE_X0Y48          LUT3 (Prop_lut3_I2_O)        0.043     0.355 r  uart1/uart_transmitter/boudrategenerator_inst/clock_base_ref/counter_base/counter[2]_i_1/O
                         net (fo=1, routed)           0.000     0.355    uart1/uart_transmitter/boudrategenerator_inst/clock_base_ref/counter_base/counter[2]_i_1_n_0
    SLICE_X0Y48          FDCE                                         r  uart1/uart_transmitter/boudrategenerator_inst/clock_base_ref/counter_base/counter_reg[2]/D
  -------------------------------------------------------------------    -------------------

Slack:                    inf
  Source:                 uart1/uart_transmitter/boudrategenerator_inst/base_clock_counter/counter_reg[5]/C
                            (rising edge-triggered cell FDCE)
  Destination:            uart1/uart_transmitter/boudrategenerator_inst/base_clock_counter/counter_reg[3]/D
  Path Group:             (none)
  Path Type:              Min at Fast Process Corner
  Data Path Delay:        0.356ns  (logic 0.186ns (52.244%)  route 0.170ns (47.756%))
  Logic Levels:           2  (FDCE=1 LUT6=1)

    Location             Delay type                Incr(ns)  Path(ns)    Netlist Resource(s)
  -------------------------------------------------------------------    -------------------
    SLICE_X0Y45          FDCE                         0.000     0.000 r  uart1/uart_transmitter/boudrategenerator_inst/base_clock_counter/counter_reg[5]/C
    SLICE_X0Y45          FDCE (Prop_fdce_C_Q)         0.141     0.141 f  uart1/uart_transmitter/boudrategenerator_inst/base_clock_counter/counter_reg[5]/Q
                         net (fo=4, routed)           0.170     0.311    uart1/uart_transmitter/boudrategenerator_inst/base_clock_counter/counter_reg[5]
    SLICE_X0Y46          LUT6 (Prop_lut6_I4_O)        0.045     0.356 r  uart1/uart_transmitter/boudrategenerator_inst/base_clock_counter/counter[3]_i_1/O
                         net (fo=1, routed)           0.000     0.356    uart1/uart_transmitter/boudrategenerator_inst/base_clock_counter/counter[3]_i_1_n_0
    SLICE_X0Y46          FDCE                                         r  uart1/uart_transmitter/boudrategenerator_inst/base_clock_counter/counter_reg[3]/D
  -------------------------------------------------------------------    -------------------

Slack:                    inf
  Source:                 uart1/uart_transmitter/boudrategenerator_inst/clock_base_ref/counter_base/counter_reg[0]/C
                            (rising edge-triggered cell FDCE)
  Destination:            uart1/uart_transmitter/boudrategenerator_inst/clock_base_ref/counter_base/counter_reg[1]/D
  Path Group:             (none)
  Path Type:              Min at Fast Process Corner
  Data Path Delay:        0.357ns  (logic 0.186ns (52.052%)  route 0.171ns (47.948%))
  Logic Levels:           2  (FDCE=1 LUT2=1)

    Location             Delay type                Incr(ns)  Path(ns)    Netlist Resource(s)
  -------------------------------------------------------------------    -------------------
    SLICE_X0Y48          FDCE                         0.000     0.000 r  uart1/uart_transmitter/boudrategenerator_inst/clock_base_ref/counter_base/counter_reg[0]/C
    SLICE_X0Y48          FDCE (Prop_fdce_C_Q)         0.141     0.141 r  uart1/uart_transmitter/boudrategenerator_inst/clock_base_ref/counter_base/counter_reg[0]/Q
                         net (fo=4, routed)           0.171     0.312    uart1/uart_transmitter/boudrategenerator_inst/clock_base_ref/counter_base/counter_reg_n_0_[0]
    SLICE_X0Y48          LUT2 (Prop_lut2_I1_O)        0.045     0.357 r  uart1/uart_transmitter/boudrategenerator_inst/clock_base_ref/counter_base/counter[1]_i_1__0/O
                         net (fo=1, routed)           0.000     0.357    uart1/uart_transmitter/boudrategenerator_inst/clock_base_ref/counter_base/counter[1]_i_1__0_n_0
    SLICE_X0Y48          FDCE                                         r  uart1/uart_transmitter/boudrategenerator_inst/clock_base_ref/counter_base/counter_reg[1]/D
  -------------------------------------------------------------------    -------------------

Slack:                    inf
  Source:                 uart1/uart_transmitter/boudrategenerator_inst/clock_base_ref/counter_base/counter_reg[0]/C
                            (rising edge-triggered cell FDCE)
  Destination:            uart1/uart_transmitter/boudrategenerator_inst/clock_base_ref/counter_base/counting_done_reg/D
  Path Group:             (none)
  Path Type:              Min at Fast Process Corner
  Data Path Delay:        0.360ns  (logic 0.183ns (50.898%)  route 0.177ns (49.102%))
  Logic Levels:           2  (FDCE=1 LUT3=1)

    Location             Delay type                Incr(ns)  Path(ns)    Netlist Resource(s)
  -------------------------------------------------------------------    -------------------
    SLICE_X0Y48          FDCE                         0.000     0.000 r  uart1/uart_transmitter/boudrategenerator_inst/clock_base_ref/counter_base/counter_reg[0]/C
    SLICE_X0Y48          FDCE (Prop_fdce_C_Q)         0.141     0.141 f  uart1/uart_transmitter/boudrategenerator_inst/clock_base_ref/counter_base/counter_reg[0]/Q
                         net (fo=4, routed)           0.177     0.318    uart1/uart_transmitter/boudrategenerator_inst/clock_base_ref/counter_base/counter_reg_n_0_[0]
    SLICE_X0Y48          LUT3 (Prop_lut3_I0_O)        0.042     0.360 r  uart1/uart_transmitter/boudrategenerator_inst/clock_base_ref/counter_base/counter3/O
                         net (fo=1, routed)           0.000     0.360    uart1/uart_transmitter/boudrategenerator_inst/clock_base_ref/counter_base/counter3_n_0
    SLICE_X0Y48          FDCE                                         r  uart1/uart_transmitter/boudrategenerator_inst/clock_base_ref/counter_base/counting_done_reg/D
  -------------------------------------------------------------------    -------------------

Slack:                    inf
  Source:                 uart1/uart_transmitter/boudrategenerator_inst/clock_base_ref/counter_base/counter_reg[0]/C
                            (rising edge-triggered cell FDCE)
  Destination:            uart1/uart_transmitter/boudrategenerator_inst/clock_base_ref/counter_base/counter_reg[0]/D
  Path Group:             (none)
  Path Type:              Min at Fast Process Corner
  Data Path Delay:        0.363ns  (logic 0.186ns (51.304%)  route 0.177ns (48.696%))
  Logic Levels:           2  (FDCE=1 LUT3=1)

    Location             Delay type                Incr(ns)  Path(ns)    Netlist Resource(s)
  -------------------------------------------------------------------    -------------------
    SLICE_X0Y48          FDCE                         0.000     0.000 r  uart1/uart_transmitter/boudrategenerator_inst/clock_base_ref/counter_base/counter_reg[0]/C
    SLICE_X0Y48          FDCE (Prop_fdce_C_Q)         0.141     0.141 f  uart1/uart_transmitter/boudrategenerator_inst/clock_base_ref/counter_base/counter_reg[0]/Q
                         net (fo=4, routed)           0.177     0.318    uart1/uart_transmitter/boudrategenerator_inst/clock_base_ref/counter_base/counter_reg_n_0_[0]
    SLICE_X0Y48          LUT3 (Prop_lut3_I2_O)        0.045     0.363 r  uart1/uart_transmitter/boudrategenerator_inst/clock_base_ref/counter_base/counter[0]_i_1/O
                         net (fo=1, routed)           0.000     0.363    uart1/uart_transmitter/boudrategenerator_inst/clock_base_ref/counter_base/counter[0]_i_1_n_0
    SLICE_X0Y48          FDCE                                         r  uart1/uart_transmitter/boudrategenerator_inst/clock_base_ref/counter_base/counter_reg[0]/D
  -------------------------------------------------------------------    -------------------

Slack:                    inf
  Source:                 uart1/uart_transmitter/boudrategenerator_inst/clock_out_reg/C
                            (rising edge-triggered cell FDCE)
  Destination:            uart1/uart_transmitter/boudrategenerator_inst/clock_out_reg/D
  Path Group:             (none)
  Path Type:              Min at Fast Process Corner
  Data Path Delay:        0.364ns  (logic 0.186ns (51.144%)  route 0.178ns (48.856%))
  Logic Levels:           2  (FDCE=1 LUT1=1)

    Location             Delay type                Incr(ns)  Path(ns)    Netlist Resource(s)
  -------------------------------------------------------------------    -------------------
    SLICE_X0Y50          FDCE                         0.000     0.000 r  uart1/uart_transmitter/boudrategenerator_inst/clock_out_reg/C
    SLICE_X0Y50          FDCE (Prop_fdce_C_Q)         0.141     0.141 f  uart1/uart_transmitter/boudrategenerator_inst/clock_out_reg/Q
                         net (fo=2, routed)           0.178     0.319    uart1/uart_transmitter/boudrategenerator_inst/clock_out
    SLICE_X0Y50          LUT1 (Prop_lut1_I0_O)        0.045     0.364 r  uart1/uart_transmitter/boudrategenerator_inst/clock_out_i_1/O
                         net (fo=1, routed)           0.000     0.364    uart1/uart_transmitter/boudrategenerator_inst/clock_out_i_1_n_0
    SLICE_X0Y50          FDCE                                         r  uart1/uart_transmitter/boudrategenerator_inst/clock_out_reg/D
  -------------------------------------------------------------------    -------------------

Slack:                    inf
  Source:                 uart1/uart_transmitter/boudrategenerator_inst/base_clock_counter/counter_reg[1]/C
                            (rising edge-triggered cell FDCE)
  Destination:            uart1/uart_transmitter/boudrategenerator_inst/base_clock_counter/counter_reg[4]/D
  Path Group:             (none)
  Path Type:              Min at Fast Process Corner
  Data Path Delay:        0.371ns  (logic 0.183ns (49.309%)  route 0.188ns (50.691%))
  Logic Levels:           2  (FDCE=1 LUT5=1)

    Location             Delay type                Incr(ns)  Path(ns)    Netlist Resource(s)
  -------------------------------------------------------------------    -------------------
    SLICE_X0Y45          FDCE                         0.000     0.000 r  uart1/uart_transmitter/boudrategenerator_inst/base_clock_counter/counter_reg[1]/C
    SLICE_X0Y45          FDCE (Prop_fdce_C_Q)         0.141     0.141 r  uart1/uart_transmitter/boudrategenerator_inst/base_clock_counter/counter_reg[1]/Q
                         net (fo=6, routed)           0.188     0.329    uart1/uart_transmitter/boudrategenerator_inst/base_clock_counter/counter_reg[1]
    SLICE_X0Y45          LUT5 (Prop_lut5_I0_O)        0.042     0.371 r  uart1/uart_transmitter/boudrategenerator_inst/base_clock_counter/counter[4]_i_1/O
                         net (fo=1, routed)           0.000     0.371    uart1/uart_transmitter/boudrategenerator_inst/base_clock_counter/counter[4]_i_1_n_0
    SLICE_X0Y45          FDCE                                         r  uart1/uart_transmitter/boudrategenerator_inst/base_clock_counter/counter_reg[4]/D
  -------------------------------------------------------------------    -------------------





