Copyright 1986-2022 Xilinx, Inc. All Rights Reserved. Copyright 2022-2025 Advanced Micro Devices, Inc. All Rights Reserved.
---------------------------------------------------------------------------------------------------------------------------------------------
| Tool Version : Vivado v.2025.1 (lin64) Build 6140274 Wed May 21 22:58:25 MDT 2025
| Date         : Fri Oct 31 22:09:05 2025
| Host         : VT0144 running 64-bit Rocky Linux release 8.10 (Green Obsidian)
| Command      : report_drc -file Arty7_top_drc_routed.rpt -pb Arty7_top_drc_routed.pb -rpx Arty7_top_drc_routed.rpx
| Design       : Arty7_top
| Device       : xc7a100tcsg324-2L
| Speed File   : -2L
| Design State : Fully Routed
---------------------------------------------------------------------------------------------------------------------------------------------

Report DRC

Table of Contents
-----------------
1. REPORT SUMMARY
2. REPORT DETAILS

1. REPORT SUMMARY
-----------------
            Netlist: netlist
          Floorplan: design_1
      Design limits: <entire design considered>
           Ruledeck: default
             Max checks: <unlimited>
             Checks found: 117
+-----------+----------+-----------------------------------------------------+--------+
| Rule      | Severity | Description                                         | Checks |
+-----------+----------+-----------------------------------------------------+--------+
| CFGBVS-1  | Warning  | Missing CFGBVS and CONFIG_VOLTAGE Design Properties | 1      |
| PDCN-1569 | Warning  | LUT equation term check                             | 3      |
| PDRC-153  | Warning  | Gated clock check                                   | 112    |
| RTSTAT-10 | Warning  | No routable loads                                   | 1      |
+-----------+----------+-----------------------------------------------------+--------+

2. REPORT DETAILS
-----------------
CFGBVS-1#1 Warning
Missing CFGBVS and CONFIG_VOLTAGE Design Properties  
Neither the CFGBVS nor CONFIG_VOLTAGE voltage property is set in the current_design.  Configuration bank voltage select (CFGBVS) must be set to VCCO or GND, and CONFIG_VOLTAGE must be set to the correct configuration voltage, in order to determine the I/O voltage support for the pins in bank 0.  It is suggested to specify these either using the 'Edit Device Properties' function in the GUI or directly in the XDC file using the following syntax:

 set_property CFGBVS value1 [current_design]
 #where value1 is either VCCO or GND

 set_property CONFIG_VOLTAGE value2 [current_design]
 #where value2 is the voltage provided to configuration bank 0

Refer to the device configuration user guide for more information.
Related violations: <none>

PDCN-1569#1 Warning
LUT equation term check  
Used physical LUT pin 'A1' of cell dbg_hub/inst/BSCANID.u_xsdbm_id/SWITCH_N_EXT_BSCAN.bscan_switch/temp_curid[31]_i_1 (pin dbg_hub/inst/BSCANID.u_xsdbm_id/SWITCH_N_EXT_BSCAN.bscan_switch/temp_curid[31]_i_1/I0) is not included in the LUT equation: 'O5=(A3*A4)+(A3*(~A4)*(~A5))+((~A3))'. If this cell is a user instantiated LUT in the design, please remove connectivity to the pin or change the equation and/or INIT string of the LUT to prevent this issue. If the cell is inferred or IP created LUT, please regenerate the IP and/or resynthesize the design to attempt to correct the issue.
Related violations: <none>

PDCN-1569#2 Warning
LUT equation term check  
Used physical LUT pin 'A2' of cell dbg_hub/inst/BSCANID.u_xsdbm_id/SWITCH_N_EXT_BSCAN.bscan_switch/temp_curid[31]_i_1 (pin dbg_hub/inst/BSCANID.u_xsdbm_id/SWITCH_N_EXT_BSCAN.bscan_switch/temp_curid[31]_i_1/I1) is not included in the LUT equation: 'O5=(A3*A4)+(A3*(~A4)*(~A5))+((~A3))'. If this cell is a user instantiated LUT in the design, please remove connectivity to the pin or change the equation and/or INIT string of the LUT to prevent this issue. If the cell is inferred or IP created LUT, please regenerate the IP and/or resynthesize the design to attempt to correct the issue.
Related violations: <none>

PDCN-1569#3 Warning
LUT equation term check  
Used physical LUT pin 'A4' of cell dbg_hub/inst/BSCANID.u_xsdbm_id/SWITCH_N_EXT_BSCAN.id_state[0]_i_1 (pin dbg_hub/inst/BSCANID.u_xsdbm_id/SWITCH_N_EXT_BSCAN.id_state[0]_i_1/I0) is not included in the LUT equation: 'O6=(A6+~A6)*((A3))'. If this cell is a user instantiated LUT in the design, please remove connectivity to the pin or change the equation and/or INIT string of the LUT to prevent this issue. If the cell is inferred or IP created LUT, please regenerate the IP and/or resynthesize the design to attempt to correct the issue.
Related violations: <none>

PDRC-153#1 Warning
Gated clock check  
Net IMPUT_B_reg[10][0]_LDC_i_1_n_0 is a gated clock net sourced by a combinational pin IMPUT_B_reg[10][0]_LDC_i_1/O, cell IMPUT_B_reg[10][0]_LDC_i_1. This is not good design practice and will likely impact performance. For SLICE registers, for example, use the CE pin to control the loading of data.
Related violations: <none>

PDRC-153#2 Warning
Gated clock check  
Net IMPUT_B_reg[10][1]_LDC_i_1_n_0 is a gated clock net sourced by a combinational pin IMPUT_B_reg[10][1]_LDC_i_1/O, cell IMPUT_B_reg[10][1]_LDC_i_1. This is not good design practice and will likely impact performance. For SLICE registers, for example, use the CE pin to control the loading of data.
Related violations: <none>

PDRC-153#3 Warning
Gated clock check  
Net IMPUT_B_reg[10][2]_LDC_i_1_n_0 is a gated clock net sourced by a combinational pin IMPUT_B_reg[10][2]_LDC_i_1/O, cell IMPUT_B_reg[10][2]_LDC_i_1. This is not good design practice and will likely impact performance. For SLICE registers, for example, use the CE pin to control the loading of data.
Related violations: <none>

PDRC-153#4 Warning
Gated clock check  
Net IMPUT_B_reg[10][3]_LDC_i_1_n_0 is a gated clock net sourced by a combinational pin IMPUT_B_reg[10][3]_LDC_i_1/O, cell IMPUT_B_reg[10][3]_LDC_i_1. This is not good design practice and will likely impact performance. For SLICE registers, for example, use the CE pin to control the loading of data.
Related violations: <none>

PDRC-153#5 Warning
Gated clock check  
Net IMPUT_B_reg[10][4]_LDC_i_1_n_0 is a gated clock net sourced by a combinational pin IMPUT_B_reg[10][4]_LDC_i_1/O, cell IMPUT_B_reg[10][4]_LDC_i_1. This is not good design practice and will likely impact performance. For SLICE registers, for example, use the CE pin to control the loading of data.
Related violations: <none>

PDRC-153#6 Warning
Gated clock check  
Net IMPUT_B_reg[10][5]_LDC_i_1_n_0 is a gated clock net sourced by a combinational pin IMPUT_B_reg[10][5]_LDC_i_1/O, cell IMPUT_B_reg[10][5]_LDC_i_1. This is not good design practice and will likely impact performance. For SLICE registers, for example, use the CE pin to control the loading of data.
Related violations: <none>

PDRC-153#7 Warning
Gated clock check  
Net IMPUT_B_reg[10][6]_LDC_i_1_n_0 is a gated clock net sourced by a combinational pin IMPUT_B_reg[10][6]_LDC_i_1/O, cell IMPUT_B_reg[10][6]_LDC_i_1. This is not good design practice and will likely impact performance. For SLICE registers, for example, use the CE pin to control the loading of data.
Related violations: <none>

PDRC-153#8 Warning
Gated clock check  
Net IMPUT_B_reg[10][7]_LDC_i_1_n_0 is a gated clock net sourced by a combinational pin IMPUT_B_reg[10][7]_LDC_i_1/O, cell IMPUT_B_reg[10][7]_LDC_i_1. This is not good design practice and will likely impact performance. For SLICE registers, for example, use the CE pin to control the loading of data.
Related violations: <none>

PDRC-153#9 Warning
Gated clock check  
Net IMPUT_B_reg[11][0]_LDC_i_1_n_0 is a gated clock net sourced by a combinational pin IMPUT_B_reg[11][0]_LDC_i_1/O, cell IMPUT_B_reg[11][0]_LDC_i_1. This is not good design practice and will likely impact performance. For SLICE registers, for example, use the CE pin to control the loading of data.
Related violations: <none>

PDRC-153#10 Warning
Gated clock check  
Net IMPUT_B_reg[11][1]_LDC_i_1_n_0 is a gated clock net sourced by a combinational pin IMPUT_B_reg[11][1]_LDC_i_1/O, cell IMPUT_B_reg[11][1]_LDC_i_1. This is not good design practice and will likely impact performance. For SLICE registers, for example, use the CE pin to control the loading of data.
Related violations: <none>

PDRC-153#11 Warning
Gated clock check  
Net IMPUT_B_reg[11][2]_LDC_i_1_n_0 is a gated clock net sourced by a combinational pin IMPUT_B_reg[11][2]_LDC_i_1/O, cell IMPUT_B_reg[11][2]_LDC_i_1. This is not good design practice and will likely impact performance. For SLICE registers, for example, use the CE pin to control the loading of data.
Related violations: <none>

PDRC-153#12 Warning
Gated clock check  
Net IMPUT_B_reg[11][3]_LDC_i_1_n_0 is a gated clock net sourced by a combinational pin IMPUT_B_reg[11][3]_LDC_i_1/O, cell IMPUT_B_reg[11][3]_LDC_i_1. This is not good design practice and will likely impact performance. For SLICE registers, for example, use the CE pin to control the loading of data.
Related violations: <none>

PDRC-153#13 Warning
Gated clock check  
Net IMPUT_B_reg[11][4]_LDC_i_1_n_0 is a gated clock net sourced by a combinational pin IMPUT_B_reg[11][4]_LDC_i_1/O, cell IMPUT_B_reg[11][4]_LDC_i_1. This is not good design practice and will likely impact performance. For SLICE registers, for example, use the CE pin to control the loading of data.
Related violations: <none>

PDRC-153#14 Warning
Gated clock check  
Net IMPUT_B_reg[11][5]_LDC_i_1_n_0 is a gated clock net sourced by a combinational pin IMPUT_B_reg[11][5]_LDC_i_1/O, cell IMPUT_B_reg[11][5]_LDC_i_1. This is not good design practice and will likely impact performance. For SLICE registers, for example, use the CE pin to control the loading of data.
Related violations: <none>

PDRC-153#15 Warning
Gated clock check  
Net IMPUT_B_reg[11][6]_LDC_i_1_n_0 is a gated clock net sourced by a combinational pin IMPUT_B_reg[11][6]_LDC_i_1/O, cell IMPUT_B_reg[11][6]_LDC_i_1. This is not good design practice and will likely impact performance. For SLICE registers, for example, use the CE pin to control the loading of data.
Related violations: <none>

PDRC-153#16 Warning
Gated clock check  
Net IMPUT_B_reg[11][7]_LDC_i_1_n_0 is a gated clock net sourced by a combinational pin IMPUT_B_reg[11][7]_LDC_i_1/O, cell IMPUT_B_reg[11][7]_LDC_i_1. This is not good design practice and will likely impact performance. For SLICE registers, for example, use the CE pin to control the loading of data.
Related violations: <none>

PDRC-153#17 Warning
Gated clock check  
Net IMPUT_B_reg[12][0]_LDC_i_1_n_0 is a gated clock net sourced by a combinational pin IMPUT_B_reg[12][0]_LDC_i_1/O, cell IMPUT_B_reg[12][0]_LDC_i_1. This is not good design practice and will likely impact performance. For SLICE registers, for example, use the CE pin to control the loading of data.
Related violations: <none>

PDRC-153#18 Warning
Gated clock check  
Net IMPUT_B_reg[12][1]_LDC_i_1_n_0 is a gated clock net sourced by a combinational pin IMPUT_B_reg[12][1]_LDC_i_1/O, cell IMPUT_B_reg[12][1]_LDC_i_1. This is not good design practice and will likely impact performance. For SLICE registers, for example, use the CE pin to control the loading of data.
Related violations: <none>

PDRC-153#19 Warning
Gated clock check  
Net IMPUT_B_reg[12][2]_LDC_i_1_n_0 is a gated clock net sourced by a combinational pin IMPUT_B_reg[12][2]_LDC_i_1/O, cell IMPUT_B_reg[12][2]_LDC_i_1. This is not good design practice and will likely impact performance. For SLICE registers, for example, use the CE pin to control the loading of data.
Related violations: <none>

PDRC-153#20 Warning
Gated clock check  
Net IMPUT_B_reg[12][3]_LDC_i_1_n_0 is a gated clock net sourced by a combinational pin IMPUT_B_reg[12][3]_LDC_i_1/O, cell IMPUT_B_reg[12][3]_LDC_i_1. This is not good design practice and will likely impact performance. For SLICE registers, for example, use the CE pin to control the loading of data.
Related violations: <none>

PDRC-153#21 Warning
Gated clock check  
Net IMPUT_B_reg[12][4]_LDC_i_1_n_0 is a gated clock net sourced by a combinational pin IMPUT_B_reg[12][4]_LDC_i_1/O, cell IMPUT_B_reg[12][4]_LDC_i_1. This is not good design practice and will likely impact performance. For SLICE registers, for example, use the CE pin to control the loading of data.
Related violations: <none>

PDRC-153#22 Warning
Gated clock check  
Net IMPUT_B_reg[12][5]_LDC_i_1_n_0 is a gated clock net sourced by a combinational pin IMPUT_B_reg[12][5]_LDC_i_1/O, cell IMPUT_B_reg[12][5]_LDC_i_1. This is not good design practice and will likely impact performance. For SLICE registers, for example, use the CE pin to control the loading of data.
Related violations: <none>

PDRC-153#23 Warning
Gated clock check  
Net IMPUT_B_reg[12][6]_LDC_i_1_n_0 is a gated clock net sourced by a combinational pin IMPUT_B_reg[12][6]_LDC_i_1/O, cell IMPUT_B_reg[12][6]_LDC_i_1. This is not good design practice and will likely impact performance. For SLICE registers, for example, use the CE pin to control the loading of data.
Related violations: <none>

PDRC-153#24 Warning
Gated clock check  
Net IMPUT_B_reg[12][7]_LDC_i_1_n_0 is a gated clock net sourced by a combinational pin IMPUT_B_reg[12][7]_LDC_i_1/O, cell IMPUT_B_reg[12][7]_LDC_i_1. This is not good design practice and will likely impact performance. For SLICE registers, for example, use the CE pin to control the loading of data.
Related violations: <none>

PDRC-153#25 Warning
Gated clock check  
Net IMPUT_B_reg[13][0]_LDC_i_1_n_0 is a gated clock net sourced by a combinational pin IMPUT_B_reg[13][0]_LDC_i_1/O, cell IMPUT_B_reg[13][0]_LDC_i_1. This is not good design practice and will likely impact performance. For SLICE registers, for example, use the CE pin to control the loading of data.
Related violations: <none>

PDRC-153#26 Warning
Gated clock check  
Net IMPUT_B_reg[13][1]_LDC_i_1_n_0 is a gated clock net sourced by a combinational pin IMPUT_B_reg[13][1]_LDC_i_1/O, cell IMPUT_B_reg[13][1]_LDC_i_1. This is not good design practice and will likely impact performance. For SLICE registers, for example, use the CE pin to control the loading of data.
Related violations: <none>

PDRC-153#27 Warning
Gated clock check  
Net IMPUT_B_reg[13][2]_LDC_i_1_n_0 is a gated clock net sourced by a combinational pin IMPUT_B_reg[13][2]_LDC_i_1/O, cell IMPUT_B_reg[13][2]_LDC_i_1. This is not good design practice and will likely impact performance. For SLICE registers, for example, use the CE pin to control the loading of data.
Related violations: <none>

PDRC-153#28 Warning
Gated clock check  
Net IMPUT_B_reg[13][3]_LDC_i_1_n_0 is a gated clock net sourced by a combinational pin IMPUT_B_reg[13][3]_LDC_i_1/O, cell IMPUT_B_reg[13][3]_LDC_i_1. This is not good design practice and will likely impact performance. For SLICE registers, for example, use the CE pin to control the loading of data.
Related violations: <none>

PDRC-153#29 Warning
Gated clock check  
Net IMPUT_B_reg[13][4]_LDC_i_1_n_0 is a gated clock net sourced by a combinational pin IMPUT_B_reg[13][4]_LDC_i_1/O, cell IMPUT_B_reg[13][4]_LDC_i_1. This is not good design practice and will likely impact performance. For SLICE registers, for example, use the CE pin to control the loading of data.
Related violations: <none>

PDRC-153#30 Warning
Gated clock check  
Net IMPUT_B_reg[13][5]_LDC_i_1_n_0 is a gated clock net sourced by a combinational pin IMPUT_B_reg[13][5]_LDC_i_1/O, cell IMPUT_B_reg[13][5]_LDC_i_1. This is not good design practice and will likely impact performance. For SLICE registers, for example, use the CE pin to control the loading of data.
Related violations: <none>

PDRC-153#31 Warning
Gated clock check  
Net IMPUT_B_reg[13][6]_LDC_i_1_n_0 is a gated clock net sourced by a combinational pin IMPUT_B_reg[13][6]_LDC_i_1/O, cell IMPUT_B_reg[13][6]_LDC_i_1. This is not good design practice and will likely impact performance. For SLICE registers, for example, use the CE pin to control the loading of data.
Related violations: <none>

PDRC-153#32 Warning
Gated clock check  
Net IMPUT_B_reg[13][7]_LDC_i_1_n_0 is a gated clock net sourced by a combinational pin IMPUT_B_reg[13][7]_LDC_i_1/O, cell IMPUT_B_reg[13][7]_LDC_i_1. This is not good design practice and will likely impact performance. For SLICE registers, for example, use the CE pin to control the loading of data.
Related violations: <none>

PDRC-153#33 Warning
Gated clock check  
Net IMPUT_B_reg[14][0]_LDC_i_1_n_0 is a gated clock net sourced by a combinational pin IMPUT_B_reg[14][0]_LDC_i_1/O, cell IMPUT_B_reg[14][0]_LDC_i_1. This is not good design practice and will likely impact performance. For SLICE registers, for example, use the CE pin to control the loading of data.
Related violations: <none>

PDRC-153#34 Warning
Gated clock check  
Net IMPUT_B_reg[14][1]_LDC_i_1_n_0 is a gated clock net sourced by a combinational pin IMPUT_B_reg[14][1]_LDC_i_1/O, cell IMPUT_B_reg[14][1]_LDC_i_1. This is not good design practice and will likely impact performance. For SLICE registers, for example, use the CE pin to control the loading of data.
Related violations: <none>

PDRC-153#35 Warning
Gated clock check  
Net IMPUT_B_reg[14][2]_LDC_i_1_n_0 is a gated clock net sourced by a combinational pin IMPUT_B_reg[14][2]_LDC_i_1/O, cell IMPUT_B_reg[14][2]_LDC_i_1. This is not good design practice and will likely impact performance. For SLICE registers, for example, use the CE pin to control the loading of data.
Related violations: <none>

PDRC-153#36 Warning
Gated clock check  
Net IMPUT_B_reg[14][3]_LDC_i_1_n_0 is a gated clock net sourced by a combinational pin IMPUT_B_reg[14][3]_LDC_i_1/O, cell IMPUT_B_reg[14][3]_LDC_i_1. This is not good design practice and will likely impact performance. For SLICE registers, for example, use the CE pin to control the loading of data.
Related violations: <none>

PDRC-153#37 Warning
Gated clock check  
Net IMPUT_B_reg[14][4]_LDC_i_1_n_0 is a gated clock net sourced by a combinational pin IMPUT_B_reg[14][4]_LDC_i_1/O, cell IMPUT_B_reg[14][4]_LDC_i_1. This is not good design practice and will likely impact performance. For SLICE registers, for example, use the CE pin to control the loading of data.
Related violations: <none>

PDRC-153#38 Warning
Gated clock check  
Net IMPUT_B_reg[14][5]_LDC_i_1_n_0 is a gated clock net sourced by a combinational pin IMPUT_B_reg[14][5]_LDC_i_1/O, cell IMPUT_B_reg[14][5]_LDC_i_1. This is not good design practice and will likely impact performance. For SLICE registers, for example, use the CE pin to control the loading of data.
Related violations: <none>

PDRC-153#39 Warning
Gated clock check  
Net IMPUT_B_reg[14][6]_LDC_i_1_n_0 is a gated clock net sourced by a combinational pin IMPUT_B_reg[14][6]_LDC_i_1/O, cell IMPUT_B_reg[14][6]_LDC_i_1. This is not good design practice and will likely impact performance. For SLICE registers, for example, use the CE pin to control the loading of data.
Related violations: <none>

PDRC-153#40 Warning
Gated clock check  
Net IMPUT_B_reg[14][7]_LDC_i_1_n_0 is a gated clock net sourced by a combinational pin IMPUT_B_reg[14][7]_LDC_i_1/O, cell IMPUT_B_reg[14][7]_LDC_i_1. This is not good design practice and will likely impact performance. For SLICE registers, for example, use the CE pin to control the loading of data.
Related violations: <none>

PDRC-153#41 Warning
Gated clock check  
Net IMPUT_B_reg[15][0]_LDC_i_1_n_0 is a gated clock net sourced by a combinational pin IMPUT_B_reg[15][0]_LDC_i_1/O, cell IMPUT_B_reg[15][0]_LDC_i_1. This is not good design practice and will likely impact performance. For SLICE registers, for example, use the CE pin to control the loading of data.
Related violations: <none>

PDRC-153#42 Warning
Gated clock check  
Net IMPUT_B_reg[15][1]_LDC_i_1_n_0 is a gated clock net sourced by a combinational pin IMPUT_B_reg[15][1]_LDC_i_1/O, cell IMPUT_B_reg[15][1]_LDC_i_1. This is not good design practice and will likely impact performance. For SLICE registers, for example, use the CE pin to control the loading of data.
Related violations: <none>

PDRC-153#43 Warning
Gated clock check  
Net IMPUT_B_reg[15][2]_LDC_i_1_n_0 is a gated clock net sourced by a combinational pin IMPUT_B_reg[15][2]_LDC_i_1/O, cell IMPUT_B_reg[15][2]_LDC_i_1. This is not good design practice and will likely impact performance. For SLICE registers, for example, use the CE pin to control the loading of data.
Related violations: <none>

PDRC-153#44 Warning
Gated clock check  
Net IMPUT_B_reg[15][3]_LDC_i_1_n_0 is a gated clock net sourced by a combinational pin IMPUT_B_reg[15][3]_LDC_i_1/O, cell IMPUT_B_reg[15][3]_LDC_i_1. This is not good design practice and will likely impact performance. For SLICE registers, for example, use the CE pin to control the loading of data.
Related violations: <none>

PDRC-153#45 Warning
Gated clock check  
Net IMPUT_B_reg[15][4]_LDC_i_1_n_0 is a gated clock net sourced by a combinational pin IMPUT_B_reg[15][4]_LDC_i_1/O, cell IMPUT_B_reg[15][4]_LDC_i_1. This is not good design practice and will likely impact performance. For SLICE registers, for example, use the CE pin to control the loading of data.
Related violations: <none>

PDRC-153#46 Warning
Gated clock check  
Net IMPUT_B_reg[15][5]_LDC_i_1_n_0 is a gated clock net sourced by a combinational pin IMPUT_B_reg[15][5]_LDC_i_1/O, cell IMPUT_B_reg[15][5]_LDC_i_1. This is not good design practice and will likely impact performance. For SLICE registers, for example, use the CE pin to control the loading of data.
Related violations: <none>

PDRC-153#47 Warning
Gated clock check  
Net IMPUT_B_reg[15][6]_LDC_i_1_n_0 is a gated clock net sourced by a combinational pin IMPUT_B_reg[15][6]_LDC_i_1/O, cell IMPUT_B_reg[15][6]_LDC_i_1. This is not good design practice and will likely impact performance. For SLICE registers, for example, use the CE pin to control the loading of data.
Related violations: <none>

PDRC-153#48 Warning
Gated clock check  
Net IMPUT_B_reg[15][7]_LDC_i_1_n_0 is a gated clock net sourced by a combinational pin IMPUT_B_reg[15][7]_LDC_i_1/O, cell IMPUT_B_reg[15][7]_LDC_i_1. This is not good design practice and will likely impact performance. For SLICE registers, for example, use the CE pin to control the loading of data.
Related violations: <none>

PDRC-153#49 Warning
Gated clock check  
Net IMPUT_B_reg[2][0]_LDC_i_1_n_0 is a gated clock net sourced by a combinational pin IMPUT_B_reg[2][0]_LDC_i_1/O, cell IMPUT_B_reg[2][0]_LDC_i_1. This is not good design practice and will likely impact performance. For SLICE registers, for example, use the CE pin to control the loading of data.
Related violations: <none>

PDRC-153#50 Warning
Gated clock check  
Net IMPUT_B_reg[2][1]_LDC_i_1_n_0 is a gated clock net sourced by a combinational pin IMPUT_B_reg[2][1]_LDC_i_1/O, cell IMPUT_B_reg[2][1]_LDC_i_1. This is not good design practice and will likely impact performance. For SLICE registers, for example, use the CE pin to control the loading of data.
Related violations: <none>

PDRC-153#51 Warning
Gated clock check  
Net IMPUT_B_reg[2][2]_LDC_i_1_n_0 is a gated clock net sourced by a combinational pin IMPUT_B_reg[2][2]_LDC_i_1/O, cell IMPUT_B_reg[2][2]_LDC_i_1. This is not good design practice and will likely impact performance. For SLICE registers, for example, use the CE pin to control the loading of data.
Related violations: <none>

PDRC-153#52 Warning
Gated clock check  
Net IMPUT_B_reg[2][3]_LDC_i_1_n_0 is a gated clock net sourced by a combinational pin IMPUT_B_reg[2][3]_LDC_i_1/O, cell IMPUT_B_reg[2][3]_LDC_i_1. This is not good design practice and will likely impact performance. For SLICE registers, for example, use the CE pin to control the loading of data.
Related violations: <none>

PDRC-153#53 Warning
Gated clock check  
Net IMPUT_B_reg[2][4]_LDC_i_1_n_0 is a gated clock net sourced by a combinational pin IMPUT_B_reg[2][4]_LDC_i_1/O, cell IMPUT_B_reg[2][4]_LDC_i_1. This is not good design practice and will likely impact performance. For SLICE registers, for example, use the CE pin to control the loading of data.
Related violations: <none>

PDRC-153#54 Warning
Gated clock check  
Net IMPUT_B_reg[2][5]_LDC_i_1_n_0 is a gated clock net sourced by a combinational pin IMPUT_B_reg[2][5]_LDC_i_1/O, cell IMPUT_B_reg[2][5]_LDC_i_1. This is not good design practice and will likely impact performance. For SLICE registers, for example, use the CE pin to control the loading of data.
Related violations: <none>

PDRC-153#55 Warning
Gated clock check  
Net IMPUT_B_reg[2][6]_LDC_i_1_n_0 is a gated clock net sourced by a combinational pin IMPUT_B_reg[2][6]_LDC_i_1/O, cell IMPUT_B_reg[2][6]_LDC_i_1. This is not good design practice and will likely impact performance. For SLICE registers, for example, use the CE pin to control the loading of data.
Related violations: <none>

PDRC-153#56 Warning
Gated clock check  
Net IMPUT_B_reg[2][7]_LDC_i_1_n_0 is a gated clock net sourced by a combinational pin IMPUT_B_reg[2][7]_LDC_i_1/O, cell IMPUT_B_reg[2][7]_LDC_i_1. This is not good design practice and will likely impact performance. For SLICE registers, for example, use the CE pin to control the loading of data.
Related violations: <none>

PDRC-153#57 Warning
Gated clock check  
Net IMPUT_B_reg[3][0]_LDC_i_1_n_0 is a gated clock net sourced by a combinational pin IMPUT_B_reg[3][0]_LDC_i_1/O, cell IMPUT_B_reg[3][0]_LDC_i_1. This is not good design practice and will likely impact performance. For SLICE registers, for example, use the CE pin to control the loading of data.
Related violations: <none>

PDRC-153#58 Warning
Gated clock check  
Net IMPUT_B_reg[3][1]_LDC_i_1_n_0 is a gated clock net sourced by a combinational pin IMPUT_B_reg[3][1]_LDC_i_1/O, cell IMPUT_B_reg[3][1]_LDC_i_1. This is not good design practice and will likely impact performance. For SLICE registers, for example, use the CE pin to control the loading of data.
Related violations: <none>

PDRC-153#59 Warning
Gated clock check  
Net IMPUT_B_reg[3][2]_LDC_i_1_n_0 is a gated clock net sourced by a combinational pin IMPUT_B_reg[3][2]_LDC_i_1/O, cell IMPUT_B_reg[3][2]_LDC_i_1. This is not good design practice and will likely impact performance. For SLICE registers, for example, use the CE pin to control the loading of data.
Related violations: <none>

PDRC-153#60 Warning
Gated clock check  
Net IMPUT_B_reg[3][3]_LDC_i_1_n_0 is a gated clock net sourced by a combinational pin IMPUT_B_reg[3][3]_LDC_i_1/O, cell IMPUT_B_reg[3][3]_LDC_i_1. This is not good design practice and will likely impact performance. For SLICE registers, for example, use the CE pin to control the loading of data.
Related violations: <none>

PDRC-153#61 Warning
Gated clock check  
Net IMPUT_B_reg[3][4]_LDC_i_1_n_0 is a gated clock net sourced by a combinational pin IMPUT_B_reg[3][4]_LDC_i_1/O, cell IMPUT_B_reg[3][4]_LDC_i_1. This is not good design practice and will likely impact performance. For SLICE registers, for example, use the CE pin to control the loading of data.
Related violations: <none>

PDRC-153#62 Warning
Gated clock check  
Net IMPUT_B_reg[3][5]_LDC_i_1_n_0 is a gated clock net sourced by a combinational pin IMPUT_B_reg[3][5]_LDC_i_1/O, cell IMPUT_B_reg[3][5]_LDC_i_1. This is not good design practice and will likely impact performance. For SLICE registers, for example, use the CE pin to control the loading of data.
Related violations: <none>

PDRC-153#63 Warning
Gated clock check  
Net IMPUT_B_reg[3][6]_LDC_i_1_n_0 is a gated clock net sourced by a combinational pin IMPUT_B_reg[3][6]_LDC_i_1/O, cell IMPUT_B_reg[3][6]_LDC_i_1. This is not good design practice and will likely impact performance. For SLICE registers, for example, use the CE pin to control the loading of data.
Related violations: <none>

PDRC-153#64 Warning
Gated clock check  
Net IMPUT_B_reg[3][7]_LDC_i_1_n_0 is a gated clock net sourced by a combinational pin IMPUT_B_reg[3][7]_LDC_i_1/O, cell IMPUT_B_reg[3][7]_LDC_i_1. This is not good design practice and will likely impact performance. For SLICE registers, for example, use the CE pin to control the loading of data.
Related violations: <none>

PDRC-153#65 Warning
Gated clock check  
Net IMPUT_B_reg[4][0]_LDC_i_1_n_0 is a gated clock net sourced by a combinational pin IMPUT_B_reg[4][0]_LDC_i_1/O, cell IMPUT_B_reg[4][0]_LDC_i_1. This is not good design practice and will likely impact performance. For SLICE registers, for example, use the CE pin to control the loading of data.
Related violations: <none>

PDRC-153#66 Warning
Gated clock check  
Net IMPUT_B_reg[4][1]_LDC_i_1_n_0 is a gated clock net sourced by a combinational pin IMPUT_B_reg[4][1]_LDC_i_1/O, cell IMPUT_B_reg[4][1]_LDC_i_1. This is not good design practice and will likely impact performance. For SLICE registers, for example, use the CE pin to control the loading of data.
Related violations: <none>

PDRC-153#67 Warning
Gated clock check  
Net IMPUT_B_reg[4][2]_LDC_i_1_n_0 is a gated clock net sourced by a combinational pin IMPUT_B_reg[4][2]_LDC_i_1/O, cell IMPUT_B_reg[4][2]_LDC_i_1. This is not good design practice and will likely impact performance. For SLICE registers, for example, use the CE pin to control the loading of data.
Related violations: <none>

PDRC-153#68 Warning
Gated clock check  
Net IMPUT_B_reg[4][3]_LDC_i_1_n_0 is a gated clock net sourced by a combinational pin IMPUT_B_reg[4][3]_LDC_i_1/O, cell IMPUT_B_reg[4][3]_LDC_i_1. This is not good design practice and will likely impact performance. For SLICE registers, for example, use the CE pin to control the loading of data.
Related violations: <none>

PDRC-153#69 Warning
Gated clock check  
Net IMPUT_B_reg[4][4]_LDC_i_1_n_0 is a gated clock net sourced by a combinational pin IMPUT_B_reg[4][4]_LDC_i_1/O, cell IMPUT_B_reg[4][4]_LDC_i_1. This is not good design practice and will likely impact performance. For SLICE registers, for example, use the CE pin to control the loading of data.
Related violations: <none>

PDRC-153#70 Warning
Gated clock check  
Net IMPUT_B_reg[4][5]_LDC_i_1_n_0 is a gated clock net sourced by a combinational pin IMPUT_B_reg[4][5]_LDC_i_1/O, cell IMPUT_B_reg[4][5]_LDC_i_1. This is not good design practice and will likely impact performance. For SLICE registers, for example, use the CE pin to control the loading of data.
Related violations: <none>

PDRC-153#71 Warning
Gated clock check  
Net IMPUT_B_reg[4][6]_LDC_i_1_n_0 is a gated clock net sourced by a combinational pin IMPUT_B_reg[4][6]_LDC_i_1/O, cell IMPUT_B_reg[4][6]_LDC_i_1. This is not good design practice and will likely impact performance. For SLICE registers, for example, use the CE pin to control the loading of data.
Related violations: <none>

PDRC-153#72 Warning
Gated clock check  
Net IMPUT_B_reg[4][7]_LDC_i_1_n_0 is a gated clock net sourced by a combinational pin IMPUT_B_reg[4][7]_LDC_i_1/O, cell IMPUT_B_reg[4][7]_LDC_i_1. This is not good design practice and will likely impact performance. For SLICE registers, for example, use the CE pin to control the loading of data.
Related violations: <none>

PDRC-153#73 Warning
Gated clock check  
Net IMPUT_B_reg[5][0]_LDC_i_1_n_0 is a gated clock net sourced by a combinational pin IMPUT_B_reg[5][0]_LDC_i_1/O, cell IMPUT_B_reg[5][0]_LDC_i_1. This is not good design practice and will likely impact performance. For SLICE registers, for example, use the CE pin to control the loading of data.
Related violations: <none>

PDRC-153#74 Warning
Gated clock check  
Net IMPUT_B_reg[5][1]_LDC_i_1_n_0 is a gated clock net sourced by a combinational pin IMPUT_B_reg[5][1]_LDC_i_1/O, cell IMPUT_B_reg[5][1]_LDC_i_1. This is not good design practice and will likely impact performance. For SLICE registers, for example, use the CE pin to control the loading of data.
Related violations: <none>

PDRC-153#75 Warning
Gated clock check  
Net IMPUT_B_reg[5][2]_LDC_i_1_n_0 is a gated clock net sourced by a combinational pin IMPUT_B_reg[5][2]_LDC_i_1/O, cell IMPUT_B_reg[5][2]_LDC_i_1. This is not good design practice and will likely impact performance. For SLICE registers, for example, use the CE pin to control the loading of data.
Related violations: <none>

PDRC-153#76 Warning
Gated clock check  
Net IMPUT_B_reg[5][3]_LDC_i_1_n_0 is a gated clock net sourced by a combinational pin IMPUT_B_reg[5][3]_LDC_i_1/O, cell IMPUT_B_reg[5][3]_LDC_i_1. This is not good design practice and will likely impact performance. For SLICE registers, for example, use the CE pin to control the loading of data.
Related violations: <none>

PDRC-153#77 Warning
Gated clock check  
Net IMPUT_B_reg[5][4]_LDC_i_1_n_0 is a gated clock net sourced by a combinational pin IMPUT_B_reg[5][4]_LDC_i_1/O, cell IMPUT_B_reg[5][4]_LDC_i_1. This is not good design practice and will likely impact performance. For SLICE registers, for example, use the CE pin to control the loading of data.
Related violations: <none>

PDRC-153#78 Warning
Gated clock check  
Net IMPUT_B_reg[5][5]_LDC_i_1_n_0 is a gated clock net sourced by a combinational pin IMPUT_B_reg[5][5]_LDC_i_1/O, cell IMPUT_B_reg[5][5]_LDC_i_1. This is not good design practice and will likely impact performance. For SLICE registers, for example, use the CE pin to control the loading of data.
Related violations: <none>

PDRC-153#79 Warning
Gated clock check  
Net IMPUT_B_reg[5][6]_LDC_i_1_n_0 is a gated clock net sourced by a combinational pin IMPUT_B_reg[5][6]_LDC_i_1/O, cell IMPUT_B_reg[5][6]_LDC_i_1. This is not good design practice and will likely impact performance. For SLICE registers, for example, use the CE pin to control the loading of data.
Related violations: <none>

PDRC-153#80 Warning
Gated clock check  
Net IMPUT_B_reg[5][7]_LDC_i_1_n_0 is a gated clock net sourced by a combinational pin IMPUT_B_reg[5][7]_LDC_i_1/O, cell IMPUT_B_reg[5][7]_LDC_i_1. This is not good design practice and will likely impact performance. For SLICE registers, for example, use the CE pin to control the loading of data.
Related violations: <none>

PDRC-153#81 Warning
Gated clock check  
Net IMPUT_B_reg[6][0]_LDC_i_1_n_0 is a gated clock net sourced by a combinational pin IMPUT_B_reg[6][0]_LDC_i_1/O, cell IMPUT_B_reg[6][0]_LDC_i_1. This is not good design practice and will likely impact performance. For SLICE registers, for example, use the CE pin to control the loading of data.
Related violations: <none>

PDRC-153#82 Warning
Gated clock check  
Net IMPUT_B_reg[6][1]_LDC_i_1_n_0 is a gated clock net sourced by a combinational pin IMPUT_B_reg[6][1]_LDC_i_1/O, cell IMPUT_B_reg[6][1]_LDC_i_1. This is not good design practice and will likely impact performance. For SLICE registers, for example, use the CE pin to control the loading of data.
Related violations: <none>

PDRC-153#83 Warning
Gated clock check  
Net IMPUT_B_reg[6][2]_LDC_i_1_n_0 is a gated clock net sourced by a combinational pin IMPUT_B_reg[6][2]_LDC_i_1/O, cell IMPUT_B_reg[6][2]_LDC_i_1. This is not good design practice and will likely impact performance. For SLICE registers, for example, use the CE pin to control the loading of data.
Related violations: <none>

PDRC-153#84 Warning
Gated clock check  
Net IMPUT_B_reg[6][3]_LDC_i_1_n_0 is a gated clock net sourced by a combinational pin IMPUT_B_reg[6][3]_LDC_i_1/O, cell IMPUT_B_reg[6][3]_LDC_i_1. This is not good design practice and will likely impact performance. For SLICE registers, for example, use the CE pin to control the loading of data.
Related violations: <none>

PDRC-153#85 Warning
Gated clock check  
Net IMPUT_B_reg[6][4]_LDC_i_1_n_0 is a gated clock net sourced by a combinational pin IMPUT_B_reg[6][4]_LDC_i_1/O, cell IMPUT_B_reg[6][4]_LDC_i_1. This is not good design practice and will likely impact performance. For SLICE registers, for example, use the CE pin to control the loading of data.
Related violations: <none>

PDRC-153#86 Warning
Gated clock check  
Net IMPUT_B_reg[6][5]_LDC_i_1_n_0 is a gated clock net sourced by a combinational pin IMPUT_B_reg[6][5]_LDC_i_1/O, cell IMPUT_B_reg[6][5]_LDC_i_1. This is not good design practice and will likely impact performance. For SLICE registers, for example, use the CE pin to control the loading of data.
Related violations: <none>

PDRC-153#87 Warning
Gated clock check  
Net IMPUT_B_reg[6][6]_LDC_i_1_n_0 is a gated clock net sourced by a combinational pin IMPUT_B_reg[6][6]_LDC_i_1/O, cell IMPUT_B_reg[6][6]_LDC_i_1. This is not good design practice and will likely impact performance. For SLICE registers, for example, use the CE pin to control the loading of data.
Related violations: <none>

PDRC-153#88 Warning
Gated clock check  
Net IMPUT_B_reg[6][7]_LDC_i_1_n_0 is a gated clock net sourced by a combinational pin IMPUT_B_reg[6][7]_LDC_i_1/O, cell IMPUT_B_reg[6][7]_LDC_i_1. This is not good design practice and will likely impact performance. For SLICE registers, for example, use the CE pin to control the loading of data.
Related violations: <none>

PDRC-153#89 Warning
Gated clock check  
Net IMPUT_B_reg[7][0]_LDC_i_1_n_0 is a gated clock net sourced by a combinational pin IMPUT_B_reg[7][0]_LDC_i_1/O, cell IMPUT_B_reg[7][0]_LDC_i_1. This is not good design practice and will likely impact performance. For SLICE registers, for example, use the CE pin to control the loading of data.
Related violations: <none>

PDRC-153#90 Warning
Gated clock check  
Net IMPUT_B_reg[7][1]_LDC_i_1_n_0 is a gated clock net sourced by a combinational pin IMPUT_B_reg[7][1]_LDC_i_1/O, cell IMPUT_B_reg[7][1]_LDC_i_1. This is not good design practice and will likely impact performance. For SLICE registers, for example, use the CE pin to control the loading of data.
Related violations: <none>

PDRC-153#91 Warning
Gated clock check  
Net IMPUT_B_reg[7][2]_LDC_i_1_n_0 is a gated clock net sourced by a combinational pin IMPUT_B_reg[7][2]_LDC_i_1/O, cell IMPUT_B_reg[7][2]_LDC_i_1. This is not good design practice and will likely impact performance. For SLICE registers, for example, use the CE pin to control the loading of data.
Related violations: <none>

PDRC-153#92 Warning
Gated clock check  
Net IMPUT_B_reg[7][3]_LDC_i_1_n_0 is a gated clock net sourced by a combinational pin IMPUT_B_reg[7][3]_LDC_i_1/O, cell IMPUT_B_reg[7][3]_LDC_i_1. This is not good design practice and will likely impact performance. For SLICE registers, for example, use the CE pin to control the loading of data.
Related violations: <none>

PDRC-153#93 Warning
Gated clock check  
Net IMPUT_B_reg[7][4]_LDC_i_1_n_0 is a gated clock net sourced by a combinational pin IMPUT_B_reg[7][4]_LDC_i_1/O, cell IMPUT_B_reg[7][4]_LDC_i_1. This is not good design practice and will likely impact performance. For SLICE registers, for example, use the CE pin to control the loading of data.
Related violations: <none>

PDRC-153#94 Warning
Gated clock check  
Net IMPUT_B_reg[7][5]_LDC_i_1_n_0 is a gated clock net sourced by a combinational pin IMPUT_B_reg[7][5]_LDC_i_1/O, cell IMPUT_B_reg[7][5]_LDC_i_1. This is not good design practice and will likely impact performance. For SLICE registers, for example, use the CE pin to control the loading of data.
Related violations: <none>

PDRC-153#95 Warning
Gated clock check  
Net IMPUT_B_reg[7][6]_LDC_i_1_n_0 is a gated clock net sourced by a combinational pin IMPUT_B_reg[7][6]_LDC_i_1/O, cell IMPUT_B_reg[7][6]_LDC_i_1. This is not good design practice and will likely impact performance. For SLICE registers, for example, use the CE pin to control the loading of data.
Related violations: <none>

PDRC-153#96 Warning
Gated clock check  
Net IMPUT_B_reg[7][7]_LDC_i_1_n_0 is a gated clock net sourced by a combinational pin IMPUT_B_reg[7][7]_LDC_i_1/O, cell IMPUT_B_reg[7][7]_LDC_i_1. This is not good design practice and will likely impact performance. For SLICE registers, for example, use the CE pin to control the loading of data.
Related violations: <none>

PDRC-153#97 Warning
Gated clock check  
Net IMPUT_B_reg[8][0]_LDC_i_1_n_0 is a gated clock net sourced by a combinational pin IMPUT_B_reg[8][0]_LDC_i_1/O, cell IMPUT_B_reg[8][0]_LDC_i_1. This is not good design practice and will likely impact performance. For SLICE registers, for example, use the CE pin to control the loading of data.
Related violations: <none>

PDRC-153#98 Warning
Gated clock check  
Net IMPUT_B_reg[8][1]_LDC_i_1_n_0 is a gated clock net sourced by a combinational pin IMPUT_B_reg[8][1]_LDC_i_1/O, cell IMPUT_B_reg[8][1]_LDC_i_1. This is not good design practice and will likely impact performance. For SLICE registers, for example, use the CE pin to control the loading of data.
Related violations: <none>

PDRC-153#99 Warning
Gated clock check  
Net IMPUT_B_reg[8][2]_LDC_i_1_n_0 is a gated clock net sourced by a combinational pin IMPUT_B_reg[8][2]_LDC_i_1/O, cell IMPUT_B_reg[8][2]_LDC_i_1. This is not good design practice and will likely impact performance. For SLICE registers, for example, use the CE pin to control the loading of data.
Related violations: <none>

PDRC-153#100 Warning
Gated clock check  
Net IMPUT_B_reg[8][3]_LDC_i_1_n_0 is a gated clock net sourced by a combinational pin IMPUT_B_reg[8][3]_LDC_i_1/O, cell IMPUT_B_reg[8][3]_LDC_i_1. This is not good design practice and will likely impact performance. For SLICE registers, for example, use the CE pin to control the loading of data.
Related violations: <none>

PDRC-153#101 Warning
Gated clock check  
Net IMPUT_B_reg[8][4]_LDC_i_1_n_0 is a gated clock net sourced by a combinational pin IMPUT_B_reg[8][4]_LDC_i_1/O, cell IMPUT_B_reg[8][4]_LDC_i_1. This is not good design practice and will likely impact performance. For SLICE registers, for example, use the CE pin to control the loading of data.
Related violations: <none>

PDRC-153#102 Warning
Gated clock check  
Net IMPUT_B_reg[8][5]_LDC_i_1_n_0 is a gated clock net sourced by a combinational pin IMPUT_B_reg[8][5]_LDC_i_1/O, cell IMPUT_B_reg[8][5]_LDC_i_1. This is not good design practice and will likely impact performance. For SLICE registers, for example, use the CE pin to control the loading of data.
Related violations: <none>

PDRC-153#103 Warning
Gated clock check  
Net IMPUT_B_reg[8][6]_LDC_i_1_n_0 is a gated clock net sourced by a combinational pin IMPUT_B_reg[8][6]_LDC_i_1/O, cell IMPUT_B_reg[8][6]_LDC_i_1. This is not good design practice and will likely impact performance. For SLICE registers, for example, use the CE pin to control the loading of data.
Related violations: <none>

PDRC-153#104 Warning
Gated clock check  
Net IMPUT_B_reg[8][7]_LDC_i_1_n_0 is a gated clock net sourced by a combinational pin IMPUT_B_reg[8][7]_LDC_i_1/O, cell IMPUT_B_reg[8][7]_LDC_i_1. This is not good design practice and will likely impact performance. For SLICE registers, for example, use the CE pin to control the loading of data.
Related violations: <none>

PDRC-153#105 Warning
Gated clock check  
Net IMPUT_B_reg[9][0]_LDC_i_1_n_0 is a gated clock net sourced by a combinational pin IMPUT_B_reg[9][0]_LDC_i_1/O, cell IMPUT_B_reg[9][0]_LDC_i_1. This is not good design practice and will likely impact performance. For SLICE registers, for example, use the CE pin to control the loading of data.
Related violations: <none>

PDRC-153#106 Warning
Gated clock check  
Net IMPUT_B_reg[9][1]_LDC_i_1_n_0 is a gated clock net sourced by a combinational pin IMPUT_B_reg[9][1]_LDC_i_1/O, cell IMPUT_B_reg[9][1]_LDC_i_1. This is not good design practice and will likely impact performance. For SLICE registers, for example, use the CE pin to control the loading of data.
Related violations: <none>

PDRC-153#107 Warning
Gated clock check  
Net IMPUT_B_reg[9][2]_LDC_i_1_n_0 is a gated clock net sourced by a combinational pin IMPUT_B_reg[9][2]_LDC_i_1/O, cell IMPUT_B_reg[9][2]_LDC_i_1. This is not good design practice and will likely impact performance. For SLICE registers, for example, use the CE pin to control the loading of data.
Related violations: <none>

PDRC-153#108 Warning
Gated clock check  
Net IMPUT_B_reg[9][3]_LDC_i_1_n_0 is a gated clock net sourced by a combinational pin IMPUT_B_reg[9][3]_LDC_i_1/O, cell IMPUT_B_reg[9][3]_LDC_i_1. This is not good design practice and will likely impact performance. For SLICE registers, for example, use the CE pin to control the loading of data.
Related violations: <none>

PDRC-153#109 Warning
Gated clock check  
Net IMPUT_B_reg[9][4]_LDC_i_1_n_0 is a gated clock net sourced by a combinational pin IMPUT_B_reg[9][4]_LDC_i_1/O, cell IMPUT_B_reg[9][4]_LDC_i_1. This is not good design practice and will likely impact performance. For SLICE registers, for example, use the CE pin to control the loading of data.
Related violations: <none>

PDRC-153#110 Warning
Gated clock check  
Net IMPUT_B_reg[9][5]_LDC_i_1_n_0 is a gated clock net sourced by a combinational pin IMPUT_B_reg[9][5]_LDC_i_1/O, cell IMPUT_B_reg[9][5]_LDC_i_1. This is not good design practice and will likely impact performance. For SLICE registers, for example, use the CE pin to control the loading of data.
Related violations: <none>

PDRC-153#111 Warning
Gated clock check  
Net IMPUT_B_reg[9][6]_LDC_i_1_n_0 is a gated clock net sourced by a combinational pin IMPUT_B_reg[9][6]_LDC_i_1/O, cell IMPUT_B_reg[9][6]_LDC_i_1. This is not good design practice and will likely impact performance. For SLICE registers, for example, use the CE pin to control the loading of data.
Related violations: <none>

PDRC-153#112 Warning
Gated clock check  
Net IMPUT_B_reg[9][7]_LDC_i_1_n_0 is a gated clock net sourced by a combinational pin IMPUT_B_reg[9][7]_LDC_i_1/O, cell IMPUT_B_reg[9][7]_LDC_i_1. This is not good design practice and will likely impact performance. For SLICE registers, for example, use the CE pin to control the loading of data.
Related violations: <none>

RTSTAT-10#1 Warning
No routable loads  
25 net(s) have no routable loads. The problem bus(es) and/or net(s) are dbg_hub/inst/BSCANID.u_xsdbm_id/CORE_XSDB.UUT_MASTER/U_ICON_INTERFACE/U_CMD1/ctl_reg_en_2[1],
dbg_hub/inst/BSCANID.u_xsdbm_id/CORE_XSDB.UUT_MASTER/U_ICON_INTERFACE/U_CMD6_RD/U_RD_FIFO/SUBCORE_FIFO.xsdbm_v3_0_4_rdfifo_inst/inst_fifo_gen/gconvfifo.rf/grf.rf/gntv_or_sync_fifo.gl0.rd/gr1.gr1_int.rfwft/aempty_fwft_i,
dbg_hub/inst/BSCANID.u_xsdbm_id/CORE_XSDB.UUT_MASTER/U_ICON_INTERFACE/U_CMD6_RD/U_RD_FIFO/SUBCORE_FIFO.xsdbm_v3_0_4_rdfifo_inst/inst_fifo_gen/gconvfifo.rf/grf.rf/gntv_or_sync_fifo.gl0.rd/gras.rsts/ram_empty_i,
dbg_hub/inst/BSCANID.u_xsdbm_id/CORE_XSDB.UUT_MASTER/U_ICON_INTERFACE/U_CMD6_RD/U_RD_FIFO/SUBCORE_FIFO.xsdbm_v3_0_4_rdfifo_inst/inst_fifo_gen/gconvfifo.rf/grf.rf/gntv_or_sync_fifo.gl0.wr/gwhf.whf/overflow,
dbg_hub/inst/BSCANID.u_xsdbm_id/CORE_XSDB.UUT_MASTER/U_ICON_INTERFACE/U_CMD6_RD/U_RD_FIFO/SUBCORE_FIFO.xsdbm_v3_0_4_rdfifo_inst/inst_fifo_gen/gconvfifo.rf/grf.rf/rstblk/ngwrdrst.grst.wr_rst_reg[2],
dbg_hub/inst/BSCANID.u_xsdbm_id/CORE_XSDB.UUT_MASTER/U_ICON_INTERFACE/U_CMD6_WR/U_WR_FIFO/SUBCORE_FIFO.xsdbm_v3_0_4_wrfifo_inst/inst_fifo_gen/gconvfifo.rf/grf.rf/gntv_or_sync_fifo.gl0.wr/gwas.wsts/ram_full_i,
dbg_hub/inst/BSCANID.u_xsdbm_id/CORE_XSDB.UUT_MASTER/U_ICON_INTERFACE/U_CMD6_WR/U_WR_FIFO/SUBCORE_FIFO.xsdbm_v3_0_4_wrfifo_inst/inst_fifo_gen/gconvfifo.rf/grf.rf/gntv_or_sync_fifo.gl0.wr/gwhf.whf/overflow,
dbg_hub/inst/BSCANID.u_xsdbm_id/CORE_XSDB.UUT_MASTER/U_ICON_INTERFACE/U_CMD6_WR/U_WR_FIFO/SUBCORE_FIFO.xsdbm_v3_0_4_wrfifo_inst/inst_fifo_gen/gconvfifo.rf/grf.rf/rstblk/ngwrdrst.grst.rd_rst_reg[0],
dbg_hub/inst/BSCANID.u_xsdbm_id/CORE_XSDB.UUT_MASTER/U_ICON_INTERFACE/U_CMD6_WR/U_WR_FIFO/SUBCORE_FIFO.xsdbm_v3_0_4_wrfifo_inst/inst_fifo_gen/gconvfifo.rf/grf.rf/rstblk/ngwrdrst.grst.wr_rst_reg[2],
dbg_hub/inst/BSCANID.u_xsdbm_id/CORE_XSDB.UUT_MASTER/U_ICON_INTERFACE/U_CMD7_CTL/ctl_reg[2:0],
dbg_hub/inst/BSCANID.u_xsdbm_id/CORE_XSDB.UUT_MASTER/U_ICON_INTERFACE/U_CMD7_CTL/ctl_reg_en_2[1],
dbg_hub/inst/BSCANID.u_xsdbm_id/SWITCH_N_EXT_BSCAN.bscan_inst/TMS,
dbg_hub/inst/BSCANID.u_xsdbm_id/SWITCH_N_EXT_BSCAN.bscan_switch/m_bscan_capture[0],
dbg_hub/inst/BSCANID.u_xsdbm_id/SWITCH_N_EXT_BSCAN.bscan_switch/m_bscan_drck[0],
dbg_hub/inst/BSCANID.u_xsdbm_id/SWITCH_N_EXT_BSCAN.bscan_switch/m_bscan_runtest[0]
 (the first 15 of 23 listed nets/buses).
Related violations: <none>


