
*** Running vivado
    with args -log Arty7_top.vdi -applog -m64 -product Vivado -messageDb vivado.pb -mode batch -source Arty7_top.tcl -notrace


****** Vivado v2025.1 (64-bit)
  **** SW Build 6140274 on Wed May 21 22:58:25 MDT 2025
  **** IP Build 6138677 on Thu May 22 03:10:11 MDT 2025
  **** SharedData Build 6139179 on Tue May 20 17:58:58 MDT 2025
  **** Start of session at: Fri Oct 31 22:08:12 2025
    ** Copyright 1986-2022 Xilinx, Inc. All Rights Reserved.
    ** Copyright 2022-2025 Advanced Micro Devices, Inc. All Rights Reserved.

source Arty7_top.tcl -notrace
Command: link_design -top Arty7_top -part xc7a100tcsg324-2L
Design is defaulting to srcset: sources_1
Design is defaulting to constrset: constrs_1
INFO: [Device 21-403] Loading part xc7a100tcsg324-2L
INFO: [Project 1-5699] Read binary netlist with skipMacroContent - 1
INFO: [Project 1-454] Reading design checkpoint '/home/xmen/Desktop/compara/analise/project_1/project_1.gen/sources_1/ip/ila_0_1/ila_0.dcp' for cell 'your_instance_name'
Netlist sorting complete. Time (s): cpu = 00:00:00.02 ; elapsed = 00:00:00.02 . Memory (MB): peak = 1946.844 ; gain = 0.000 ; free physical = 42356 ; free virtual = 65034
INFO: [Netlist 29-17] Analyzing 429 Unisim elements for replacement
INFO: [Netlist 29-28] Unisim Transformation completed in 0 CPU seconds
INFO: [Project 1-479] Netlist was created with Vivado 2025.1
INFO: [Project 1-570] Preparing netlist for logic optimization
INFO: [Chipscope 16-324] Core: your_instance_name UUID: c43761e0-c036-5039-8c69-07a263a83e64 
Parsing XDC File [/home/xmen/Desktop/compara/analise/project_1/project_1.gen/sources_1/ip/ila_0_1/ila_v6_2/constraints/ila_impl.xdc] for cell 'your_instance_name/inst'
WARNING: [Vivado_Tcl 4-921] Waiver ID 'CDC-10' -to list should not be empty. [/home/xmen/Desktop/compara/analise/project_1/project_1.gen/sources_1/ip/ila_0_1/ila_v6_2/constraints/ila_impl.xdc:31]
Finished Parsing XDC File [/home/xmen/Desktop/compara/analise/project_1/project_1.gen/sources_1/ip/ila_0_1/ila_v6_2/constraints/ila_impl.xdc] for cell 'your_instance_name/inst'
Parsing XDC File [/home/xmen/Desktop/compara/analise/project_1/project_1.gen/sources_1/ip/ila_0_1/ila_v6_2/constraints/ila.xdc] for cell 'your_instance_name/inst'
WARNING: [Vivado_Tcl 4-921] Waiver ID 'CDC-10' -to list should not be empty. [/home/xmen/Desktop/compara/analise/project_1/project_1.gen/sources_1/ip/ila_0_1/ila_v6_2/constraints/ila.xdc:108]
Finished Parsing XDC File [/home/xmen/Desktop/compara/analise/project_1/project_1.gen/sources_1/ip/ila_0_1/ila_v6_2/constraints/ila.xdc] for cell 'your_instance_name/inst'
Parsing XDC File [/home/xmen/Desktop/compara/analise/project_1/project_1.srcs/constrs_1/imports/XilinxDesignConstraint/Arty-A7-100-Master.xdc]
Finished Parsing XDC File [/home/xmen/Desktop/compara/analise/project_1/project_1.srcs/constrs_1/imports/XilinxDesignConstraint/Arty-A7-100-Master.xdc]
INFO: [Opt 31-138] Pushed 0 inverter(s) to 0 load pin(s).
INFO: [Project 1-1687] 2 scoped IP constraints or related sub-commands were skipped due to synthesis logic optimizations usually triggered by constant connectivity or unconnected output pins. To review the skipped constraints and messages, run the command 'set_param netlist.IPMsgFiltering false' before opening the design.
Netlist sorting complete. Time (s): cpu = 00:00:00 ; elapsed = 00:00:00 . Memory (MB): peak = 2154.293 ; gain = 0.000 ; free physical = 42231 ; free virtual = 64909
INFO: [Project 1-111] Unisim Transformation Summary:
  A total of 184 instances were transformed.
  CFGLUT5 => CFGLUT5 (SRL16E, SRLC32E): 184 instances

11 Infos, 2 Warnings, 0 Critical Warnings and 0 Errors encountered.
link_design completed successfully
Command: opt_design
Attempting to get a license for feature 'Implementation' and/or device 'xc7a100t'
INFO: [Common 17-349] Got license for feature 'Implementation' and/or device 'xc7a100t'
Running DRC as a precondition to command opt_design

Starting DRC Task
INFO: [DRC 23-27] Running DRC with 8 threads
INFO: [Project 1-461] DRC finished with 0 Errors
INFO: [Project 1-462] Please refer to the DRC report (report_drc) for more information.

Time (s): cpu = 00:00:00.59 ; elapsed = 00:00:00.23 . Memory (MB): peak = 2296.285 ; gain = 141.957 ; free physical = 42093 ; free virtual = 64771

Starting Cache Timing Information Task
INFO: [Timing 38-35] Done setting XDC timing constraints.
Ending Cache Timing Information Task | Checksum: 29a1bb742

Time (s): cpu = 00:00:03 ; elapsed = 00:00:03 . Memory (MB): peak = 2708.238 ; gain = 411.953 ; free physical = 41759 ; free virtual = 64437

Starting Logic Optimization Task

Phase 1 Initialization

Phase 1.1 Core Generation And Design Setup

Phase 1.1.1 Generate And Synthesize Debug Cores
INFO: [Chipscope 16-329] Generating Script for core instance : dbg_hub 
INFO: [IP_Flow 19-3806] Processing IP xilinx.com:ip:xsdbm:3.0 for cell dbg_hub_CV.
INFO: [Chipscope 16-469] Using cached IP synthesis design for IP xilinx.com:ip:xsdbm:3.0, cache-ID = 3a610ad28e9483af.
Done building netlist checker database: Time (s): cpu = 00:00:00 ; elapsed = 00:00:00 . Memory (MB): peak = 3089.824 ; gain = 0.000 ; free physical = 41385 ; free virtual = 64066
Netlist sorting complete. Time (s): cpu = 00:00:00.01 ; elapsed = 00:00:00 . Memory (MB): peak = 3089.824 ; gain = 0.000 ; free physical = 41378 ; free virtual = 64060
Phase 1.1.1 Generate And Synthesize Debug Cores | Checksum: 24944280d

Time (s): cpu = 00:00:09 ; elapsed = 00:00:25 . Memory (MB): peak = 3089.824 ; gain = 23.781 ; free physical = 41378 ; free virtual = 64060
Phase 1.1 Core Generation And Design Setup | Checksum: 24944280d

Time (s): cpu = 00:00:09 ; elapsed = 00:00:25 . Memory (MB): peak = 3089.824 ; gain = 23.781 ; free physical = 41378 ; free virtual = 64060

Phase 1.2 Setup Constraints And Sort Netlist
Phase 1.2 Setup Constraints And Sort Netlist | Checksum: 24944280d

Time (s): cpu = 00:00:09 ; elapsed = 00:00:25 . Memory (MB): peak = 3089.824 ; gain = 23.781 ; free physical = 41378 ; free virtual = 64060
Phase 1 Initialization | Checksum: 24944280d

Time (s): cpu = 00:00:09 ; elapsed = 00:00:25 . Memory (MB): peak = 3089.824 ; gain = 23.781 ; free physical = 41378 ; free virtual = 64060

Phase 2 Timer Update And Timing Data Collection

Phase 2.1 Timer Update
Phase 2.1 Timer Update | Checksum: 24944280d

Time (s): cpu = 00:00:09 ; elapsed = 00:00:25 . Memory (MB): peak = 3089.824 ; gain = 23.781 ; free physical = 41378 ; free virtual = 64060

Phase 2.2 Timing Data Collection
Phase 2.2 Timing Data Collection | Checksum: 24944280d

Time (s): cpu = 00:00:09 ; elapsed = 00:00:25 . Memory (MB): peak = 3089.824 ; gain = 23.781 ; free physical = 41378 ; free virtual = 64060
Phase 2 Timer Update And Timing Data Collection | Checksum: 24944280d

Time (s): cpu = 00:00:09 ; elapsed = 00:00:25 . Memory (MB): peak = 3089.824 ; gain = 23.781 ; free physical = 41378 ; free virtual = 64060

Phase 3 Retarget
INFO: [Opt 31-1851] Number of loadless carry chains removed were: 0
INFO: [Opt 31-1834] Total Chains To Be Transformed Were: 0 AND Number of Transformed insts Created are: 0
INFO: [Opt 31-1566] Pulled 2 inverters resulting in an inversion of 14 pins
INFO: [Opt 31-138] Pushed 1 inverter(s) to 1 load pin(s).
INFO: [Opt 31-49] Retargeted 0 cell(s).
Phase 3 Retarget | Checksum: 282c2d1a6

Time (s): cpu = 00:00:09 ; elapsed = 00:00:25 . Memory (MB): peak = 3089.824 ; gain = 23.781 ; free physical = 41379 ; free virtual = 64060
Retarget | Checksum: 282c2d1a6
INFO: [Opt 31-389] Phase Retarget created 11 cells and removed 22 cells
INFO: [Opt 31-1021] In phase Retarget, 184 netlist objects are constrained preventing optimization. Please run opt_design with -debug_log to get more detail. 

Phase 4 Constant propagation
INFO: [Opt 31-138] Pushed 0 inverter(s) to 0 load pin(s).
Phase 4 Constant propagation | Checksum: 3036b510f

Time (s): cpu = 00:00:09 ; elapsed = 00:00:25 . Memory (MB): peak = 3089.824 ; gain = 23.781 ; free physical = 41379 ; free virtual = 64060
Constant propagation | Checksum: 3036b510f
INFO: [Opt 31-389] Phase Constant propagation created 0 cells and removed 29 cells
INFO: [Opt 31-1021] In phase Constant propagation, 49 netlist objects are constrained preventing optimization. Please run opt_design with -debug_log to get more detail. 

Phase 5 Sweep
INFO: [Constraints 18-11670] Building netlist checker database with flags, 0x8
Done building netlist checker database: Time (s): cpu = 00:00:00 ; elapsed = 00:00:00 . Memory (MB): peak = 3089.824 ; gain = 0.000 ; free physical = 41379 ; free virtual = 64060
INFO: [Constraints 18-11670] Building netlist checker database with flags, 0x8
Done building netlist checker database: Time (s): cpu = 00:00:00.01 ; elapsed = 00:00:00 . Memory (MB): peak = 3089.824 ; gain = 0.000 ; free physical = 41379 ; free virtual = 64060
Phase 5 Sweep | Checksum: 27d4a5688

Time (s): cpu = 00:00:09 ; elapsed = 00:00:25 . Memory (MB): peak = 3089.824 ; gain = 23.781 ; free physical = 41379 ; free virtual = 64060
Sweep | Checksum: 27d4a5688
INFO: [Opt 31-389] Phase Sweep created 0 cells and removed 46 cells
INFO: [Opt 31-1021] In phase Sweep, 1107 netlist objects are constrained preventing optimization. Please run opt_design with -debug_log to get more detail. 

Phase 6 BUFG optimization
INFO: [Opt 31-194] Inserted BUFG uart1/uart_receiver/ready_rx_out_BUFG_inst to drive 276 load(s) on clock net uart1/uart_receiver/ready_rx_out_BUFG
INFO: [Opt 31-194] Inserted BUFG uart1/uart_receiver/boudrategenerator_inst/clock_out_BUFG_inst to drive 31 load(s) on clock net uart1/uart_receiver/boudrategenerator_inst/clock_out_BUFG
INFO: [Opt 31-193] Inserted 2 BUFG(s) on clock nets
Phase 6 BUFG optimization | Checksum: 2c9790a1c

Time (s): cpu = 00:00:09 ; elapsed = 00:00:25 . Memory (MB): peak = 3121.840 ; gain = 55.797 ; free physical = 41379 ; free virtual = 64060
BUFG optimization | Checksum: 2c9790a1c
INFO: [Opt 31-662] Phase BUFG optimization created 2 cells of which 2 are BUFGs and removed 0 cells.

Phase 7 Shift Register Optimization
INFO: [Opt 31-1064] SRL Remap converted 0 SRLs to 0 registers and converted 0 registers of register chains to 0 SRLs
Phase 7 Shift Register Optimization | Checksum: 2c9790a1c

Time (s): cpu = 00:00:09 ; elapsed = 00:00:25 . Memory (MB): peak = 3121.840 ; gain = 55.797 ; free physical = 41379 ; free virtual = 64060
Shift Register Optimization | Checksum: 2c9790a1c
INFO: [Opt 31-389] Phase Shift Register Optimization created 0 cells and removed 0 cells

Phase 8 Post Processing Netlist
Phase 8 Post Processing Netlist | Checksum: 2c9790a1c

Time (s): cpu = 00:00:09 ; elapsed = 00:00:25 . Memory (MB): peak = 3121.840 ; gain = 55.797 ; free physical = 41379 ; free virtual = 64060
Post Processing Netlist | Checksum: 2c9790a1c
INFO: [Opt 31-389] Phase Post Processing Netlist created 0 cells and removed 0 cells
INFO: [Opt 31-1021] In phase Post Processing Netlist, 58 netlist objects are constrained preventing optimization. Please run opt_design with -debug_log to get more detail. 

Phase 9 Finalization

Phase 9.1 Finalizing Design Cores and Updating Shapes
Phase 9.1 Finalizing Design Cores and Updating Shapes | Checksum: 25c3a365d

Time (s): cpu = 00:00:10 ; elapsed = 00:00:25 . Memory (MB): peak = 3121.840 ; gain = 55.797 ; free physical = 41379 ; free virtual = 64060

Phase 9.2 Verifying Netlist Connectivity

Starting Connectivity Check Task

Time (s): cpu = 00:00:00.01 ; elapsed = 00:00:00 . Memory (MB): peak = 3121.840 ; gain = 0.000 ; free physical = 41379 ; free virtual = 64060
Phase 9.2 Verifying Netlist Connectivity | Checksum: 25c3a365d

Time (s): cpu = 00:00:10 ; elapsed = 00:00:25 . Memory (MB): peak = 3121.840 ; gain = 55.797 ; free physical = 41379 ; free virtual = 64060
Phase 9 Finalization | Checksum: 25c3a365d

Time (s): cpu = 00:00:10 ; elapsed = 00:00:25 . Memory (MB): peak = 3121.840 ; gain = 55.797 ; free physical = 41379 ; free virtual = 64060
Opt_design Change Summary
=========================


-------------------------------------------------------------------------------------------------------------------------
|  Phase                        |  #Cells created  |  #Cells Removed  |  #Constrained objects preventing optimizations  |
-------------------------------------------------------------------------------------------------------------------------
|  Retarget                     |              11  |              22  |                                            184  |
|  Constant propagation         |               0  |              29  |                                             49  |
|  Sweep                        |               0  |              46  |                                           1107  |
|  BUFG optimization            |               2  |               0  |                                              0  |
|  Shift Register Optimization  |               0  |               0  |                                              0  |
|  Post Processing Netlist      |               0  |               0  |                                             58  |
-------------------------------------------------------------------------------------------------------------------------


Ending Logic Optimization Task | Checksum: 25c3a365d

Time (s): cpu = 00:00:10 ; elapsed = 00:00:25 . Memory (MB): peak = 3121.840 ; gain = 55.797 ; free physical = 41379 ; free virtual = 64060

Starting Power Optimization Task
INFO: [Pwropt 34-132] Skipping clock gating for clocks with a period < 2.00 ns.
INFO: [Timing 38-35] Done setting XDC timing constraints.
Running Vector-less Activity Propagation...
INFO: [Pwropt 34-9] Applying IDT optimizations ...
INFO: [Pwropt 34-10] Applying ODC optimizations ...

Finished Running Vector-less Activity Propagation


Starting PowerOpt Patch Enables Task
INFO: [Pwropt 34-162] WRITE_MODE attribute of 0 BRAM(s) out of a total of 8 has been updated to save power. Run report_power_opt to get a complete listing of the BRAMs updated.
INFO: [Pwropt 34-201] Structural ODC has moved 0 WE to EN ports
Number of BRAM Ports augmented: 8 newly gated: 0 Total Ports: 16
Ending PowerOpt Patch Enables Task | Checksum: 2893d49f6

Time (s): cpu = 00:00:00.02 ; elapsed = 00:00:00.02 . Memory (MB): peak = 3370.824 ; gain = 0.000 ; free physical = 41238 ; free virtual = 63918
Ending Power Optimization Task | Checksum: 2893d49f6

Time (s): cpu = 00:00:02 ; elapsed = 00:00:00.6 . Memory (MB): peak = 3370.824 ; gain = 248.984 ; free physical = 41243 ; free virtual = 63924

Starting Final Cleanup Task
Ending Final Cleanup Task | Checksum: 2893d49f6

Time (s): cpu = 00:00:00 ; elapsed = 00:00:00 . Memory (MB): peak = 3370.824 ; gain = 0.000 ; free physical = 41242 ; free virtual = 63923

Starting Netlist Obfuscation Task
Netlist sorting complete. Time (s): cpu = 00:00:00 ; elapsed = 00:00:00 . Memory (MB): peak = 3370.824 ; gain = 0.000 ; free physical = 41241 ; free virtual = 63922
Ending Netlist Obfuscation Task | Checksum: 2cf08bd02

Time (s): cpu = 00:00:00 ; elapsed = 00:00:00 . Memory (MB): peak = 3370.824 ; gain = 0.000 ; free physical = 41241 ; free virtual = 63922
INFO: [Common 17-83] Releasing license: Implementation
52 Infos, 2 Warnings, 0 Critical Warnings and 0 Errors encountered.
opt_design completed successfully
opt_design: Time (s): cpu = 00:00:16 ; elapsed = 00:00:30 . Memory (MB): peak = 3370.824 ; gain = 1216.496 ; free physical = 41241 ; free virtual = 63922
INFO: [Vivado 12-24828] Executing command : report_drc -file Arty7_top_drc_opted.rpt -pb Arty7_top_drc_opted.pb -rpx Arty7_top_drc_opted.rpx
Command: report_drc -file Arty7_top_drc_opted.rpt -pb Arty7_top_drc_opted.pb -rpx Arty7_top_drc_opted.rpx
INFO: [IP_Flow 19-1839] IP Catalog is up to date.
INFO: [DRC 23-27] Running DRC with 8 threads
INFO: [Vivado_Tcl 2-168] The results of DRC are in file /home/xmen/Desktop/compara/analise/project_1/project_1.runs/impl_1/Arty7_top_drc_opted.rpt.
report_drc completed successfully
INFO: [Timing 38-35] Done setting XDC timing constraints.
INFO: [Timing 38-480] Writing timing data to binary archive.
Wrote PlaceDB: Time (s): cpu = 00:00:00 ; elapsed = 00:00:00 . Memory (MB): peak = 3370.824 ; gain = 0.000 ; free physical = 41215 ; free virtual = 63896
Wrote PulsedLatchDB: Time (s): cpu = 00:00:00 ; elapsed = 00:00:00 . Memory (MB): peak = 3370.824 ; gain = 0.000 ; free physical = 41215 ; free virtual = 63896
Writing XDEF routing.
Write ShapeDB Complete: Time (s): cpu = 00:00:00.02 ; elapsed = 00:00:00 . Memory (MB): peak = 3370.824 ; gain = 0.000 ; free physical = 41215 ; free virtual = 63896
Writing XDEF routing logical nets.
Writing XDEF routing special nets.
Wrote RouteStorage: Time (s): cpu = 00:00:00.04 ; elapsed = 00:00:00.01 . Memory (MB): peak = 3370.824 ; gain = 0.000 ; free physical = 41214 ; free virtual = 63896
Wrote Netlist Cache: Time (s): cpu = 00:00:00 ; elapsed = 00:00:00 . Memory (MB): peak = 3370.824 ; gain = 0.000 ; free physical = 41214 ; free virtual = 63896
Wrote Device Cache: Time (s): cpu = 00:00:00.01 ; elapsed = 00:00:00 . Memory (MB): peak = 3370.824 ; gain = 0.000 ; free physical = 41213 ; free virtual = 63895
Write Physdb Complete: Time (s): cpu = 00:00:00.05 ; elapsed = 00:00:00.01 . Memory (MB): peak = 3370.824 ; gain = 0.000 ; free physical = 41213 ; free virtual = 63895
INFO: [Common 17-1381] The checkpoint '/home/xmen/Desktop/compara/analise/project_1/project_1.runs/impl_1/Arty7_top_opt.dcp' has been generated.
INFO: [Chipscope 16-240] Debug cores have already been implemented
Command: place_design
Attempting to get a license for feature 'Implementation' and/or device 'xc7a100t'
INFO: [Common 17-349] Got license for feature 'Implementation' and/or device 'xc7a100t'
INFO: [Common 17-83] Releasing license: Implementation
INFO: [DRC 23-27] Running DRC with 8 threads
INFO: [Vivado_Tcl 4-198] DRC finished with 0 Errors
INFO: [Vivado_Tcl 4-199] Please refer to the DRC report (report_drc) for more information.
Running DRC as a precondition to command place_design
INFO: [DRC 23-27] Running DRC with 8 threads
INFO: [Vivado_Tcl 4-198] DRC finished with 0 Errors
INFO: [Vivado_Tcl 4-199] Please refer to the DRC report (report_drc) for more information.
INFO: [Place 30-611] Multithreading enabled for place_design using a maximum of 8 CPUs

Starting Placer Task

Phase 1 Placer Initialization

Phase 1.1 Placer Initialization Netlist Sorting
Netlist sorting complete. Time (s): cpu = 00:00:00 ; elapsed = 00:00:00.01 . Memory (MB): peak = 3370.824 ; gain = 0.000 ; free physical = 41180 ; free virtual = 63863
Phase 1.1 Placer Initialization Netlist Sorting | Checksum: 1ff8c2cf3

Time (s): cpu = 00:00:00.01 ; elapsed = 00:00:00.02 . Memory (MB): peak = 3370.824 ; gain = 0.000 ; free physical = 41180 ; free virtual = 63863
Netlist sorting complete. Time (s): cpu = 00:00:00 ; elapsed = 00:00:00 . Memory (MB): peak = 3370.824 ; gain = 0.000 ; free physical = 41180 ; free virtual = 63863

Phase 1.2 IO Placement/ Clock Placement/ Build Placer Device
Phase 1.2 IO Placement/ Clock Placement/ Build Placer Device | Checksum: 18d0cf33e

Time (s): cpu = 00:00:00.63 ; elapsed = 00:00:00.2 . Memory (MB): peak = 3370.824 ; gain = 0.000 ; free physical = 41179 ; free virtual = 63862

Phase 1.3 Build Placer Netlist Model
Phase 1.3 Build Placer Netlist Model | Checksum: 203662e30

Time (s): cpu = 00:00:02 ; elapsed = 00:00:00.58 . Memory (MB): peak = 3370.824 ; gain = 0.000 ; free physical = 41180 ; free virtual = 63863

Phase 1.4 Constrain Clocks/Macros
Phase 1.4 Constrain Clocks/Macros | Checksum: 203662e30

Time (s): cpu = 00:00:02 ; elapsed = 00:00:00.59 . Memory (MB): peak = 3370.824 ; gain = 0.000 ; free physical = 41180 ; free virtual = 63863
Phase 1 Placer Initialization | Checksum: 203662e30

Time (s): cpu = 00:00:02 ; elapsed = 00:00:00.59 . Memory (MB): peak = 3370.824 ; gain = 0.000 ; free physical = 41180 ; free virtual = 63863

Phase 2 Global Placement

Phase 2.1 Floorplanning
Phase 2.1 Floorplanning | Checksum: 28ad7c18a

Time (s): cpu = 00:00:02 ; elapsed = 00:00:00.72 . Memory (MB): peak = 3370.824 ; gain = 0.000 ; free physical = 41118 ; free virtual = 63801

Phase 2.2 Update Timing before SLR Path Opt
Phase 2.2 Update Timing before SLR Path Opt | Checksum: 20dd94767

Time (s): cpu = 00:00:02 ; elapsed = 00:00:00.78 . Memory (MB): peak = 3370.824 ; gain = 0.000 ; free physical = 41176 ; free virtual = 63859

Phase 2.3 Post-Processing in Floorplanning
Phase 2.3 Post-Processing in Floorplanning | Checksum: 20dd94767

Time (s): cpu = 00:00:02 ; elapsed = 00:00:00.79 . Memory (MB): peak = 3370.824 ; gain = 0.000 ; free physical = 41176 ; free virtual = 63859

Phase 2.4 Global Place Phase1
Phase 2.4 Global Place Phase1 | Checksum: 241ec505d

Time (s): cpu = 00:00:07 ; elapsed = 00:00:02 . Memory (MB): peak = 3370.824 ; gain = 0.000 ; free physical = 41172 ; free virtual = 63855

Phase 2.5 Global Place Phase2

Phase 2.5.1 UpdateTiming Before Physical Synthesis
Phase 2.5.1 UpdateTiming Before Physical Synthesis | Checksum: 241ec505d

Time (s): cpu = 00:00:08 ; elapsed = 00:00:02 . Memory (MB): peak = 3370.824 ; gain = 0.000 ; free physical = 41172 ; free virtual = 63855

Phase 2.5.2 Physical Synthesis In Placer
INFO: [Physopt 32-1035] Found 0 LUTNM shape to break, 340 LUT instances to create LUTNM shape
INFO: [Physopt 32-1044] Break lutnm for timing: one critical 0, two critical 0, total 0, new lutff created 0
INFO: [Physopt 32-1138] End 1 Pass. Optimized 217 nets or LUTs. Breaked 0 LUT, combined 217 existing LUTs and moved 0 existing LUT
INFO: [Physopt 32-65] No nets found for high-fanout optimization.
INFO: [Physopt 32-232] Optimized 0 net. Created 0 new instance.
INFO: [Physopt 32-775] End 1 Pass. Optimized 0 net or cell. Created 0 new cell, deleted 0 existing cell and moved 0 existing cell
INFO: [Physopt 32-670] No setup violation found.  DSP Register Optimization was not performed.
INFO: [Physopt 32-670] No setup violation found.  Shift Register to Pipeline Optimization was not performed.
INFO: [Physopt 32-670] No setup violation found.  Shift Register Optimization was not performed.
INFO: [Physopt 32-670] No setup violation found.  BRAM Register Optimization was not performed.
INFO: [Physopt 32-670] No setup violation found.  URAM Register Optimization was not performed.
INFO: [Physopt 32-949] No candidate nets found for dynamic/static region interface net replication
INFO: [Physopt 32-775] End 1 Pass. Optimized 0 net or cell. Created 0 new cell, deleted 0 existing cell and moved 0 existing cell
Netlist sorting complete. Time (s): cpu = 00:00:00 ; elapsed = 00:00:00 . Memory (MB): peak = 3370.824 ; gain = 0.000 ; free physical = 41173 ; free virtual = 63856

Summary of Physical Synthesis Optimizations
============================================


-----------------------------------------------------------------------------------------------------------------------------------------------------------
|  Optimization                                     |  Added Cells  |  Removed Cells  |  Optimized Cells/Nets  |  Dont Touch  |  Iterations  |  Elapsed   |
-----------------------------------------------------------------------------------------------------------------------------------------------------------
|  LUT Combining                                    |            0  |            217  |                   217  |           0  |           1  |  00:00:00  |
|  Retime                                           |            0  |              0  |                     0  |           0  |           1  |  00:00:00  |
|  Very High Fanout                                 |            0  |              0  |                     0  |           0  |           1  |  00:00:00  |
|  DSP Register                                     |            0  |              0  |                     0  |           0  |           0  |  00:00:00  |
|  Shift Register to Pipeline                       |            0  |              0  |                     0  |           0  |           0  |  00:00:00  |
|  Shift Register                                   |            0  |              0  |                     0  |           0  |           0  |  00:00:00  |
|  BRAM Register                                    |            0  |              0  |                     0  |           0  |           0  |  00:00:00  |
|  URAM Register                                    |            0  |              0  |                     0  |           0  |           0  |  00:00:00  |
|  Dynamic/Static Region Interface Net Replication  |            0  |              0  |                     0  |           0  |           1  |  00:00:00  |
|  Total                                            |            0  |            217  |                   217  |           0  |           4  |  00:00:00  |
-----------------------------------------------------------------------------------------------------------------------------------------------------------


Phase 2.5.2 Physical Synthesis In Placer | Checksum: f606b4ff

Time (s): cpu = 00:00:08 ; elapsed = 00:00:02 . Memory (MB): peak = 3370.824 ; gain = 0.000 ; free physical = 41174 ; free virtual = 63857
Phase 2.5 Global Place Phase2 | Checksum: fac6c839

Time (s): cpu = 00:00:09 ; elapsed = 00:00:03 . Memory (MB): peak = 3370.824 ; gain = 0.000 ; free physical = 41174 ; free virtual = 63857
Phase 2 Global Placement | Checksum: fac6c839

Time (s): cpu = 00:00:09 ; elapsed = 00:00:03 . Memory (MB): peak = 3370.824 ; gain = 0.000 ; free physical = 41174 ; free virtual = 63857

Phase 3 Detail Placement

Phase 3.1 Commit Multi Column Macros
Phase 3.1 Commit Multi Column Macros | Checksum: ed9bbac2

Time (s): cpu = 00:00:09 ; elapsed = 00:00:03 . Memory (MB): peak = 3370.824 ; gain = 0.000 ; free physical = 41173 ; free virtual = 63856

Phase 3.2 Commit Most Macros & LUTRAMs
Phase 3.2 Commit Most Macros & LUTRAMs | Checksum: 28a5c3f10

Time (s): cpu = 00:00:09 ; elapsed = 00:00:03 . Memory (MB): peak = 3370.824 ; gain = 0.000 ; free physical = 41173 ; free virtual = 63856

Phase 3.3 Area Swap Optimization
Phase 3.3 Area Swap Optimization | Checksum: 1cac394c5

Time (s): cpu = 00:00:10 ; elapsed = 00:00:03 . Memory (MB): peak = 3370.824 ; gain = 0.000 ; free physical = 41173 ; free virtual = 63857

Phase 3.4 Pipeline Register Optimization
Phase 3.4 Pipeline Register Optimization | Checksum: 215bbbb24

Time (s): cpu = 00:00:10 ; elapsed = 00:00:03 . Memory (MB): peak = 3370.824 ; gain = 0.000 ; free physical = 41173 ; free virtual = 63857

Phase 3.5 Small Shape Detail Placement
Phase 3.5 Small Shape Detail Placement | Checksum: 16741beaf

Time (s): cpu = 00:00:11 ; elapsed = 00:00:04 . Memory (MB): peak = 3370.824 ; gain = 0.000 ; free physical = 41195 ; free virtual = 63878

Phase 3.6 Re-assign LUT pins
Phase 3.6 Re-assign LUT pins | Checksum: 203e70d2c

Time (s): cpu = 00:00:11 ; elapsed = 00:00:04 . Memory (MB): peak = 3370.824 ; gain = 0.000 ; free physical = 41195 ; free virtual = 63878

Phase 3.7 Pipeline Register Optimization
Phase 3.7 Pipeline Register Optimization | Checksum: 207a22496

Time (s): cpu = 00:00:11 ; elapsed = 00:00:04 . Memory (MB): peak = 3370.824 ; gain = 0.000 ; free physical = 41195 ; free virtual = 63878
Phase 3 Detail Placement | Checksum: 207a22496

Time (s): cpu = 00:00:11 ; elapsed = 00:00:04 . Memory (MB): peak = 3370.824 ; gain = 0.000 ; free physical = 41195 ; free virtual = 63878

Phase 4 Post Placement Optimization and Clean-Up

Phase 4.1 Post Commit Optimization
INFO: [Timing 38-35] Done setting XDC timing constraints.

Phase 4.1.1 Post Placement Optimization
Post Placement Optimization Initialization | Checksum: 247ccb447

Phase 4.1.1.1 BUFG Insertion

Starting Physical Synthesis Task

Phase 1 Physical Synthesis Initialization
INFO: [Physopt 32-721] Multithreading enabled for phys_opt_design using a maximum of 8 CPUs
INFO: [Physopt 32-619] Estimated Timing Summary | WNS=4.728 | TNS=0.000 |
Phase 1 Physical Synthesis Initialization | Checksum: 20213253d

Time (s): cpu = 00:00:00.12 ; elapsed = 00:00:00.04 . Memory (MB): peak = 3370.824 ; gain = 0.000 ; free physical = 41195 ; free virtual = 63878
INFO: [Place 46-56] BUFG insertion identified 0 candidate nets. Inserted BUFG: 0, Replicated BUFG Driver: 0, Skipped due to Placement/Routing Conflicts: 0, Skipped due to Timing Degradation: 0, Skipped due to netlist editing failed: 0.
Ending Physical Synthesis Task | Checksum: 2d3289324

Time (s): cpu = 00:00:00.16 ; elapsed = 00:00:00.06 . Memory (MB): peak = 3370.824 ; gain = 0.000 ; free physical = 41188 ; free virtual = 63871
Phase 4.1.1.1 BUFG Insertion | Checksum: 247ccb447

Time (s): cpu = 00:00:12 ; elapsed = 00:00:04 . Memory (MB): peak = 3370.824 ; gain = 0.000 ; free physical = 41189 ; free virtual = 63873

Phase 4.1.1.2 Post Placement Timing Optimization
INFO: [Place 30-746] Post Placement Timing Summary WNS=4.728. For the most accurate timing information please run report_timing.
Phase 4.1.1.2 Post Placement Timing Optimization | Checksum: 29240d798

Time (s): cpu = 00:00:12 ; elapsed = 00:00:04 . Memory (MB): peak = 3370.824 ; gain = 0.000 ; free physical = 41193 ; free virtual = 63876

Time (s): cpu = 00:00:12 ; elapsed = 00:00:04 . Memory (MB): peak = 3370.824 ; gain = 0.000 ; free physical = 41193 ; free virtual = 63876
Phase 4.1 Post Commit Optimization | Checksum: 29240d798

Time (s): cpu = 00:00:12 ; elapsed = 00:00:04 . Memory (MB): peak = 3370.824 ; gain = 0.000 ; free physical = 41193 ; free virtual = 63876

Phase 4.2 Post Placement Cleanup
Phase 4.2 Post Placement Cleanup | Checksum: 29240d798

Time (s): cpu = 00:00:12 ; elapsed = 00:00:04 . Memory (MB): peak = 3370.824 ; gain = 0.000 ; free physical = 41193 ; free virtual = 63876

Phase 4.3 Placer Reporting

Phase 4.3.1 Print Estimated Congestion
INFO: [Place 30-612] Post-Placement Estimated Congestion 
 ____________________________________________________
|           | Global Congestion | Short Congestion  |
| Direction | Region Size       | Region Size       |
|___________|___________________|___________________|
|      North|                1x1|                1x1|
|___________|___________________|___________________|
|      South|                1x1|                2x2|
|___________|___________________|___________________|
|       East|                1x1|                1x1|
|___________|___________________|___________________|
|       West|                1x1|                1x1|
|___________|___________________|___________________|

Phase 4.3.1 Print Estimated Congestion | Checksum: 29240d798

Time (s): cpu = 00:00:12 ; elapsed = 00:00:04 . Memory (MB): peak = 3370.824 ; gain = 0.000 ; free physical = 41193 ; free virtual = 63876
Phase 4.3 Placer Reporting | Checksum: 29240d798

Time (s): cpu = 00:00:12 ; elapsed = 00:00:04 . Memory (MB): peak = 3370.824 ; gain = 0.000 ; free physical = 41193 ; free virtual = 63876

Phase 4.4 Final Placement Cleanup
Netlist sorting complete. Time (s): cpu = 00:00:00.01 ; elapsed = 00:00:00 . Memory (MB): peak = 3370.824 ; gain = 0.000 ; free physical = 41193 ; free virtual = 63876

Time (s): cpu = 00:00:12 ; elapsed = 00:00:04 . Memory (MB): peak = 3370.824 ; gain = 0.000 ; free physical = 41193 ; free virtual = 63876
Phase 4 Post Placement Optimization and Clean-Up | Checksum: 289b3ed8e

Time (s): cpu = 00:00:12 ; elapsed = 00:00:04 . Memory (MB): peak = 3370.824 ; gain = 0.000 ; free physical = 41193 ; free virtual = 63876
Ending Placer Task | Checksum: 1fb1f190b

Time (s): cpu = 00:00:12 ; elapsed = 00:00:04 . Memory (MB): peak = 3370.824 ; gain = 0.000 ; free physical = 41193 ; free virtual = 63876
88 Infos, 2 Warnings, 0 Critical Warnings and 0 Errors encountered.
place_design completed successfully
INFO: [Vivado 12-24838] Running report commands "report_control_sets, report_io, report_utilization" in parallel.
Running report generation with 3 threads.
INFO: [Vivado 12-24828] Executing command : report_control_sets -verbose -file Arty7_top_control_sets_placed.rpt
report_control_sets: Time (s): cpu = 00:00:00.09 ; elapsed = 00:00:00.07 . Memory (MB): peak = 3370.824 ; gain = 0.000 ; free physical = 41177 ; free virtual = 63860
INFO: [Vivado 12-24828] Executing command : report_io -file Arty7_top_io_placed.rpt
report_io: Time (s): cpu = 00:00:00.12 ; elapsed = 00:00:00.08 . Memory (MB): peak = 3370.824 ; gain = 0.000 ; free physical = 41185 ; free virtual = 63869
INFO: [Vivado 12-24828] Executing command : report_utilization -file Arty7_top_utilization_placed.rpt -pb Arty7_top_utilization_placed.pb
INFO: [Timing 38-480] Writing timing data to binary archive.
Write ShapeDB Complete: Time (s): cpu = 00:00:00.04 ; elapsed = 00:00:00.01 . Memory (MB): peak = 3370.824 ; gain = 0.000 ; free physical = 41185 ; free virtual = 63869
Wrote PlaceDB: Time (s): cpu = 00:00:00.47 ; elapsed = 00:00:00.16 . Memory (MB): peak = 3370.824 ; gain = 0.000 ; free physical = 41171 ; free virtual = 63863
Wrote PulsedLatchDB: Time (s): cpu = 00:00:00 ; elapsed = 00:00:00 . Memory (MB): peak = 3370.824 ; gain = 0.000 ; free physical = 41171 ; free virtual = 63863
Writing XDEF routing.
Writing XDEF routing logical nets.
Writing XDEF routing special nets.
Wrote RouteStorage: Time (s): cpu = 00:00:00.01 ; elapsed = 00:00:00.01 . Memory (MB): peak = 3370.824 ; gain = 0.000 ; free physical = 41171 ; free virtual = 63863
Wrote Netlist Cache: Time (s): cpu = 00:00:00 ; elapsed = 00:00:00.01 . Memory (MB): peak = 3370.824 ; gain = 0.000 ; free physical = 41170 ; free virtual = 63863
Wrote Device Cache: Time (s): cpu = 00:00:00 ; elapsed = 00:00:00 . Memory (MB): peak = 3370.824 ; gain = 0.000 ; free physical = 41170 ; free virtual = 63863
Write Physdb Complete: Time (s): cpu = 00:00:00.48 ; elapsed = 00:00:00.18 . Memory (MB): peak = 3370.824 ; gain = 0.000 ; free physical = 41170 ; free virtual = 63863
INFO: [Common 17-1381] The checkpoint '/home/xmen/Desktop/compara/analise/project_1/project_1.runs/impl_1/Arty7_top_placed.dcp' has been generated.
Command: phys_opt_design
Attempting to get a license for feature 'Implementation' and/or device 'xc7a100t'
INFO: [Common 17-349] Got license for feature 'Implementation' and/or device 'xc7a100t'

Starting Initial Update Timing Task

Time (s): cpu = 00:00:00.61 ; elapsed = 00:00:00.15 . Memory (MB): peak = 3370.824 ; gain = 0.000 ; free physical = 41172 ; free virtual = 63857
INFO: [Vivado_Tcl 4-2279] Estimated Timing Summary | WNS= 4.728 | TNS= 0.000 | 
INFO: [Vivado_Tcl 4-383] Design worst setup slack (WNS) is greater than or equal to 0.000 ns. All physical synthesis setup optimizations will be skipped.
INFO: [Vivado_Tcl 4-232] No setup violation found. The netlist was not modified.
INFO: [Common 17-83] Releasing license: Implementation
99 Infos, 2 Warnings, 0 Critical Warnings and 0 Errors encountered.
phys_opt_design completed successfully
INFO: [Timing 38-480] Writing timing data to binary archive.
Write ShapeDB Complete: Time (s): cpu = 00:00:00.04 ; elapsed = 00:00:00.01 . Memory (MB): peak = 3370.824 ; gain = 0.000 ; free physical = 41172 ; free virtual = 63859
Wrote PlaceDB: Time (s): cpu = 00:00:00.46 ; elapsed = 00:00:00.16 . Memory (MB): peak = 3370.824 ; gain = 0.000 ; free physical = 41162 ; free virtual = 63858
Wrote PulsedLatchDB: Time (s): cpu = 00:00:00 ; elapsed = 00:00:00 . Memory (MB): peak = 3370.824 ; gain = 0.000 ; free physical = 41162 ; free virtual = 63858
Writing XDEF routing.
Writing XDEF routing logical nets.
Writing XDEF routing special nets.
Wrote RouteStorage: Time (s): cpu = 00:00:00 ; elapsed = 00:00:00.01 . Memory (MB): peak = 3370.824 ; gain = 0.000 ; free physical = 41162 ; free virtual = 63858
Wrote Netlist Cache: Time (s): cpu = 00:00:00.01 ; elapsed = 00:00:00 . Memory (MB): peak = 3370.824 ; gain = 0.000 ; free physical = 41161 ; free virtual = 63858
Wrote Device Cache: Time (s): cpu = 00:00:00 ; elapsed = 00:00:00 . Memory (MB): peak = 3370.824 ; gain = 0.000 ; free physical = 41161 ; free virtual = 63858
Write Physdb Complete: Time (s): cpu = 00:00:00.47 ; elapsed = 00:00:00.17 . Memory (MB): peak = 3370.824 ; gain = 0.000 ; free physical = 41161 ; free virtual = 63858
INFO: [Common 17-1381] The checkpoint '/home/xmen/Desktop/compara/analise/project_1/project_1.runs/impl_1/Arty7_top_physopt.dcp' has been generated.
Command: route_design
Attempting to get a license for feature 'Implementation' and/or device 'xc7a100t'
INFO: [Common 17-349] Got license for feature 'Implementation' and/or device 'xc7a100t'


Starting Routing Task
INFO: [Route 35-254] Multithreading enabled for route_design using a maximum of 8 CPUs

Phase 1 Build RT Design
Checksum: PlaceDB: 6363bf83 ConstDB: 0 ShapeSum: e5e8f9f2 RouteDB: b1d25f96
Post Restoration Checksum: NetGraph: 6c8d3237 | NumContArr: d99ff10 | Constraints: c2a8fa9d | Timing: c2a8fa9d
Phase 1 Build RT Design | Checksum: 1ff792681

Time (s): cpu = 00:00:11 ; elapsed = 00:00:10 . Memory (MB): peak = 3370.824 ; gain = 0.000 ; free physical = 41129 ; free virtual = 63817

Phase 2 Router Initialization

Phase 2.1 Fix Topology Constraints
Phase 2.1 Fix Topology Constraints | Checksum: 1ff792681

Time (s): cpu = 00:00:12 ; elapsed = 00:00:10 . Memory (MB): peak = 3370.824 ; gain = 0.000 ; free physical = 41129 ; free virtual = 63817

Phase 2.2 Pre Route Cleanup
Phase 2.2 Pre Route Cleanup | Checksum: 1ff792681

Time (s): cpu = 00:00:12 ; elapsed = 00:00:10 . Memory (MB): peak = 3370.824 ; gain = 0.000 ; free physical = 41129 ; free virtual = 63817
 Number of Nodes with overlaps = 0

Phase 2.3 Update Timing
Phase 2.3 Update Timing | Checksum: 2da2cafe5

Time (s): cpu = 00:00:13 ; elapsed = 00:00:10 . Memory (MB): peak = 3385.055 ; gain = 14.230 ; free physical = 41099 ; free virtual = 63788
INFO: [Route 35-416] Intermediate Timing Summary | WNS=4.880  | TNS=0.000  | WHS=-0.215 | THS=-281.565|


Phase 2.4 Update Timing for Bus Skew

Phase 2.4.1 Update Timing
Phase 2.4.1 Update Timing | Checksum: 23b5ca450

Time (s): cpu = 00:00:14 ; elapsed = 00:00:10 . Memory (MB): peak = 3385.055 ; gain = 14.230 ; free physical = 41099 ; free virtual = 63788
INFO: [Route 35-416] Intermediate Timing Summary | WNS=4.880  | TNS=0.000  | WHS=-0.092 | THS=-0.616 |

Phase 2.4 Update Timing for Bus Skew | Checksum: 311a4bded

Time (s): cpu = 00:00:14 ; elapsed = 00:00:11 . Memory (MB): peak = 3401.055 ; gain = 30.230 ; free physical = 41099 ; free virtual = 63788

Phase 2.5 Soft Constraint Pins - Fast Budgeting
Phase 2.5 Soft Constraint Pins - Fast Budgeting | Checksum: 311a4bded

Time (s): cpu = 00:00:14 ; elapsed = 00:00:11 . Memory (MB): peak = 3401.055 ; gain = 30.230 ; free physical = 41096 ; free virtual = 63784

Router Utilization Summary
  Global Vertical Routing Utilization    = 0.0374723 %
  Global Horizontal Routing Utilization  = 0.0290566 %
  Routable Net Status*
  *Does not include unroutable nets such as driverless and loadless.
  Run report_route_status for detailed report.
  Number of Failed Nets               = 6906
    (Failed Nets is the sum of unrouted and partially routed nets)
  Number of Unrouted Nets             = 6677
  Number of Partially Routed Nets     = 229
  Number of Node Overlaps             = 499

Phase 2 Router Initialization | Checksum: 2fbe5c090

Time (s): cpu = 00:00:14 ; elapsed = 00:00:11 . Memory (MB): peak = 3401.055 ; gain = 30.230 ; free physical = 41088 ; free virtual = 63776

Phase 3 Global Routing
Phase 3 Global Routing | Checksum: 2fbe5c090

Time (s): cpu = 00:00:14 ; elapsed = 00:00:11 . Memory (MB): peak = 3401.055 ; gain = 30.230 ; free physical = 41088 ; free virtual = 63776

Phase 4 Initial Routing

Phase 4.1 Initial Net Routing Pass
Phase 4.1 Initial Net Routing Pass | Checksum: 2447b8f9a

Time (s): cpu = 00:00:15 ; elapsed = 00:00:11 . Memory (MB): peak = 3401.055 ; gain = 30.230 ; free physical = 41082 ; free virtual = 63770
Phase 4 Initial Routing | Checksum: 2447b8f9a

Time (s): cpu = 00:00:15 ; elapsed = 00:00:11 . Memory (MB): peak = 3401.055 ; gain = 30.230 ; free physical = 41082 ; free virtual = 63770

Phase 5 Rip-up And Reroute

Phase 5.1 Global Iteration 0
 Number of Nodes with overlaps = 393
 Number of Nodes with overlaps = 2
 Number of Nodes with overlaps = 0
INFO: [Route 35-416] Intermediate Timing Summary | WNS=3.044  | TNS=0.000  | WHS=N/A    | THS=N/A    |

Phase 5.1 Global Iteration 0 | Checksum: 1fb0cf4a6

Time (s): cpu = 00:00:16 ; elapsed = 00:00:11 . Memory (MB): peak = 3401.055 ; gain = 30.230 ; free physical = 41089 ; free virtual = 63777
Phase 5 Rip-up And Reroute | Checksum: 1fb0cf4a6

Time (s): cpu = 00:00:16 ; elapsed = 00:00:11 . Memory (MB): peak = 3401.055 ; gain = 30.230 ; free physical = 41089 ; free virtual = 63777

Phase 6 Delay and Skew Optimization

Phase 6.1 Delay CleanUp

Phase 6.1.1 Update Timing
Phase 6.1.1 Update Timing | Checksum: 202290d82

Time (s): cpu = 00:00:16 ; elapsed = 00:00:12 . Memory (MB): peak = 3401.055 ; gain = 30.230 ; free physical = 41089 ; free virtual = 63777
INFO: [Route 35-416] Intermediate Timing Summary | WNS=3.051  | TNS=0.000  | WHS=N/A    | THS=N/A    |

Phase 6.1 Delay CleanUp | Checksum: 1a00fc1e7

Time (s): cpu = 00:00:16 ; elapsed = 00:00:12 . Memory (MB): peak = 3401.055 ; gain = 30.230 ; free physical = 41089 ; free virtual = 63777

Phase 6.2 Clock Skew Optimization
Phase 6.2 Clock Skew Optimization | Checksum: 1a00fc1e7

Time (s): cpu = 00:00:16 ; elapsed = 00:00:12 . Memory (MB): peak = 3401.055 ; gain = 30.230 ; free physical = 41089 ; free virtual = 63777
Phase 6 Delay and Skew Optimization | Checksum: 1a00fc1e7

Time (s): cpu = 00:00:16 ; elapsed = 00:00:12 . Memory (MB): peak = 3401.055 ; gain = 30.230 ; free physical = 41089 ; free virtual = 63777

Phase 7 Post Hold Fix

Phase 7.1 Hold Fix Iter
INFO: [Route 35-416] Intermediate Timing Summary | WNS=3.051  | TNS=0.000  | WHS=0.055  | THS=0.000  |

Phase 7.1 Hold Fix Iter | Checksum: 23e1fda0c

Time (s): cpu = 00:00:17 ; elapsed = 00:00:12 . Memory (MB): peak = 3401.055 ; gain = 30.230 ; free physical = 41088 ; free virtual = 63777
Phase 7 Post Hold Fix | Checksum: 23e1fda0c

Time (s): cpu = 00:00:17 ; elapsed = 00:00:12 . Memory (MB): peak = 3401.055 ; gain = 30.230 ; free physical = 41088 ; free virtual = 63777

Phase 8 Route finalize

Router Utilization Summary
  Global Vertical Routing Utilization    = 0.968925 %
  Global Horizontal Routing Utilization  = 1.14521 %
  Routable Net Status*
  *Does not include unroutable nets such as driverless and loadless.
  Run report_route_status for detailed report.
  Number of Failed Nets               = 0
    (Failed Nets is the sum of unrouted and partially routed nets)
  Number of Unrouted Nets             = 0
  Number of Partially Routed Nets     = 0
  Number of Node Overlaps             = 0

Phase 8 Route finalize | Checksum: 23e1fda0c

Time (s): cpu = 00:00:17 ; elapsed = 00:00:12 . Memory (MB): peak = 3401.055 ; gain = 30.230 ; free physical = 41088 ; free virtual = 63777

Phase 9 Verifying routed nets

 Verification completed successfully
Phase 9 Verifying routed nets | Checksum: 23e1fda0c

Time (s): cpu = 00:00:17 ; elapsed = 00:00:12 . Memory (MB): peak = 3401.055 ; gain = 30.230 ; free physical = 41088 ; free virtual = 63776

Phase 10 Depositing Routes
Phase 10 Depositing Routes | Checksum: 235c6dce7

Time (s): cpu = 00:00:17 ; elapsed = 00:00:12 . Memory (MB): peak = 3401.055 ; gain = 30.230 ; free physical = 41091 ; free virtual = 63780

Phase 11 Post Process Routing
Phase 11 Post Process Routing | Checksum: 235c6dce7

Time (s): cpu = 00:00:17 ; elapsed = 00:00:12 . Memory (MB): peak = 3401.055 ; gain = 30.230 ; free physical = 41091 ; free virtual = 63780

Phase 12 Post Router Timing
INFO: [Route 35-57] Estimated Timing Summary | WNS=3.051  | TNS=0.000  | WHS=0.055  | THS=0.000  |

INFO: [Route 35-327] The final timing numbers are based on the router estimated timing analysis. For a complete and accurate timing signoff, please run report_timing_summary.
Phase 12 Post Router Timing | Checksum: 235c6dce7

Time (s): cpu = 00:00:17 ; elapsed = 00:00:12 . Memory (MB): peak = 3401.055 ; gain = 30.230 ; free physical = 41091 ; free virtual = 63780
Total Elapsed time in route_design: 11.74 secs

Phase 13 Post-Route Event Processing
Phase 13 Post-Route Event Processing | Checksum: 182605df2

Time (s): cpu = 00:00:17 ; elapsed = 00:00:12 . Memory (MB): peak = 3401.055 ; gain = 30.230 ; free physical = 41091 ; free virtual = 63780
INFO: [Route 35-16] Router Completed Successfully
Ending Routing Task | Checksum: 182605df2

Time (s): cpu = 00:00:17 ; elapsed = 00:00:12 . Memory (MB): peak = 3401.055 ; gain = 30.230 ; free physical = 41091 ; free virtual = 63780

Routing Is Done.
INFO: [Common 17-83] Releasing license: Implementation
112 Infos, 2 Warnings, 0 Critical Warnings and 0 Errors encountered.
route_design completed successfully
route_design: Time (s): cpu = 00:00:17 ; elapsed = 00:00:12 . Memory (MB): peak = 3421.348 ; gain = 50.523 ; free physical = 41091 ; free virtual = 63779
INFO: [Vivado 12-24828] Executing command : report_drc -file Arty7_top_drc_routed.rpt -pb Arty7_top_drc_routed.pb -rpx Arty7_top_drc_routed.rpx
Command: report_drc -file Arty7_top_drc_routed.rpt -pb Arty7_top_drc_routed.pb -rpx Arty7_top_drc_routed.rpx
INFO: [IP_Flow 19-1839] IP Catalog is up to date.
INFO: [DRC 23-27] Running DRC with 8 threads
INFO: [Vivado_Tcl 2-168] The results of DRC are in file /home/xmen/Desktop/compara/analise/project_1/project_1.runs/impl_1/Arty7_top_drc_routed.rpt.
report_drc completed successfully
INFO: [Vivado 12-24828] Executing command : report_methodology -file Arty7_top_methodology_drc_routed.rpt -pb Arty7_top_methodology_drc_routed.pb -rpx Arty7_top_methodology_drc_routed.rpx
Command: report_methodology -file Arty7_top_methodology_drc_routed.rpt -pb Arty7_top_methodology_drc_routed.pb -rpx Arty7_top_methodology_drc_routed.rpx
INFO: [Timing 38-35] Done setting XDC timing constraints.
INFO: [DRC 23-133] Running Methodology with 8 threads
INFO: [Vivado_Tcl 2-1520] The results of Report Methodology are in file /home/xmen/Desktop/compara/analise/project_1/project_1.runs/impl_1/Arty7_top_methodology_drc_routed.rpt.
report_methodology completed successfully
INFO: [Vivado 12-24828] Executing command : report_timing_summary -max_paths 10 -routable_nets -report_unconstrained -file Arty7_top_timing_summary_routed.rpt -pb Arty7_top_timing_summary_routed.pb -rpx Arty7_top_timing_summary_routed.rpx -warn_on_violation 
INFO: [Timing 38-35] Done setting XDC timing constraints.
INFO: [Timing 38-91] UpdateTimingParams: Speed grade: -2L, Delay Type: min_max.
INFO: [Timing 38-191] Multithreading enabled for timing update using a maximum of 8 CPUs
WARNING: [Timing 38-436] There are set_bus_skew constraint(s) in this design. Please run report_bus_skew to ensure that bus skew requirements are met.
INFO: [Vivado 12-24838] Running report commands "report_bus_skew, report_incremental_reuse, report_route_status" in parallel.
Running report generation with 3 threads.
INFO: [Vivado 12-24828] Executing command : report_incremental_reuse -file Arty7_top_incremental_reuse_routed.rpt
INFO: [Vivado_Tcl 4-1062] Incremental flow is disabled. No incremental reuse Info to report.
INFO: [Vivado 12-24828] Executing command : report_route_status -file Arty7_top_route_status.rpt -pb Arty7_top_route_status.pb
INFO: [Vivado 12-24828] Executing command : report_bus_skew -warn_on_violation -file Arty7_top_bus_skew_routed.rpt -pb Arty7_top_bus_skew_routed.pb -rpx Arty7_top_bus_skew_routed.rpx
INFO: [Timing 38-91] UpdateTimingParams: Speed grade: -2L, Delay Type: min_max.
INFO: [Timing 38-191] Multithreading enabled for timing update using a maximum of 8 CPUs
INFO: [Vivado 12-24828] Executing command : report_power -file Arty7_top_power_routed.rpt -pb Arty7_top_power_summary_routed.pb -rpx Arty7_top_power_routed.rpx
Command: report_power -file Arty7_top_power_routed.rpt -pb Arty7_top_power_summary_routed.pb -rpx Arty7_top_power_routed.rpx
Running Vector-less Activity Propagation...

Finished Running Vector-less Activity Propagation
132 Infos, 3 Warnings, 0 Critical Warnings and 0 Errors encountered.
report_power completed successfully
INFO: [Vivado 12-24828] Executing command : report_clock_utilization -file Arty7_top_clock_utilization_routed.rpt
INFO: [Timing 38-480] Writing timing data to binary archive.
Write ShapeDB Complete: Time (s): cpu = 00:00:00.04 ; elapsed = 00:00:00.01 . Memory (MB): peak = 3550.629 ; gain = 0.000 ; free physical = 40968 ; free virtual = 63665
Wrote PlaceDB: Time (s): cpu = 00:00:00.46 ; elapsed = 00:00:00.16 . Memory (MB): peak = 3550.629 ; gain = 0.000 ; free physical = 40959 ; free virtual = 63665
Wrote PulsedLatchDB: Time (s): cpu = 00:00:00 ; elapsed = 00:00:00 . Memory (MB): peak = 3550.629 ; gain = 0.000 ; free physical = 40959 ; free virtual = 63665
Writing XDEF routing.
Writing XDEF routing logical nets.
Writing XDEF routing special nets.
Wrote RouteStorage: Time (s): cpu = 00:00:00.05 ; elapsed = 00:00:00.03 . Memory (MB): peak = 3550.629 ; gain = 0.000 ; free physical = 40959 ; free virtual = 63665
Wrote Netlist Cache: Time (s): cpu = 00:00:00 ; elapsed = 00:00:00 . Memory (MB): peak = 3550.629 ; gain = 0.000 ; free physical = 40958 ; free virtual = 63665
Wrote Device Cache: Time (s): cpu = 00:00:00 ; elapsed = 00:00:00 . Memory (MB): peak = 3550.629 ; gain = 0.000 ; free physical = 40958 ; free virtual = 63665
Write Physdb Complete: Time (s): cpu = 00:00:00.51 ; elapsed = 00:00:00.19 . Memory (MB): peak = 3550.629 ; gain = 0.000 ; free physical = 40958 ; free virtual = 63665
INFO: [Common 17-1381] The checkpoint '/home/xmen/Desktop/compara/analise/project_1/project_1.runs/impl_1/Arty7_top_routed.dcp' has been generated.
Command: write_bitstream -force Arty7_top.bit
Attempting to get a license for feature 'Implementation' and/or device 'xc7a100t'
INFO: [Common 17-349] Got license for feature 'Implementation' and/or device 'xc7a100t'
Running DRC as a precondition to command write_bitstream
INFO: [IP_Flow 19-1839] IP Catalog is up to date.
INFO: [DRC 23-27] Running DRC with 8 threads
INFO: [Vivado 12-3199] DRC finished with 0 Errors
INFO: [Vivado 12-3200] Please refer to the DRC report (report_drc) for more information.
INFO: [Designutils 20-2272] Running write_bitstream with 8 threads.
Loading data files...
Loading site data...
Loading route data...
Processing options...
Creating bitmap...
Creating bitstream...
Writing bitstream ./Arty7_top.bit...
INFO: [Vivado 12-1842] Bitgen Completed Successfully.
INFO: [Project 1-1876] WebTalk data collection is mandatory when using a ULT device. To see the specific WebTalk data collected for your design, open the usage_statistics_webtalk.html or usage_statistics_webtalk.xml file in the implementation directory.
INFO: [Common 17-83] Releasing license: Implementation
144 Infos, 3 Warnings, 0 Critical Warnings and 0 Errors encountered.
write_bitstream completed successfully
write_bitstream: Time (s): cpu = 00:00:09 ; elapsed = 00:00:24 . Memory (MB): peak = 3830.117 ; gain = 279.488 ; free physical = 40624 ; free virtual = 63325
INFO: [Common 17-206] Exiting Vivado at Fri Oct 31 22:09:32 2025...
