Vivado Simulator v2025.1.0
Copyright 1986-2022 Xilinx, Inc. All Rights Reserved.
Copyright 2022-2025 Advanced Micro Devices, Inc. All Rights Reserved.
Running: /home/xmen/amd/2025.1/Vivado/bin/unwrapped/lnx64.o/xelab --incr --debug typical --relax --mt 8 -L xil_defaultlib -L uvm -L unisims_ver -L unimacro_ver -L secureip -L xpm --snapshot tb_behav xil_defaultlib.tb xil_defaultlib.glbl -log elaborate.log 
Using 8 slave threads.
Starting static elaboration
Pass Through NonSizing Optimizer
WARNING: [VRFC 10-3091] actual bit length 32 differs from formal bit length 4 for port 'sw' [/home/xmen/Desktop/compara/analise/tb/tb_fpga.sv:18]
WARNING: [VRFC 10-3091] actual bit length 1 differs from formal bit length 4 for port 'btn' [/home/xmen/Desktop/compara/analise/tb/tb_fpga.sv:19]
WARNING: [VRFC 10-3091] actual bit length 32 differs from formal bit length 1 for port 'uart_txd_in' [/home/xmen/Desktop/compara/analise/tb/tb_fpga.sv:20]
Completed static elaboration
Starting simulation data flow analysis
Completed simulation data flow analysis
Time Resolution for simulation is 1ps
Compiling module xil_defaultlib.accumulator_cells(WIDTH=8,WIDTHx...
Compiling module xil_defaultlib.systolicMatrixMultiply(WIDTH=8,S...
Compiling module xil_defaultlib.Arty7_top_sim
Compiling module xil_defaultlib.tb
Compiling module xil_defaultlib.glbl
Built simulation snapshot tb_behav
