INFO: [VRFC 10-2263] Analyzing Verilog file "/home/xmen/Desktop/compara/analise/SystolicMatrixMultiplication/project_1/project_1.sim/sim_1/synth/timing/xsim/tb_time_synth.v" into library xil_defaultlib
INFO: [VRFC 10-311] analyzing module Arty7_top_sim
INFO: [VRFC 10-311] analyzing module accumulator_cells
INFO: [VRFC 10-311] analyzing module accumulator_cells_10
INFO: [VRFC 10-311] analyzing module accumulator_cells_100
INFO: [VRFC 10-311] analyzing module accumulator_cells_101
INFO: [VRFC 10-311] analyzing module accumulator_cells_102
INFO: [VRFC 10-311] analyzing module accumulator_cells_103
INFO: [VRFC 10-311] analyzing module accumulator_cells_104
INFO: [VRFC 10-311] analyzing module accumulator_cells_105
INFO: [VRFC 10-311] analyzing module accumulator_cells_106
INFO: [VRFC 10-311] analyzing module accumulator_cells_107
INFO: [VRFC 10-311] analyzing module accumulator_cells_108
INFO: [VRFC 10-311] analyzing module accumulator_cells_109
INFO: [VRFC 10-311] analyzing module accumulator_cells_11
INFO: [VRFC 10-311] analyzing module accumulator_cells_110
INFO: [VRFC 10-311] analyzing module accumulator_cells_111
INFO: [VRFC 10-311] analyzing module accumulator_cells_112
INFO: [VRFC 10-311] analyzing module accumulator_cells_113
INFO: [VRFC 10-311] analyzing module accumulator_cells_114
INFO: [VRFC 10-311] analyzing module accumulator_cells_115
INFO: [VRFC 10-311] analyzing module accumulator_cells_116
INFO: [VRFC 10-311] analyzing module accumulator_cells_117
INFO: [VRFC 10-311] analyzing module accumulator_cells_118
INFO: [VRFC 10-311] analyzing module accumulator_cells_119
INFO: [VRFC 10-311] analyzing module accumulator_cells_12
INFO: [VRFC 10-311] analyzing module accumulator_cells_120
INFO: [VRFC 10-311] analyzing module accumulator_cells_121
INFO: [VRFC 10-311] analyzing module accumulator_cells_122
INFO: [VRFC 10-311] analyzing module accumulator_cells_123
INFO: [VRFC 10-311] analyzing module accumulator_cells_124
INFO: [VRFC 10-311] analyzing module accumulator_cells_125
INFO: [VRFC 10-311] analyzing module accumulator_cells_126
INFO: [VRFC 10-311] analyzing module accumulator_cells_127
INFO: [VRFC 10-311] analyzing module accumulator_cells_128
INFO: [VRFC 10-311] analyzing module accumulator_cells_129
INFO: [VRFC 10-311] analyzing module accumulator_cells_13
INFO: [VRFC 10-311] analyzing module accumulator_cells_130
INFO: [VRFC 10-311] analyzing module accumulator_cells_131
INFO: [VRFC 10-311] analyzing module accumulator_cells_132
INFO: [VRFC 10-311] analyzing module accumulator_cells_133
INFO: [VRFC 10-311] analyzing module accumulator_cells_134
INFO: [VRFC 10-311] analyzing module accumulator_cells_135
INFO: [VRFC 10-311] analyzing module accumulator_cells_136
INFO: [VRFC 10-311] analyzing module accumulator_cells_137
INFO: [VRFC 10-311] analyzing module accumulator_cells_138
INFO: [VRFC 10-311] analyzing module accumulator_cells_139
INFO: [VRFC 10-311] analyzing module accumulator_cells_14
INFO: [VRFC 10-311] analyzing module accumulator_cells_140
INFO: [VRFC 10-311] analyzing module accumulator_cells_141
INFO: [VRFC 10-311] analyzing module accumulator_cells_142
INFO: [VRFC 10-311] analyzing module accumulator_cells_143
INFO: [VRFC 10-311] analyzing module accumulator_cells_144
INFO: [VRFC 10-311] analyzing module accumulator_cells_145
INFO: [VRFC 10-311] analyzing module accumulator_cells_146
INFO: [VRFC 10-311] analyzing module accumulator_cells_147
INFO: [VRFC 10-311] analyzing module accumulator_cells_148
INFO: [VRFC 10-311] analyzing module accumulator_cells_149
INFO: [VRFC 10-311] analyzing module accumulator_cells_15
INFO: [VRFC 10-311] analyzing module accumulator_cells_150
INFO: [VRFC 10-311] analyzing module accumulator_cells_151
INFO: [VRFC 10-311] analyzing module accumulator_cells_152
INFO: [VRFC 10-311] analyzing module accumulator_cells_153
INFO: [VRFC 10-311] analyzing module accumulator_cells_154
INFO: [VRFC 10-311] analyzing module accumulator_cells_155
INFO: [VRFC 10-311] analyzing module accumulator_cells_156
INFO: [VRFC 10-311] analyzing module accumulator_cells_157
INFO: [VRFC 10-311] analyzing module accumulator_cells_158
INFO: [VRFC 10-311] analyzing module accumulator_cells_159
INFO: [VRFC 10-311] analyzing module accumulator_cells_16
INFO: [VRFC 10-311] analyzing module accumulator_cells_160
INFO: [VRFC 10-311] analyzing module accumulator_cells_161
INFO: [VRFC 10-311] analyzing module accumulator_cells_162
INFO: [VRFC 10-311] analyzing module accumulator_cells_163
INFO: [VRFC 10-311] analyzing module accumulator_cells_164
INFO: [VRFC 10-311] analyzing module accumulator_cells_165
INFO: [VRFC 10-311] analyzing module accumulator_cells_166
INFO: [VRFC 10-311] analyzing module accumulator_cells_167
INFO: [VRFC 10-311] analyzing module accumulator_cells_168
INFO: [VRFC 10-311] analyzing module accumulator_cells_169
INFO: [VRFC 10-311] analyzing module accumulator_cells_17
INFO: [VRFC 10-311] analyzing module accumulator_cells_170
INFO: [VRFC 10-311] analyzing module accumulator_cells_171
INFO: [VRFC 10-311] analyzing module accumulator_cells_172
INFO: [VRFC 10-311] analyzing module accumulator_cells_173
INFO: [VRFC 10-311] analyzing module accumulator_cells_174
INFO: [VRFC 10-311] analyzing module accumulator_cells_175
INFO: [VRFC 10-311] analyzing module accumulator_cells_176
INFO: [VRFC 10-311] analyzing module accumulator_cells_177
INFO: [VRFC 10-311] analyzing module accumulator_cells_178
INFO: [VRFC 10-311] analyzing module accumulator_cells_179
INFO: [VRFC 10-311] analyzing module accumulator_cells_18
INFO: [VRFC 10-311] analyzing module accumulator_cells_180
INFO: [VRFC 10-311] analyzing module accumulator_cells_181
INFO: [VRFC 10-311] analyzing module accumulator_cells_182
INFO: [VRFC 10-311] analyzing module accumulator_cells_183
INFO: [VRFC 10-311] analyzing module accumulator_cells_184
INFO: [VRFC 10-311] analyzing module accumulator_cells_185
INFO: [VRFC 10-311] analyzing module accumulator_cells_186
INFO: [VRFC 10-311] analyzing module accumulator_cells_187
INFO: [VRFC 10-311] analyzing module accumulator_cells_188
INFO: [VRFC 10-311] analyzing module accumulator_cells_189
INFO: [VRFC 10-311] analyzing module accumulator_cells_19
INFO: [VRFC 10-311] analyzing module accumulator_cells_190
INFO: [VRFC 10-311] analyzing module accumulator_cells_191
INFO: [VRFC 10-311] analyzing module accumulator_cells_192
INFO: [VRFC 10-311] analyzing module accumulator_cells_193
INFO: [VRFC 10-311] analyzing module accumulator_cells_194
INFO: [VRFC 10-311] analyzing module accumulator_cells_195
INFO: [VRFC 10-311] analyzing module accumulator_cells_196
INFO: [VRFC 10-311] analyzing module accumulator_cells_197
INFO: [VRFC 10-311] analyzing module accumulator_cells_198
INFO: [VRFC 10-311] analyzing module accumulator_cells_199
INFO: [VRFC 10-311] analyzing module accumulator_cells_2
INFO: [VRFC 10-311] analyzing module accumulator_cells_20
INFO: [VRFC 10-311] analyzing module accumulator_cells_200
INFO: [VRFC 10-311] analyzing module accumulator_cells_201
INFO: [VRFC 10-311] analyzing module accumulator_cells_202
INFO: [VRFC 10-311] analyzing module accumulator_cells_203
INFO: [VRFC 10-311] analyzing module accumulator_cells_204
INFO: [VRFC 10-311] analyzing module accumulator_cells_205
INFO: [VRFC 10-311] analyzing module accumulator_cells_206
INFO: [VRFC 10-311] analyzing module accumulator_cells_207
INFO: [VRFC 10-311] analyzing module accumulator_cells_208
INFO: [VRFC 10-311] analyzing module accumulator_cells_209
INFO: [VRFC 10-311] analyzing module accumulator_cells_21
INFO: [VRFC 10-311] analyzing module accumulator_cells_210
INFO: [VRFC 10-311] analyzing module accumulator_cells_211
INFO: [VRFC 10-311] analyzing module accumulator_cells_212
INFO: [VRFC 10-311] analyzing module accumulator_cells_213
INFO: [VRFC 10-311] analyzing module accumulator_cells_214
INFO: [VRFC 10-311] analyzing module accumulator_cells_215
INFO: [VRFC 10-311] analyzing module accumulator_cells_216
INFO: [VRFC 10-311] analyzing module accumulator_cells_217
INFO: [VRFC 10-311] analyzing module accumulator_cells_218
INFO: [VRFC 10-311] analyzing module accumulator_cells_219
INFO: [VRFC 10-311] analyzing module accumulator_cells_22
INFO: [VRFC 10-311] analyzing module accumulator_cells_220
INFO: [VRFC 10-311] analyzing module accumulator_cells_221
INFO: [VRFC 10-311] analyzing module accumulator_cells_222
INFO: [VRFC 10-311] analyzing module accumulator_cells_223
INFO: [VRFC 10-311] analyzing module accumulator_cells_224
INFO: [VRFC 10-311] analyzing module accumulator_cells_225
INFO: [VRFC 10-311] analyzing module accumulator_cells_226
INFO: [VRFC 10-311] analyzing module accumulator_cells_227
INFO: [VRFC 10-311] analyzing module accumulator_cells_228
INFO: [VRFC 10-311] analyzing module accumulator_cells_229
INFO: [VRFC 10-311] analyzing module accumulator_cells_23
INFO: [VRFC 10-311] analyzing module accumulator_cells_230
INFO: [VRFC 10-311] analyzing module accumulator_cells_231
INFO: [VRFC 10-311] analyzing module accumulator_cells_232
INFO: [VRFC 10-311] analyzing module accumulator_cells_233
INFO: [VRFC 10-311] analyzing module accumulator_cells_234
INFO: [VRFC 10-311] analyzing module accumulator_cells_235
INFO: [VRFC 10-311] analyzing module accumulator_cells_236
INFO: [VRFC 10-311] analyzing module accumulator_cells_237
INFO: [VRFC 10-311] analyzing module accumulator_cells_238
INFO: [VRFC 10-311] analyzing module accumulator_cells_239
INFO: [VRFC 10-311] analyzing module accumulator_cells_24
INFO: [VRFC 10-311] analyzing module accumulator_cells_240
INFO: [VRFC 10-311] analyzing module accumulator_cells_241
INFO: [VRFC 10-311] analyzing module accumulator_cells_242
INFO: [VRFC 10-311] analyzing module accumulator_cells_243
INFO: [VRFC 10-311] analyzing module accumulator_cells_244
INFO: [VRFC 10-311] analyzing module accumulator_cells_245
INFO: [VRFC 10-311] analyzing module accumulator_cells_246
INFO: [VRFC 10-311] analyzing module accumulator_cells_247
INFO: [VRFC 10-311] analyzing module accumulator_cells_248
INFO: [VRFC 10-311] analyzing module accumulator_cells_249
INFO: [VRFC 10-311] analyzing module accumulator_cells_25
INFO: [VRFC 10-311] analyzing module accumulator_cells_250
INFO: [VRFC 10-311] analyzing module accumulator_cells_251
INFO: [VRFC 10-311] analyzing module accumulator_cells_252
INFO: [VRFC 10-311] analyzing module accumulator_cells_253
INFO: [VRFC 10-311] analyzing module accumulator_cells_254
INFO: [VRFC 10-311] analyzing module accumulator_cells_255
INFO: [VRFC 10-311] analyzing module accumulator_cells_256
INFO: [VRFC 10-311] analyzing module accumulator_cells_26
INFO: [VRFC 10-311] analyzing module accumulator_cells_27
INFO: [VRFC 10-311] analyzing module accumulator_cells_28
INFO: [VRFC 10-311] analyzing module accumulator_cells_29
INFO: [VRFC 10-311] analyzing module accumulator_cells_3
INFO: [VRFC 10-311] analyzing module accumulator_cells_30
INFO: [VRFC 10-311] analyzing module accumulator_cells_31
INFO: [VRFC 10-311] analyzing module accumulator_cells_32
INFO: [VRFC 10-311] analyzing module accumulator_cells_33
INFO: [VRFC 10-311] analyzing module accumulator_cells_34
INFO: [VRFC 10-311] analyzing module accumulator_cells_35
INFO: [VRFC 10-311] analyzing module accumulator_cells_36
INFO: [VRFC 10-311] analyzing module accumulator_cells_37
INFO: [VRFC 10-311] analyzing module accumulator_cells_38
INFO: [VRFC 10-311] analyzing module accumulator_cells_39
INFO: [VRFC 10-311] analyzing module accumulator_cells_4
INFO: [VRFC 10-311] analyzing module accumulator_cells_40
INFO: [VRFC 10-311] analyzing module accumulator_cells_41
INFO: [VRFC 10-311] analyzing module accumulator_cells_42
INFO: [VRFC 10-311] analyzing module accumulator_cells_43
INFO: [VRFC 10-311] analyzing module accumulator_cells_44
INFO: [VRFC 10-311] analyzing module accumulator_cells_45
INFO: [VRFC 10-311] analyzing module accumulator_cells_46
INFO: [VRFC 10-311] analyzing module accumulator_cells_47
INFO: [VRFC 10-311] analyzing module accumulator_cells_48
INFO: [VRFC 10-311] analyzing module accumulator_cells_49
INFO: [VRFC 10-311] analyzing module accumulator_cells_5
INFO: [VRFC 10-311] analyzing module accumulator_cells_50
INFO: [VRFC 10-311] analyzing module accumulator_cells_51
INFO: [VRFC 10-311] analyzing module accumulator_cells_52
INFO: [VRFC 10-311] analyzing module accumulator_cells_53
INFO: [VRFC 10-311] analyzing module accumulator_cells_54
INFO: [VRFC 10-311] analyzing module accumulator_cells_55
INFO: [VRFC 10-311] analyzing module accumulator_cells_56
INFO: [VRFC 10-311] analyzing module accumulator_cells_57
INFO: [VRFC 10-311] analyzing module accumulator_cells_58
INFO: [VRFC 10-311] analyzing module accumulator_cells_59
INFO: [VRFC 10-311] analyzing module accumulator_cells_6
INFO: [VRFC 10-311] analyzing module accumulator_cells_60
INFO: [VRFC 10-311] analyzing module accumulator_cells_61
INFO: [VRFC 10-311] analyzing module accumulator_cells_62
INFO: [VRFC 10-311] analyzing module accumulator_cells_63
INFO: [VRFC 10-311] analyzing module accumulator_cells_64
INFO: [VRFC 10-311] analyzing module accumulator_cells_65
INFO: [VRFC 10-311] analyzing module accumulator_cells_66
INFO: [VRFC 10-311] analyzing module accumulator_cells_67
INFO: [VRFC 10-311] analyzing module accumulator_cells_68
INFO: [VRFC 10-311] analyzing module accumulator_cells_69
INFO: [VRFC 10-311] analyzing module accumulator_cells_7
INFO: [VRFC 10-311] analyzing module accumulator_cells_70
INFO: [VRFC 10-311] analyzing module accumulator_cells_71
INFO: [VRFC 10-311] analyzing module accumulator_cells_72
INFO: [VRFC 10-311] analyzing module accumulator_cells_73
INFO: [VRFC 10-311] analyzing module accumulator_cells_74
INFO: [VRFC 10-311] analyzing module accumulator_cells_75
INFO: [VRFC 10-311] analyzing module accumulator_cells_76
INFO: [VRFC 10-311] analyzing module accumulator_cells_77
INFO: [VRFC 10-311] analyzing module accumulator_cells_78
INFO: [VRFC 10-311] analyzing module accumulator_cells_79
INFO: [VRFC 10-311] analyzing module accumulator_cells_8
INFO: [VRFC 10-311] analyzing module accumulator_cells_80
INFO: [VRFC 10-311] analyzing module accumulator_cells_81
INFO: [VRFC 10-311] analyzing module accumulator_cells_82
INFO: [VRFC 10-311] analyzing module accumulator_cells_83
INFO: [VRFC 10-311] analyzing module accumulator_cells_84
INFO: [VRFC 10-311] analyzing module accumulator_cells_85
INFO: [VRFC 10-311] analyzing module accumulator_cells_86
INFO: [VRFC 10-311] analyzing module accumulator_cells_87
INFO: [VRFC 10-311] analyzing module accumulator_cells_88
INFO: [VRFC 10-311] analyzing module accumulator_cells_89
INFO: [VRFC 10-311] analyzing module accumulator_cells_9
INFO: [VRFC 10-311] analyzing module accumulator_cells_90
INFO: [VRFC 10-311] analyzing module accumulator_cells_91
INFO: [VRFC 10-311] analyzing module accumulator_cells_92
INFO: [VRFC 10-311] analyzing module accumulator_cells_93
INFO: [VRFC 10-311] analyzing module accumulator_cells_94
INFO: [VRFC 10-311] analyzing module accumulator_cells_95
INFO: [VRFC 10-311] analyzing module accumulator_cells_96
INFO: [VRFC 10-311] analyzing module accumulator_cells_97
INFO: [VRFC 10-311] analyzing module accumulator_cells_98
INFO: [VRFC 10-311] analyzing module accumulator_cells_99
INFO: [VRFC 10-311] analyzing module baudRateGenerator
INFO: [VRFC 10-311] analyzing module baudRateGenerator__parameterized0
INFO: [VRFC 10-311] analyzing module counter
INFO: [VRFC 10-311] analyzing module counter_1
INFO: [VRFC 10-311] analyzing module counter__parameterized0
INFO: [VRFC 10-311] analyzing module counter__parameterized1
INFO: [VRFC 10-311] analyzing module counter__parameterized2
INFO: [VRFC 10-311] analyzing module counter__parameterized4
INFO: [VRFC 10-311] analyzing module mem2seriala
INFO: [VRFC 10-311] analyzing module ram
INFO: [VRFC 10-311] analyzing module ram_HD2
INFO: [VRFC 10-311] analyzing module ref_clock
INFO: [VRFC 10-311] analyzing module ref_clock_0
INFO: [VRFC 10-311] analyzing module ref_clock__parameterized0
INFO: [VRFC 10-311] analyzing module serial2mem
INFO: [VRFC 10-311] analyzing module serial2mem__xdcDup__1
INFO: [VRFC 10-311] analyzing module systolicControlUnitTop
INFO: [VRFC 10-311] analyzing module systolicMatrixMultiply
INFO: [VRFC 10-311] analyzing module uart_rx
INFO: [VRFC 10-311] analyzing module uart_top
INFO: [VRFC 10-311] analyzing module uart_tx
INFO: [VRFC 10-311] analyzing module ram_blk_mem_gen_generic_cstr
INFO: [VRFC 10-311] analyzing module ram_blk_mem_gen_generic_cstr_HD6
INFO: [VRFC 10-311] analyzing module ram_blk_mem_gen_prim_width
INFO: [VRFC 10-311] analyzing module ram_blk_mem_gen_prim_width_HD7
INFO: [VRFC 10-311] analyzing module ram_blk_mem_gen_prim_width__parameterized0
INFO: [VRFC 10-311] analyzing module ram_blk_mem_gen_prim_width__parameterized0_HD9
INFO: [VRFC 10-311] analyzing module ram_blk_mem_gen_prim_wrapper_init
INFO: [VRFC 10-311] analyzing module ram_blk_mem_gen_prim_wrapper_init_HD8
INFO: [VRFC 10-311] analyzing module ram_blk_mem_gen_prim_wrapper_init__parameterized0
INFO: [VRFC 10-311] analyzing module ram_blk_mem_gen_prim_wrapper_init__parameterized0_HD10
INFO: [VRFC 10-311] analyzing module ram_blk_mem_gen_top
INFO: [VRFC 10-311] analyzing module ram_blk_mem_gen_top_HD5
INFO: [VRFC 10-311] analyzing module ram_blk_mem_gen_v8_4_11
INFO: [VRFC 10-311] analyzing module ram_blk_mem_gen_v8_4_11_HD3
INFO: [VRFC 10-311] analyzing module ram_blk_mem_gen_v8_4_11_synth
INFO: [VRFC 10-311] analyzing module ram_blk_mem_gen_v8_4_11_synth_HD4
INFO: [VRFC 10-311] analyzing module glbl
INFO: [VRFC 10-2263] Analyzing SystemVerilog file "/home/xmen/Desktop/compara/analise/SystolicMatrixMultiplication/rtl/uart/rtl/baud_rate.sv" into library xil_defaultlib
INFO: [VRFC 10-311] analyzing module baudRateGenerator
WARNING: [VRFC 10-3609] overwriting previous definition of module 'baudRateGenerator' [/home/xmen/Desktop/compara/analise/SystolicMatrixMultiplication/rtl/uart/rtl/baud_rate.sv:13]
INFO: [VRFC 10-2263] Analyzing SystemVerilog file "/home/xmen/Desktop/compara/analise/SystolicMatrixMultiplication/rtl/uart/rtl/counter.sv" into library xil_defaultlib
INFO: [VRFC 10-311] analyzing module counter
WARNING: [VRFC 10-3609] overwriting previous definition of module 'counter' [/home/xmen/Desktop/compara/analise/SystolicMatrixMultiplication/rtl/uart/rtl/counter.sv:13]
INFO: [VRFC 10-2263] Analyzing SystemVerilog file "/home/xmen/Desktop/compara/analise/SystolicMatrixMultiplication/rtl/uart/rtl/ref_clock.sv" into library xil_defaultlib
INFO: [VRFC 10-311] analyzing module ref_clock
WARNING: [VRFC 10-3609] overwriting previous definition of module 'ref_clock' [/home/xmen/Desktop/compara/analise/SystolicMatrixMultiplication/rtl/uart/rtl/ref_clock.sv:1]
INFO: [VRFC 10-2263] Analyzing SystemVerilog file "/home/xmen/Desktop/compara/analise/SystolicMatrixMultiplication/rtl/uart/rtl/uart_rx.sv" into library xil_defaultlib
INFO: [VRFC 10-311] analyzing module uart_rx
WARNING: [VRFC 10-3609] overwriting previous definition of module 'uart_rx' [/home/xmen/Desktop/compara/analise/SystolicMatrixMultiplication/rtl/uart/rtl/uart_rx.sv:13]
INFO: [VRFC 10-2263] Analyzing SystemVerilog file "/home/xmen/Desktop/compara/analise/SystolicMatrixMultiplication/rtl/uart/rtl/uart_top.sv" into library xil_defaultlib
INFO: [VRFC 10-311] analyzing module uart_top
WARNING: [VRFC 10-3609] overwriting previous definition of module 'uart_top' [/home/xmen/Desktop/compara/analise/SystolicMatrixMultiplication/rtl/uart/rtl/uart_top.sv:13]
INFO: [VRFC 10-2263] Analyzing SystemVerilog file "/home/xmen/Desktop/compara/analise/SystolicMatrixMultiplication/rtl/uart/rtl/uart_tx.sv" into library xil_defaultlib
INFO: [VRFC 10-311] analyzing module uart_tx
WARNING: [VRFC 10-3609] overwriting previous definition of module 'uart_tx' [/home/xmen/Desktop/compara/analise/SystolicMatrixMultiplication/rtl/uart/rtl/uart_tx.sv:14]
INFO: [VRFC 10-2263] Analyzing SystemVerilog file "/home/xmen/Desktop/compara/analise/SystolicMatrixMultiplication/tb/tb_fpga.sv" into library xil_defaultlib
INFO: [VRFC 10-311] analyzing module tb
