Vivado Simulator v2025.1.0
Copyright 1986-2022 Xilinx, Inc. All Rights Reserved.
Copyright 2022-2025 Advanced Micro Devices, Inc. All Rights Reserved.
Running: /home/xmen/amd/2025.1/Vivado/bin/unwrapped/lnx64.o/xelab --incr --debug typical --relax --mt 8 --maxdelay -L xil_defaultlib -L uvm -L simprims_ver -L secureip --snapshot tb_time_synth -transport_int_delays -pulse_r 0 -pulse_int_r 0 -pulse_e 0 -pulse_int_e 0 xil_defaultlib.tb xil_defaultlib.glbl -log elaborate.log 
Using 8 slave threads.
Starting static elaboration
Pass Through NonSizing Optimizer
ERROR: [VRFC 10-3180] cannot find port 'uart_txd_in_IBUF' on this module [/home/xmen/Desktop/compara/analise/SystolicMatrixMultiplication/project_1/project_1.sim/sim_1/synth/timing/xsim/tb_time_synth.v:236]
ERROR: [VRFC 10-3180] cannot find port 'uart_rxd_out_OBUF' on this module [/home/xmen/Desktop/compara/analise/SystolicMatrixMultiplication/project_1/project_1.sim/sim_1/synth/timing/xsim/tb_time_synth.v:235]
ERROR: [VRFC 10-3180] cannot find port 'systolicControlUnit_uart_valid_tx_in' on this module [/home/xmen/Desktop/compara/analise/SystolicMatrixMultiplication/project_1/project_1.sim/sim_1/synth/timing/xsim/tb_time_synth.v:234]
ERROR: [VRFC 10-3180] cannot find port 'systolicControlUnit_serial2mem_opb_rw' on this module [/home/xmen/Desktop/compara/analise/SystolicMatrixMultiplication/project_1/project_1.sim/sim_1/synth/timing/xsim/tb_time_synth.v:233]
ERROR: [VRFC 10-3180] cannot find port 'serial2mem_opb_clock' on this module [/home/xmen/Desktop/compara/analise/SystolicMatrixMultiplication/project_1/project_1.sim/sim_1/synth/timing/xsim/tb_time_synth.v:232]
ERROR: [VRFC 10-3180] cannot find port 'sdata_tx_out_reg_1' on this module [/home/xmen/Desktop/compara/analise/SystolicMatrixMultiplication/project_1/project_1.sim/sim_1/synth/timing/xsim/tb_time_synth.v:231]
ERROR: [VRFC 10-3180] cannot find port 'sdata_tx_out_reg_0' on this module [/home/xmen/Desktop/compara/analise/SystolicMatrixMultiplication/project_1/project_1.sim/sim_1/synth/timing/xsim/tb_time_synth.v:230]
ERROR: [VRFC 10-3180] cannot find port 'sdata_tx_out_reg' on this module [/home/xmen/Desktop/compara/analise/SystolicMatrixMultiplication/project_1/project_1.sim/sim_1/synth/timing/xsim/tb_time_synth.v:229]
ERROR: [VRFC 10-3180] cannot find port 'sdata_tx_out_i_2_1' on this module [/home/xmen/Desktop/compara/analise/SystolicMatrixMultiplication/project_1/project_1.sim/sim_1/synth/timing/xsim/tb_time_synth.v:228]
ERROR: [VRFC 10-3180] cannot find port 'sdata_tx_out_i_2_0' on this module [/home/xmen/Desktop/compara/analise/SystolicMatrixMultiplication/project_1/project_1.sim/sim_1/synth/timing/xsim/tb_time_synth.v:227]
ERROR: [VRFC 10-3180] cannot find port 'sdata_tx_out_i_2' on this module [/home/xmen/Desktop/compara/analise/SystolicMatrixMultiplication/project_1/project_1.sim/sim_1/synth/timing/xsim/tb_time_synth.v:226]
ERROR: [VRFC 10-3180] cannot find port '\data_rx_out_reg[3] ' on this module [/home/xmen/Desktop/compara/analise/SystolicMatrixMultiplication/project_1/project_1.sim/sim_1/synth/timing/xsim/tb_time_synth.v:225]
ERROR: [VRFC 10-3180] cannot find port 'clock_IBUF_BUFG' on this module [/home/xmen/Desktop/compara/analise/SystolicMatrixMultiplication/project_1/project_1.sim/sim_1/synth/timing/xsim/tb_time_synth.v:224]
ERROR: [VRFC 10-3180] cannot find port 'clock_IBUF' on this module [/home/xmen/Desktop/compara/analise/SystolicMatrixMultiplication/project_1/project_1.sim/sim_1/synth/timing/xsim/tb_time_synth.v:223]
ERROR: [VRFC 10-3180] cannot find port 'btn_IBUF' on this module [/home/xmen/Desktop/compara/analise/SystolicMatrixMultiplication/project_1/project_1.sim/sim_1/synth/timing/xsim/tb_time_synth.v:222]
ERROR: [VRFC 10-3180] cannot find port 'Q' on this module [/home/xmen/Desktop/compara/analise/SystolicMatrixMultiplication/project_1/project_1.sim/sim_1/synth/timing/xsim/tb_time_synth.v:221]
ERROR: [VRFC 10-8530] module 'uart_rx(COUNTER_CLOCK_INPUT=100000000,CLOCK_REF=10000000)' is ignored due to previous errors [/home/xmen/Desktop/compara/analise/SystolicMatrixMultiplication/rtl/uart/rtl/uart_rx.sv:13]
ERROR: [VRFC 10-8530] module 'uart_tx(COUNTER_CLOCK_INPUT=100000000,CLOCK_REF=10000000)' is ignored due to previous errors [/home/xmen/Desktop/compara/analise/SystolicMatrixMultiplication/rtl/uart/rtl/uart_tx.sv:14]
ERROR: [VRFC 10-8530] module 'baudRateGenerator(BAUDRATE=115200,OVERSAMPLING=16,CLOCK_INPUT=100000000,CLOCK_REF=10000000)' is ignored due to previous errors [/home/xmen/Desktop/compara/analise/SystolicMatrixMultiplication/rtl/uart/rtl/baud_rate.sv:13]
INFO: [VRFC 10-10021] Sorry, too many errors..
ERROR: [XSIM 43-3322] Static elaboration of top level Verilog design unit(s) in library work failed.
