
*** Running vivado
    with args -log ila_4.vds -m64 -product Vivado -mode batch -messageDb vivado.pb -notrace -source ila_4.tcl


****** Vivado v2025.2 (64-bit)
  **** SW Build 6299465 on Fri Nov 14 12:34:56 MST 2025
  **** IP Build 6300035 on Fri Nov 14 10:48:45 MST 2025
  **** SharedData Build 6298862 on Thu Nov 13 04:50:51 MST 2025
  **** Start of session at: Tue Dec 30 15:06:39 2025
    ** Copyright 1986-2022 Xilinx, Inc. All Rights Reserved.
    ** Copyright 2022-2025 Advanced Micro Devices, Inc. All Rights Reserved.

source ila_4.tcl -notrace
Command: synth_design -top ila_4 -part xczu7ev-ffvc1156-2-e -incremental_mode off -mode out_of_context
Starting synth_design
Attempting to get a license for feature 'Synthesis' and/or device 'xczu7ev'
INFO: [Common 17-349] Got license for feature 'Synthesis' and/or device 'xczu7ev'
INFO: [Device 21-403] Loading part xczu7ev-ffvc1156-2-e
INFO: [Synth 8-7079] Multithreading enabled for synth_design using a maximum of 7 processes.
INFO: [Synth 8-7078] Launching helper process for spawning children vivado processes
INFO: [Synth 8-7075] Helper process launched with PID 3205908
---------------------------------------------------------------------------------
Starting RTL Elaboration : Time (s): cpu = 00:00:03 ; elapsed = 00:00:04 . Memory (MB): peak = 3179.668 ; gain = 148.688 ; free physical = 3254 ; free virtual = 44601
---------------------------------------------------------------------------------
INFO: [Synth 8-11241] undeclared symbol 'tms_int', assumed default net type 'wire' [/home/xmen/Videos/RustDesk/SystolicCore/SystolicCore/SystolicCore/SystolicCore.gen/sources_1/ip/ila_4/hdl/verilog/xsdbm_v3_0_5_bs_core_ext.vh:30]
INFO: [Synth 8-11241] undeclared symbol 'runtest_int', assumed default net type 'wire' [/home/xmen/Videos/RustDesk/SystolicCore/SystolicCore/SystolicCore/SystolicCore.gen/sources_1/ip/ila_4/hdl/verilog/xsdbm_v3_0_5_bs_core_ext.vh:32]
INFO: [Synth 8-11241] undeclared symbol 'tms_int', assumed default net type 'wire' [/home/xmen/Videos/RustDesk/SystolicCore/SystolicCore/SystolicCore/SystolicCore.gen/sources_1/ip/ila_4/hdl/verilog/xsdbm_v3_0_5_bs_core_ext.vh:69]
INFO: [Synth 8-11241] undeclared symbol 'runtest_int', assumed default net type 'wire' [/home/xmen/Videos/RustDesk/SystolicCore/SystolicCore/SystolicCore/SystolicCore.gen/sources_1/ip/ila_4/hdl/verilog/xsdbm_v3_0_5_bs_core_ext.vh:71]
INFO: [Synth 8-11241] undeclared symbol 'tms_int', assumed default net type 'wire' [/home/xmen/Videos/RustDesk/SystolicCore/SystolicCore/SystolicCore/SystolicCore.gen/sources_1/ip/ila_4/hdl/verilog/xsdbm_v3_0_5_bs_core_ext.vh:109]
INFO: [Synth 8-11241] undeclared symbol 'runtest_int', assumed default net type 'wire' [/home/xmen/Videos/RustDesk/SystolicCore/SystolicCore/SystolicCore/SystolicCore.gen/sources_1/ip/ila_4/hdl/verilog/xsdbm_v3_0_5_bs_core_ext.vh:111]
INFO: [Synth 8-11241] undeclared symbol 'tms_int', assumed default net type 'wire' [/home/xmen/Videos/RustDesk/SystolicCore/SystolicCore/SystolicCore/SystolicCore.gen/sources_1/ip/ila_4/hdl/verilog/xsdbm_v3_0_5_bs_core_ext.vh:150]
INFO: [Synth 8-11241] undeclared symbol 'runtest_int', assumed default net type 'wire' [/home/xmen/Videos/RustDesk/SystolicCore/SystolicCore/SystolicCore/SystolicCore.gen/sources_1/ip/ila_4/hdl/verilog/xsdbm_v3_0_5_bs_core_ext.vh:152]
INFO: [Synth 8-11241] undeclared symbol 'tms_int', assumed default net type 'wire' [/home/xmen/Videos/RustDesk/SystolicCore/SystolicCore/SystolicCore/SystolicCore.gen/sources_1/ip/ila_4/hdl/verilog/xsdbm_v3_0_5_bs_core_ext.vh:192]
INFO: [Synth 8-11241] undeclared symbol 'runtest_int', assumed default net type 'wire' [/home/xmen/Videos/RustDesk/SystolicCore/SystolicCore/SystolicCore/SystolicCore.gen/sources_1/ip/ila_4/hdl/verilog/xsdbm_v3_0_5_bs_core_ext.vh:194]
INFO: [Synth 8-11241] undeclared symbol 'tms_int', assumed default net type 'wire' [/home/xmen/Videos/RustDesk/SystolicCore/SystolicCore/SystolicCore/SystolicCore.gen/sources_1/ip/ila_4/hdl/verilog/xsdbm_v3_0_5_bs_core_ext.vh:235]
INFO: [Synth 8-11241] undeclared symbol 'runtest_int', assumed default net type 'wire' [/home/xmen/Videos/RustDesk/SystolicCore/SystolicCore/SystolicCore/SystolicCore.gen/sources_1/ip/ila_4/hdl/verilog/xsdbm_v3_0_5_bs_core_ext.vh:237]
INFO: [Synth 8-11241] undeclared symbol 'tms_int', assumed default net type 'wire' [/home/xmen/Videos/RustDesk/SystolicCore/SystolicCore/SystolicCore/SystolicCore.gen/sources_1/ip/ila_4/hdl/verilog/xsdbm_v3_0_5_bs_core_ext.vh:279]
INFO: [Synth 8-11241] undeclared symbol 'runtest_int', assumed default net type 'wire' [/home/xmen/Videos/RustDesk/SystolicCore/SystolicCore/SystolicCore/SystolicCore.gen/sources_1/ip/ila_4/hdl/verilog/xsdbm_v3_0_5_bs_core_ext.vh:281]
INFO: [Synth 8-11241] undeclared symbol 'tms_int', assumed default net type 'wire' [/home/xmen/Videos/RustDesk/SystolicCore/SystolicCore/SystolicCore/SystolicCore.gen/sources_1/ip/ila_4/hdl/verilog/xsdbm_v3_0_5_bs_core_ext.vh:324]
INFO: [Synth 8-11241] undeclared symbol 'runtest_int', assumed default net type 'wire' [/home/xmen/Videos/RustDesk/SystolicCore/SystolicCore/SystolicCore/SystolicCore.gen/sources_1/ip/ila_4/hdl/verilog/xsdbm_v3_0_5_bs_core_ext.vh:326]
INFO: [Synth 8-11241] undeclared symbol 'tms_int', assumed default net type 'wire' [/home/xmen/Videos/RustDesk/SystolicCore/SystolicCore/SystolicCore/SystolicCore.gen/sources_1/ip/ila_4/hdl/verilog/xsdbm_v3_0_5_bs_core_ext.vh:370]
INFO: [Synth 8-11241] undeclared symbol 'runtest_int', assumed default net type 'wire' [/home/xmen/Videos/RustDesk/SystolicCore/SystolicCore/SystolicCore/SystolicCore.gen/sources_1/ip/ila_4/hdl/verilog/xsdbm_v3_0_5_bs_core_ext.vh:372]
INFO: [Synth 8-11241] undeclared symbol 'tms_int', assumed default net type 'wire' [/home/xmen/Videos/RustDesk/SystolicCore/SystolicCore/SystolicCore/SystolicCore.gen/sources_1/ip/ila_4/hdl/verilog/xsdbm_v3_0_5_bs_core_ext.vh:417]
INFO: [Synth 8-11241] undeclared symbol 'runtest_int', assumed default net type 'wire' [/home/xmen/Videos/RustDesk/SystolicCore/SystolicCore/SystolicCore/SystolicCore.gen/sources_1/ip/ila_4/hdl/verilog/xsdbm_v3_0_5_bs_core_ext.vh:419]
INFO: [Synth 8-11241] undeclared symbol 'tms_int', assumed default net type 'wire' [/home/xmen/Videos/RustDesk/SystolicCore/SystolicCore/SystolicCore/SystolicCore.gen/sources_1/ip/ila_4/hdl/verilog/xsdbm_v3_0_5_bs_core_ext.vh:465]
INFO: [Synth 8-11241] undeclared symbol 'runtest_int', assumed default net type 'wire' [/home/xmen/Videos/RustDesk/SystolicCore/SystolicCore/SystolicCore/SystolicCore.gen/sources_1/ip/ila_4/hdl/verilog/xsdbm_v3_0_5_bs_core_ext.vh:467]
INFO: [Synth 8-11241] undeclared symbol 'tms_int', assumed default net type 'wire' [/home/xmen/Videos/RustDesk/SystolicCore/SystolicCore/SystolicCore/SystolicCore.gen/sources_1/ip/ila_4/hdl/verilog/xsdbm_v3_0_5_bs_core_ext.vh:514]
INFO: [Synth 8-11241] undeclared symbol 'runtest_int', assumed default net type 'wire' [/home/xmen/Videos/RustDesk/SystolicCore/SystolicCore/SystolicCore/SystolicCore.gen/sources_1/ip/ila_4/hdl/verilog/xsdbm_v3_0_5_bs_core_ext.vh:516]
INFO: [Synth 8-11241] undeclared symbol 'tms_int', assumed default net type 'wire' [/home/xmen/Videos/RustDesk/SystolicCore/SystolicCore/SystolicCore/SystolicCore.gen/sources_1/ip/ila_4/hdl/verilog/xsdbm_v3_0_5_bs_core_ext.vh:564]
INFO: [Synth 8-11241] undeclared symbol 'runtest_int', assumed default net type 'wire' [/home/xmen/Videos/RustDesk/SystolicCore/SystolicCore/SystolicCore/SystolicCore.gen/sources_1/ip/ila_4/hdl/verilog/xsdbm_v3_0_5_bs_core_ext.vh:566]
INFO: [Synth 8-11241] undeclared symbol 'tms_int', assumed default net type 'wire' [/home/xmen/Videos/RustDesk/SystolicCore/SystolicCore/SystolicCore/SystolicCore.gen/sources_1/ip/ila_4/hdl/verilog/xsdbm_v3_0_5_bs_core_ext.vh:615]
INFO: [Synth 8-11241] undeclared symbol 'runtest_int', assumed default net type 'wire' [/home/xmen/Videos/RustDesk/SystolicCore/SystolicCore/SystolicCore/SystolicCore.gen/sources_1/ip/ila_4/hdl/verilog/xsdbm_v3_0_5_bs_core_ext.vh:617]
INFO: [Synth 8-11241] undeclared symbol 'tms_int', assumed default net type 'wire' [/home/xmen/Videos/RustDesk/SystolicCore/SystolicCore/SystolicCore/SystolicCore.gen/sources_1/ip/ila_4/hdl/verilog/xsdbm_v3_0_5_bs_core.vh:30]
INFO: [Synth 8-11241] undeclared symbol 'runtest_int', assumed default net type 'wire' [/home/xmen/Videos/RustDesk/SystolicCore/SystolicCore/SystolicCore/SystolicCore.gen/sources_1/ip/ila_4/hdl/verilog/xsdbm_v3_0_5_bs_core.vh:32]
INFO: [Synth 8-11241] undeclared symbol 'tms_int', assumed default net type 'wire' [/home/xmen/Videos/RustDesk/SystolicCore/SystolicCore/SystolicCore/SystolicCore.gen/sources_1/ip/ila_4/hdl/verilog/xsdbm_v3_0_5_bs_core.vh:69]
INFO: [Synth 8-11241] undeclared symbol 'runtest_int', assumed default net type 'wire' [/home/xmen/Videos/RustDesk/SystolicCore/SystolicCore/SystolicCore/SystolicCore.gen/sources_1/ip/ila_4/hdl/verilog/xsdbm_v3_0_5_bs_core.vh:71]
INFO: [Synth 8-11241] undeclared symbol 'tms_int', assumed default net type 'wire' [/home/xmen/Videos/RustDesk/SystolicCore/SystolicCore/SystolicCore/SystolicCore.gen/sources_1/ip/ila_4/hdl/verilog/xsdbm_v3_0_5_bs_core.vh:109]
INFO: [Synth 8-11241] undeclared symbol 'runtest_int', assumed default net type 'wire' [/home/xmen/Videos/RustDesk/SystolicCore/SystolicCore/SystolicCore/SystolicCore.gen/sources_1/ip/ila_4/hdl/verilog/xsdbm_v3_0_5_bs_core.vh:111]
INFO: [Synth 8-11241] undeclared symbol 'tms_int', assumed default net type 'wire' [/home/xmen/Videos/RustDesk/SystolicCore/SystolicCore/SystolicCore/SystolicCore.gen/sources_1/ip/ila_4/hdl/verilog/xsdbm_v3_0_5_bs_core.vh:150]
INFO: [Synth 8-11241] undeclared symbol 'runtest_int', assumed default net type 'wire' [/home/xmen/Videos/RustDesk/SystolicCore/SystolicCore/SystolicCore/SystolicCore.gen/sources_1/ip/ila_4/hdl/verilog/xsdbm_v3_0_5_bs_core.vh:152]
INFO: [Synth 8-11241] undeclared symbol 'tms_int', assumed default net type 'wire' [/home/xmen/Videos/RustDesk/SystolicCore/SystolicCore/SystolicCore/SystolicCore.gen/sources_1/ip/ila_4/hdl/verilog/xsdbm_v3_0_5_bs_core.vh:192]
INFO: [Synth 8-11241] undeclared symbol 'runtest_int', assumed default net type 'wire' [/home/xmen/Videos/RustDesk/SystolicCore/SystolicCore/SystolicCore/SystolicCore.gen/sources_1/ip/ila_4/hdl/verilog/xsdbm_v3_0_5_bs_core.vh:194]
INFO: [Synth 8-11241] undeclared symbol 'tms_int', assumed default net type 'wire' [/home/xmen/Videos/RustDesk/SystolicCore/SystolicCore/SystolicCore/SystolicCore.gen/sources_1/ip/ila_4/hdl/verilog/xsdbm_v3_0_5_bs_core.vh:235]
INFO: [Synth 8-11241] undeclared symbol 'runtest_int', assumed default net type 'wire' [/home/xmen/Videos/RustDesk/SystolicCore/SystolicCore/SystolicCore/SystolicCore.gen/sources_1/ip/ila_4/hdl/verilog/xsdbm_v3_0_5_bs_core.vh:237]
INFO: [Synth 8-11241] undeclared symbol 'tms_int', assumed default net type 'wire' [/home/xmen/Videos/RustDesk/SystolicCore/SystolicCore/SystolicCore/SystolicCore.gen/sources_1/ip/ila_4/hdl/verilog/xsdbm_v3_0_5_bs_core.vh:279]
INFO: [Synth 8-11241] undeclared symbol 'runtest_int', assumed default net type 'wire' [/home/xmen/Videos/RustDesk/SystolicCore/SystolicCore/SystolicCore/SystolicCore.gen/sources_1/ip/ila_4/hdl/verilog/xsdbm_v3_0_5_bs_core.vh:281]
INFO: [Synth 8-11241] undeclared symbol 'tms_int', assumed default net type 'wire' [/home/xmen/Videos/RustDesk/SystolicCore/SystolicCore/SystolicCore/SystolicCore.gen/sources_1/ip/ila_4/hdl/verilog/xsdbm_v3_0_5_bs_core.vh:324]
INFO: [Synth 8-11241] undeclared symbol 'runtest_int', assumed default net type 'wire' [/home/xmen/Videos/RustDesk/SystolicCore/SystolicCore/SystolicCore/SystolicCore.gen/sources_1/ip/ila_4/hdl/verilog/xsdbm_v3_0_5_bs_core.vh:326]
INFO: [Synth 8-11241] undeclared symbol 'tms_int', assumed default net type 'wire' [/home/xmen/Videos/RustDesk/SystolicCore/SystolicCore/SystolicCore/SystolicCore.gen/sources_1/ip/ila_4/hdl/verilog/xsdbm_v3_0_5_bs_core.vh:370]
INFO: [Synth 8-11241] undeclared symbol 'runtest_int', assumed default net type 'wire' [/home/xmen/Videos/RustDesk/SystolicCore/SystolicCore/SystolicCore/SystolicCore.gen/sources_1/ip/ila_4/hdl/verilog/xsdbm_v3_0_5_bs_core.vh:372]
INFO: [Synth 8-11241] undeclared symbol 'tms_int', assumed default net type 'wire' [/home/xmen/Videos/RustDesk/SystolicCore/SystolicCore/SystolicCore/SystolicCore.gen/sources_1/ip/ila_4/hdl/verilog/xsdbm_v3_0_5_bs_core.vh:417]
INFO: [Synth 8-11241] undeclared symbol 'runtest_int', assumed default net type 'wire' [/home/xmen/Videos/RustDesk/SystolicCore/SystolicCore/SystolicCore/SystolicCore.gen/sources_1/ip/ila_4/hdl/verilog/xsdbm_v3_0_5_bs_core.vh:419]
INFO: [Synth 8-11241] undeclared symbol 'tms_int', assumed default net type 'wire' [/home/xmen/Videos/RustDesk/SystolicCore/SystolicCore/SystolicCore/SystolicCore.gen/sources_1/ip/ila_4/hdl/verilog/xsdbm_v3_0_5_bs_core.vh:465]
INFO: [Synth 8-11241] undeclared symbol 'runtest_int', assumed default net type 'wire' [/home/xmen/Videos/RustDesk/SystolicCore/SystolicCore/SystolicCore/SystolicCore.gen/sources_1/ip/ila_4/hdl/verilog/xsdbm_v3_0_5_bs_core.vh:467]
INFO: [Synth 8-11241] undeclared symbol 'tms_int', assumed default net type 'wire' [/home/xmen/Videos/RustDesk/SystolicCore/SystolicCore/SystolicCore/SystolicCore.gen/sources_1/ip/ila_4/hdl/verilog/xsdbm_v3_0_5_bs_core.vh:514]
INFO: [Synth 8-11241] undeclared symbol 'runtest_int', assumed default net type 'wire' [/home/xmen/Videos/RustDesk/SystolicCore/SystolicCore/SystolicCore/SystolicCore.gen/sources_1/ip/ila_4/hdl/verilog/xsdbm_v3_0_5_bs_core.vh:516]
INFO: [Synth 8-11241] undeclared symbol 'tms_int', assumed default net type 'wire' [/home/xmen/Videos/RustDesk/SystolicCore/SystolicCore/SystolicCore/SystolicCore.gen/sources_1/ip/ila_4/hdl/verilog/xsdbm_v3_0_5_bs_core.vh:564]
INFO: [Synth 8-11241] undeclared symbol 'runtest_int', assumed default net type 'wire' [/home/xmen/Videos/RustDesk/SystolicCore/SystolicCore/SystolicCore/SystolicCore.gen/sources_1/ip/ila_4/hdl/verilog/xsdbm_v3_0_5_bs_core.vh:566]
INFO: [Synth 8-11241] undeclared symbol 'tms_int', assumed default net type 'wire' [/home/xmen/Videos/RustDesk/SystolicCore/SystolicCore/SystolicCore/SystolicCore.gen/sources_1/ip/ila_4/hdl/verilog/xsdbm_v3_0_5_bs_core.vh:615]
INFO: [Synth 8-11241] undeclared symbol 'runtest_int', assumed default net type 'wire' [/home/xmen/Videos/RustDesk/SystolicCore/SystolicCore/SystolicCore/SystolicCore.gen/sources_1/ip/ila_4/hdl/verilog/xsdbm_v3_0_5_bs_core.vh:617]
INFO: [Synth 8-11241] undeclared symbol 'tms_int', assumed default net type 'wire' [/home/xmen/Videos/RustDesk/SystolicCore/SystolicCore/SystolicCore/SystolicCore.gen/sources_1/ip/ila_4/hdl/verilog/xsdbm_v3_0_5_bs_core_vec.vh:30]
INFO: [Synth 8-11241] undeclared symbol 'runtest_int', assumed default net type 'wire' [/home/xmen/Videos/RustDesk/SystolicCore/SystolicCore/SystolicCore/SystolicCore.gen/sources_1/ip/ila_4/hdl/verilog/xsdbm_v3_0_5_bs_core_vec.vh:32]
INFO: [Synth 8-11241] undeclared symbol 'tms_int', assumed default net type 'wire' [/home/xmen/Videos/RustDesk/SystolicCore/SystolicCore/SystolicCore/SystolicCore.gen/sources_1/ip/ila_4/hdl/verilog/xsdbm_v3_0_5_bs_core_vec.vh:65]
INFO: [Synth 8-11241] undeclared symbol 'runtest_int', assumed default net type 'wire' [/home/xmen/Videos/RustDesk/SystolicCore/SystolicCore/SystolicCore/SystolicCore.gen/sources_1/ip/ila_4/hdl/verilog/xsdbm_v3_0_5_bs_core_vec.vh:67]
INFO: [Synth 8-11241] undeclared symbol 'tms_int', assumed default net type 'wire' [/home/xmen/Videos/RustDesk/SystolicCore/SystolicCore/SystolicCore/SystolicCore.gen/sources_1/ip/ila_4/hdl/verilog/xsdbm_v3_0_5_bs_core_vec.vh:100]
INFO: [Synth 8-11241] undeclared symbol 'runtest_int', assumed default net type 'wire' [/home/xmen/Videos/RustDesk/SystolicCore/SystolicCore/SystolicCore/SystolicCore.gen/sources_1/ip/ila_4/hdl/verilog/xsdbm_v3_0_5_bs_core_vec.vh:102]
INFO: [Synth 8-11241] undeclared symbol 'tms_int', assumed default net type 'wire' [/home/xmen/Videos/RustDesk/SystolicCore/SystolicCore/SystolicCore/SystolicCore.gen/sources_1/ip/ila_4/hdl/verilog/xsdbm_v3_0_5_bs_core_vec.vh:135]
INFO: [Synth 8-11241] undeclared symbol 'runtest_int', assumed default net type 'wire' [/home/xmen/Videos/RustDesk/SystolicCore/SystolicCore/SystolicCore/SystolicCore.gen/sources_1/ip/ila_4/hdl/verilog/xsdbm_v3_0_5_bs_core_vec.vh:137]
INFO: [Synth 8-11241] undeclared symbol 'tms_int', assumed default net type 'wire' [/home/xmen/Videos/RustDesk/SystolicCore/SystolicCore/SystolicCore/SystolicCore.gen/sources_1/ip/ila_4/hdl/verilog/xsdbm_v3_0_5_bs_core_vec.vh:170]
INFO: [Synth 8-11241] undeclared symbol 'runtest_int', assumed default net type 'wire' [/home/xmen/Videos/RustDesk/SystolicCore/SystolicCore/SystolicCore/SystolicCore.gen/sources_1/ip/ila_4/hdl/verilog/xsdbm_v3_0_5_bs_core_vec.vh:172]
INFO: [Synth 8-11241] undeclared symbol 'tms_int', assumed default net type 'wire' [/home/xmen/Videos/RustDesk/SystolicCore/SystolicCore/SystolicCore/SystolicCore.gen/sources_1/ip/ila_4/hdl/verilog/xsdbm_v3_0_5_bs_core_vec.vh:205]
INFO: [Synth 8-11241] undeclared symbol 'runtest_int', assumed default net type 'wire' [/home/xmen/Videos/RustDesk/SystolicCore/SystolicCore/SystolicCore/SystolicCore.gen/sources_1/ip/ila_4/hdl/verilog/xsdbm_v3_0_5_bs_core_vec.vh:207]
INFO: [Synth 8-11241] undeclared symbol 'tms_int', assumed default net type 'wire' [/home/xmen/Videos/RustDesk/SystolicCore/SystolicCore/SystolicCore/SystolicCore.gen/sources_1/ip/ila_4/hdl/verilog/xsdbm_v3_0_5_bs_core_vec.vh:240]
INFO: [Synth 8-11241] undeclared symbol 'runtest_int', assumed default net type 'wire' [/home/xmen/Videos/RustDesk/SystolicCore/SystolicCore/SystolicCore/SystolicCore.gen/sources_1/ip/ila_4/hdl/verilog/xsdbm_v3_0_5_bs_core_vec.vh:242]
INFO: [Synth 8-11241] undeclared symbol 'tms_int', assumed default net type 'wire' [/home/xmen/Videos/RustDesk/SystolicCore/SystolicCore/SystolicCore/SystolicCore.gen/sources_1/ip/ila_4/hdl/verilog/xsdbm_v3_0_5_bs_core_vec.vh:275]
INFO: [Synth 8-11241] undeclared symbol 'runtest_int', assumed default net type 'wire' [/home/xmen/Videos/RustDesk/SystolicCore/SystolicCore/SystolicCore/SystolicCore.gen/sources_1/ip/ila_4/hdl/verilog/xsdbm_v3_0_5_bs_core_vec.vh:277]
INFO: [Synth 8-11241] undeclared symbol 'tms_int', assumed default net type 'wire' [/home/xmen/Videos/RustDesk/SystolicCore/SystolicCore/SystolicCore/SystolicCore.gen/sources_1/ip/ila_4/hdl/verilog/xsdbm_v3_0_5_bs_core_vec.vh:310]
INFO: [Synth 8-11241] undeclared symbol 'runtest_int', assumed default net type 'wire' [/home/xmen/Videos/RustDesk/SystolicCore/SystolicCore/SystolicCore/SystolicCore.gen/sources_1/ip/ila_4/hdl/verilog/xsdbm_v3_0_5_bs_core_vec.vh:312]
INFO: [Synth 8-11241] undeclared symbol 'tms_int', assumed default net type 'wire' [/home/xmen/Videos/RustDesk/SystolicCore/SystolicCore/SystolicCore/SystolicCore.gen/sources_1/ip/ila_4/hdl/verilog/xsdbm_v3_0_5_bs_core_vec.vh:345]
INFO: [Synth 8-11241] undeclared symbol 'runtest_int', assumed default net type 'wire' [/home/xmen/Videos/RustDesk/SystolicCore/SystolicCore/SystolicCore/SystolicCore.gen/sources_1/ip/ila_4/hdl/verilog/xsdbm_v3_0_5_bs_core_vec.vh:347]
INFO: [Synth 8-11241] undeclared symbol 'tms_int', assumed default net type 'wire' [/home/xmen/Videos/RustDesk/SystolicCore/SystolicCore/SystolicCore/SystolicCore.gen/sources_1/ip/ila_4/hdl/verilog/xsdbm_v3_0_5_bs_core_vec.vh:380]
INFO: [Synth 8-11241] undeclared symbol 'runtest_int', assumed default net type 'wire' [/home/xmen/Videos/RustDesk/SystolicCore/SystolicCore/SystolicCore/SystolicCore.gen/sources_1/ip/ila_4/hdl/verilog/xsdbm_v3_0_5_bs_core_vec.vh:382]
INFO: [Synth 8-11241] undeclared symbol 'tms_int', assumed default net type 'wire' [/home/xmen/Videos/RustDesk/SystolicCore/SystolicCore/SystolicCore/SystolicCore.gen/sources_1/ip/ila_4/hdl/verilog/xsdbm_v3_0_5_bs_core_vec.vh:415]
INFO: [Synth 8-11241] undeclared symbol 'runtest_int', assumed default net type 'wire' [/home/xmen/Videos/RustDesk/SystolicCore/SystolicCore/SystolicCore/SystolicCore.gen/sources_1/ip/ila_4/hdl/verilog/xsdbm_v3_0_5_bs_core_vec.vh:417]
INFO: [Synth 8-11241] undeclared symbol 'tms_int', assumed default net type 'wire' [/home/xmen/Videos/RustDesk/SystolicCore/SystolicCore/SystolicCore/SystolicCore.gen/sources_1/ip/ila_4/hdl/verilog/xsdbm_v3_0_5_bs_core_vec.vh:450]
INFO: [Synth 8-11241] undeclared symbol 'runtest_int', assumed default net type 'wire' [/home/xmen/Videos/RustDesk/SystolicCore/SystolicCore/SystolicCore/SystolicCore.gen/sources_1/ip/ila_4/hdl/verilog/xsdbm_v3_0_5_bs_core_vec.vh:452]
INFO: [Synth 8-11241] undeclared symbol 'tms_int', assumed default net type 'wire' [/home/xmen/Videos/RustDesk/SystolicCore/SystolicCore/SystolicCore/SystolicCore.gen/sources_1/ip/ila_4/hdl/verilog/xsdbm_v3_0_5_bs_core_vec.vh:485]
INFO: [Synth 8-11241] undeclared symbol 'runtest_int', assumed default net type 'wire' [/home/xmen/Videos/RustDesk/SystolicCore/SystolicCore/SystolicCore/SystolicCore.gen/sources_1/ip/ila_4/hdl/verilog/xsdbm_v3_0_5_bs_core_vec.vh:487]
INFO: [Synth 8-11241] undeclared symbol 'tms_int', assumed default net type 'wire' [/home/xmen/Videos/RustDesk/SystolicCore/SystolicCore/SystolicCore/SystolicCore.gen/sources_1/ip/ila_4/hdl/verilog/xsdbm_v3_0_5_bs_core_vec.vh:30]
INFO: [Synth 8-11241] undeclared symbol 'runtest_int', assumed default net type 'wire' [/home/xmen/Videos/RustDesk/SystolicCore/SystolicCore/SystolicCore/SystolicCore.gen/sources_1/ip/ila_4/hdl/verilog/xsdbm_v3_0_5_bs_core_vec.vh:32]
INFO: [Synth 8-11241] undeclared symbol 'tms_int', assumed default net type 'wire' [/home/xmen/Videos/RustDesk/SystolicCore/SystolicCore/SystolicCore/SystolicCore.gen/sources_1/ip/ila_4/hdl/verilog/xsdbm_v3_0_5_bs_core_vec.vh:65]
INFO: [Synth 8-11241] undeclared symbol 'runtest_int', assumed default net type 'wire' [/home/xmen/Videos/RustDesk/SystolicCore/SystolicCore/SystolicCore/SystolicCore.gen/sources_1/ip/ila_4/hdl/verilog/xsdbm_v3_0_5_bs_core_vec.vh:67]
INFO: [Synth 8-11241] undeclared symbol 'tms_int', assumed default net type 'wire' [/home/xmen/Videos/RustDesk/SystolicCore/SystolicCore/SystolicCore/SystolicCore.gen/sources_1/ip/ila_4/hdl/verilog/xsdbm_v3_0_5_bs_core_vec.vh:100]
INFO: [Synth 8-11241] undeclared symbol 'runtest_int', assumed default net type 'wire' [/home/xmen/Videos/RustDesk/SystolicCore/SystolicCore/SystolicCore/SystolicCore.gen/sources_1/ip/ila_4/hdl/verilog/xsdbm_v3_0_5_bs_core_vec.vh:102]
INFO: [Synth 8-11241] undeclared symbol 'tms_int', assumed default net type 'wire' [/home/xmen/Videos/RustDesk/SystolicCore/SystolicCore/SystolicCore/SystolicCore.gen/sources_1/ip/ila_4/hdl/verilog/xsdbm_v3_0_5_bs_core_vec.vh:135]
INFO: [Synth 8-11241] undeclared symbol 'runtest_int', assumed default net type 'wire' [/home/xmen/Videos/RustDesk/SystolicCore/SystolicCore/SystolicCore/SystolicCore.gen/sources_1/ip/ila_4/hdl/verilog/xsdbm_v3_0_5_bs_core_vec.vh:137]
INFO: [Synth 8-11241] undeclared symbol 'tms_int', assumed default net type 'wire' [/home/xmen/Videos/RustDesk/SystolicCore/SystolicCore/SystolicCore/SystolicCore.gen/sources_1/ip/ila_4/hdl/verilog/xsdbm_v3_0_5_bs_core_vec.vh:170]
INFO: [Synth 8-11241] undeclared symbol 'runtest_int', assumed default net type 'wire' [/home/xmen/Videos/RustDesk/SystolicCore/SystolicCore/SystolicCore/SystolicCore.gen/sources_1/ip/ila_4/hdl/verilog/xsdbm_v3_0_5_bs_core_vec.vh:172]
INFO: [Synth 8-11241] undeclared symbol 'tms_int', assumed default net type 'wire' [/home/xmen/Videos/RustDesk/SystolicCore/SystolicCore/SystolicCore/SystolicCore.gen/sources_1/ip/ila_4/hdl/verilog/xsdbm_v3_0_5_bs_core_vec.vh:205]
INFO: [Synth 8-11241] undeclared symbol 'runtest_int', assumed default net type 'wire' [/home/xmen/Videos/RustDesk/SystolicCore/SystolicCore/SystolicCore/SystolicCore.gen/sources_1/ip/ila_4/hdl/verilog/xsdbm_v3_0_5_bs_core_vec.vh:207]
INFO: [Synth 8-11241] undeclared symbol 'tms_int', assumed default net type 'wire' [/home/xmen/Videos/RustDesk/SystolicCore/SystolicCore/SystolicCore/SystolicCore.gen/sources_1/ip/ila_4/hdl/verilog/xsdbm_v3_0_5_bs_core_vec.vh:240]
INFO: [Synth 8-11241] undeclared symbol 'runtest_int', assumed default net type 'wire' [/home/xmen/Videos/RustDesk/SystolicCore/SystolicCore/SystolicCore/SystolicCore.gen/sources_1/ip/ila_4/hdl/verilog/xsdbm_v3_0_5_bs_core_vec.vh:242]
INFO: [Synth 8-11241] undeclared symbol 'tms_int', assumed default net type 'wire' [/home/xmen/Videos/RustDesk/SystolicCore/SystolicCore/SystolicCore/SystolicCore.gen/sources_1/ip/ila_4/hdl/verilog/xsdbm_v3_0_5_bs_core_vec.vh:275]
INFO: [Synth 8-11241] undeclared symbol 'runtest_int', assumed default net type 'wire' [/home/xmen/Videos/RustDesk/SystolicCore/SystolicCore/SystolicCore/SystolicCore.gen/sources_1/ip/ila_4/hdl/verilog/xsdbm_v3_0_5_bs_core_vec.vh:277]
INFO: [Common 17-14] Message 'Synth 8-11241' appears 100 times and further instances of the messages will be disabled. Use the Tcl command set_msg_config to change the current settings.
INFO: [Synth 8-6157] synthesizing module 'ila_4' [/home/xmen/Videos/RustDesk/SystolicCore/SystolicCore/SystolicCore/SystolicCore.gen/sources_1/ip/ila_4/synth/ila_4.v:48]
INFO: [Synth 8-6157] synthesizing module 'CFGLUT5' [/home/xmen/Music/2025.2/Vivado/scripts/rt/data/unisim_comp.v:3131]
INFO: [Synth 8-6155] done synthesizing module 'CFGLUT5' (0#1) [/home/xmen/Music/2025.2/Vivado/scripts/rt/data/unisim_comp.v:3131]
INFO: [Synth 8-6157] synthesizing module 'CARRY4' [/home/xmen/Music/2025.2/Vivado/scripts/rt/data/unisim_comp.v:3094]
INFO: [Synth 8-6155] done synthesizing module 'CARRY4' (0#1) [/home/xmen/Music/2025.2/Vivado/scripts/rt/data/unisim_comp.v:3094]
INFO: [Synth 8-6157] synthesizing module 'SRLC32E' [/home/xmen/Music/2025.2/Vivado/scripts/rt/data/unisim_comp.v:165484]
INFO: [Synth 8-6155] done synthesizing module 'SRLC32E' (0#1) [/home/xmen/Music/2025.2/Vivado/scripts/rt/data/unisim_comp.v:165484]
INFO: [Synth 8-6157] synthesizing module 'SRL16E' [/home/xmen/Music/2025.2/Vivado/scripts/rt/data/unisim_comp.v:165334]
INFO: [Synth 8-6155] done synthesizing module 'SRL16E' (0#1) [/home/xmen/Music/2025.2/Vivado/scripts/rt/data/unisim_comp.v:165334]
INFO: [Synth 8-6157] synthesizing module 'SRLC16E' [/home/xmen/Music/2025.2/Vivado/scripts/rt/data/unisim_comp.v:165423]
INFO: [Synth 8-6155] done synthesizing module 'SRLC16E' (0#1) [/home/xmen/Music/2025.2/Vivado/scripts/rt/data/unisim_comp.v:165423]
INFO: [Synth 8-6157] synthesizing module 'FDRE' [/home/xmen/Music/2025.2/Vivado/scripts/rt/data/unisim_comp.v:49396]
INFO: [Synth 8-6155] done synthesizing module 'FDRE' (0#1) [/home/xmen/Music/2025.2/Vivado/scripts/rt/data/unisim_comp.v:49396]
INFO: [Synth 8-7071] port 'clk_nobuf' of module 'ila_v6_2_19_ila' is unconnected for instance 'inst' [/home/xmen/Videos/RustDesk/SystolicCore/SystolicCore/SystolicCore/SystolicCore.gen/sources_1/ip/ila_4/synth/ila_4.v:3271]
INFO: [Synth 8-7071] port 'clkdiv_out' of module 'ila_v6_2_19_ila' is unconnected for instance 'inst' [/home/xmen/Videos/RustDesk/SystolicCore/SystolicCore/SystolicCore/SystolicCore.gen/sources_1/ip/ila_4/synth/ila_4.v:3271]
INFO: [Synth 8-7071] port 'trig_in' of module 'ila_v6_2_19_ila' is unconnected for instance 'inst' [/home/xmen/Videos/RustDesk/SystolicCore/SystolicCore/SystolicCore/SystolicCore.gen/sources_1/ip/ila_4/synth/ila_4.v:3271]
INFO: [Synth 8-7071] port 'trig_in_ack' of module 'ila_v6_2_19_ila' is unconnected for instance 'inst' [/home/xmen/Videos/RustDesk/SystolicCore/SystolicCore/SystolicCore/SystolicCore.gen/sources_1/ip/ila_4/synth/ila_4.v:3271]
INFO: [Synth 8-7071] port 'trig_out' of module 'ila_v6_2_19_ila' is unconnected for instance 'inst' [/home/xmen/Videos/RustDesk/SystolicCore/SystolicCore/SystolicCore/SystolicCore.gen/sources_1/ip/ila_4/synth/ila_4.v:3271]
INFO: [Synth 8-7071] port 'trig_out_ack' of module 'ila_v6_2_19_ila' is unconnected for instance 'inst' [/home/xmen/Videos/RustDesk/SystolicCore/SystolicCore/SystolicCore/SystolicCore.gen/sources_1/ip/ila_4/synth/ila_4.v:3271]
INFO: [Synth 8-7023] instance 'inst' of module 'ila_v6_2_19_ila' has 1033 connections declared, but only 1027 given [/home/xmen/Videos/RustDesk/SystolicCore/SystolicCore/SystolicCore/SystolicCore.gen/sources_1/ip/ila_4/synth/ila_4.v:3271]
INFO: [Synth 8-6155] done synthesizing module 'ila_4' (0#1) [/home/xmen/Videos/RustDesk/SystolicCore/SystolicCore/SystolicCore/SystolicCore.gen/sources_1/ip/ila_4/synth/ila_4.v:48]
INFO: [Synth 8-3848] Net sl_iport0 in module/entity ila_4 does not have driver. [/home/xmen/Videos/RustDesk/SystolicCore/SystolicCore/SystolicCore/SystolicCore.gen/sources_1/ip/ila_4/synth/ila_4.v:160]
INFO: [Synth 8-7129] Port CLKB in module blk_mem_gen_v8_4_12_blk_mem_output_block is either unconnected or has no load
INFO: [Synth 8-7129] Port DOUTA_I[256] in module blk_mem_gen_v8_4_12_blk_mem_output_block is either unconnected or has no load
INFO: [Synth 8-7129] Port DOUTA_I[255] in module blk_mem_gen_v8_4_12_blk_mem_output_block is either unconnected or has no load
INFO: [Synth 8-7129] Port DOUTA_I[254] in module blk_mem_gen_v8_4_12_blk_mem_output_block is either unconnected or has no load
INFO: [Synth 8-7129] Port DOUTA_I[253] in module blk_mem_gen_v8_4_12_blk_mem_output_block is either unconnected or has no load
INFO: [Synth 8-7129] Port DOUTA_I[252] in module blk_mem_gen_v8_4_12_blk_mem_output_block is either unconnected or has no load
INFO: [Synth 8-7129] Port DOUTA_I[251] in module blk_mem_gen_v8_4_12_blk_mem_output_block is either unconnected or has no load
INFO: [Synth 8-7129] Port DOUTA_I[250] in module blk_mem_gen_v8_4_12_blk_mem_output_block is either unconnected or has no load
INFO: [Synth 8-7129] Port DOUTA_I[249] in module blk_mem_gen_v8_4_12_blk_mem_output_block is either unconnected or has no load
INFO: [Synth 8-7129] Port DOUTA_I[248] in module blk_mem_gen_v8_4_12_blk_mem_output_block is either unconnected or has no load
INFO: [Synth 8-7129] Port DOUTA_I[247] in module blk_mem_gen_v8_4_12_blk_mem_output_block is either unconnected or has no load
INFO: [Synth 8-7129] Port DOUTA_I[246] in module blk_mem_gen_v8_4_12_blk_mem_output_block is either unconnected or has no load
INFO: [Synth 8-7129] Port DOUTA_I[245] in module blk_mem_gen_v8_4_12_blk_mem_output_block is either unconnected or has no load
INFO: [Synth 8-7129] Port DOUTA_I[244] in module blk_mem_gen_v8_4_12_blk_mem_output_block is either unconnected or has no load
INFO: [Synth 8-7129] Port DOUTA_I[243] in module blk_mem_gen_v8_4_12_blk_mem_output_block is either unconnected or has no load
INFO: [Synth 8-7129] Port DOUTA_I[242] in module blk_mem_gen_v8_4_12_blk_mem_output_block is either unconnected or has no load
INFO: [Synth 8-7129] Port DOUTA_I[241] in module blk_mem_gen_v8_4_12_blk_mem_output_block is either unconnected or has no load
INFO: [Synth 8-7129] Port DOUTA_I[240] in module blk_mem_gen_v8_4_12_blk_mem_output_block is either unconnected or has no load
INFO: [Synth 8-7129] Port DOUTA_I[239] in module blk_mem_gen_v8_4_12_blk_mem_output_block is either unconnected or has no load
INFO: [Synth 8-7129] Port DOUTA_I[238] in module blk_mem_gen_v8_4_12_blk_mem_output_block is either unconnected or has no load
INFO: [Synth 8-7129] Port DOUTA_I[237] in module blk_mem_gen_v8_4_12_blk_mem_output_block is either unconnected or has no load
INFO: [Synth 8-7129] Port DOUTA_I[236] in module blk_mem_gen_v8_4_12_blk_mem_output_block is either unconnected or has no load
INFO: [Synth 8-7129] Port DOUTA_I[235] in module blk_mem_gen_v8_4_12_blk_mem_output_block is either unconnected or has no load
INFO: [Synth 8-7129] Port DOUTA_I[234] in module blk_mem_gen_v8_4_12_blk_mem_output_block is either unconnected or has no load
INFO: [Synth 8-7129] Port DOUTA_I[233] in module blk_mem_gen_v8_4_12_blk_mem_output_block is either unconnected or has no load
INFO: [Synth 8-7129] Port DOUTA_I[232] in module blk_mem_gen_v8_4_12_blk_mem_output_block is either unconnected or has no load
INFO: [Synth 8-7129] Port DOUTA_I[231] in module blk_mem_gen_v8_4_12_blk_mem_output_block is either unconnected or has no load
INFO: [Synth 8-7129] Port DOUTA_I[230] in module blk_mem_gen_v8_4_12_blk_mem_output_block is either unconnected or has no load
INFO: [Synth 8-7129] Port DOUTA_I[229] in module blk_mem_gen_v8_4_12_blk_mem_output_block is either unconnected or has no load
INFO: [Synth 8-7129] Port DOUTA_I[228] in module blk_mem_gen_v8_4_12_blk_mem_output_block is either unconnected or has no load
INFO: [Synth 8-7129] Port DOUTA_I[227] in module blk_mem_gen_v8_4_12_blk_mem_output_block is either unconnected or has no load
INFO: [Synth 8-7129] Port DOUTA_I[226] in module blk_mem_gen_v8_4_12_blk_mem_output_block is either unconnected or has no load
INFO: [Synth 8-7129] Port DOUTA_I[225] in module blk_mem_gen_v8_4_12_blk_mem_output_block is either unconnected or has no load
INFO: [Synth 8-7129] Port DOUTA_I[224] in module blk_mem_gen_v8_4_12_blk_mem_output_block is either unconnected or has no load
INFO: [Synth 8-7129] Port DOUTA_I[223] in module blk_mem_gen_v8_4_12_blk_mem_output_block is either unconnected or has no load
INFO: [Synth 8-7129] Port DOUTA_I[222] in module blk_mem_gen_v8_4_12_blk_mem_output_block is either unconnected or has no load
INFO: [Synth 8-7129] Port DOUTA_I[221] in module blk_mem_gen_v8_4_12_blk_mem_output_block is either unconnected or has no load
INFO: [Synth 8-7129] Port DOUTA_I[220] in module blk_mem_gen_v8_4_12_blk_mem_output_block is either unconnected or has no load
INFO: [Synth 8-7129] Port DOUTA_I[219] in module blk_mem_gen_v8_4_12_blk_mem_output_block is either unconnected or has no load
INFO: [Synth 8-7129] Port DOUTA_I[218] in module blk_mem_gen_v8_4_12_blk_mem_output_block is either unconnected or has no load
INFO: [Synth 8-7129] Port DOUTA_I[217] in module blk_mem_gen_v8_4_12_blk_mem_output_block is either unconnected or has no load
INFO: [Synth 8-7129] Port DOUTA_I[216] in module blk_mem_gen_v8_4_12_blk_mem_output_block is either unconnected or has no load
INFO: [Synth 8-7129] Port DOUTA_I[215] in module blk_mem_gen_v8_4_12_blk_mem_output_block is either unconnected or has no load
INFO: [Synth 8-7129] Port DOUTA_I[214] in module blk_mem_gen_v8_4_12_blk_mem_output_block is either unconnected or has no load
INFO: [Synth 8-7129] Port DOUTA_I[213] in module blk_mem_gen_v8_4_12_blk_mem_output_block is either unconnected or has no load
INFO: [Synth 8-7129] Port DOUTA_I[212] in module blk_mem_gen_v8_4_12_blk_mem_output_block is either unconnected or has no load
INFO: [Synth 8-7129] Port DOUTA_I[211] in module blk_mem_gen_v8_4_12_blk_mem_output_block is either unconnected or has no load
INFO: [Synth 8-7129] Port DOUTA_I[210] in module blk_mem_gen_v8_4_12_blk_mem_output_block is either unconnected or has no load
INFO: [Synth 8-7129] Port DOUTA_I[209] in module blk_mem_gen_v8_4_12_blk_mem_output_block is either unconnected or has no load
INFO: [Synth 8-7129] Port DOUTA_I[208] in module blk_mem_gen_v8_4_12_blk_mem_output_block is either unconnected or has no load
INFO: [Synth 8-7129] Port DOUTA_I[207] in module blk_mem_gen_v8_4_12_blk_mem_output_block is either unconnected or has no load
INFO: [Synth 8-7129] Port DOUTA_I[206] in module blk_mem_gen_v8_4_12_blk_mem_output_block is either unconnected or has no load
INFO: [Synth 8-7129] Port DOUTA_I[205] in module blk_mem_gen_v8_4_12_blk_mem_output_block is either unconnected or has no load
INFO: [Synth 8-7129] Port DOUTA_I[204] in module blk_mem_gen_v8_4_12_blk_mem_output_block is either unconnected or has no load
INFO: [Synth 8-7129] Port DOUTA_I[203] in module blk_mem_gen_v8_4_12_blk_mem_output_block is either unconnected or has no load
INFO: [Synth 8-7129] Port DOUTA_I[202] in module blk_mem_gen_v8_4_12_blk_mem_output_block is either unconnected or has no load
INFO: [Synth 8-7129] Port DOUTA_I[201] in module blk_mem_gen_v8_4_12_blk_mem_output_block is either unconnected or has no load
INFO: [Synth 8-7129] Port DOUTA_I[200] in module blk_mem_gen_v8_4_12_blk_mem_output_block is either unconnected or has no load
INFO: [Synth 8-7129] Port DOUTA_I[199] in module blk_mem_gen_v8_4_12_blk_mem_output_block is either unconnected or has no load
INFO: [Synth 8-7129] Port DOUTA_I[198] in module blk_mem_gen_v8_4_12_blk_mem_output_block is either unconnected or has no load
INFO: [Synth 8-7129] Port DOUTA_I[197] in module blk_mem_gen_v8_4_12_blk_mem_output_block is either unconnected or has no load
INFO: [Synth 8-7129] Port DOUTA_I[196] in module blk_mem_gen_v8_4_12_blk_mem_output_block is either unconnected or has no load
INFO: [Synth 8-7129] Port DOUTA_I[195] in module blk_mem_gen_v8_4_12_blk_mem_output_block is either unconnected or has no load
INFO: [Synth 8-7129] Port DOUTA_I[194] in module blk_mem_gen_v8_4_12_blk_mem_output_block is either unconnected or has no load
INFO: [Synth 8-7129] Port DOUTA_I[193] in module blk_mem_gen_v8_4_12_blk_mem_output_block is either unconnected or has no load
INFO: [Synth 8-7129] Port DOUTA_I[192] in module blk_mem_gen_v8_4_12_blk_mem_output_block is either unconnected or has no load
INFO: [Synth 8-7129] Port DOUTA_I[191] in module blk_mem_gen_v8_4_12_blk_mem_output_block is either unconnected or has no load
INFO: [Synth 8-7129] Port DOUTA_I[190] in module blk_mem_gen_v8_4_12_blk_mem_output_block is either unconnected or has no load
INFO: [Synth 8-7129] Port DOUTA_I[189] in module blk_mem_gen_v8_4_12_blk_mem_output_block is either unconnected or has no load
INFO: [Synth 8-7129] Port DOUTA_I[188] in module blk_mem_gen_v8_4_12_blk_mem_output_block is either unconnected or has no load
INFO: [Synth 8-7129] Port DOUTA_I[187] in module blk_mem_gen_v8_4_12_blk_mem_output_block is either unconnected or has no load
INFO: [Synth 8-7129] Port DOUTA_I[186] in module blk_mem_gen_v8_4_12_blk_mem_output_block is either unconnected or has no load
INFO: [Synth 8-7129] Port DOUTA_I[185] in module blk_mem_gen_v8_4_12_blk_mem_output_block is either unconnected or has no load
INFO: [Synth 8-7129] Port DOUTA_I[184] in module blk_mem_gen_v8_4_12_blk_mem_output_block is either unconnected or has no load
INFO: [Synth 8-7129] Port DOUTA_I[183] in module blk_mem_gen_v8_4_12_blk_mem_output_block is either unconnected or has no load
INFO: [Synth 8-7129] Port DOUTA_I[182] in module blk_mem_gen_v8_4_12_blk_mem_output_block is either unconnected or has no load
INFO: [Synth 8-7129] Port DOUTA_I[181] in module blk_mem_gen_v8_4_12_blk_mem_output_block is either unconnected or has no load
INFO: [Synth 8-7129] Port DOUTA_I[180] in module blk_mem_gen_v8_4_12_blk_mem_output_block is either unconnected or has no load
INFO: [Synth 8-7129] Port DOUTA_I[179] in module blk_mem_gen_v8_4_12_blk_mem_output_block is either unconnected or has no load
INFO: [Synth 8-7129] Port DOUTA_I[178] in module blk_mem_gen_v8_4_12_blk_mem_output_block is either unconnected or has no load
INFO: [Synth 8-7129] Port DOUTA_I[177] in module blk_mem_gen_v8_4_12_blk_mem_output_block is either unconnected or has no load
INFO: [Synth 8-7129] Port DOUTA_I[176] in module blk_mem_gen_v8_4_12_blk_mem_output_block is either unconnected or has no load
INFO: [Synth 8-7129] Port DOUTA_I[175] in module blk_mem_gen_v8_4_12_blk_mem_output_block is either unconnected or has no load
INFO: [Synth 8-7129] Port DOUTA_I[174] in module blk_mem_gen_v8_4_12_blk_mem_output_block is either unconnected or has no load
INFO: [Synth 8-7129] Port DOUTA_I[173] in module blk_mem_gen_v8_4_12_blk_mem_output_block is either unconnected or has no load
INFO: [Synth 8-7129] Port DOUTA_I[172] in module blk_mem_gen_v8_4_12_blk_mem_output_block is either unconnected or has no load
INFO: [Synth 8-7129] Port DOUTA_I[171] in module blk_mem_gen_v8_4_12_blk_mem_output_block is either unconnected or has no load
INFO: [Synth 8-7129] Port DOUTA_I[170] in module blk_mem_gen_v8_4_12_blk_mem_output_block is either unconnected or has no load
INFO: [Synth 8-7129] Port DOUTA_I[169] in module blk_mem_gen_v8_4_12_blk_mem_output_block is either unconnected or has no load
INFO: [Synth 8-7129] Port DOUTA_I[168] in module blk_mem_gen_v8_4_12_blk_mem_output_block is either unconnected or has no load
INFO: [Synth 8-7129] Port DOUTA_I[167] in module blk_mem_gen_v8_4_12_blk_mem_output_block is either unconnected or has no load
INFO: [Synth 8-7129] Port DOUTA_I[166] in module blk_mem_gen_v8_4_12_blk_mem_output_block is either unconnected or has no load
INFO: [Synth 8-7129] Port DOUTA_I[165] in module blk_mem_gen_v8_4_12_blk_mem_output_block is either unconnected or has no load
INFO: [Synth 8-7129] Port DOUTA_I[164] in module blk_mem_gen_v8_4_12_blk_mem_output_block is either unconnected or has no load
INFO: [Synth 8-7129] Port DOUTA_I[163] in module blk_mem_gen_v8_4_12_blk_mem_output_block is either unconnected or has no load
INFO: [Synth 8-7129] Port DOUTA_I[162] in module blk_mem_gen_v8_4_12_blk_mem_output_block is either unconnected or has no load
INFO: [Synth 8-7129] Port DOUTA_I[161] in module blk_mem_gen_v8_4_12_blk_mem_output_block is either unconnected or has no load
INFO: [Synth 8-7129] Port DOUTA_I[160] in module blk_mem_gen_v8_4_12_blk_mem_output_block is either unconnected or has no load
INFO: [Synth 8-7129] Port DOUTA_I[159] in module blk_mem_gen_v8_4_12_blk_mem_output_block is either unconnected or has no load
INFO: [Synth 8-7129] Port DOUTA_I[158] in module blk_mem_gen_v8_4_12_blk_mem_output_block is either unconnected or has no load
INFO: [Common 17-14] Message 'Synth 8-7129' appears 100 times and further instances of the messages will be disabled. Use the Tcl command set_msg_config to change the current settings.
---------------------------------------------------------------------------------
Finished RTL Elaboration : Time (s): cpu = 00:00:11 ; elapsed = 00:00:12 . Memory (MB): peak = 3631.277 ; gain = 600.297 ; free physical = 1960 ; free virtual = 43329
---------------------------------------------------------------------------------
---------------------------------------------------------------------------------
Start Handling Custom Attributes
---------------------------------------------------------------------------------
---------------------------------------------------------------------------------
Finished Handling Custom Attributes : Time (s): cpu = 00:00:11 ; elapsed = 00:00:12 . Memory (MB): peak = 3631.277 ; gain = 600.297 ; free physical = 1960 ; free virtual = 43329
---------------------------------------------------------------------------------
---------------------------------------------------------------------------------
Finished RTL Optimization Phase 1 : Time (s): cpu = 00:00:11 ; elapsed = 00:00:12 . Memory (MB): peak = 3631.277 ; gain = 600.297 ; free physical = 1960 ; free virtual = 43329
---------------------------------------------------------------------------------
Netlist sorting complete. Time (s): cpu = 00:00:00.07 ; elapsed = 00:00:00.07 . Memory (MB): peak = 3631.277 ; gain = 0.000 ; free physical = 1960 ; free virtual = 43329
INFO: [Netlist 29-17] Analyzing 282 Unisim elements for replacement
INFO: [Netlist 29-28] Unisim Transformation completed in 0 CPU seconds
INFO: [Project 1-570] Preparing netlist for logic optimization

Processing XDC Constraints
Initializing timing engine
Parsing XDC File [/home/xmen/Videos/RustDesk/SystolicCore/SystolicCore/SystolicCore/SystolicCore.gen/sources_1/ip/ila_4/ila_4_ooc.xdc] for cell 'inst'
Finished Parsing XDC File [/home/xmen/Videos/RustDesk/SystolicCore/SystolicCore/SystolicCore/SystolicCore.gen/sources_1/ip/ila_4/ila_4_ooc.xdc] for cell 'inst'
Parsing XDC File [/home/xmen/Videos/RustDesk/SystolicCore/SystolicCore/SystolicCore/SystolicCore.gen/sources_1/ip/ila_4/ila_v6_2/constraints/ila.xdc] for cell 'inst'
Finished Parsing XDC File [/home/xmen/Videos/RustDesk/SystolicCore/SystolicCore/SystolicCore/SystolicCore.gen/sources_1/ip/ila_4/ila_v6_2/constraints/ila.xdc] for cell 'inst'
INFO: [Project 1-236] Implementation specific constraints were found while reading constraint file [/home/xmen/Videos/RustDesk/SystolicCore/SystolicCore/SystolicCore/SystolicCore.gen/sources_1/ip/ila_4/ila_v6_2/constraints/ila.xdc]. These constraints will be ignored for synthesis but will be used in implementation. Impacted constraints are listed in the file [.Xil/ila_4_propImpl.xdc].
Resolution: To avoid this warning, move constraints listed in [.Xil/ila_4_propImpl.xdc] to another XDC file and exclude this new file from synthesis with the used_in_synthesis property (File Properties dialog in GUI) and re-run elaboration/synthesis.
Parsing XDC File [/home/xmen/Videos/RustDesk/SystolicCore/SystolicCore/SystolicCore/SystolicCore.runs/ila_4_synth_1/dont_touch.xdc]
Finished Parsing XDC File [/home/xmen/Videos/RustDesk/SystolicCore/SystolicCore/SystolicCore/SystolicCore.runs/ila_4_synth_1/dont_touch.xdc]
Completed Processing XDC Constraints

Netlist sorting complete. Time (s): cpu = 00:00:00.01 ; elapsed = 00:00:00.01 . Memory (MB): peak = 3671.297 ; gain = 0.000 ; free physical = 2579 ; free virtual = 43947
INFO: [Project 1-111] Unisim Transformation Summary:
  A total of 204 instances were transformed.
  CFGLUT5 => CFGLUT5 (SRL16E, SRLC32E): 168 instances
  CFGLUT5 => SRLC32E: 36 instances

Constraint Validation Runtime : Time (s): cpu = 00:00:00.05 ; elapsed = 00:00:00.04 . Memory (MB): peak = 3671.332 ; gain = 0.000 ; free physical = 2579 ; free virtual = 43947
INFO: [Designutils 20-5008] Incremental synthesis strategy off
---------------------------------------------------------------------------------
Finished Constraint Validation : Time (s): cpu = 00:00:19 ; elapsed = 00:00:20 . Memory (MB): peak = 3671.332 ; gain = 640.352 ; free physical = 2575 ; free virtual = 43944
---------------------------------------------------------------------------------
---------------------------------------------------------------------------------
Start Loading Part and Timing Information
---------------------------------------------------------------------------------
Loading part: xczu7ev-ffvc1156-2-e
INFO: [Synth 8-6742] Reading net delay rules and data
---------------------------------------------------------------------------------
Finished Loading Part and Timing Information : Time (s): cpu = 00:00:19 ; elapsed = 00:00:20 . Memory (MB): peak = 3679.301 ; gain = 648.320 ; free physical = 2575 ; free virtual = 43944
---------------------------------------------------------------------------------
---------------------------------------------------------------------------------
Start Applying 'set_property' XDC Constraints
---------------------------------------------------------------------------------
---------------------------------------------------------------------------------
Finished applying 'set_property' XDC Constraints : Time (s): cpu = 00:00:19 ; elapsed = 00:00:20 . Memory (MB): peak = 3679.301 ; gain = 648.320 ; free physical = 2575 ; free virtual = 43944
---------------------------------------------------------------------------------
INFO: [Synth 8-802] inferred FSM for state register 'current_state_reg' in module 'xsdbs_v1_0_5_reg_p2s'
INFO: [Synth 8-802] inferred FSM for state register 'current_state_reg' in module 'xsdbs_v1_0_5_reg_p2s__parameterized0'
INFO: [Synth 8-802] inferred FSM for state register 'current_state_reg' in module 'xsdbs_v1_0_5_reg_p2s__parameterized1'
INFO: [Synth 8-802] inferred FSM for state register 'current_state_reg' in module 'xsdbs_v1_0_5_reg_p2s__parameterized2'
INFO: [Synth 8-802] inferred FSM for state register 'current_state_reg' in module 'xsdbs_v1_0_5_reg_p2s__parameterized3'
INFO: [Synth 8-802] inferred FSM for state register 'current_state_reg' in module 'xsdbs_v1_0_5_reg_p2s__parameterized4'
INFO: [Synth 8-802] inferred FSM for state register 'current_state_reg' in module 'xsdbs_v1_0_5_reg_p2s__parameterized5'
INFO: [Synth 8-802] inferred FSM for state register 'current_state_reg' in module 'xsdbs_v1_0_5_reg_p2s__parameterized6'
INFO: [Synth 8-802] inferred FSM for state register 'current_state_reg' in module 'xsdbs_v1_0_5_reg_p2s__parameterized7'
INFO: [Synth 8-802] inferred FSM for state register 'current_state_reg' in module 'xsdbs_v1_0_5_reg_p2s__parameterized8'
INFO: [Synth 8-802] inferred FSM for state register 'current_state_reg' in module 'xsdbs_v1_0_5_reg_p2s__parameterized9'
INFO: [Synth 8-802] inferred FSM for state register 'current_state_reg' in module 'xsdbs_v1_0_5_reg_p2s__parameterized10'
INFO: [Synth 8-802] inferred FSM for state register 'current_state_reg' in module 'xsdbs_v1_0_5_reg_p2s__parameterized11'
INFO: [Synth 8-802] inferred FSM for state register 'current_state_reg' in module 'xsdbs_v1_0_5_reg_p2s__parameterized12'
INFO: [Synth 8-802] inferred FSM for state register 'current_state_reg' in module 'xsdbs_v1_0_5_reg_p2s__parameterized13'
INFO: [Synth 8-802] inferred FSM for state register 'current_state_reg' in module 'xsdbs_v1_0_5_reg_p2s__parameterized14'
INFO: [Synth 8-802] inferred FSM for state register 'current_state_reg' in module 'xsdbs_v1_0_5_reg_p2s__parameterized15'
INFO: [Synth 8-802] inferred FSM for state register 'current_state_reg' in module 'xsdbs_v1_0_5_reg_p2s__parameterized16'
INFO: [Synth 8-802] inferred FSM for state register 'current_state_reg' in module 'xsdbs_v1_0_5_reg_p2s__parameterized17'
INFO: [Synth 8-802] inferred FSM for state register 'current_state_reg' in module 'xsdbs_v1_0_5_reg_p2s__parameterized18'
INFO: [Synth 8-802] inferred FSM for state register 'current_state_reg' in module 'xsdbs_v1_0_5_reg_p2s__parameterized19'
INFO: [Synth 8-802] inferred FSM for state register 'current_state_reg' in module 'xsdbs_v1_0_5_reg_p2s__parameterized20'
INFO: [Synth 8-802] inferred FSM for state register 'current_state_reg' in module 'xsdbs_v1_0_5_reg_p2s__parameterized21'
INFO: [Synth 8-802] inferred FSM for state register 'current_state_reg' in module 'xsdbs_v1_0_5_reg_p2s__parameterized22'
INFO: [Synth 8-802] inferred FSM for state register 'current_state_reg' in module 'xsdbs_v1_0_5_reg_p2s__parameterized23'
INFO: [Synth 8-802] inferred FSM for state register 'current_state_reg' in module 'xsdbs_v1_0_5_reg_p2s__parameterized24'
INFO: [Synth 8-802] inferred FSM for state register 'current_state_reg' in module 'xsdbs_v1_0_5_reg_p2s__parameterized25'
INFO: [Synth 8-802] inferred FSM for state register 'current_state_reg' in module 'xsdbs_v1_0_5_reg_p2s__parameterized26'
INFO: [Synth 8-802] inferred FSM for state register 'current_state_reg' in module 'xsdbs_v1_0_5_reg_p2s__parameterized27'
INFO: [Synth 8-802] inferred FSM for state register 'current_state_reg' in module 'xsdbs_v1_0_5_reg_p2s__parameterized28'
INFO: [Synth 8-802] inferred FSM for state register 'current_state_reg' in module 'xsdbs_v1_0_5_reg_p2s__parameterized29'
INFO: [Synth 8-802] inferred FSM for state register 'current_state_reg' in module 'xsdbs_v1_0_5_reg_p2s__parameterized30'
INFO: [Synth 8-802] inferred FSM for state register 'current_state_reg' in module 'xsdbs_v1_0_5_reg_p2s__parameterized31'
INFO: [Synth 8-802] inferred FSM for state register 'current_state_reg' in module 'xsdbs_v1_0_5_reg_p2s__parameterized32'
INFO: [Synth 8-802] inferred FSM for state register 'current_state_reg' in module 'ltlib_v1_0_3_generic_memrd'
---------------------------------------------------------------------------------------------------
                   State |                     New Encoding |                Previous Encoding 
---------------------------------------------------------------------------------------------------
                    IDLE |                             0001 |                             0001
                     REG |                             0010 |                             0010
                     P2S |                             0100 |                             0100
                     S2P |                             1000 |                             1000
---------------------------------------------------------------------------------------------------
INFO: [Synth 8-3354] encoded FSM with state register 'current_state_reg' using encoding 'one-hot' in module 'xsdbs_v1_0_5_reg_p2s'
---------------------------------------------------------------------------------------------------
                   State |                     New Encoding |                Previous Encoding 
---------------------------------------------------------------------------------------------------
                    IDLE |                             0001 |                             0001
                     REG |                             0010 |                             0010
                     P2S |                             0100 |                             0100
                     S2P |                             1000 |                             1000
---------------------------------------------------------------------------------------------------
INFO: [Synth 8-3354] encoded FSM with state register 'current_state_reg' using encoding 'one-hot' in module 'xsdbs_v1_0_5_reg_p2s__parameterized0'
---------------------------------------------------------------------------------------------------
                   State |                     New Encoding |                Previous Encoding 
---------------------------------------------------------------------------------------------------
                    IDLE |                             0001 |                             0001
                     REG |                             0010 |                             0010
                     P2S |                             0100 |                             0100
                     S2P |                             1000 |                             1000
---------------------------------------------------------------------------------------------------
INFO: [Synth 8-3354] encoded FSM with state register 'current_state_reg' using encoding 'one-hot' in module 'xsdbs_v1_0_5_reg_p2s__parameterized1'
---------------------------------------------------------------------------------------------------
                   State |                     New Encoding |                Previous Encoding 
---------------------------------------------------------------------------------------------------
                    IDLE |                             0001 |                             0001
                     REG |                             0010 |                             0010
                     P2S |                             0100 |                             0100
                     S2P |                             1000 |                             1000
---------------------------------------------------------------------------------------------------
INFO: [Synth 8-3354] encoded FSM with state register 'current_state_reg' using encoding 'one-hot' in module 'xsdbs_v1_0_5_reg_p2s__parameterized2'
---------------------------------------------------------------------------------------------------
                   State |                     New Encoding |                Previous Encoding 
---------------------------------------------------------------------------------------------------
                    IDLE |                             0001 |                             0001
                     REG |                             0010 |                             0010
                     P2S |                             0100 |                             0100
                     S2P |                             1000 |                             1000
---------------------------------------------------------------------------------------------------
INFO: [Synth 8-3354] encoded FSM with state register 'current_state_reg' using encoding 'one-hot' in module 'xsdbs_v1_0_5_reg_p2s__parameterized3'
---------------------------------------------------------------------------------------------------
                   State |                     New Encoding |                Previous Encoding 
---------------------------------------------------------------------------------------------------
                    IDLE |                             0001 |                             0001
                     REG |                             0010 |                             0010
                     P2S |                             0100 |                             0100
                     S2P |                             1000 |                             1000
---------------------------------------------------------------------------------------------------
INFO: [Synth 8-3354] encoded FSM with state register 'current_state_reg' using encoding 'one-hot' in module 'xsdbs_v1_0_5_reg_p2s__parameterized4'
---------------------------------------------------------------------------------------------------
                   State |                     New Encoding |                Previous Encoding 
---------------------------------------------------------------------------------------------------
                    IDLE |                             0001 |                             0001
                     REG |                             0010 |                             0010
                     P2S |                             0100 |                             0100
                     S2P |                             1000 |                             1000
---------------------------------------------------------------------------------------------------
INFO: [Synth 8-3354] encoded FSM with state register 'current_state_reg' using encoding 'one-hot' in module 'xsdbs_v1_0_5_reg_p2s__parameterized5'
---------------------------------------------------------------------------------------------------
                   State |                     New Encoding |                Previous Encoding 
---------------------------------------------------------------------------------------------------
                    IDLE |                             0001 |                             0001
                     REG |                             0010 |                             0010
                     P2S |                             0100 |                             0100
                     S2P |                             1000 |                             1000
---------------------------------------------------------------------------------------------------
INFO: [Synth 8-3354] encoded FSM with state register 'current_state_reg' using encoding 'one-hot' in module 'xsdbs_v1_0_5_reg_p2s__parameterized6'
---------------------------------------------------------------------------------------------------
                   State |                     New Encoding |                Previous Encoding 
---------------------------------------------------------------------------------------------------
                    IDLE |                             0001 |                             0001
                     REG |                             0010 |                             0010
                     P2S |                             0100 |                             0100
                     S2P |                             1000 |                             1000
---------------------------------------------------------------------------------------------------
INFO: [Synth 8-3354] encoded FSM with state register 'current_state_reg' using encoding 'one-hot' in module 'xsdbs_v1_0_5_reg_p2s__parameterized7'
---------------------------------------------------------------------------------------------------
                   State |                     New Encoding |                Previous Encoding 
---------------------------------------------------------------------------------------------------
                    IDLE |                             0001 |                             0001
                     REG |                             0010 |                             0010
                     P2S |                             0100 |                             0100
                     S2P |                             1000 |                             1000
---------------------------------------------------------------------------------------------------
INFO: [Synth 8-3354] encoded FSM with state register 'current_state_reg' using encoding 'one-hot' in module 'xsdbs_v1_0_5_reg_p2s__parameterized8'
---------------------------------------------------------------------------------------------------
                   State |                     New Encoding |                Previous Encoding 
---------------------------------------------------------------------------------------------------
                    IDLE |                             0001 |                             0001
                     REG |                             0010 |                             0010
                     P2S |                             0100 |                             0100
                     S2P |                             1000 |                             1000
---------------------------------------------------------------------------------------------------
INFO: [Synth 8-3354] encoded FSM with state register 'current_state_reg' using encoding 'one-hot' in module 'xsdbs_v1_0_5_reg_p2s__parameterized9'
---------------------------------------------------------------------------------------------------
                   State |                     New Encoding |                Previous Encoding 
---------------------------------------------------------------------------------------------------
                    IDLE |                             0001 |                             0001
                     REG |                             0010 |                             0010
                     P2S |                             0100 |                             0100
                     S2P |                             1000 |                             1000
---------------------------------------------------------------------------------------------------
INFO: [Synth 8-3354] encoded FSM with state register 'current_state_reg' using encoding 'one-hot' in module 'xsdbs_v1_0_5_reg_p2s__parameterized10'
---------------------------------------------------------------------------------------------------
                   State |                     New Encoding |                Previous Encoding 
---------------------------------------------------------------------------------------------------
                    IDLE |                             0001 |                             0001
                     REG |                             0010 |                             0010
                     P2S |                             0100 |                             0100
                     S2P |                             1000 |                             1000
---------------------------------------------------------------------------------------------------
INFO: [Synth 8-3354] encoded FSM with state register 'current_state_reg' using encoding 'one-hot' in module 'xsdbs_v1_0_5_reg_p2s__parameterized11'
---------------------------------------------------------------------------------------------------
                   State |                     New Encoding |                Previous Encoding 
---------------------------------------------------------------------------------------------------
                    IDLE |                             0001 |                             0001
                     REG |                             0010 |                             0010
                     P2S |                             0100 |                             0100
                     S2P |                             1000 |                             1000
---------------------------------------------------------------------------------------------------
INFO: [Synth 8-3354] encoded FSM with state register 'current_state_reg' using encoding 'one-hot' in module 'xsdbs_v1_0_5_reg_p2s__parameterized12'
---------------------------------------------------------------------------------------------------
                   State |                     New Encoding |                Previous Encoding 
---------------------------------------------------------------------------------------------------
                    IDLE |                             0001 |                             0001
                     REG |                             0010 |                             0010
                     P2S |                             0100 |                             0100
                     S2P |                             1000 |                             1000
---------------------------------------------------------------------------------------------------
INFO: [Synth 8-3354] encoded FSM with state register 'current_state_reg' using encoding 'one-hot' in module 'xsdbs_v1_0_5_reg_p2s__parameterized13'
---------------------------------------------------------------------------------------------------
                   State |                     New Encoding |                Previous Encoding 
---------------------------------------------------------------------------------------------------
                    IDLE |                             0001 |                             0001
                     REG |                             0010 |                             0010
                     P2S |                             0100 |                             0100
                     S2P |                             1000 |                             1000
---------------------------------------------------------------------------------------------------
INFO: [Synth 8-3354] encoded FSM with state register 'current_state_reg' using encoding 'one-hot' in module 'xsdbs_v1_0_5_reg_p2s__parameterized14'
---------------------------------------------------------------------------------------------------
                   State |                     New Encoding |                Previous Encoding 
---------------------------------------------------------------------------------------------------
                    IDLE |                             0001 |                             0001
                     REG |                             0010 |                             0010
                     P2S |                             0100 |                             0100
                     S2P |                             1000 |                             1000
---------------------------------------------------------------------------------------------------
INFO: [Synth 8-3354] encoded FSM with state register 'current_state_reg' using encoding 'one-hot' in module 'xsdbs_v1_0_5_reg_p2s__parameterized15'
---------------------------------------------------------------------------------------------------
                   State |                     New Encoding |                Previous Encoding 
---------------------------------------------------------------------------------------------------
                    IDLE |                             0001 |                             0001
                     REG |                             0010 |                             0010
                     P2S |                             0100 |                             0100
                     S2P |                             1000 |                             1000
---------------------------------------------------------------------------------------------------
INFO: [Synth 8-3354] encoded FSM with state register 'current_state_reg' using encoding 'one-hot' in module 'xsdbs_v1_0_5_reg_p2s__parameterized16'
---------------------------------------------------------------------------------------------------
                   State |                     New Encoding |                Previous Encoding 
---------------------------------------------------------------------------------------------------
                    IDLE |                             0001 |                             0001
                     REG |                             0010 |                             0010
                     P2S |                             0100 |                             0100
                     S2P |                             1000 |                             1000
---------------------------------------------------------------------------------------------------
INFO: [Synth 8-3354] encoded FSM with state register 'current_state_reg' using encoding 'one-hot' in module 'xsdbs_v1_0_5_reg_p2s__parameterized17'
---------------------------------------------------------------------------------------------------
                   State |                     New Encoding |                Previous Encoding 
---------------------------------------------------------------------------------------------------
                    IDLE |                             0001 |                             0001
                     REG |                             0010 |                             0010
                     P2S |                             0100 |                             0100
                     S2P |                             1000 |                             1000
---------------------------------------------------------------------------------------------------
INFO: [Synth 8-3354] encoded FSM with state register 'current_state_reg' using encoding 'one-hot' in module 'xsdbs_v1_0_5_reg_p2s__parameterized18'
---------------------------------------------------------------------------------------------------
                   State |                     New Encoding |                Previous Encoding 
---------------------------------------------------------------------------------------------------
                    IDLE |                             0001 |                             0001
                     REG |                             0010 |                             0010
                     P2S |                             0100 |                             0100
                     S2P |                             1000 |                             1000
---------------------------------------------------------------------------------------------------
INFO: [Synth 8-3354] encoded FSM with state register 'current_state_reg' using encoding 'one-hot' in module 'xsdbs_v1_0_5_reg_p2s__parameterized19'
---------------------------------------------------------------------------------------------------
                   State |                     New Encoding |                Previous Encoding 
---------------------------------------------------------------------------------------------------
                    IDLE |                             0001 |                             0001
                     REG |                             0010 |                             0010
                     P2S |                             0100 |                             0100
                     S2P |                             1000 |                             1000
---------------------------------------------------------------------------------------------------
INFO: [Synth 8-3354] encoded FSM with state register 'current_state_reg' using encoding 'one-hot' in module 'xsdbs_v1_0_5_reg_p2s__parameterized20'
---------------------------------------------------------------------------------------------------
                   State |                     New Encoding |                Previous Encoding 
---------------------------------------------------------------------------------------------------
                    IDLE |                             0001 |                             0001
                     REG |                             0010 |                             0010
                     P2S |                             0100 |                             0100
                     S2P |                             1000 |                             1000
---------------------------------------------------------------------------------------------------
INFO: [Synth 8-3354] encoded FSM with state register 'current_state_reg' using encoding 'one-hot' in module 'xsdbs_v1_0_5_reg_p2s__parameterized21'
---------------------------------------------------------------------------------------------------
                   State |                     New Encoding |                Previous Encoding 
---------------------------------------------------------------------------------------------------
                    IDLE |                             0001 |                             0001
                     REG |                             0010 |                             0010
                     P2S |                             0100 |                             0100
                     S2P |                             1000 |                             1000
---------------------------------------------------------------------------------------------------
INFO: [Synth 8-3354] encoded FSM with state register 'current_state_reg' using encoding 'one-hot' in module 'xsdbs_v1_0_5_reg_p2s__parameterized22'
---------------------------------------------------------------------------------------------------
                   State |                     New Encoding |                Previous Encoding 
---------------------------------------------------------------------------------------------------
                    IDLE |                             0001 |                             0001
                     REG |                             0010 |                             0010
                     P2S |                             0100 |                             0100
                     S2P |                             1000 |                             1000
---------------------------------------------------------------------------------------------------
INFO: [Synth 8-3354] encoded FSM with state register 'current_state_reg' using encoding 'one-hot' in module 'xsdbs_v1_0_5_reg_p2s__parameterized23'
---------------------------------------------------------------------------------------------------
                   State |                     New Encoding |                Previous Encoding 
---------------------------------------------------------------------------------------------------
                    IDLE |                             0001 |                             0001
                     REG |                             0010 |                             0010
                     P2S |                             0100 |                             0100
                     S2P |                             1000 |                             1000
---------------------------------------------------------------------------------------------------
INFO: [Synth 8-3354] encoded FSM with state register 'current_state_reg' using encoding 'one-hot' in module 'xsdbs_v1_0_5_reg_p2s__parameterized24'
---------------------------------------------------------------------------------------------------
                   State |                     New Encoding |                Previous Encoding 
---------------------------------------------------------------------------------------------------
                    IDLE |                             0001 |                             0001
                     REG |                             0010 |                             0010
                     P2S |                             0100 |                             0100
                     S2P |                             1000 |                             1000
---------------------------------------------------------------------------------------------------
INFO: [Synth 8-3354] encoded FSM with state register 'current_state_reg' using encoding 'one-hot' in module 'xsdbs_v1_0_5_reg_p2s__parameterized25'
---------------------------------------------------------------------------------------------------
                   State |                     New Encoding |                Previous Encoding 
---------------------------------------------------------------------------------------------------
                    IDLE |                             0001 |                             0001
                     REG |                             0010 |                             0010
                     P2S |                             0100 |                             0100
                     S2P |                             1000 |                             1000
---------------------------------------------------------------------------------------------------
INFO: [Synth 8-3354] encoded FSM with state register 'current_state_reg' using encoding 'one-hot' in module 'xsdbs_v1_0_5_reg_p2s__parameterized26'
---------------------------------------------------------------------------------------------------
                   State |                     New Encoding |                Previous Encoding 
---------------------------------------------------------------------------------------------------
                    IDLE |                             0001 |                             0001
                     REG |                             0010 |                             0010
                     P2S |                             0100 |                             0100
                     S2P |                             1000 |                             1000
---------------------------------------------------------------------------------------------------
INFO: [Synth 8-3354] encoded FSM with state register 'current_state_reg' using encoding 'one-hot' in module 'xsdbs_v1_0_5_reg_p2s__parameterized27'
---------------------------------------------------------------------------------------------------
                   State |                     New Encoding |                Previous Encoding 
---------------------------------------------------------------------------------------------------
                    IDLE |                             0001 |                             0001
                     REG |                             0010 |                             0010
                     P2S |                             0100 |                             0100
                     S2P |                             1000 |                             1000
---------------------------------------------------------------------------------------------------
INFO: [Synth 8-3354] encoded FSM with state register 'current_state_reg' using encoding 'one-hot' in module 'xsdbs_v1_0_5_reg_p2s__parameterized28'
---------------------------------------------------------------------------------------------------
                   State |                     New Encoding |                Previous Encoding 
---------------------------------------------------------------------------------------------------
                    IDLE |                             0001 |                             0001
                     REG |                             0010 |                             0010
                     P2S |                             0100 |                             0100
                     S2P |                             1000 |                             1000
---------------------------------------------------------------------------------------------------
INFO: [Synth 8-3354] encoded FSM with state register 'current_state_reg' using encoding 'one-hot' in module 'xsdbs_v1_0_5_reg_p2s__parameterized29'
---------------------------------------------------------------------------------------------------
                   State |                     New Encoding |                Previous Encoding 
---------------------------------------------------------------------------------------------------
                    IDLE |                             0001 |                             0001
                     REG |                             0010 |                             0010
                     P2S |                             0100 |                             0100
                     S2P |                             1000 |                             1000
---------------------------------------------------------------------------------------------------
INFO: [Synth 8-3354] encoded FSM with state register 'current_state_reg' using encoding 'one-hot' in module 'xsdbs_v1_0_5_reg_p2s__parameterized30'
---------------------------------------------------------------------------------------------------
                   State |                     New Encoding |                Previous Encoding 
---------------------------------------------------------------------------------------------------
                    IDLE |                             0001 |                             0001
                     REG |                             0010 |                             0010
                     P2S |                             0100 |                             0100
                     S2P |                             1000 |                             1000
---------------------------------------------------------------------------------------------------
INFO: [Synth 8-3354] encoded FSM with state register 'current_state_reg' using encoding 'one-hot' in module 'xsdbs_v1_0_5_reg_p2s__parameterized31'
---------------------------------------------------------------------------------------------------
                   State |                     New Encoding |                Previous Encoding 
---------------------------------------------------------------------------------------------------
                    IDLE |                             0001 |                             0001
                     REG |                             0010 |                             0010
                     P2S |                             0100 |                             0100
                     S2P |                             1000 |                             1000
---------------------------------------------------------------------------------------------------
INFO: [Synth 8-3354] encoded FSM with state register 'current_state_reg' using encoding 'one-hot' in module 'xsdbs_v1_0_5_reg_p2s__parameterized32'
---------------------------------------------------------------------------------------------------
                   State |                     New Encoding |                Previous Encoding 
---------------------------------------------------------------------------------------------------
              RESET_ADDR |                          0000001 |                          0000001
            REQUEST_READ |                          0000010 |                          0000010
           WAIT_READ_ACK |                          0000100 |                          0000100
             OUTPUT_DATA |                          0001000 |                          0001000
                    IDLE |                          0010000 |                          0010000
         INCREMENT_BLOCK |                          0100000 |                          0100000
       INCREMENT_ADDRESS |                          1000000 |                          1000000
---------------------------------------------------------------------------------------------------
INFO: [Synth 8-3354] encoded FSM with state register 'current_state_reg' using encoding 'one-hot' in module 'ltlib_v1_0_3_generic_memrd'
---------------------------------------------------------------------------------
Finished RTL Optimization Phase 2 : Time (s): cpu = 00:00:20 ; elapsed = 00:00:21 . Memory (MB): peak = 3679.301 ; gain = 648.320 ; free physical = 2586 ; free virtual = 43957
---------------------------------------------------------------------------------
---------------------------------------------------------------------------------
Start RTL Component Statistics 
---------------------------------------------------------------------------------
---------------------------------------------------------------------------------
Finished RTL Component Statistics 
---------------------------------------------------------------------------------
---------------------------------------------------------------------------------
Start Part Resource Summary
---------------------------------------------------------------------------------
Part Resources:
DSPs: 1728 (col length:144)
BRAMs: 624 (col length: RAMB18 144 RAMB36 72)
---------------------------------------------------------------------------------
Finished Part Resource Summary
---------------------------------------------------------------------------------
---------------------------------------------------------------------------------
Start Cross Boundary and Area Optimization
---------------------------------------------------------------------------------
---------------------------------------------------------------------------------
Finished Cross Boundary and Area Optimization : Time (s): cpu = 00:00:28 ; elapsed = 00:00:29 . Memory (MB): peak = 3679.301 ; gain = 648.320 ; free physical = 2575 ; free virtual = 43946
---------------------------------------------------------------------------------
---------------------------------------------------------------------------------
Start Applying XDC Timing Constraints
---------------------------------------------------------------------------------
---------------------------------------------------------------------------------
Finished Applying XDC Timing Constraints : Time (s): cpu = 00:00:33 ; elapsed = 00:00:34 . Memory (MB): peak = 4065.191 ; gain = 1034.211 ; free physical = 2286 ; free virtual = 43657
---------------------------------------------------------------------------------
---------------------------------------------------------------------------------
Start Timing Optimization
---------------------------------------------------------------------------------
---------------------------------------------------------------------------------
Finished Timing Optimization : Time (s): cpu = 00:00:33 ; elapsed = 00:00:35 . Memory (MB): peak = 4101.238 ; gain = 1070.258 ; free physical = 2243 ; free virtual = 43614
---------------------------------------------------------------------------------
---------------------------------------------------------------------------------
Start Technology Mapping
---------------------------------------------------------------------------------
---------------------------------------------------------------------------------
Finished Technology Mapping : Time (s): cpu = 00:00:34 ; elapsed = 00:00:35 . Memory (MB): peak = 4109.246 ; gain = 1078.266 ; free physical = 2231 ; free virtual = 43603
---------------------------------------------------------------------------------
---------------------------------------------------------------------------------
Start IO Insertion
---------------------------------------------------------------------------------
---------------------------------------------------------------------------------
Start Flattening Before IO Insertion
---------------------------------------------------------------------------------
---------------------------------------------------------------------------------
Finished Flattening Before IO Insertion
---------------------------------------------------------------------------------
---------------------------------------------------------------------------------
Start Final Netlist Cleanup
---------------------------------------------------------------------------------
---------------------------------------------------------------------------------
Finished Final Netlist Cleanup
---------------------------------------------------------------------------------
---------------------------------------------------------------------------------
Finished IO Insertion : Time (s): cpu = 00:00:36 ; elapsed = 00:00:37 . Memory (MB): peak = 4266.059 ; gain = 1235.078 ; free physical = 2118 ; free virtual = 43487
---------------------------------------------------------------------------------
---------------------------------------------------------------------------------
Start Renaming Generated Instances
---------------------------------------------------------------------------------
---------------------------------------------------------------------------------
Finished Renaming Generated Instances : Time (s): cpu = 00:00:36 ; elapsed = 00:00:37 . Memory (MB): peak = 4266.059 ; gain = 1235.078 ; free physical = 2118 ; free virtual = 43487
---------------------------------------------------------------------------------
---------------------------------------------------------------------------------
Start Rebuilding User Hierarchy
---------------------------------------------------------------------------------
---------------------------------------------------------------------------------
Finished Rebuilding User Hierarchy : Time (s): cpu = 00:00:36 ; elapsed = 00:00:37 . Memory (MB): peak = 4266.059 ; gain = 1235.078 ; free physical = 2114 ; free virtual = 43483
---------------------------------------------------------------------------------
---------------------------------------------------------------------------------
Start Renaming Generated Ports
---------------------------------------------------------------------------------
---------------------------------------------------------------------------------
Finished Renaming Generated Ports : Time (s): cpu = 00:00:36 ; elapsed = 00:00:37 . Memory (MB): peak = 4266.059 ; gain = 1235.078 ; free physical = 2114 ; free virtual = 43483
---------------------------------------------------------------------------------
---------------------------------------------------------------------------------
Start Handling Custom Attributes
---------------------------------------------------------------------------------
---------------------------------------------------------------------------------
Finished Handling Custom Attributes : Time (s): cpu = 00:00:36 ; elapsed = 00:00:37 . Memory (MB): peak = 4266.059 ; gain = 1235.078 ; free physical = 2112 ; free virtual = 43481
---------------------------------------------------------------------------------
---------------------------------------------------------------------------------
Start Renaming Generated Nets
---------------------------------------------------------------------------------
---------------------------------------------------------------------------------
Finished Renaming Generated Nets : Time (s): cpu = 00:00:36 ; elapsed = 00:00:37 . Memory (MB): peak = 4266.059 ; gain = 1235.078 ; free physical = 2112 ; free virtual = 43481
---------------------------------------------------------------------------------
---------------------------------------------------------------------------------
Start Writing Synthesis Report
---------------------------------------------------------------------------------

Report BlackBoxes: 
+-+--------------+----------+
| |BlackBox name |Instances |
+-+--------------+----------+
+-+--------------+----------+

Report Cell Usage: 
+------+---------+------+
|      |Cell     |Count |
+------+---------+------+
|1     |CARRY4   |    78|
|2     |CFGLUT5  |   204|
|3     |LUT1     |    58|
|4     |LUT2     |   416|
|5     |LUT3     |   183|
|6     |LUT4     |   696|
|7     |LUT5     |   177|
|8     |LUT6     |   617|
|9     |MUXF7    |   108|
|10    |RAMB18E2 |     1|
|11    |RAMB36E2 |     7|
|12    |SRL16E   |   260|
|13    |SRLC16E  |     2|
|14    |SRLC32E  |    17|
|15    |FDRE     |  3519|
|16    |FDSE     |    14|
+------+---------+------+
---------------------------------------------------------------------------------
Finished Writing Synthesis Report : Time (s): cpu = 00:00:36 ; elapsed = 00:00:37 . Memory (MB): peak = 4266.059 ; gain = 1235.078 ; free physical = 2112 ; free virtual = 43481
---------------------------------------------------------------------------------
Synthesis finished with 0 errors, 0 critical warnings and 0 warnings.
Synthesis Optimization Runtime : Time (s): cpu = 00:00:31 ; elapsed = 00:00:33 . Memory (MB): peak = 4266.059 ; gain = 1195.023 ; free physical = 2111 ; free virtual = 43480
Synthesis Optimization Complete : Time (s): cpu = 00:00:36 ; elapsed = 00:00:38 . Memory (MB): peak = 4266.059 ; gain = 1235.078 ; free physical = 2111 ; free virtual = 43480
INFO: [Project 1-571] Translating synthesized netlist
Netlist sorting complete. Time (s): cpu = 00:00:00.04 ; elapsed = 00:00:00.04 . Memory (MB): peak = 4266.059 ; gain = 0.000 ; free physical = 2278 ; free virtual = 43647
INFO: [Netlist 29-17] Analyzing 390 Unisim elements for replacement
INFO: [Netlist 29-28] Unisim Transformation completed in 0 CPU seconds
INFO: [Project 1-570] Preparing netlist for logic optimization
INFO: [Opt 31-138] Pushed 0 inverter(s) to 0 load pin(s).
Netlist sorting complete. Time (s): cpu = 00:00:00 ; elapsed = 00:00:00 . Memory (MB): peak = 4266.059 ; gain = 0.000 ; free physical = 2269 ; free virtual = 43638
INFO: [Project 1-111] Unisim Transformation Summary:
  A total of 245 instances were transformed.
  (CARRY4) => CARRY8: 41 instances
  CFGLUT5 => CFGLUT5 (SRL16E, SRLC32E): 168 instances
  CFGLUT5 => SRLC32E: 36 instances

Synth Design complete | Checksum: 9b993a7d
INFO: [Common 17-83] Releasing license: Synthesis
313 Infos, 0 Warnings, 0 Critical Warnings and 0 Errors encountered.
synth_design completed successfully
synth_design: Time (s): cpu = 00:00:46 ; elapsed = 00:00:46 . Memory (MB): peak = 4266.059 ; gain = 2392.695 ; free physical = 2269 ; free virtual = 43638
INFO: [Common 17-2834] synth_design peak Physical Memory [PSS] (MB): overall = 3051.762; main = 3051.762; forked = 250.185
INFO: [Common 17-2834] synth_design peak Virtual Memory [VSS] (MB): overall = 5394.016; main = 4248.402; forked = 1641.023
Write ShapeDB Complete: Time (s): cpu = 00:00:00.01 ; elapsed = 00:00:00 . Memory (MB): peak = 4272.410 ; gain = 0.000 ; free physical = 2269 ; free virtual = 43638
INFO: [Common 17-1381] The checkpoint '/home/xmen/Videos/RustDesk/SystolicCore/SystolicCore/SystolicCore/SystolicCore.runs/ila_4_synth_1/ila_4.dcp' has been generated.
INFO: [Coretcl 2-1648] Added synthesis output to IP cache for IP ila_4, cache-ID = 7f19bad2e7dbbeed
INFO: [Coretcl 2-1174] Renamed 275 cell refs.
Write ShapeDB Complete: Time (s): cpu = 00:00:00.01 ; elapsed = 00:00:00 . Memory (MB): peak = 4272.410 ; gain = 0.000 ; free physical = 2313 ; free virtual = 43697
INFO: [Common 17-1381] The checkpoint '/home/xmen/Videos/RustDesk/SystolicCore/SystolicCore/SystolicCore/SystolicCore.runs/ila_4_synth_1/ila_4.dcp' has been generated.
INFO: [Vivado 12-24828] Executing command : report_utilization -file ila_4_utilization_synth.rpt -pb ila_4_utilization_synth.pb
INFO: [Common 17-206] Exiting Vivado at Tue Dec 30 15:07:30 2025...
