INFO: [VRFC 10-2263] Analyzing Verilog file "/home/xmen/Videos/RustDesk/SystolicCore/SystolicCore/Zynq_Systolic_Core_AXI_FIFO_Stream_Reboot/Zynq_Systolic_Core_AXI_FIFO_Stream_Reboot.sim/sim_1/impl/func/xsim/tb_func_impl.v" into library xil_defaultlib
INFO: [VRFC 10-311] analyzing module SystolicCore_wrapper
INFO: [VRFC 10-311] analyzing module SystolicCore_wrapper_AXI_Stream_Systolic_0_0
INFO: [VRFC 10-311] analyzing module SystolicCore_wrapper_AXI_Stream_Systolic_0_0_AXI_Stream_Systolic_Core
INFO: [VRFC 10-311] analyzing module SystolicCore_wrapper_AXI_Stream_Systolic_0_0_SystolicCoreTop
INFO: [VRFC 10-311] analyzing module SystolicCore_wrapper_AXI_Stream_Systolic_0_0_accumulator_cells
INFO: [VRFC 10-311] analyzing module SystolicCore_wrapper_AXI_Stream_Systolic_0_0_accumulator_cells_0
INFO: [VRFC 10-311] analyzing module SystolicCore_wrapper_AXI_Stream_Systolic_0_0_accumulator_cells_1
INFO: [VRFC 10-311] analyzing module SystolicCore_wrapper_AXI_Stream_Systolic_0_0_accumulator_cells_10
INFO: [VRFC 10-311] analyzing module SystolicCore_wrapper_AXI_Stream_Systolic_0_0_accumulator_cells_100
INFO: [VRFC 10-311] analyzing module SystolicCore_wrapper_AXI_Stream_Systolic_0_0_accumulator_cells_101
INFO: [VRFC 10-311] analyzing module SystolicCore_wrapper_AXI_Stream_Systolic_0_0_accumulator_cells_102
INFO: [VRFC 10-311] analyzing module SystolicCore_wrapper_AXI_Stream_Systolic_0_0_accumulator_cells_103
INFO: [VRFC 10-311] analyzing module SystolicCore_wrapper_AXI_Stream_Systolic_0_0_accumulator_cells_104
INFO: [VRFC 10-311] analyzing module SystolicCore_wrapper_AXI_Stream_Systolic_0_0_accumulator_cells_105
INFO: [VRFC 10-311] analyzing module SystolicCore_wrapper_AXI_Stream_Systolic_0_0_accumulator_cells_106
INFO: [VRFC 10-311] analyzing module SystolicCore_wrapper_AXI_Stream_Systolic_0_0_accumulator_cells_107
INFO: [VRFC 10-311] analyzing module SystolicCore_wrapper_AXI_Stream_Systolic_0_0_accumulator_cells_108
INFO: [VRFC 10-311] analyzing module SystolicCore_wrapper_AXI_Stream_Systolic_0_0_accumulator_cells_109
INFO: [VRFC 10-311] analyzing module SystolicCore_wrapper_AXI_Stream_Systolic_0_0_accumulator_cells_11
INFO: [VRFC 10-311] analyzing module SystolicCore_wrapper_AXI_Stream_Systolic_0_0_accumulator_cells_110
INFO: [VRFC 10-311] analyzing module SystolicCore_wrapper_AXI_Stream_Systolic_0_0_accumulator_cells_111
INFO: [VRFC 10-311] analyzing module SystolicCore_wrapper_AXI_Stream_Systolic_0_0_accumulator_cells_112
INFO: [VRFC 10-311] analyzing module SystolicCore_wrapper_AXI_Stream_Systolic_0_0_accumulator_cells_113
INFO: [VRFC 10-311] analyzing module SystolicCore_wrapper_AXI_Stream_Systolic_0_0_accumulator_cells_114
INFO: [VRFC 10-311] analyzing module SystolicCore_wrapper_AXI_Stream_Systolic_0_0_accumulator_cells_115
INFO: [VRFC 10-311] analyzing module SystolicCore_wrapper_AXI_Stream_Systolic_0_0_accumulator_cells_116
INFO: [VRFC 10-311] analyzing module SystolicCore_wrapper_AXI_Stream_Systolic_0_0_accumulator_cells_117
INFO: [VRFC 10-311] analyzing module SystolicCore_wrapper_AXI_Stream_Systolic_0_0_accumulator_cells_118
INFO: [VRFC 10-311] analyzing module SystolicCore_wrapper_AXI_Stream_Systolic_0_0_accumulator_cells_119
INFO: [VRFC 10-311] analyzing module SystolicCore_wrapper_AXI_Stream_Systolic_0_0_accumulator_cells_12
INFO: [VRFC 10-311] analyzing module SystolicCore_wrapper_AXI_Stream_Systolic_0_0_accumulator_cells_120
INFO: [VRFC 10-311] analyzing module SystolicCore_wrapper_AXI_Stream_Systolic_0_0_accumulator_cells_121
INFO: [VRFC 10-311] analyzing module SystolicCore_wrapper_AXI_Stream_Systolic_0_0_accumulator_cells_122
INFO: [VRFC 10-311] analyzing module SystolicCore_wrapper_AXI_Stream_Systolic_0_0_accumulator_cells_123
INFO: [VRFC 10-311] analyzing module SystolicCore_wrapper_AXI_Stream_Systolic_0_0_accumulator_cells_124
INFO: [VRFC 10-311] analyzing module SystolicCore_wrapper_AXI_Stream_Systolic_0_0_accumulator_cells_125
INFO: [VRFC 10-311] analyzing module SystolicCore_wrapper_AXI_Stream_Systolic_0_0_accumulator_cells_126
INFO: [VRFC 10-311] analyzing module SystolicCore_wrapper_AXI_Stream_Systolic_0_0_accumulator_cells_127
INFO: [VRFC 10-311] analyzing module SystolicCore_wrapper_AXI_Stream_Systolic_0_0_accumulator_cells_128
INFO: [VRFC 10-311] analyzing module SystolicCore_wrapper_AXI_Stream_Systolic_0_0_accumulator_cells_129
INFO: [VRFC 10-311] analyzing module SystolicCore_wrapper_AXI_Stream_Systolic_0_0_accumulator_cells_13
INFO: [VRFC 10-311] analyzing module SystolicCore_wrapper_AXI_Stream_Systolic_0_0_accumulator_cells_130
INFO: [VRFC 10-311] analyzing module SystolicCore_wrapper_AXI_Stream_Systolic_0_0_accumulator_cells_131
INFO: [VRFC 10-311] analyzing module SystolicCore_wrapper_AXI_Stream_Systolic_0_0_accumulator_cells_132
INFO: [VRFC 10-311] analyzing module SystolicCore_wrapper_AXI_Stream_Systolic_0_0_accumulator_cells_133
INFO: [VRFC 10-311] analyzing module SystolicCore_wrapper_AXI_Stream_Systolic_0_0_accumulator_cells_134
INFO: [VRFC 10-311] analyzing module SystolicCore_wrapper_AXI_Stream_Systolic_0_0_accumulator_cells_135
INFO: [VRFC 10-311] analyzing module SystolicCore_wrapper_AXI_Stream_Systolic_0_0_accumulator_cells_136
INFO: [VRFC 10-311] analyzing module SystolicCore_wrapper_AXI_Stream_Systolic_0_0_accumulator_cells_137
INFO: [VRFC 10-311] analyzing module SystolicCore_wrapper_AXI_Stream_Systolic_0_0_accumulator_cells_138
INFO: [VRFC 10-311] analyzing module SystolicCore_wrapper_AXI_Stream_Systolic_0_0_accumulator_cells_139
INFO: [VRFC 10-311] analyzing module SystolicCore_wrapper_AXI_Stream_Systolic_0_0_accumulator_cells_14
INFO: [VRFC 10-311] analyzing module SystolicCore_wrapper_AXI_Stream_Systolic_0_0_accumulator_cells_140
INFO: [VRFC 10-311] analyzing module SystolicCore_wrapper_AXI_Stream_Systolic_0_0_accumulator_cells_141
INFO: [VRFC 10-311] analyzing module SystolicCore_wrapper_AXI_Stream_Systolic_0_0_accumulator_cells_142
INFO: [VRFC 10-311] analyzing module SystolicCore_wrapper_AXI_Stream_Systolic_0_0_accumulator_cells_143
INFO: [VRFC 10-311] analyzing module SystolicCore_wrapper_AXI_Stream_Systolic_0_0_accumulator_cells_144
INFO: [VRFC 10-311] analyzing module SystolicCore_wrapper_AXI_Stream_Systolic_0_0_accumulator_cells_145
INFO: [VRFC 10-311] analyzing module SystolicCore_wrapper_AXI_Stream_Systolic_0_0_accumulator_cells_146
INFO: [VRFC 10-311] analyzing module SystolicCore_wrapper_AXI_Stream_Systolic_0_0_accumulator_cells_147
INFO: [VRFC 10-311] analyzing module SystolicCore_wrapper_AXI_Stream_Systolic_0_0_accumulator_cells_148
INFO: [VRFC 10-311] analyzing module SystolicCore_wrapper_AXI_Stream_Systolic_0_0_accumulator_cells_149
INFO: [VRFC 10-311] analyzing module SystolicCore_wrapper_AXI_Stream_Systolic_0_0_accumulator_cells_15
INFO: [VRFC 10-311] analyzing module SystolicCore_wrapper_AXI_Stream_Systolic_0_0_accumulator_cells_150
INFO: [VRFC 10-311] analyzing module SystolicCore_wrapper_AXI_Stream_Systolic_0_0_accumulator_cells_151
INFO: [VRFC 10-311] analyzing module SystolicCore_wrapper_AXI_Stream_Systolic_0_0_accumulator_cells_152
INFO: [VRFC 10-311] analyzing module SystolicCore_wrapper_AXI_Stream_Systolic_0_0_accumulator_cells_153
INFO: [VRFC 10-311] analyzing module SystolicCore_wrapper_AXI_Stream_Systolic_0_0_accumulator_cells_154
INFO: [VRFC 10-311] analyzing module SystolicCore_wrapper_AXI_Stream_Systolic_0_0_accumulator_cells_155
INFO: [VRFC 10-311] analyzing module SystolicCore_wrapper_AXI_Stream_Systolic_0_0_accumulator_cells_156
INFO: [VRFC 10-311] analyzing module SystolicCore_wrapper_AXI_Stream_Systolic_0_0_accumulator_cells_157
INFO: [VRFC 10-311] analyzing module SystolicCore_wrapper_AXI_Stream_Systolic_0_0_accumulator_cells_158
INFO: [VRFC 10-311] analyzing module SystolicCore_wrapper_AXI_Stream_Systolic_0_0_accumulator_cells_159
INFO: [VRFC 10-311] analyzing module SystolicCore_wrapper_AXI_Stream_Systolic_0_0_accumulator_cells_16
INFO: [VRFC 10-311] analyzing module SystolicCore_wrapper_AXI_Stream_Systolic_0_0_accumulator_cells_160
INFO: [VRFC 10-311] analyzing module SystolicCore_wrapper_AXI_Stream_Systolic_0_0_accumulator_cells_161
INFO: [VRFC 10-311] analyzing module SystolicCore_wrapper_AXI_Stream_Systolic_0_0_accumulator_cells_162
INFO: [VRFC 10-311] analyzing module SystolicCore_wrapper_AXI_Stream_Systolic_0_0_accumulator_cells_163
INFO: [VRFC 10-311] analyzing module SystolicCore_wrapper_AXI_Stream_Systolic_0_0_accumulator_cells_164
INFO: [VRFC 10-311] analyzing module SystolicCore_wrapper_AXI_Stream_Systolic_0_0_accumulator_cells_165
INFO: [VRFC 10-311] analyzing module SystolicCore_wrapper_AXI_Stream_Systolic_0_0_accumulator_cells_166
INFO: [VRFC 10-311] analyzing module SystolicCore_wrapper_AXI_Stream_Systolic_0_0_accumulator_cells_167
INFO: [VRFC 10-311] analyzing module SystolicCore_wrapper_AXI_Stream_Systolic_0_0_accumulator_cells_168
INFO: [VRFC 10-311] analyzing module SystolicCore_wrapper_AXI_Stream_Systolic_0_0_accumulator_cells_169
INFO: [VRFC 10-311] analyzing module SystolicCore_wrapper_AXI_Stream_Systolic_0_0_accumulator_cells_17
INFO: [VRFC 10-311] analyzing module SystolicCore_wrapper_AXI_Stream_Systolic_0_0_accumulator_cells_170
INFO: [VRFC 10-311] analyzing module SystolicCore_wrapper_AXI_Stream_Systolic_0_0_accumulator_cells_171
INFO: [VRFC 10-311] analyzing module SystolicCore_wrapper_AXI_Stream_Systolic_0_0_accumulator_cells_172
INFO: [VRFC 10-311] analyzing module SystolicCore_wrapper_AXI_Stream_Systolic_0_0_accumulator_cells_173
INFO: [VRFC 10-311] analyzing module SystolicCore_wrapper_AXI_Stream_Systolic_0_0_accumulator_cells_174
INFO: [VRFC 10-311] analyzing module SystolicCore_wrapper_AXI_Stream_Systolic_0_0_accumulator_cells_175
INFO: [VRFC 10-311] analyzing module SystolicCore_wrapper_AXI_Stream_Systolic_0_0_accumulator_cells_176
INFO: [VRFC 10-311] analyzing module SystolicCore_wrapper_AXI_Stream_Systolic_0_0_accumulator_cells_177
INFO: [VRFC 10-311] analyzing module SystolicCore_wrapper_AXI_Stream_Systolic_0_0_accumulator_cells_178
INFO: [VRFC 10-311] analyzing module SystolicCore_wrapper_AXI_Stream_Systolic_0_0_accumulator_cells_179
INFO: [VRFC 10-311] analyzing module SystolicCore_wrapper_AXI_Stream_Systolic_0_0_accumulator_cells_18
INFO: [VRFC 10-311] analyzing module SystolicCore_wrapper_AXI_Stream_Systolic_0_0_accumulator_cells_180
INFO: [VRFC 10-311] analyzing module SystolicCore_wrapper_AXI_Stream_Systolic_0_0_accumulator_cells_181
INFO: [VRFC 10-311] analyzing module SystolicCore_wrapper_AXI_Stream_Systolic_0_0_accumulator_cells_182
INFO: [VRFC 10-311] analyzing module SystolicCore_wrapper_AXI_Stream_Systolic_0_0_accumulator_cells_183
INFO: [VRFC 10-311] analyzing module SystolicCore_wrapper_AXI_Stream_Systolic_0_0_accumulator_cells_184
INFO: [VRFC 10-311] analyzing module SystolicCore_wrapper_AXI_Stream_Systolic_0_0_accumulator_cells_185
INFO: [VRFC 10-311] analyzing module SystolicCore_wrapper_AXI_Stream_Systolic_0_0_accumulator_cells_186
INFO: [VRFC 10-311] analyzing module SystolicCore_wrapper_AXI_Stream_Systolic_0_0_accumulator_cells_187
INFO: [VRFC 10-311] analyzing module SystolicCore_wrapper_AXI_Stream_Systolic_0_0_accumulator_cells_188
INFO: [VRFC 10-311] analyzing module SystolicCore_wrapper_AXI_Stream_Systolic_0_0_accumulator_cells_189
INFO: [VRFC 10-311] analyzing module SystolicCore_wrapper_AXI_Stream_Systolic_0_0_accumulator_cells_19
INFO: [VRFC 10-311] analyzing module SystolicCore_wrapper_AXI_Stream_Systolic_0_0_accumulator_cells_190
INFO: [VRFC 10-311] analyzing module SystolicCore_wrapper_AXI_Stream_Systolic_0_0_accumulator_cells_191
INFO: [VRFC 10-311] analyzing module SystolicCore_wrapper_AXI_Stream_Systolic_0_0_accumulator_cells_192
INFO: [VRFC 10-311] analyzing module SystolicCore_wrapper_AXI_Stream_Systolic_0_0_accumulator_cells_193
INFO: [VRFC 10-311] analyzing module SystolicCore_wrapper_AXI_Stream_Systolic_0_0_accumulator_cells_194
INFO: [VRFC 10-311] analyzing module SystolicCore_wrapper_AXI_Stream_Systolic_0_0_accumulator_cells_195
INFO: [VRFC 10-311] analyzing module SystolicCore_wrapper_AXI_Stream_Systolic_0_0_accumulator_cells_196
INFO: [VRFC 10-311] analyzing module SystolicCore_wrapper_AXI_Stream_Systolic_0_0_accumulator_cells_197
INFO: [VRFC 10-311] analyzing module SystolicCore_wrapper_AXI_Stream_Systolic_0_0_accumulator_cells_198
INFO: [VRFC 10-311] analyzing module SystolicCore_wrapper_AXI_Stream_Systolic_0_0_accumulator_cells_199
INFO: [VRFC 10-311] analyzing module SystolicCore_wrapper_AXI_Stream_Systolic_0_0_accumulator_cells_2
INFO: [VRFC 10-311] analyzing module SystolicCore_wrapper_AXI_Stream_Systolic_0_0_accumulator_cells_20
INFO: [VRFC 10-311] analyzing module SystolicCore_wrapper_AXI_Stream_Systolic_0_0_accumulator_cells_200
INFO: [VRFC 10-311] analyzing module SystolicCore_wrapper_AXI_Stream_Systolic_0_0_accumulator_cells_201
INFO: [VRFC 10-311] analyzing module SystolicCore_wrapper_AXI_Stream_Systolic_0_0_accumulator_cells_202
INFO: [VRFC 10-311] analyzing module SystolicCore_wrapper_AXI_Stream_Systolic_0_0_accumulator_cells_203
INFO: [VRFC 10-311] analyzing module SystolicCore_wrapper_AXI_Stream_Systolic_0_0_accumulator_cells_204
INFO: [VRFC 10-311] analyzing module SystolicCore_wrapper_AXI_Stream_Systolic_0_0_accumulator_cells_205
INFO: [VRFC 10-311] analyzing module SystolicCore_wrapper_AXI_Stream_Systolic_0_0_accumulator_cells_206
INFO: [VRFC 10-311] analyzing module SystolicCore_wrapper_AXI_Stream_Systolic_0_0_accumulator_cells_207
INFO: [VRFC 10-311] analyzing module SystolicCore_wrapper_AXI_Stream_Systolic_0_0_accumulator_cells_208
INFO: [VRFC 10-311] analyzing module SystolicCore_wrapper_AXI_Stream_Systolic_0_0_accumulator_cells_209
INFO: [VRFC 10-311] analyzing module SystolicCore_wrapper_AXI_Stream_Systolic_0_0_accumulator_cells_21
INFO: [VRFC 10-311] analyzing module SystolicCore_wrapper_AXI_Stream_Systolic_0_0_accumulator_cells_210
INFO: [VRFC 10-311] analyzing module SystolicCore_wrapper_AXI_Stream_Systolic_0_0_accumulator_cells_211
INFO: [VRFC 10-311] analyzing module SystolicCore_wrapper_AXI_Stream_Systolic_0_0_accumulator_cells_212
INFO: [VRFC 10-311] analyzing module SystolicCore_wrapper_AXI_Stream_Systolic_0_0_accumulator_cells_213
INFO: [VRFC 10-311] analyzing module SystolicCore_wrapper_AXI_Stream_Systolic_0_0_accumulator_cells_214
INFO: [VRFC 10-311] analyzing module SystolicCore_wrapper_AXI_Stream_Systolic_0_0_accumulator_cells_215
INFO: [VRFC 10-311] analyzing module SystolicCore_wrapper_AXI_Stream_Systolic_0_0_accumulator_cells_216
INFO: [VRFC 10-311] analyzing module SystolicCore_wrapper_AXI_Stream_Systolic_0_0_accumulator_cells_217
INFO: [VRFC 10-311] analyzing module SystolicCore_wrapper_AXI_Stream_Systolic_0_0_accumulator_cells_218
INFO: [VRFC 10-311] analyzing module SystolicCore_wrapper_AXI_Stream_Systolic_0_0_accumulator_cells_219
INFO: [VRFC 10-311] analyzing module SystolicCore_wrapper_AXI_Stream_Systolic_0_0_accumulator_cells_22
INFO: [VRFC 10-311] analyzing module SystolicCore_wrapper_AXI_Stream_Systolic_0_0_accumulator_cells_220
INFO: [VRFC 10-311] analyzing module SystolicCore_wrapper_AXI_Stream_Systolic_0_0_accumulator_cells_221
INFO: [VRFC 10-311] analyzing module SystolicCore_wrapper_AXI_Stream_Systolic_0_0_accumulator_cells_222
INFO: [VRFC 10-311] analyzing module SystolicCore_wrapper_AXI_Stream_Systolic_0_0_accumulator_cells_223
INFO: [VRFC 10-311] analyzing module SystolicCore_wrapper_AXI_Stream_Systolic_0_0_accumulator_cells_224
INFO: [VRFC 10-311] analyzing module SystolicCore_wrapper_AXI_Stream_Systolic_0_0_accumulator_cells_225
INFO: [VRFC 10-311] analyzing module SystolicCore_wrapper_AXI_Stream_Systolic_0_0_accumulator_cells_226
INFO: [VRFC 10-311] analyzing module SystolicCore_wrapper_AXI_Stream_Systolic_0_0_accumulator_cells_227
INFO: [VRFC 10-311] analyzing module SystolicCore_wrapper_AXI_Stream_Systolic_0_0_accumulator_cells_228
INFO: [VRFC 10-311] analyzing module SystolicCore_wrapper_AXI_Stream_Systolic_0_0_accumulator_cells_229
INFO: [VRFC 10-311] analyzing module SystolicCore_wrapper_AXI_Stream_Systolic_0_0_accumulator_cells_23
INFO: [VRFC 10-311] analyzing module SystolicCore_wrapper_AXI_Stream_Systolic_0_0_accumulator_cells_230
INFO: [VRFC 10-311] analyzing module SystolicCore_wrapper_AXI_Stream_Systolic_0_0_accumulator_cells_231
INFO: [VRFC 10-311] analyzing module SystolicCore_wrapper_AXI_Stream_Systolic_0_0_accumulator_cells_232
INFO: [VRFC 10-311] analyzing module SystolicCore_wrapper_AXI_Stream_Systolic_0_0_accumulator_cells_233
INFO: [VRFC 10-311] analyzing module SystolicCore_wrapper_AXI_Stream_Systolic_0_0_accumulator_cells_234
INFO: [VRFC 10-311] analyzing module SystolicCore_wrapper_AXI_Stream_Systolic_0_0_accumulator_cells_235
INFO: [VRFC 10-311] analyzing module SystolicCore_wrapper_AXI_Stream_Systolic_0_0_accumulator_cells_236
INFO: [VRFC 10-311] analyzing module SystolicCore_wrapper_AXI_Stream_Systolic_0_0_accumulator_cells_237
INFO: [VRFC 10-311] analyzing module SystolicCore_wrapper_AXI_Stream_Systolic_0_0_accumulator_cells_238
INFO: [VRFC 10-311] analyzing module SystolicCore_wrapper_AXI_Stream_Systolic_0_0_accumulator_cells_239
INFO: [VRFC 10-311] analyzing module SystolicCore_wrapper_AXI_Stream_Systolic_0_0_accumulator_cells_24
INFO: [VRFC 10-311] analyzing module SystolicCore_wrapper_AXI_Stream_Systolic_0_0_accumulator_cells_240
INFO: [VRFC 10-311] analyzing module SystolicCore_wrapper_AXI_Stream_Systolic_0_0_accumulator_cells_241
INFO: [VRFC 10-311] analyzing module SystolicCore_wrapper_AXI_Stream_Systolic_0_0_accumulator_cells_242
INFO: [VRFC 10-311] analyzing module SystolicCore_wrapper_AXI_Stream_Systolic_0_0_accumulator_cells_243
INFO: [VRFC 10-311] analyzing module SystolicCore_wrapper_AXI_Stream_Systolic_0_0_accumulator_cells_244
INFO: [VRFC 10-311] analyzing module SystolicCore_wrapper_AXI_Stream_Systolic_0_0_accumulator_cells_245
INFO: [VRFC 10-311] analyzing module SystolicCore_wrapper_AXI_Stream_Systolic_0_0_accumulator_cells_246
INFO: [VRFC 10-311] analyzing module SystolicCore_wrapper_AXI_Stream_Systolic_0_0_accumulator_cells_247
INFO: [VRFC 10-311] analyzing module SystolicCore_wrapper_AXI_Stream_Systolic_0_0_accumulator_cells_248
INFO: [VRFC 10-311] analyzing module SystolicCore_wrapper_AXI_Stream_Systolic_0_0_accumulator_cells_249
INFO: [VRFC 10-311] analyzing module SystolicCore_wrapper_AXI_Stream_Systolic_0_0_accumulator_cells_25
INFO: [VRFC 10-311] analyzing module SystolicCore_wrapper_AXI_Stream_Systolic_0_0_accumulator_cells_250
INFO: [VRFC 10-311] analyzing module SystolicCore_wrapper_AXI_Stream_Systolic_0_0_accumulator_cells_251
INFO: [VRFC 10-311] analyzing module SystolicCore_wrapper_AXI_Stream_Systolic_0_0_accumulator_cells_252
INFO: [VRFC 10-311] analyzing module SystolicCore_wrapper_AXI_Stream_Systolic_0_0_accumulator_cells_253
INFO: [VRFC 10-311] analyzing module SystolicCore_wrapper_AXI_Stream_Systolic_0_0_accumulator_cells_254
INFO: [VRFC 10-311] analyzing module SystolicCore_wrapper_AXI_Stream_Systolic_0_0_accumulator_cells_26
INFO: [VRFC 10-311] analyzing module SystolicCore_wrapper_AXI_Stream_Systolic_0_0_accumulator_cells_27
INFO: [VRFC 10-311] analyzing module SystolicCore_wrapper_AXI_Stream_Systolic_0_0_accumulator_cells_28
INFO: [VRFC 10-311] analyzing module SystolicCore_wrapper_AXI_Stream_Systolic_0_0_accumulator_cells_29
INFO: [VRFC 10-311] analyzing module SystolicCore_wrapper_AXI_Stream_Systolic_0_0_accumulator_cells_3
INFO: [VRFC 10-311] analyzing module SystolicCore_wrapper_AXI_Stream_Systolic_0_0_accumulator_cells_30
INFO: [VRFC 10-311] analyzing module SystolicCore_wrapper_AXI_Stream_Systolic_0_0_accumulator_cells_31
INFO: [VRFC 10-311] analyzing module SystolicCore_wrapper_AXI_Stream_Systolic_0_0_accumulator_cells_32
INFO: [VRFC 10-311] analyzing module SystolicCore_wrapper_AXI_Stream_Systolic_0_0_accumulator_cells_33
INFO: [VRFC 10-311] analyzing module SystolicCore_wrapper_AXI_Stream_Systolic_0_0_accumulator_cells_34
INFO: [VRFC 10-311] analyzing module SystolicCore_wrapper_AXI_Stream_Systolic_0_0_accumulator_cells_35
INFO: [VRFC 10-311] analyzing module SystolicCore_wrapper_AXI_Stream_Systolic_0_0_accumulator_cells_36
INFO: [VRFC 10-311] analyzing module SystolicCore_wrapper_AXI_Stream_Systolic_0_0_accumulator_cells_37
INFO: [VRFC 10-311] analyzing module SystolicCore_wrapper_AXI_Stream_Systolic_0_0_accumulator_cells_38
INFO: [VRFC 10-311] analyzing module SystolicCore_wrapper_AXI_Stream_Systolic_0_0_accumulator_cells_39
INFO: [VRFC 10-311] analyzing module SystolicCore_wrapper_AXI_Stream_Systolic_0_0_accumulator_cells_4
INFO: [VRFC 10-311] analyzing module SystolicCore_wrapper_AXI_Stream_Systolic_0_0_accumulator_cells_40
INFO: [VRFC 10-311] analyzing module SystolicCore_wrapper_AXI_Stream_Systolic_0_0_accumulator_cells_41
INFO: [VRFC 10-311] analyzing module SystolicCore_wrapper_AXI_Stream_Systolic_0_0_accumulator_cells_42
INFO: [VRFC 10-311] analyzing module SystolicCore_wrapper_AXI_Stream_Systolic_0_0_accumulator_cells_43
INFO: [VRFC 10-311] analyzing module SystolicCore_wrapper_AXI_Stream_Systolic_0_0_accumulator_cells_44
INFO: [VRFC 10-311] analyzing module SystolicCore_wrapper_AXI_Stream_Systolic_0_0_accumulator_cells_45
INFO: [VRFC 10-311] analyzing module SystolicCore_wrapper_AXI_Stream_Systolic_0_0_accumulator_cells_46
INFO: [VRFC 10-311] analyzing module SystolicCore_wrapper_AXI_Stream_Systolic_0_0_accumulator_cells_47
INFO: [VRFC 10-311] analyzing module SystolicCore_wrapper_AXI_Stream_Systolic_0_0_accumulator_cells_48
INFO: [VRFC 10-311] analyzing module SystolicCore_wrapper_AXI_Stream_Systolic_0_0_accumulator_cells_49
INFO: [VRFC 10-311] analyzing module SystolicCore_wrapper_AXI_Stream_Systolic_0_0_accumulator_cells_5
INFO: [VRFC 10-311] analyzing module SystolicCore_wrapper_AXI_Stream_Systolic_0_0_accumulator_cells_50
INFO: [VRFC 10-311] analyzing module SystolicCore_wrapper_AXI_Stream_Systolic_0_0_accumulator_cells_51
INFO: [VRFC 10-311] analyzing module SystolicCore_wrapper_AXI_Stream_Systolic_0_0_accumulator_cells_52
INFO: [VRFC 10-311] analyzing module SystolicCore_wrapper_AXI_Stream_Systolic_0_0_accumulator_cells_53
INFO: [VRFC 10-311] analyzing module SystolicCore_wrapper_AXI_Stream_Systolic_0_0_accumulator_cells_54
INFO: [VRFC 10-311] analyzing module SystolicCore_wrapper_AXI_Stream_Systolic_0_0_accumulator_cells_55
INFO: [VRFC 10-311] analyzing module SystolicCore_wrapper_AXI_Stream_Systolic_0_0_accumulator_cells_56
INFO: [VRFC 10-311] analyzing module SystolicCore_wrapper_AXI_Stream_Systolic_0_0_accumulator_cells_57
INFO: [VRFC 10-311] analyzing module SystolicCore_wrapper_AXI_Stream_Systolic_0_0_accumulator_cells_58
INFO: [VRFC 10-311] analyzing module SystolicCore_wrapper_AXI_Stream_Systolic_0_0_accumulator_cells_59
INFO: [VRFC 10-311] analyzing module SystolicCore_wrapper_AXI_Stream_Systolic_0_0_accumulator_cells_6
INFO: [VRFC 10-311] analyzing module SystolicCore_wrapper_AXI_Stream_Systolic_0_0_accumulator_cells_60
INFO: [VRFC 10-311] analyzing module SystolicCore_wrapper_AXI_Stream_Systolic_0_0_accumulator_cells_61
INFO: [VRFC 10-311] analyzing module SystolicCore_wrapper_AXI_Stream_Systolic_0_0_accumulator_cells_62
INFO: [VRFC 10-311] analyzing module SystolicCore_wrapper_AXI_Stream_Systolic_0_0_accumulator_cells_63
INFO: [VRFC 10-311] analyzing module SystolicCore_wrapper_AXI_Stream_Systolic_0_0_accumulator_cells_64
INFO: [VRFC 10-311] analyzing module SystolicCore_wrapper_AXI_Stream_Systolic_0_0_accumulator_cells_65
INFO: [VRFC 10-311] analyzing module SystolicCore_wrapper_AXI_Stream_Systolic_0_0_accumulator_cells_66
INFO: [VRFC 10-311] analyzing module SystolicCore_wrapper_AXI_Stream_Systolic_0_0_accumulator_cells_67
INFO: [VRFC 10-311] analyzing module SystolicCore_wrapper_AXI_Stream_Systolic_0_0_accumulator_cells_68
INFO: [VRFC 10-311] analyzing module SystolicCore_wrapper_AXI_Stream_Systolic_0_0_accumulator_cells_69
INFO: [VRFC 10-311] analyzing module SystolicCore_wrapper_AXI_Stream_Systolic_0_0_accumulator_cells_7
INFO: [VRFC 10-311] analyzing module SystolicCore_wrapper_AXI_Stream_Systolic_0_0_accumulator_cells_70
INFO: [VRFC 10-311] analyzing module SystolicCore_wrapper_AXI_Stream_Systolic_0_0_accumulator_cells_71
INFO: [VRFC 10-311] analyzing module SystolicCore_wrapper_AXI_Stream_Systolic_0_0_accumulator_cells_72
INFO: [VRFC 10-311] analyzing module SystolicCore_wrapper_AXI_Stream_Systolic_0_0_accumulator_cells_73
INFO: [VRFC 10-311] analyzing module SystolicCore_wrapper_AXI_Stream_Systolic_0_0_accumulator_cells_74
INFO: [VRFC 10-311] analyzing module SystolicCore_wrapper_AXI_Stream_Systolic_0_0_accumulator_cells_75
INFO: [VRFC 10-311] analyzing module SystolicCore_wrapper_AXI_Stream_Systolic_0_0_accumulator_cells_76
INFO: [VRFC 10-311] analyzing module SystolicCore_wrapper_AXI_Stream_Systolic_0_0_accumulator_cells_77
INFO: [VRFC 10-311] analyzing module SystolicCore_wrapper_AXI_Stream_Systolic_0_0_accumulator_cells_78
INFO: [VRFC 10-311] analyzing module SystolicCore_wrapper_AXI_Stream_Systolic_0_0_accumulator_cells_79
INFO: [VRFC 10-311] analyzing module SystolicCore_wrapper_AXI_Stream_Systolic_0_0_accumulator_cells_8
INFO: [VRFC 10-311] analyzing module SystolicCore_wrapper_AXI_Stream_Systolic_0_0_accumulator_cells_80
INFO: [VRFC 10-311] analyzing module SystolicCore_wrapper_AXI_Stream_Systolic_0_0_accumulator_cells_81
INFO: [VRFC 10-311] analyzing module SystolicCore_wrapper_AXI_Stream_Systolic_0_0_accumulator_cells_82
INFO: [VRFC 10-311] analyzing module SystolicCore_wrapper_AXI_Stream_Systolic_0_0_accumulator_cells_83
INFO: [VRFC 10-311] analyzing module SystolicCore_wrapper_AXI_Stream_Systolic_0_0_accumulator_cells_84
INFO: [VRFC 10-311] analyzing module SystolicCore_wrapper_AXI_Stream_Systolic_0_0_accumulator_cells_85
INFO: [VRFC 10-311] analyzing module SystolicCore_wrapper_AXI_Stream_Systolic_0_0_accumulator_cells_86
INFO: [VRFC 10-311] analyzing module SystolicCore_wrapper_AXI_Stream_Systolic_0_0_accumulator_cells_87
INFO: [VRFC 10-311] analyzing module SystolicCore_wrapper_AXI_Stream_Systolic_0_0_accumulator_cells_88
INFO: [VRFC 10-311] analyzing module SystolicCore_wrapper_AXI_Stream_Systolic_0_0_accumulator_cells_89
INFO: [VRFC 10-311] analyzing module SystolicCore_wrapper_AXI_Stream_Systolic_0_0_accumulator_cells_9
INFO: [VRFC 10-311] analyzing module SystolicCore_wrapper_AXI_Stream_Systolic_0_0_accumulator_cells_90
INFO: [VRFC 10-311] analyzing module SystolicCore_wrapper_AXI_Stream_Systolic_0_0_accumulator_cells_91
INFO: [VRFC 10-311] analyzing module SystolicCore_wrapper_AXI_Stream_Systolic_0_0_accumulator_cells_92
INFO: [VRFC 10-311] analyzing module SystolicCore_wrapper_AXI_Stream_Systolic_0_0_accumulator_cells_93
INFO: [VRFC 10-311] analyzing module SystolicCore_wrapper_AXI_Stream_Systolic_0_0_accumulator_cells_94
INFO: [VRFC 10-311] analyzing module SystolicCore_wrapper_AXI_Stream_Systolic_0_0_accumulator_cells_95
INFO: [VRFC 10-311] analyzing module SystolicCore_wrapper_AXI_Stream_Systolic_0_0_accumulator_cells_96
INFO: [VRFC 10-311] analyzing module SystolicCore_wrapper_AXI_Stream_Systolic_0_0_accumulator_cells_97
INFO: [VRFC 10-311] analyzing module SystolicCore_wrapper_AXI_Stream_Systolic_0_0_accumulator_cells_98
INFO: [VRFC 10-311] analyzing module SystolicCore_wrapper_AXI_Stream_Systolic_0_0_accumulator_cells_99
INFO: [VRFC 10-311] analyzing module SystolicCore_wrapper_AXI_Stream_Systolic_0_0_mem2seriala
INFO: [VRFC 10-311] analyzing module SystolicCore_wrapper_AXI_Stream_Systolic_0_0_serial2mem
INFO: [VRFC 10-311] analyzing module SystolicCore_wrapper_AXI_Stream_Systolic_0_0_serial2mem__xdcDup__1
INFO: [VRFC 10-311] analyzing module SystolicCore_wrapper_AXI_Stream_Systolic_0_0_systolicControlUnitTop
INFO: [VRFC 10-311] analyzing module SystolicCore_wrapper_AXI_Stream_Systolic_0_0_systolicMatrixMultiply
INFO: [VRFC 10-311] analyzing module SystolicCore_wrapper_axi_fifo_mm_s_0_1
INFO: [VRFC 10-311] analyzing module SystolicCore_wrapper_axi_fifo_mm_s_0_1_address_decoder
INFO: [VRFC 10-311] analyzing module SystolicCore_wrapper_axi_fifo_mm_s_0_1_axi_fifo_mm_s
INFO: [VRFC 10-311] analyzing module SystolicCore_wrapper_axi_fifo_mm_s_0_1_axi_lite_ipif
INFO: [VRFC 10-311] analyzing module SystolicCore_wrapper_axi_fifo_mm_s_0_1_axis_fg
INFO: [VRFC 10-311] analyzing module SystolicCore_wrapper_axi_fifo_mm_s_0_1_axis_fg__parameterized0
INFO: [VRFC 10-311] analyzing module SystolicCore_wrapper_axi_fifo_mm_s_0_1_fifo
INFO: [VRFC 10-311] analyzing module SystolicCore_wrapper_axi_fifo_mm_s_0_1_fifo__parameterized0
INFO: [VRFC 10-311] analyzing module SystolicCore_wrapper_axi_fifo_mm_s_0_1_ipic2axi_s
INFO: [VRFC 10-311] analyzing module SystolicCore_wrapper_axi_fifo_mm_s_0_1_pselect_f
INFO: [VRFC 10-311] analyzing module SystolicCore_wrapper_axi_fifo_mm_s_0_1_pselect_f__parameterized0
INFO: [VRFC 10-311] analyzing module SystolicCore_wrapper_axi_fifo_mm_s_0_1_pselect_f__parameterized1
INFO: [VRFC 10-311] analyzing module SystolicCore_wrapper_axi_fifo_mm_s_0_1_pselect_f__parameterized10
INFO: [VRFC 10-311] analyzing module SystolicCore_wrapper_axi_fifo_mm_s_0_1_pselect_f__parameterized11
INFO: [VRFC 10-311] analyzing module SystolicCore_wrapper_axi_fifo_mm_s_0_1_pselect_f__parameterized12
INFO: [VRFC 10-311] analyzing module SystolicCore_wrapper_axi_fifo_mm_s_0_1_pselect_f__parameterized13
INFO: [VRFC 10-311] analyzing module SystolicCore_wrapper_axi_fifo_mm_s_0_1_pselect_f__parameterized14
INFO: [VRFC 10-311] analyzing module SystolicCore_wrapper_axi_fifo_mm_s_0_1_pselect_f__parameterized15
INFO: [VRFC 10-311] analyzing module SystolicCore_wrapper_axi_fifo_mm_s_0_1_pselect_f__parameterized16
INFO: [VRFC 10-311] analyzing module SystolicCore_wrapper_axi_fifo_mm_s_0_1_pselect_f__parameterized17
INFO: [VRFC 10-311] analyzing module SystolicCore_wrapper_axi_fifo_mm_s_0_1_pselect_f__parameterized18
INFO: [VRFC 10-311] analyzing module SystolicCore_wrapper_axi_fifo_mm_s_0_1_pselect_f__parameterized19
INFO: [VRFC 10-311] analyzing module SystolicCore_wrapper_axi_fifo_mm_s_0_1_pselect_f__parameterized3
INFO: [VRFC 10-311] analyzing module SystolicCore_wrapper_axi_fifo_mm_s_0_1_pselect_f__parameterized4
INFO: [VRFC 10-311] analyzing module SystolicCore_wrapper_axi_fifo_mm_s_0_1_pselect_f__parameterized5
INFO: [VRFC 10-311] analyzing module SystolicCore_wrapper_axi_fifo_mm_s_0_1_pselect_f__parameterized6
INFO: [VRFC 10-311] analyzing module SystolicCore_wrapper_axi_fifo_mm_s_0_1_pselect_f__parameterized7
INFO: [VRFC 10-311] analyzing module SystolicCore_wrapper_axi_fifo_mm_s_0_1_pselect_f__parameterized8
INFO: [VRFC 10-311] analyzing module SystolicCore_wrapper_axi_fifo_mm_s_0_1_pselect_f__parameterized9
INFO: [VRFC 10-311] analyzing module SystolicCore_wrapper_axi_fifo_mm_s_0_1_slave_attachment
INFO: [VRFC 10-311] analyzing module SystolicCore_wrapper_axi_fifo_mm_s_0_1_xpm_cdc_sync_rst
INFO: [VRFC 10-311] analyzing module SystolicCore_wrapper_axi_fifo_mm_s_0_1_xpm_cdc_sync_rst__1
INFO: [VRFC 10-311] analyzing module SystolicCore_wrapper_axi_fifo_mm_s_0_1_xpm_counter_updn
INFO: [VRFC 10-311] analyzing module SystolicCore_wrapper_axi_fifo_mm_s_0_1_xpm_counter_updn_2
INFO: [VRFC 10-311] analyzing module SystolicCore_wrapper_axi_fifo_mm_s_0_1_xpm_counter_updn__parameterized0
INFO: [VRFC 10-311] analyzing module SystolicCore_wrapper_axi_fifo_mm_s_0_1_xpm_counter_updn__parameterized0_0
INFO: [VRFC 10-311] analyzing module SystolicCore_wrapper_axi_fifo_mm_s_0_1_xpm_counter_updn__parameterized1
INFO: [VRFC 10-311] analyzing module SystolicCore_wrapper_axi_fifo_mm_s_0_1_xpm_counter_updn__parameterized1_1
INFO: [VRFC 10-311] analyzing module SystolicCore_wrapper_axi_fifo_mm_s_0_1_xpm_counter_updn__parameterized3
INFO: [VRFC 10-311] analyzing module SystolicCore_wrapper_axi_fifo_mm_s_0_1_xpm_counter_updn__parameterized3_4
INFO: [VRFC 10-311] analyzing module SystolicCore_wrapper_axi_fifo_mm_s_0_1_xpm_counter_updn__parameterized4
INFO: [VRFC 10-311] analyzing module SystolicCore_wrapper_axi_fifo_mm_s_0_1_xpm_counter_updn__parameterized4_5
INFO: [VRFC 10-311] analyzing module SystolicCore_wrapper_axi_fifo_mm_s_0_1_xpm_counter_updn__parameterized6
INFO: [VRFC 10-311] analyzing module SystolicCore_wrapper_axi_fifo_mm_s_0_1_xpm_counter_updn__parameterized6_8
INFO: [VRFC 10-311] analyzing module SystolicCore_wrapper_axi_fifo_mm_s_0_1_xpm_counter_updn__parameterized7
INFO: [VRFC 10-311] analyzing module SystolicCore_wrapper_axi_fifo_mm_s_0_1_xpm_counter_updn__parameterized7_9
INFO: [VRFC 10-311] analyzing module SystolicCore_wrapper_axi_fifo_mm_s_0_1_xpm_fifo_axis
INFO: [VRFC 10-311] analyzing module SystolicCore_wrapper_axi_fifo_mm_s_0_1_xpm_fifo_axis__parameterized1
INFO: [VRFC 10-311] analyzing module SystolicCore_wrapper_axi_fifo_mm_s_0_1_xpm_fifo_base
INFO: [VRFC 10-311] analyzing module SystolicCore_wrapper_axi_fifo_mm_s_0_1_xpm_fifo_base__parameterized0
INFO: [VRFC 10-311] analyzing module SystolicCore_wrapper_axi_fifo_mm_s_0_1_xpm_fifo_base__parameterized1
INFO: [VRFC 10-311] analyzing module SystolicCore_wrapper_axi_fifo_mm_s_0_1_xpm_fifo_reg_bit
INFO: [VRFC 10-311] analyzing module SystolicCore_wrapper_axi_fifo_mm_s_0_1_xpm_fifo_reg_bit_3
INFO: [VRFC 10-311] analyzing module SystolicCore_wrapper_axi_fifo_mm_s_0_1_xpm_fifo_reg_bit_7
INFO: [VRFC 10-311] analyzing module SystolicCore_wrapper_axi_fifo_mm_s_0_1_xpm_fifo_rst
INFO: [VRFC 10-311] analyzing module SystolicCore_wrapper_axi_fifo_mm_s_0_1_xpm_fifo_rst_10
INFO: [VRFC 10-311] analyzing module SystolicCore_wrapper_axi_fifo_mm_s_0_1_xpm_fifo_rst_6
INFO: [VRFC 10-311] analyzing module SystolicCore_wrapper_axi_fifo_mm_s_0_1_xpm_fifo_sync
INFO: [VRFC 10-311] analyzing module SystolicCore_wrapper_axi_fifo_mm_s_0_1_xpm_memory_base
INFO: [VRFC 10-311] analyzing module SystolicCore_wrapper_axi_fifo_mm_s_0_1_xpm_memory_base__parameterized0
INFO: [VRFC 10-311] analyzing module SystolicCore_wrapper_axi_fifo_mm_s_0_1_xpm_memory_base__parameterized1
INFO: [VRFC 10-311] analyzing module SystolicCore_wrapper_axi_smc_0
INFO: [VRFC 10-311] analyzing module SystolicCore_wrapper_axi_smc_0_bd_76f3
INFO: [VRFC 10-311] analyzing module SystolicCore_wrapper_axi_smc_0_bd_76f3_arinsw_0
INFO: [VRFC 10-311] analyzing module SystolicCore_wrapper_axi_smc_0_bd_76f3_arni_0
INFO: [VRFC 10-311] analyzing module SystolicCore_wrapper_axi_smc_0_bd_76f3_aroutsw_0
INFO: [VRFC 10-311] analyzing module SystolicCore_wrapper_axi_smc_0_bd_76f3_awinsw_0
INFO: [VRFC 10-311] analyzing module SystolicCore_wrapper_axi_smc_0_bd_76f3_awni_0
INFO: [VRFC 10-311] analyzing module SystolicCore_wrapper_axi_smc_0_bd_76f3_awoutsw_0
INFO: [VRFC 10-311] analyzing module SystolicCore_wrapper_axi_smc_0_bd_76f3_binsw_0
INFO: [VRFC 10-311] analyzing module SystolicCore_wrapper_axi_smc_0_bd_76f3_bni_0
INFO: [VRFC 10-311] analyzing module SystolicCore_wrapper_axi_smc_0_bd_76f3_boutsw_0
INFO: [VRFC 10-311] analyzing module SystolicCore_wrapper_axi_smc_0_bd_76f3_m00arn_0
INFO: [VRFC 10-311] analyzing module SystolicCore_wrapper_axi_smc_0_bd_76f3_m00awn_0
INFO: [VRFC 10-311] analyzing module SystolicCore_wrapper_axi_smc_0_bd_76f3_m00bn_0
INFO: [VRFC 10-311] analyzing module SystolicCore_wrapper_axi_smc_0_bd_76f3_m00e_0
INFO: [VRFC 10-311] analyzing module SystolicCore_wrapper_axi_smc_0_bd_76f3_m00rn_0
INFO: [VRFC 10-311] analyzing module SystolicCore_wrapper_axi_smc_0_bd_76f3_m00s2a_0
INFO: [VRFC 10-311] analyzing module SystolicCore_wrapper_axi_smc_0_bd_76f3_m00wn_0
INFO: [VRFC 10-311] analyzing module SystolicCore_wrapper_axi_smc_0_bd_76f3_psr_aclk_0
INFO: [VRFC 10-311] analyzing module SystolicCore_wrapper_axi_smc_0_bd_76f3_rinsw_0
INFO: [VRFC 10-311] analyzing module SystolicCore_wrapper_axi_smc_0_bd_76f3_rni_0
INFO: [VRFC 10-311] analyzing module SystolicCore_wrapper_axi_smc_0_bd_76f3_routsw_0
INFO: [VRFC 10-311] analyzing module SystolicCore_wrapper_axi_smc_0_bd_76f3_s01a2s_0
INFO: [VRFC 10-311] analyzing module SystolicCore_wrapper_axi_smc_0_bd_76f3_s01mmu_0
INFO: [VRFC 10-311] analyzing module SystolicCore_wrapper_axi_smc_0_bd_76f3_s01sic_0
INFO: [VRFC 10-311] analyzing module SystolicCore_wrapper_axi_smc_0_bd_76f3_s01tr_0
INFO: [VRFC 10-311] analyzing module SystolicCore_wrapper_axi_smc_0_bd_76f3_sarn_0
INFO: [VRFC 10-311] analyzing module SystolicCore_wrapper_axi_smc_0_bd_76f3_sawn_0
INFO: [VRFC 10-311] analyzing module SystolicCore_wrapper_axi_smc_0_bd_76f3_sbn_0
INFO: [VRFC 10-311] analyzing module SystolicCore_wrapper_axi_smc_0_bd_76f3_srn_0
INFO: [VRFC 10-311] analyzing module SystolicCore_wrapper_axi_smc_0_bd_76f3_swn_0
INFO: [VRFC 10-311] analyzing module SystolicCore_wrapper_axi_smc_0_bd_76f3_winsw_0
INFO: [VRFC 10-311] analyzing module SystolicCore_wrapper_axi_smc_0_bd_76f3_wni_0
INFO: [VRFC 10-311] analyzing module SystolicCore_wrapper_axi_smc_0_bd_76f3_woutsw_0
INFO: [VRFC 10-311] analyzing module SystolicCore_wrapper_axi_smc_0_clk_map_imp_1T6225Z
INFO: [VRFC 10-311] analyzing module SystolicCore_wrapper_axi_smc_0_i_nodes_imp_BZED21
INFO: [VRFC 10-311] analyzing module SystolicCore_wrapper_axi_smc_0_lpf
INFO: [VRFC 10-311] analyzing module SystolicCore_wrapper_axi_smc_0_m00_exit_pipeline_imp_548J3G
INFO: [VRFC 10-311] analyzing module SystolicCore_wrapper_axi_smc_0_m00_nodes_imp_IDXOJK
INFO: [VRFC 10-311] analyzing module SystolicCore_wrapper_axi_smc_0_proc_sys_reset
INFO: [VRFC 10-311] analyzing module SystolicCore_wrapper_axi_smc_0_s01_entry_pipeline_imp_2TLE9N
INFO: [VRFC 10-311] analyzing module SystolicCore_wrapper_axi_smc_0_s01_nodes_imp_770WCJ
INFO: [VRFC 10-311] analyzing module SystolicCore_wrapper_axi_smc_0_sequence_psr
INFO: [VRFC 10-311] analyzing module SystolicCore_wrapper_axi_smc_0_switchboards_imp_1UC75B5
INFO: [VRFC 10-311] analyzing module SystolicCore_wrapper_axi_smc_0_upcnt_n
INFO: [VRFC 10-311] analyzing module SystolicCore_wrapper_axi_smc_0_xpm_cdc_single
INFO: [VRFC 10-311] analyzing module SystolicCore_wrapper_axi_smc_0_xpm_cdc_single__1
INFO: [VRFC 10-311] analyzing module SystolicCore_wrapper_rst_ps8_0_99M_0
INFO: [VRFC 10-311] analyzing module SystolicCore_wrapper_rst_ps8_0_99M_0_lpf
INFO: [VRFC 10-311] analyzing module SystolicCore_wrapper_rst_ps8_0_99M_0_proc_sys_reset
INFO: [VRFC 10-311] analyzing module SystolicCore_wrapper_rst_ps8_0_99M_0_sequence_psr
INFO: [VRFC 10-311] analyzing module SystolicCore_wrapper_rst_ps8_0_99M_0_upcnt_n
INFO: [VRFC 10-311] analyzing module SystolicCore_wrapper_rst_ps8_0_99M_0_xpm_cdc_single
INFO: [VRFC 10-311] analyzing module SystolicCore_wrapper_rst_ps8_0_99M_0_xpm_cdc_single__1
INFO: [VRFC 10-311] analyzing module SystolicCore_wrapper_wrapper
INFO: [VRFC 10-311] analyzing module SystolicCore_wrapper_zynq_ultra_ps_e_0_0
INFO: [VRFC 10-311] analyzing module SystolicCore_wrapper_zynq_ultra_ps_e_0_0_zynq_ultra_ps_e_v3_5_8_zynq_ultra_ps_e
INFO: [VRFC 10-311] analyzing module ram_dual_port_lib_work_renamed0_ram_0
INFO: [VRFC 10-311] analyzing module ram_dual_port_lib_work_renamed9_ram_0
INFO: [VRFC 10-311] analyzing module SystolicCore_wrapper_axi_smc_0_xpm_cdc_async_rst__1
INFO: [VRFC 10-311] analyzing module SystolicCore_wrapper_axi_smc_0_xpm_cdc_async_rst__10
INFO: [VRFC 10-311] analyzing module SystolicCore_wrapper_axi_smc_0_xpm_cdc_async_rst__12
INFO: [VRFC 10-311] analyzing module SystolicCore_wrapper_axi_smc_0_xpm_cdc_async_rst__13
INFO: [VRFC 10-311] analyzing module SystolicCore_wrapper_axi_smc_0_xpm_cdc_async_rst__14
INFO: [VRFC 10-311] analyzing module SystolicCore_wrapper_axi_smc_0_xpm_cdc_async_rst__15
INFO: [VRFC 10-311] analyzing module SystolicCore_wrapper_axi_smc_0_xpm_cdc_async_rst__17
INFO: [VRFC 10-311] analyzing module SystolicCore_wrapper_axi_smc_0_xpm_cdc_async_rst__19
INFO: [VRFC 10-311] analyzing module SystolicCore_wrapper_axi_smc_0_xpm_cdc_async_rst__2
INFO: [VRFC 10-311] analyzing module SystolicCore_wrapper_axi_smc_0_xpm_cdc_async_rst__21
INFO: [VRFC 10-311] analyzing module SystolicCore_wrapper_axi_smc_0_xpm_cdc_async_rst__23
INFO: [VRFC 10-311] analyzing module SystolicCore_wrapper_axi_smc_0_xpm_cdc_async_rst__25
INFO: [VRFC 10-311] analyzing module SystolicCore_wrapper_axi_smc_0_xpm_cdc_async_rst__27
INFO: [VRFC 10-311] analyzing module SystolicCore_wrapper_axi_smc_0_xpm_cdc_async_rst__29
INFO: [VRFC 10-311] analyzing module SystolicCore_wrapper_axi_smc_0_xpm_cdc_async_rst__31
INFO: [VRFC 10-311] analyzing module SystolicCore_wrapper_axi_smc_0_xpm_cdc_async_rst__33
INFO: [VRFC 10-311] analyzing module SystolicCore_wrapper_axi_smc_0_xpm_cdc_async_rst__4
INFO: [VRFC 10-311] analyzing module SystolicCore_wrapper_axi_smc_0_xpm_cdc_async_rst__6
INFO: [VRFC 10-311] analyzing module SystolicCore_wrapper_axi_smc_0_xpm_cdc_async_rst__8
INFO: [VRFC 10-311] analyzing module SystolicCore_wrapper_axi_smc_0_xpm_memory_base
INFO: [VRFC 10-311] analyzing module SystolicCore_wrapper_axi_smc_0_xpm_memory_sdpram
INFO: [VRFC 10-311] analyzing module SystolicCore_wrapper_axi_smc_0_sc_axi2sc_v1_0_11_top
INFO: [VRFC 10-311] analyzing module SystolicCore_wrapper_axi_smc_0_sc_exit_v1_0_18_exit
INFO: [VRFC 10-311] analyzing module SystolicCore_wrapper_axi_smc_0_sc_exit_v1_0_18_top
INFO: [VRFC 10-311] analyzing module SystolicCore_wrapper_axi_smc_0_sc_mmu_v1_0_16_decerr_slave
INFO: [VRFC 10-311] analyzing module SystolicCore_wrapper_axi_smc_0_sc_mmu_v1_0_16_top
INFO: [VRFC 10-311] analyzing module SystolicCore_wrapper_axi_smc_0_sc_node_v1_0_19_arb_alg_rr
INFO: [VRFC 10-311] analyzing module SystolicCore_wrapper_axi_smc_0_sc_node_v1_0_19_arb_alg_rr_7
INFO: [VRFC 10-311] analyzing module SystolicCore_wrapper_axi_smc_0_sc_node_v1_0_19_fi_regulator
INFO: [VRFC 10-311] analyzing module SystolicCore_wrapper_axi_smc_0_sc_node_v1_0_19_fi_regulator_5
INFO: [VRFC 10-311] analyzing module SystolicCore_wrapper_axi_smc_0_sc_node_v1_0_19_fi_regulator_9
INFO: [VRFC 10-311] analyzing module SystolicCore_wrapper_axi_smc_0_sc_node_v1_0_19_fifo
INFO: [VRFC 10-311] analyzing module SystolicCore_wrapper_axi_smc_0_sc_node_v1_0_19_fifo_10
INFO: [VRFC 10-311] analyzing module SystolicCore_wrapper_axi_smc_0_sc_node_v1_0_19_fifo__parameterized0
INFO: [VRFC 10-311] analyzing module SystolicCore_wrapper_axi_smc_0_sc_node_v1_0_19_fifo__parameterized1
INFO: [VRFC 10-311] analyzing module SystolicCore_wrapper_axi_smc_0_sc_node_v1_0_19_fifo__parameterized2_0
INFO: [VRFC 10-311] analyzing module SystolicCore_wrapper_axi_smc_0_sc_node_v1_0_19_fifo__parameterized3
INFO: [VRFC 10-311] analyzing module SystolicCore_wrapper_axi_smc_0_sc_node_v1_0_19_mi_handler
INFO: [VRFC 10-311] analyzing module SystolicCore_wrapper_axi_smc_0_sc_node_v1_0_19_mi_handler__parameterized0
INFO: [VRFC 10-311] analyzing module SystolicCore_wrapper_axi_smc_0_sc_node_v1_0_19_mi_handler__parameterized1
INFO: [VRFC 10-311] analyzing module SystolicCore_wrapper_axi_smc_0_sc_node_v1_0_19_mi_handler__parameterized10
INFO: [VRFC 10-311] analyzing module SystolicCore_wrapper_axi_smc_0_sc_node_v1_0_19_mi_handler__parameterized11
INFO: [VRFC 10-311] analyzing module SystolicCore_wrapper_axi_smc_0_sc_node_v1_0_19_mi_handler__parameterized12
INFO: [VRFC 10-311] analyzing module SystolicCore_wrapper_axi_smc_0_sc_node_v1_0_19_mi_handler__parameterized13
INFO: [VRFC 10-311] analyzing module SystolicCore_wrapper_axi_smc_0_sc_node_v1_0_19_mi_handler__parameterized2
INFO: [VRFC 10-311] analyzing module SystolicCore_wrapper_axi_smc_0_sc_node_v1_0_19_mi_handler__parameterized3
INFO: [VRFC 10-311] analyzing module SystolicCore_wrapper_axi_smc_0_sc_node_v1_0_19_mi_handler__parameterized4
INFO: [VRFC 10-311] analyzing module SystolicCore_wrapper_axi_smc_0_sc_node_v1_0_19_mi_handler__parameterized5
INFO: [VRFC 10-311] analyzing module SystolicCore_wrapper_axi_smc_0_sc_node_v1_0_19_mi_handler__parameterized6
INFO: [VRFC 10-311] analyzing module SystolicCore_wrapper_axi_smc_0_sc_node_v1_0_19_mi_handler__parameterized7
INFO: [VRFC 10-311] analyzing module SystolicCore_wrapper_axi_smc_0_sc_node_v1_0_19_mi_handler__parameterized8
INFO: [VRFC 10-311] analyzing module SystolicCore_wrapper_axi_smc_0_sc_node_v1_0_19_mi_handler__parameterized9
INFO: [VRFC 10-311] analyzing module SystolicCore_wrapper_axi_smc_0_sc_node_v1_0_19_reg_fifo
INFO: [VRFC 10-311] analyzing module SystolicCore_wrapper_axi_smc_0_sc_node_v1_0_19_reg_fifo_11
INFO: [VRFC 10-311] analyzing module SystolicCore_wrapper_axi_smc_0_sc_node_v1_0_19_reg_fifo__parameterized0
INFO: [VRFC 10-311] analyzing module SystolicCore_wrapper_axi_smc_0_sc_node_v1_0_19_reg_fifo__parameterized1
INFO: [VRFC 10-311] analyzing module SystolicCore_wrapper_axi_smc_0_sc_node_v1_0_19_reg_fifo__parameterized2
INFO: [VRFC 10-311] analyzing module SystolicCore_wrapper_axi_smc_0_sc_node_v1_0_19_si_handler__parameterized4
INFO: [VRFC 10-311] analyzing module SystolicCore_wrapper_axi_smc_0_sc_node_v1_0_19_si_handler__parameterized5
INFO: [VRFC 10-311] analyzing module SystolicCore_wrapper_axi_smc_0_sc_node_v1_0_19_si_handler__parameterized8
INFO: [VRFC 10-311] analyzing module SystolicCore_wrapper_axi_smc_0_sc_node_v1_0_19_top
INFO: [VRFC 10-311] analyzing module SystolicCore_wrapper_axi_smc_0_sc_node_v1_0_19_top__parameterized0
INFO: [VRFC 10-311] analyzing module SystolicCore_wrapper_axi_smc_0_sc_node_v1_0_19_top__parameterized1
INFO: [VRFC 10-311] analyzing module SystolicCore_wrapper_axi_smc_0_sc_node_v1_0_19_top__parameterized10
INFO: [VRFC 10-311] analyzing module SystolicCore_wrapper_axi_smc_0_sc_node_v1_0_19_top__parameterized11
INFO: [VRFC 10-311] analyzing module SystolicCore_wrapper_axi_smc_0_sc_node_v1_0_19_top__parameterized12
INFO: [VRFC 10-311] analyzing module SystolicCore_wrapper_axi_smc_0_sc_node_v1_0_19_top__parameterized13
INFO: [VRFC 10-311] analyzing module SystolicCore_wrapper_axi_smc_0_sc_node_v1_0_19_top__parameterized2
INFO: [VRFC 10-311] analyzing module SystolicCore_wrapper_axi_smc_0_sc_node_v1_0_19_top__parameterized3
INFO: [VRFC 10-311] analyzing module SystolicCore_wrapper_axi_smc_0_sc_node_v1_0_19_top__parameterized4
INFO: [VRFC 10-311] analyzing module SystolicCore_wrapper_axi_smc_0_sc_node_v1_0_19_top__parameterized5
INFO: [VRFC 10-311] analyzing module SystolicCore_wrapper_axi_smc_0_sc_node_v1_0_19_top__parameterized6
INFO: [VRFC 10-311] analyzing module SystolicCore_wrapper_axi_smc_0_sc_node_v1_0_19_top__parameterized7
INFO: [VRFC 10-311] analyzing module SystolicCore_wrapper_axi_smc_0_sc_node_v1_0_19_top__parameterized8
INFO: [VRFC 10-311] analyzing module SystolicCore_wrapper_axi_smc_0_sc_node_v1_0_19_top__parameterized9
INFO: [VRFC 10-311] analyzing module SystolicCore_wrapper_axi_smc_0_sc_sc2axi_v1_0_11_top
INFO: [VRFC 10-311] analyzing module SystolicCore_wrapper_axi_smc_0_sc_si_converter_v1_0_16_axilite_conv
INFO: [VRFC 10-311] analyzing module SystolicCore_wrapper_axi_smc_0_sc_si_converter_v1_0_16_top
INFO: [VRFC 10-311] analyzing module SystolicCore_wrapper_axi_smc_0_sc_switchboard_v1_0_9_top
INFO: [VRFC 10-311] analyzing module SystolicCore_wrapper_axi_smc_0_sc_switchboard_v1_0_9_top__1
INFO: [VRFC 10-311] analyzing module SystolicCore_wrapper_axi_smc_0_sc_switchboard_v1_0_9_top__parameterized0
INFO: [VRFC 10-311] analyzing module SystolicCore_wrapper_axi_smc_0_sc_switchboard_v1_0_9_top__parameterized0__1
INFO: [VRFC 10-311] analyzing module SystolicCore_wrapper_axi_smc_0_sc_switchboard_v1_0_9_top__parameterized1
INFO: [VRFC 10-311] analyzing module SystolicCore_wrapper_axi_smc_0_sc_switchboard_v1_0_9_top__parameterized2
INFO: [VRFC 10-311] analyzing module SystolicCore_wrapper_axi_smc_0_sc_switchboard_v1_0_9_top__parameterized3
INFO: [VRFC 10-311] analyzing module SystolicCore_wrapper_axi_smc_0_sc_switchboard_v1_0_9_top__parameterized4
INFO: [VRFC 10-311] analyzing module SystolicCore_wrapper_axi_smc_0_sc_switchboard_v1_0_9_top__parameterized5
INFO: [VRFC 10-311] analyzing module SystolicCore_wrapper_axi_smc_0_sc_switchboard_v1_0_9_top__parameterized6
INFO: [VRFC 10-311] analyzing module SystolicCore_wrapper_axi_smc_0_sc_transaction_regulator_v1_0_12_singleorder
INFO: [VRFC 10-311] analyzing module SystolicCore_wrapper_axi_smc_0_sc_transaction_regulator_v1_0_12_singleorder_14
INFO: [VRFC 10-311] analyzing module SystolicCore_wrapper_axi_smc_0_sc_transaction_regulator_v1_0_12_top
INFO: [VRFC 10-311] analyzing module SystolicCore_wrapper_axi_smc_0_sc_util_v1_0_4_axi_reg_stall__parameterized0
INFO: [VRFC 10-311] analyzing module SystolicCore_wrapper_axi_smc_0_sc_util_v1_0_4_axi_reg_stall__parameterized0_15
INFO: [VRFC 10-311] analyzing module SystolicCore_wrapper_axi_smc_0_sc_util_v1_0_4_axic_reg_srl_fifo
INFO: [VRFC 10-311] analyzing module SystolicCore_wrapper_axi_smc_0_sc_util_v1_0_4_counter__parameterized0
INFO: [VRFC 10-311] analyzing module SystolicCore_wrapper_axi_smc_0_sc_util_v1_0_4_counter__parameterized0_8
INFO: [VRFC 10-311] analyzing module SystolicCore_wrapper_axi_smc_0_sc_util_v1_0_4_counter__parameterized1
INFO: [VRFC 10-311] analyzing module SystolicCore_wrapper_axi_smc_0_sc_util_v1_0_4_counter__parameterized1_12
INFO: [VRFC 10-311] analyzing module SystolicCore_wrapper_axi_smc_0_sc_util_v1_0_4_counter__parameterized1_3
INFO: [VRFC 10-311] analyzing module SystolicCore_wrapper_axi_smc_0_sc_util_v1_0_4_counter__parameterized1_4
INFO: [VRFC 10-311] analyzing module SystolicCore_wrapper_axi_smc_0_sc_util_v1_0_4_counter__parameterized1_6
INFO: [VRFC 10-311] analyzing module SystolicCore_wrapper_axi_smc_0_sc_util_v1_0_4_counter__parameterized2
INFO: [VRFC 10-311] analyzing module SystolicCore_wrapper_axi_smc_0_sc_util_v1_0_4_counter__parameterized2_1
INFO: [VRFC 10-311] analyzing module SystolicCore_wrapper_axi_smc_0_sc_util_v1_0_4_counter__parameterized3
INFO: [VRFC 10-311] analyzing module SystolicCore_wrapper_axi_smc_0_sc_util_v1_0_4_mux
INFO: [VRFC 10-311] analyzing module SystolicCore_wrapper_axi_smc_0_sc_util_v1_0_4_mux_13
INFO: [VRFC 10-311] analyzing module SystolicCore_wrapper_axi_smc_0_sc_util_v1_0_4_mux__parameterized3
INFO: [VRFC 10-311] analyzing module SystolicCore_wrapper_axi_smc_0_sc_util_v1_0_4_srl_rtl
INFO: [VRFC 10-311] analyzing module SystolicCore_wrapper_axi_smc_0_sc_util_v1_0_4_xpm_memory_fifo
INFO: [VRFC 10-311] analyzing module ram_dual_port_blk_mem_gen_generic_cstr_lib_work_renamed0_ram_0
INFO: [VRFC 10-311] analyzing module ram_dual_port_blk_mem_gen_generic_cstr_lib_work_renamed9_ram_0
INFO: [VRFC 10-311] analyzing module ram_dual_port_blk_mem_gen_prim_width_lib_work_renamed0_ram_0
INFO: [VRFC 10-311] analyzing module ram_dual_port_blk_mem_gen_prim_width_lib_work_renamed9_ram_0
INFO: [VRFC 10-311] analyzing module ram_dual_port_blk_mem_gen_prim_width__parameterized0_lib_work_renamed0_ram_0
INFO: [VRFC 10-311] analyzing module ram_dual_port_blk_mem_gen_prim_width__parameterized0_lib_work_renamed9_ram_0
INFO: [VRFC 10-311] analyzing module ram_dual_port_blk_mem_gen_prim_wrapper_lib_work_renamed0_ram_0
INFO: [VRFC 10-311] analyzing module ram_dual_port_blk_mem_gen_prim_wrapper_lib_work_renamed9_ram_0
INFO: [VRFC 10-311] analyzing module ram_dual_port_blk_mem_gen_prim_wrapper__parameterized0_lib_work_renamed0_ram_0
INFO: [VRFC 10-311] analyzing module ram_dual_port_blk_mem_gen_prim_wrapper__parameterized0_lib_work_renamed9_ram_0
INFO: [VRFC 10-311] analyzing module ram_dual_port_blk_mem_gen_top_lib_work_renamed0_ram_0
INFO: [VRFC 10-311] analyzing module ram_dual_port_blk_mem_gen_top_lib_work_renamed9_ram_0
INFO: [VRFC 10-311] analyzing module ram_dual_port_blk_mem_gen_v8_4_12_lib_work_renamed0_ram_0
INFO: [VRFC 10-311] analyzing module ram_dual_port_blk_mem_gen_v8_4_12_lib_work_renamed9_ram_0
INFO: [VRFC 10-311] analyzing module ram_dual_port_blk_mem_gen_v8_4_12_synth_lib_work_renamed0_ram_0
INFO: [VRFC 10-311] analyzing module ram_dual_port_blk_mem_gen_v8_4_12_synth_lib_work_renamed9_ram_0
INFO: [VRFC 10-311] analyzing module glbl
INFO: [VRFC 10-2263] Analyzing Verilog file "/home/xmen/Videos/RustDesk/SystolicCore/SystolicCore/rtl/AXI_Stream_Systolic_Core.v" into library xil_defaultlib
INFO: [VRFC 10-311] analyzing module AXI_Stream_Systolic_Core
INFO: [VRFC 10-2263] Analyzing SystemVerilog file "/home/xmen/Videos/RustDesk/SystolicCore/SystolicCore/rtl/SystolicControlUnit.sv" into library xil_defaultlib
INFO: [VRFC 10-311] analyzing module systolicControlUnitTop
INFO: [VRFC 10-2263] Analyzing SystemVerilog file "/home/xmen/Videos/RustDesk/SystolicCore/SystolicCore/rtl/SystolicCore.sv" into library xil_defaultlib
INFO: [VRFC 10-311] analyzing module SystolicCoreTop
WARNING: [VRFC 10-8772] attribute 'dont_touch' is already specified; last one will take precedence [/home/xmen/Videos/RustDesk/SystolicCore/SystolicCore/rtl/SystolicCore.sv:230]
INFO: [VRFC 10-2263] Analyzing SystemVerilog file "/home/xmen/Videos/RustDesk/SystolicCore/SystolicCore/rtl/accumulator.sv" into library xil_defaultlib
INFO: [VRFC 10-311] analyzing module accumulator_cells
INFO: [VRFC 10-2263] Analyzing SystemVerilog file "/home/xmen/Videos/RustDesk/SystolicCore/SystolicCore/rtl/mem2serial.sv" into library xil_defaultlib
INFO: [VRFC 10-311] analyzing module mem2seriala
INFO: [VRFC 10-2263] Analyzing SystemVerilog file "/home/xmen/Videos/RustDesk/SystolicCore/SystolicCore/rtl/serial2mem.sv" into library xil_defaultlib
INFO: [VRFC 10-311] analyzing module serial2mem
INFO: [VRFC 10-2263] Analyzing SystemVerilog file "/home/xmen/Videos/RustDesk/SystolicCore/SystolicCore/rtl/systolicMatrixMultiply.sv" into library xil_defaultlib
INFO: [VRFC 10-311] analyzing module systolicMatrixMultiply
INFO: [VRFC 10-2263] Analyzing SystemVerilog file "/home/xmen/Videos/RustDesk/SystolicCore/SystolicCore/tb/tb_fpga.sv" into library xil_defaultlib
INFO: [VRFC 10-311] analyzing module tb
WARNING: [VRFC 10-8658] /* is inside a comment [/home/xmen/Videos/RustDesk/SystolicCore/SystolicCore/tb/tb_fpga.sv:63]
