
*** Running vivado
    with args -log SystolicCore_AXI_Stream_Systolic_1_0.vds -m64 -product Vivado -mode batch -messageDb vivado.pb -notrace -source SystolicCore_AXI_Stream_Systolic_1_0.tcl


****** Vivado v2025.2 (64-bit)
  **** SW Build 6299465 on Fri Nov 14 12:34:56 MST 2025
  **** IP Build 6300035 on Fri Nov 14 10:48:45 MST 2025
  **** SharedData Build 6298862 on Thu Nov 13 04:50:51 MST 2025
  **** Start of session at: Tue Feb  3 02:25:40 2026
    ** Copyright 1986-2022 Xilinx, Inc. All Rights Reserved.
    ** Copyright 2022-2025 Advanced Micro Devices, Inc. All Rights Reserved.

source SystolicCore_AXI_Stream_Systolic_1_0.tcl -notrace
INFO: [IP_Flow 19-234] Refreshing IP repositories
INFO: [IP_Flow 19-1704] No user IP repositories specified
INFO: [IP_Flow 19-2313] Loaded Vivado IP repository '/home/xmen/Music/2025.2/data/ip'.
Command: synth_design -top SystolicCore_AXI_Stream_Systolic_1_0 -part xczu7ev-ffvc1156-2-e -incremental_mode off -mode out_of_context
Starting synth_design
Attempting to get a license for feature 'Synthesis' and/or device 'xczu7ev'
INFO: [Common 17-349] Got license for feature 'Synthesis' and/or device 'xczu7ev'
INFO: [Device 21-403] Loading part xczu7ev-ffvc1156-2-e
INFO: [Synth 8-7079] Multithreading enabled for synth_design using a maximum of 7 processes.
INFO: [Synth 8-7078] Launching helper process for spawning children vivado processes
INFO: [Synth 8-7075] Helper process launched with PID 3472299
---------------------------------------------------------------------------------
Starting RTL Elaboration : Time (s): cpu = 00:00:02 ; elapsed = 00:00:02 . Memory (MB): peak = 3178.285 ; gain = 147.688 ; free physical = 659 ; free virtual = 29180
---------------------------------------------------------------------------------
INFO: [Synth 8-11241] undeclared symbol 'uart_clock', assumed default net type 'wire' [/home/xmen/Videos/RustDesk/SystolicCore/SystolicCore/rtl/SystolicCore.sv:154]
INFO: [Synth 8-11241] undeclared symbol 'uart_nreset', assumed default net type 'wire' [/home/xmen/Videos/RustDesk/SystolicCore/SystolicCore/rtl/SystolicCore.sv:163]
WARNING: [Synth 8-10507] attribute 'dont_touch' is already specified; last one will take precedence [/home/xmen/Videos/RustDesk/SystolicCore/SystolicCore/rtl/SystolicCore.sv:243]
INFO: [Synth 8-6157] synthesizing module 'SystolicCore_AXI_Stream_Systolic_1_0' [/home/xmen/Videos/RustDesk/SystolicCore/SystolicCore/Zynq_Systolic_Core_AXI_FIFO_Stream/Zynq_Systolic_Core_AXI_FIFO_Stream.gen/sources_1/bd/SystolicCore/ip/SystolicCore_AXI_Stream_Systolic_1_0/synth/SystolicCore_AXI_Stream_Systolic_1_0.v:53]
INFO: [Synth 8-6157] synthesizing module 'AXI_Stream_Systolic_Core' [/home/xmen/Videos/RustDesk/SystolicCore/SystolicCore/rtl/AXI_Stream_Systolic_Core.v:23]
	Parameter BYTESIZES bound to: 8 - type: integer 
	Parameter WIDTHx bound to: 4 - type: integer 
	Parameter SIZE bound to: 16 - type: integer 
	Parameter WIDTH bound to: 8 - type: integer 
INFO: [Synth 8-6157] synthesizing module 'SystolicCoreTop' [/home/xmen/Videos/RustDesk/SystolicCore/SystolicCore/rtl/SystolicCore.sv:23]
	Parameter BYTESIZES bound to: 8 - type: integer 
	Parameter WIDTHx bound to: 4 - type: integer 
	Parameter SIZE bound to: 16 - type: integer 
	Parameter WIDTH bound to: 8 - type: integer 
INFO: [Synth 8-6157] synthesizing module 'systolicMatrixMultiply' [/home/xmen/Videos/RustDesk/SystolicCore/SystolicCore/rtl/systolicMatrixMultiply.sv:12]
	Parameter WIDTH bound to: 8 - type: integer 
	Parameter SIZE bound to: 16 - type: integer 
	Parameter WIDTHx bound to: 4 - type: integer 
INFO: [Synth 8-6157] synthesizing module 'accumulator_cells' [/home/xmen/Videos/RustDesk/SystolicCore/SystolicCore/rtl/accumulator.sv:13]
	Parameter WIDTH bound to: 8 - type: integer 
	Parameter WIDTHx bound to: 4 - type: integer 
INFO: [Synth 8-6155] done synthesizing module 'accumulator_cells' (0#1) [/home/xmen/Videos/RustDesk/SystolicCore/SystolicCore/rtl/accumulator.sv:13]
WARNING: [Synth 8-324] index 16 out of range [/home/xmen/Videos/RustDesk/SystolicCore/SystolicCore/rtl/systolicMatrixMultiply.sv:55]
WARNING: [Synth 8-324] index 16 out of range [/home/xmen/Videos/RustDesk/SystolicCore/SystolicCore/rtl/systolicMatrixMultiply.sv:55]
WARNING: [Synth 8-324] index 16 out of range [/home/xmen/Videos/RustDesk/SystolicCore/SystolicCore/rtl/systolicMatrixMultiply.sv:55]
WARNING: [Synth 8-324] index 16 out of range [/home/xmen/Videos/RustDesk/SystolicCore/SystolicCore/rtl/systolicMatrixMultiply.sv:55]
WARNING: [Synth 8-324] index 16 out of range [/home/xmen/Videos/RustDesk/SystolicCore/SystolicCore/rtl/systolicMatrixMultiply.sv:55]
WARNING: [Synth 8-324] index 16 out of range [/home/xmen/Videos/RustDesk/SystolicCore/SystolicCore/rtl/systolicMatrixMultiply.sv:55]
WARNING: [Synth 8-324] index 16 out of range [/home/xmen/Videos/RustDesk/SystolicCore/SystolicCore/rtl/systolicMatrixMultiply.sv:55]
WARNING: [Synth 8-324] index 16 out of range [/home/xmen/Videos/RustDesk/SystolicCore/SystolicCore/rtl/systolicMatrixMultiply.sv:55]
WARNING: [Synth 8-324] index 16 out of range [/home/xmen/Videos/RustDesk/SystolicCore/SystolicCore/rtl/systolicMatrixMultiply.sv:55]
WARNING: [Synth 8-324] index 16 out of range [/home/xmen/Videos/RustDesk/SystolicCore/SystolicCore/rtl/systolicMatrixMultiply.sv:55]
WARNING: [Synth 8-324] index 16 out of range [/home/xmen/Videos/RustDesk/SystolicCore/SystolicCore/rtl/systolicMatrixMultiply.sv:55]
WARNING: [Synth 8-324] index 16 out of range [/home/xmen/Videos/RustDesk/SystolicCore/SystolicCore/rtl/systolicMatrixMultiply.sv:55]
WARNING: [Synth 8-324] index 16 out of range [/home/xmen/Videos/RustDesk/SystolicCore/SystolicCore/rtl/systolicMatrixMultiply.sv:55]
WARNING: [Synth 8-324] index 16 out of range [/home/xmen/Videos/RustDesk/SystolicCore/SystolicCore/rtl/systolicMatrixMultiply.sv:55]
WARNING: [Synth 8-324] index 16 out of range [/home/xmen/Videos/RustDesk/SystolicCore/SystolicCore/rtl/systolicMatrixMultiply.sv:55]
WARNING: [Synth 8-324] index 16 out of range [/home/xmen/Videos/RustDesk/SystolicCore/SystolicCore/rtl/systolicMatrixMultiply.sv:54]
WARNING: [Synth 8-324] index 16 out of range [/home/xmen/Videos/RustDesk/SystolicCore/SystolicCore/rtl/systolicMatrixMultiply.sv:54]
WARNING: [Synth 8-324] index 16 out of range [/home/xmen/Videos/RustDesk/SystolicCore/SystolicCore/rtl/systolicMatrixMultiply.sv:54]
WARNING: [Synth 8-324] index 16 out of range [/home/xmen/Videos/RustDesk/SystolicCore/SystolicCore/rtl/systolicMatrixMultiply.sv:54]
WARNING: [Synth 8-324] index 16 out of range [/home/xmen/Videos/RustDesk/SystolicCore/SystolicCore/rtl/systolicMatrixMultiply.sv:54]
WARNING: [Synth 8-324] index 16 out of range [/home/xmen/Videos/RustDesk/SystolicCore/SystolicCore/rtl/systolicMatrixMultiply.sv:54]
WARNING: [Synth 8-324] index 16 out of range [/home/xmen/Videos/RustDesk/SystolicCore/SystolicCore/rtl/systolicMatrixMultiply.sv:54]
WARNING: [Synth 8-324] index 16 out of range [/home/xmen/Videos/RustDesk/SystolicCore/SystolicCore/rtl/systolicMatrixMultiply.sv:54]
WARNING: [Synth 8-324] index 16 out of range [/home/xmen/Videos/RustDesk/SystolicCore/SystolicCore/rtl/systolicMatrixMultiply.sv:54]
WARNING: [Synth 8-324] index 16 out of range [/home/xmen/Videos/RustDesk/SystolicCore/SystolicCore/rtl/systolicMatrixMultiply.sv:54]
WARNING: [Synth 8-324] index 16 out of range [/home/xmen/Videos/RustDesk/SystolicCore/SystolicCore/rtl/systolicMatrixMultiply.sv:54]
WARNING: [Synth 8-324] index 16 out of range [/home/xmen/Videos/RustDesk/SystolicCore/SystolicCore/rtl/systolicMatrixMultiply.sv:54]
WARNING: [Synth 8-324] index 16 out of range [/home/xmen/Videos/RustDesk/SystolicCore/SystolicCore/rtl/systolicMatrixMultiply.sv:54]
WARNING: [Synth 8-324] index 16 out of range [/home/xmen/Videos/RustDesk/SystolicCore/SystolicCore/rtl/systolicMatrixMultiply.sv:54]
WARNING: [Synth 8-324] index 16 out of range [/home/xmen/Videos/RustDesk/SystolicCore/SystolicCore/rtl/systolicMatrixMultiply.sv:54]
WARNING: [Synth 8-324] index 16 out of range [/home/xmen/Videos/RustDesk/SystolicCore/SystolicCore/rtl/systolicMatrixMultiply.sv:54]
WARNING: [Synth 8-324] index 16 out of range [/home/xmen/Videos/RustDesk/SystolicCore/SystolicCore/rtl/systolicMatrixMultiply.sv:55]
INFO: [Synth 8-6155] done synthesizing module 'systolicMatrixMultiply' (0#1) [/home/xmen/Videos/RustDesk/SystolicCore/SystolicCore/rtl/systolicMatrixMultiply.sv:12]
INFO: [Synth 8-6157] synthesizing module 'serial2mem' [/home/xmen/Videos/RustDesk/SystolicCore/SystolicCore/rtl/serial2mem.sv:1]
	Parameter WIDTH bound to: 4 - type: integer 
	Parameter SIZE bound to: 16 - type: integer 
INFO: [Synth 8-6155] done synthesizing module 'serial2mem' (0#1) [/home/xmen/Videos/RustDesk/SystolicCore/SystolicCore/rtl/serial2mem.sv:1]
INFO: [Synth 8-6157] synthesizing module 'mem2seriala' [/home/xmen/Videos/RustDesk/SystolicCore/SystolicCore/rtl/mem2serial.sv:1]
	Parameter SIZE bound to: 16 - type: integer 
	Parameter WIDTH bound to: 8 - type: integer 
INFO: [Synth 8-6155] done synthesizing module 'mem2seriala' (0#1) [/home/xmen/Videos/RustDesk/SystolicCore/SystolicCore/rtl/mem2serial.sv:1]
INFO: [Synth 8-6157] synthesizing module 'systolicControlUnitTop' [/home/xmen/Videos/RustDesk/SystolicCore/SystolicCore/rtl/SystolicControlUnit.sv:1]
INFO: [Synth 8-226] default block is never used [/home/xmen/Videos/RustDesk/SystolicCore/SystolicCore/rtl/SystolicControlUnit.sv:114]
INFO: [Synth 8-6157] synthesizing module 'counter' [/home/xmen/Videos/RustDesk/SystolicCore/SystolicCore/rtl/counter.sv:13]
	Parameter MAX_COUNTER bound to: 32 - type: integer 
INFO: [Synth 8-6155] done synthesizing module 'counter' (0#1) [/home/xmen/Videos/RustDesk/SystolicCore/SystolicCore/rtl/counter.sv:13]
WARNING: [Synth 8-689] width (33) of port connection 'counter' does not match port width (32) of module 'counter' [/home/xmen/Videos/RustDesk/SystolicCore/SystolicCore/rtl/SystolicControlUnit.sv:275]
WARNING: [Synth 8-689] width (33) of port connection 'counter' does not match port width (32) of module 'counter' [/home/xmen/Videos/RustDesk/SystolicCore/SystolicCore/rtl/SystolicControlUnit.sv:286]
WARNING: [Synth 8-689] width (33) of port connection 'counter' does not match port width (32) of module 'counter' [/home/xmen/Videos/RustDesk/SystolicCore/SystolicCore/rtl/SystolicControlUnit.sv:295]
WARNING: [Synth 8-689] width (33) of port connection 'counter' does not match port width (32) of module 'counter' [/home/xmen/Videos/RustDesk/SystolicCore/SystolicCore/rtl/SystolicControlUnit.sv:304]
WARNING: [Synth 8-689] width (33) of port connection 'counter' does not match port width (32) of module 'counter' [/home/xmen/Videos/RustDesk/SystolicCore/SystolicCore/rtl/SystolicControlUnit.sv:314]
WARNING: [Synth 8-689] width (33) of port connection 'counter' does not match port width (32) of module 'counter' [/home/xmen/Videos/RustDesk/SystolicCore/SystolicCore/rtl/SystolicControlUnit.sv:324]
WARNING: [Synth 8-4446] all outputs are unconnected for this instance and logic may be removed [/home/xmen/Videos/RustDesk/SystolicCore/SystolicCore/rtl/SystolicControlUnit.sv:329]
INFO: [Synth 8-6157] synthesizing module 'ila_4' [/home/xmen/Videos/RustDesk/SystolicCore/SystolicCore/Zynq_Systolic_Core_AXI_FIFO_Stream/Zynq_Systolic_Core_AXI_FIFO_Stream.runs/SystolicCore_AXI_Stream_Systolic_1_0_synth_1/.Xil/Vivado-3472093-VT0144/realtime/ila_4_stub.v:6]
INFO: [Synth 8-6155] done synthesizing module 'ila_4' (0#1) [/home/xmen/Videos/RustDesk/SystolicCore/SystolicCore/Zynq_Systolic_Core_AXI_FIFO_Stream/Zynq_Systolic_Core_AXI_FIFO_Stream.runs/SystolicCore_AXI_Stream_Systolic_1_0_synth_1/.Xil/Vivado-3472093-VT0144/realtime/ila_4_stub.v:6]
WARNING: [Synth 8-689] width (33) of port connection 'probe0' does not match port width (32) of module 'ila_4' [/home/xmen/Videos/RustDesk/SystolicCore/SystolicCore/rtl/SystolicControlUnit.sv:333]
WARNING: [Synth 8-689] width (33) of port connection 'probe1' does not match port width (32) of module 'ila_4' [/home/xmen/Videos/RustDesk/SystolicCore/SystolicCore/rtl/SystolicControlUnit.sv:334]
WARNING: [Synth 8-689] width (33) of port connection 'probe2' does not match port width (32) of module 'ila_4' [/home/xmen/Videos/RustDesk/SystolicCore/SystolicCore/rtl/SystolicControlUnit.sv:335]
WARNING: [Synth 8-689] width (33) of port connection 'probe3' does not match port width (32) of module 'ila_4' [/home/xmen/Videos/RustDesk/SystolicCore/SystolicCore/rtl/SystolicControlUnit.sv:336]
WARNING: [Synth 8-689] width (33) of port connection 'probe4' does not match port width (32) of module 'ila_4' [/home/xmen/Videos/RustDesk/SystolicCore/SystolicCore/rtl/SystolicControlUnit.sv:337]
WARNING: [Synth 8-689] width (33) of port connection 'probe5' does not match port width (32) of module 'ila_4' [/home/xmen/Videos/RustDesk/SystolicCore/SystolicCore/rtl/SystolicControlUnit.sv:338]
INFO: [Synth 8-6155] done synthesizing module 'systolicControlUnitTop' (0#1) [/home/xmen/Videos/RustDesk/SystolicCore/SystolicCore/rtl/SystolicControlUnit.sv:1]
INFO: [Synth 8-6157] synthesizing module 'reg_bank' [/home/xmen/Videos/RustDesk/SystolicCore/SystolicCore/rtl/bank_reg.sv:2]
	Parameter DATA_W bound to: 4 - type: integer 
	Parameter N_LANES bound to: 16 - type: integer 
INFO: [Synth 8-6157] synthesizing module 'ffd' [/home/xmen/Videos/RustDesk/SystolicCore/SystolicCore/rtl/ffd.sv:1]
	Parameter WIDTH bound to: 4 - type: integer 
INFO: [Synth 8-6155] done synthesizing module 'ffd' (0#1) [/home/xmen/Videos/RustDesk/SystolicCore/SystolicCore/rtl/ffd.sv:1]
INFO: [Synth 8-6155] done synthesizing module 'reg_bank' (0#1) [/home/xmen/Videos/RustDesk/SystolicCore/SystolicCore/rtl/bank_reg.sv:2]
INFO: [Synth 8-6155] done synthesizing module 'SystolicCoreTop' (0#1) [/home/xmen/Videos/RustDesk/SystolicCore/SystolicCore/rtl/SystolicCore.sv:23]
WARNING: [Synth 8-689] width (32) of port connection 'uart_data_rx_out' does not match port width (8) of module 'SystolicCoreTop' [/home/xmen/Videos/RustDesk/SystolicCore/SystolicCore/rtl/AXI_Stream_Systolic_Core.v:58]
WARNING: [Synth 8-689] width (32) of port connection 'uart_data_tx_in' does not match port width (8) of module 'SystolicCoreTop' [/home/xmen/Videos/RustDesk/SystolicCore/SystolicCore/rtl/AXI_Stream_Systolic_Core.v:60]
INFO: [Synth 8-6155] done synthesizing module 'AXI_Stream_Systolic_Core' (0#1) [/home/xmen/Videos/RustDesk/SystolicCore/SystolicCore/rtl/AXI_Stream_Systolic_Core.v:23]
INFO: [Synth 8-6155] done synthesizing module 'SystolicCore_AXI_Stream_Systolic_1_0' (0#1) [/home/xmen/Videos/RustDesk/SystolicCore/SystolicCore/Zynq_Systolic_Core_AXI_FIFO_Stream/Zynq_Systolic_Core_AXI_FIFO_Stream.gen/sources_1/bd/SystolicCore/ip/SystolicCore_AXI_Stream_Systolic_1_0/synth/SystolicCore_AXI_Stream_Systolic_1_0.v:53]
WARNING: [Synth 8-6014] Unused sequential element sampling_window_debug_reg was removed.  [/home/xmen/Videos/RustDesk/SystolicCore/SystolicCore/rtl/serial2mem.sv:142]
WARNING: [Synth 8-7137] Register next_buf_data_reg in module serial2mem has both Set and reset with same priority. This may cause simulation mismatches. Consider rewriting code  [/home/xmen/Videos/RustDesk/SystolicCore/SystolicCore/rtl/serial2mem.sv:148]
WARNING: [Synth 8-7137] Register i_counter_reg in module serial2mem has both Set and reset with same priority. This may cause simulation mismatches. Consider rewriting code  [/home/xmen/Videos/RustDesk/SystolicCore/SystolicCore/rtl/serial2mem.sv:154]
WARNING: [Synth 8-7137] Register j_counter_reg in module serial2mem has both Set and reset with same priority. This may cause simulation mismatches. Consider rewriting code  [/home/xmen/Videos/RustDesk/SystolicCore/SystolicCore/rtl/serial2mem.sv:154]
INFO: [Synth 8-6071] Mark debug on the nets applies keep_hierarchy on instance 'counter_idle'. This will prevent further optimization [/home/xmen/Videos/RustDesk/SystolicCore/SystolicCore/rtl/SystolicControlUnit.sv:270]
INFO: [Synth 8-6071] Mark debug on the nets applies keep_hierarchy on instance 'contadores_de_ciclo'. This will prevent further optimization [/home/xmen/Videos/RustDesk/SystolicCore/SystolicCore/rtl/SystolicControlUnit.sv:329]
INFO: [Synth 8-6071] Mark debug on the nets applies keep_hierarchy on instance 'counter_opA'. This will prevent further optimization [/home/xmen/Videos/RustDesk/SystolicCore/SystolicCore/rtl/SystolicControlUnit.sv:281]
INFO: [Synth 8-6071] Mark debug on the nets applies keep_hierarchy on instance 'counter_opB'. This will prevent further optimization [/home/xmen/Videos/RustDesk/SystolicCore/SystolicCore/rtl/SystolicControlUnit.sv:290]
INFO: [Synth 8-6071] Mark debug on the nets applies keep_hierarchy on instance 'counter_read_mem'. This will prevent further optimization [/home/xmen/Videos/RustDesk/SystolicCore/SystolicCore/rtl/SystolicControlUnit.sv:299]
INFO: [Synth 8-6071] Mark debug on the nets applies keep_hierarchy on instance 'counter_write_mem'. This will prevent further optimization [/home/xmen/Videos/RustDesk/SystolicCore/SystolicCore/rtl/SystolicControlUnit.sv:309]
INFO: [Synth 8-6071] Mark debug on the nets applies keep_hierarchy on instance 'counter_idle_pc'. This will prevent further optimization [/home/xmen/Videos/RustDesk/SystolicCore/SystolicCore/rtl/SystolicControlUnit.sv:319]
WARNING: [Synth 8-87] always_comb on 'serial2mem_opa_rw_reg' did not result in combinational logic [/home/xmen/Videos/RustDesk/SystolicCore/SystolicCore/rtl/SystolicControlUnit.sv:79]
WARNING: [Synth 8-87] always_comb on 'serial2mem_opb_rw_reg' did not result in combinational logic [/home/xmen/Videos/RustDesk/SystolicCore/SystolicCore/rtl/SystolicControlUnit.sv:80]
WARNING: [Synth 8-87] always_comb on 'serial2mem_opa_rready_i_reg' did not result in combinational logic [/home/xmen/Videos/RustDesk/SystolicCore/SystolicCore/rtl/SystolicControlUnit.sv:81]
WARNING: [Synth 8-87] always_comb on 'serial2mem_opb_rready_i_reg' did not result in combinational logic [/home/xmen/Videos/RustDesk/SystolicCore/SystolicCore/rtl/SystolicControlUnit.sv:82]
WARNING: [Synth 8-87] always_comb on 'starting_frame_identified_reg' did not result in combinational logic [/home/xmen/Videos/RustDesk/SystolicCore/SystolicCore/rtl/SystolicControlUnit.sv:89]
WARNING: [Synth 8-6014] Unused sequential element counter1_reg was removed.  [/home/xmen/Videos/RustDesk/SystolicCore/SystolicCore/rtl/SystolicCore.sv:343]
INFO: [Synth 8-7129] Port serial2mem_opb_rvalid_o in module systolicControlUnitTop is either unconnected or has no load
INFO: [Synth 8-7129] Port serial2mem_opa_ready_o in module systolicControlUnitTop is either unconnected or has no load
INFO: [Synth 8-7129] Port s_axis_tlast in module SystolicCoreTop is either unconnected or has no load
INFO: [Synth 8-7129] Port s_axis_tdata[31] in module AXI_Stream_Systolic_Core is either unconnected or has no load
INFO: [Synth 8-7129] Port s_axis_tdata[30] in module AXI_Stream_Systolic_Core is either unconnected or has no load
INFO: [Synth 8-7129] Port s_axis_tdata[29] in module AXI_Stream_Systolic_Core is either unconnected or has no load
INFO: [Synth 8-7129] Port s_axis_tdata[28] in module AXI_Stream_Systolic_Core is either unconnected or has no load
INFO: [Synth 8-7129] Port s_axis_tdata[27] in module AXI_Stream_Systolic_Core is either unconnected or has no load
INFO: [Synth 8-7129] Port s_axis_tdata[26] in module AXI_Stream_Systolic_Core is either unconnected or has no load
INFO: [Synth 8-7129] Port s_axis_tdata[25] in module AXI_Stream_Systolic_Core is either unconnected or has no load
INFO: [Synth 8-7129] Port s_axis_tdata[24] in module AXI_Stream_Systolic_Core is either unconnected or has no load
INFO: [Synth 8-7129] Port s_axis_tdata[23] in module AXI_Stream_Systolic_Core is either unconnected or has no load
INFO: [Synth 8-7129] Port s_axis_tdata[22] in module AXI_Stream_Systolic_Core is either unconnected or has no load
INFO: [Synth 8-7129] Port s_axis_tdata[21] in module AXI_Stream_Systolic_Core is either unconnected or has no load
INFO: [Synth 8-7129] Port s_axis_tdata[20] in module AXI_Stream_Systolic_Core is either unconnected or has no load
INFO: [Synth 8-7129] Port s_axis_tdata[19] in module AXI_Stream_Systolic_Core is either unconnected or has no load
INFO: [Synth 8-7129] Port s_axis_tdata[18] in module AXI_Stream_Systolic_Core is either unconnected or has no load
INFO: [Synth 8-7129] Port s_axis_tdata[17] in module AXI_Stream_Systolic_Core is either unconnected or has no load
INFO: [Synth 8-7129] Port s_axis_tdata[16] in module AXI_Stream_Systolic_Core is either unconnected or has no load
INFO: [Synth 8-7129] Port s_axis_tdata[15] in module AXI_Stream_Systolic_Core is either unconnected or has no load
INFO: [Synth 8-7129] Port s_axis_tdata[14] in module AXI_Stream_Systolic_Core is either unconnected or has no load
INFO: [Synth 8-7129] Port s_axis_tdata[13] in module AXI_Stream_Systolic_Core is either unconnected or has no load
INFO: [Synth 8-7129] Port s_axis_tdata[12] in module AXI_Stream_Systolic_Core is either unconnected or has no load
INFO: [Synth 8-7129] Port s_axis_tdata[11] in module AXI_Stream_Systolic_Core is either unconnected or has no load
INFO: [Synth 8-7129] Port s_axis_tdata[10] in module AXI_Stream_Systolic_Core is either unconnected or has no load
INFO: [Synth 8-7129] Port s_axis_tdata[9] in module AXI_Stream_Systolic_Core is either unconnected or has no load
INFO: [Synth 8-7129] Port s_axis_tdata[8] in module AXI_Stream_Systolic_Core is either unconnected or has no load
---------------------------------------------------------------------------------
Finished RTL Elaboration : Time (s): cpu = 00:00:04 ; elapsed = 00:00:05 . Memory (MB): peak = 3347.254 ; gain = 316.656 ; free physical = 515 ; free virtual = 28534
---------------------------------------------------------------------------------
---------------------------------------------------------------------------------
Start Handling Custom Attributes
---------------------------------------------------------------------------------
---------------------------------------------------------------------------------
Finished Handling Custom Attributes : Time (s): cpu = 00:00:04 ; elapsed = 00:00:05 . Memory (MB): peak = 3347.254 ; gain = 316.656 ; free physical = 500 ; free virtual = 28519
---------------------------------------------------------------------------------
---------------------------------------------------------------------------------
Finished RTL Optimization Phase 1 : Time (s): cpu = 00:00:04 ; elapsed = 00:00:05 . Memory (MB): peak = 3347.254 ; gain = 316.656 ; free physical = 500 ; free virtual = 28519
---------------------------------------------------------------------------------
Netlist sorting complete. Time (s): cpu = 00:00:00.08 ; elapsed = 00:00:00.09 . Memory (MB): peak = 3347.254 ; gain = 0.000 ; free physical = 486 ; free virtual = 28509
INFO: [Project 1-570] Preparing netlist for logic optimization

Processing XDC Constraints
Initializing timing engine
Parsing XDC File [/home/xmen/Videos/RustDesk/SystolicCore/SystolicCore/Zynq_Systolic_Core_AXI_FIFO_Stream/Zynq_Systolic_Core_AXI_FIFO_Stream.gen/sources_1/ip/ila_4/ila_4/ila_4_in_context.xdc] for cell 'inst/SystolicCore0/systolicControlUnit_Global/contadores_de_ciclo'
Finished Parsing XDC File [/home/xmen/Videos/RustDesk/SystolicCore/SystolicCore/Zynq_Systolic_Core_AXI_FIFO_Stream/Zynq_Systolic_Core_AXI_FIFO_Stream.gen/sources_1/ip/ila_4/ila_4/ila_4_in_context.xdc] for cell 'inst/SystolicCore0/systolicControlUnit_Global/contadores_de_ciclo'
Parsing XDC File [/home/xmen/Videos/RustDesk/SystolicCore/SystolicCore/Zynq_Systolic_Core_AXI_FIFO_Stream/Zynq_Systolic_Core_AXI_FIFO_Stream.gen/sources_1/bd/SystolicCore/ip/SystolicCore_AXI_Stream_Systolic_1_0/SystolicCore_AXI_Stream_Systolic_1_0_ooc.xdc] for cell 'inst'
Finished Parsing XDC File [/home/xmen/Videos/RustDesk/SystolicCore/SystolicCore/Zynq_Systolic_Core_AXI_FIFO_Stream/Zynq_Systolic_Core_AXI_FIFO_Stream.gen/sources_1/bd/SystolicCore/ip/SystolicCore_AXI_Stream_Systolic_1_0/SystolicCore_AXI_Stream_Systolic_1_0_ooc.xdc] for cell 'inst'
Parsing XDC File [/home/xmen/Videos/RustDesk/SystolicCore/SystolicCore/Zynq_Systolic_Core_AXI_FIFO_Stream/Zynq_Systolic_Core_AXI_FIFO_Stream.runs/SystolicCore_AXI_Stream_Systolic_1_0_synth_1/dont_touch.xdc]
Finished Parsing XDC File [/home/xmen/Videos/RustDesk/SystolicCore/SystolicCore/Zynq_Systolic_Core_AXI_FIFO_Stream/Zynq_Systolic_Core_AXI_FIFO_Stream.runs/SystolicCore_AXI_Stream_Systolic_1_0_synth_1/dont_touch.xdc]
Completed Processing XDC Constraints

Netlist sorting complete. Time (s): cpu = 00:00:00 ; elapsed = 00:00:00.01 . Memory (MB): peak = 3440.492 ; gain = 0.000 ; free physical = 1010 ; free virtual = 27507
INFO: [Project 1-111] Unisim Transformation Summary:
No Unisim elements were transformed.

Constraint Validation Runtime : Time (s): cpu = 00:00:00.24 ; elapsed = 00:00:00.1 . Memory (MB): peak = 3440.527 ; gain = 0.000 ; free physical = 967 ; free virtual = 27467
INFO: [Designutils 20-5008] Incremental synthesis strategy off
---------------------------------------------------------------------------------
Finished Constraint Validation : Time (s): cpu = 00:00:12 ; elapsed = 00:00:12 . Memory (MB): peak = 3440.527 ; gain = 409.930 ; free physical = 867 ; free virtual = 26941
---------------------------------------------------------------------------------
---------------------------------------------------------------------------------
Start Loading Part and Timing Information
---------------------------------------------------------------------------------
Loading part: xczu7ev-ffvc1156-2-e
INFO: [Synth 8-6742] Reading net delay rules and data
---------------------------------------------------------------------------------
Finished Loading Part and Timing Information : Time (s): cpu = 00:00:12 ; elapsed = 00:00:12 . Memory (MB): peak = 3448.496 ; gain = 417.898 ; free physical = 865 ; free virtual = 26939
---------------------------------------------------------------------------------
---------------------------------------------------------------------------------
Start Applying 'set_property' XDC Constraints
---------------------------------------------------------------------------------
---------------------------------------------------------------------------------
Finished applying 'set_property' XDC Constraints : Time (s): cpu = 00:00:12 ; elapsed = 00:00:12 . Memory (MB): peak = 3448.496 ; gain = 417.898 ; free physical = 873 ; free virtual = 26936
---------------------------------------------------------------------------------
INFO: [Synth 8-802] inferred FSM for state register 'currentStateSystolicControlUnit_reg' in module 'systolicMatrixMultiply'
INFO: [Synth 8-802] inferred FSM for state register 'mem_fsm_reg' in module 'serial2mem'
INFO: [Synth 8-802] inferred FSM for state register 'mem2seriala_fsm_reg' in module 'mem2seriala'
---------------------------------------------------------------------------------------------------
                   State |                     New Encoding |                Previous Encoding 
---------------------------------------------------------------------------------------------------
                    IDLE |                               00 | 00000000000000000000000000000000
       LOAD_MULTI_MATRIX |                               01 | 00000000000000000000000000000001
            MULTI_MATRIX |                               10 | 00000000000000000000000000000010
                    DONE |                               11 | 00000000000000000000000000000011
---------------------------------------------------------------------------------------------------
INFO: [Synth 8-3354] encoded FSM with state register 'currentStateSystolicControlUnit_reg' using encoding 'sequential' in module 'systolicMatrixMultiply'
---------------------------------------------------------------------------------------------------
                   State |                     New Encoding |                Previous Encoding 
---------------------------------------------------------------------------------------------------
                    IDLE |                               00 | 00000000000000000000000000000000
                    READ |                               01 | 00000000000000000000000000000010
                   WRITE |                               10 | 00000000000000000000000000000001
                    DONE |                               11 | 00000000000000000000000000000011
---------------------------------------------------------------------------------------------------
INFO: [Synth 8-3354] encoded FSM with state register 'mem_fsm_reg' using encoding 'sequential' in module 'serial2mem'
---------------------------------------------------------------------------------------------------
                   State |                     New Encoding |                Previous Encoding 
---------------------------------------------------------------------------------------------------
              IDLE_INDEX |                              001 | 00000000000000000000000000000000
           COUNTER_INDEX |                              010 | 00000000000000000000000000000001
              DONE_INDEX |                              100 | 00000000000000000000000000000010
---------------------------------------------------------------------------------------------------
INFO: [Synth 8-3354] encoded FSM with state register 'mem2seriala_fsm_reg' using encoding 'one-hot' in module 'mem2seriala'
WARNING: [Synth 8-327] inferring latch for variable 'serial2mem_opa_rw_reg' [/home/xmen/Videos/RustDesk/SystolicCore/SystolicCore/rtl/SystolicControlUnit.sv:79]
WARNING: [Synth 8-327] inferring latch for variable 'serial2mem_opa_rready_i_reg' [/home/xmen/Videos/RustDesk/SystolicCore/SystolicCore/rtl/SystolicControlUnit.sv:81]
WARNING: [Synth 8-327] inferring latch for variable 'starting_frame_identified_reg' [/home/xmen/Videos/RustDesk/SystolicCore/SystolicCore/rtl/SystolicControlUnit.sv:89]
---------------------------------------------------------------------------------
Finished RTL Optimization Phase 2 : Time (s): cpu = 00:00:13 ; elapsed = 00:00:14 . Memory (MB): peak = 3448.496 ; gain = 417.898 ; free physical = 933 ; free virtual = 27041
---------------------------------------------------------------------------------
---------------------------------------------------------------------------------
Start RTL Component Statistics 
---------------------------------------------------------------------------------
Detailed RTL Component Info : 
+---Adders : 
	   2 Input   32 Bit       Adders := 10    
	   2 Input    8 Bit       Adders := 1     
	   2 Input    6 Bit       Adders := 2     
	   2 Input    4 Bit       Adders := 6     
+---Registers : 
	               64 Bit    Registers := 8     
	               32 Bit    Registers := 11    
	               16 Bit    Registers := 256   
	                8 Bit    Registers := 257   
	                6 Bit    Registers := 2     
	                4 Bit    Registers := 2020  
	                1 Bit    Registers := 1     
+---Muxes : 
	   2 Input   64 Bit        Muxes := 8     
	   2 Input   32 Bit        Muxes := 4     
	   4 Input   32 Bit        Muxes := 10    
	   2 Input    8 Bit        Muxes := 257   
	   3 Input    8 Bit        Muxes := 2     
	   4 Input    6 Bit        Muxes := 2     
	   2 Input    5 Bit        Muxes := 1     
	   2 Input    4 Bit        Muxes := 1064  
	   3 Input    4 Bit        Muxes := 3     
	   3 Input    3 Bit        Muxes := 1     
	   2 Input    3 Bit        Muxes := 5     
	   4 Input    2 Bit        Muxes := 3     
	   2 Input    2 Bit        Muxes := 16    
	   4 Input    1 Bit        Muxes := 18    
	   2 Input    1 Bit        Muxes := 567   
	   3 Input    1 Bit        Muxes := 1     
	   7 Input    1 Bit        Muxes := 11    
---------------------------------------------------------------------------------
Finished RTL Component Statistics 
---------------------------------------------------------------------------------
---------------------------------------------------------------------------------
Start Part Resource Summary
---------------------------------------------------------------------------------
Part Resources:
DSPs: 1728 (col length:144)
BRAMs: 624 (col length: RAMB18 144 RAMB36 72)
---------------------------------------------------------------------------------
Finished Part Resource Summary
---------------------------------------------------------------------------------
---------------------------------------------------------------------------------
Start Cross Boundary and Area Optimization
---------------------------------------------------------------------------------
INFO: [Synth 8-7129] Port s_axis_tdata[31] in module AXI_Stream_Systolic_Core is either unconnected or has no load
INFO: [Synth 8-7129] Port s_axis_tdata[30] in module AXI_Stream_Systolic_Core is either unconnected or has no load
INFO: [Synth 8-7129] Port s_axis_tdata[29] in module AXI_Stream_Systolic_Core is either unconnected or has no load
INFO: [Synth 8-7129] Port s_axis_tdata[28] in module AXI_Stream_Systolic_Core is either unconnected or has no load
INFO: [Synth 8-7129] Port s_axis_tdata[27] in module AXI_Stream_Systolic_Core is either unconnected or has no load
INFO: [Synth 8-7129] Port s_axis_tdata[26] in module AXI_Stream_Systolic_Core is either unconnected or has no load
INFO: [Synth 8-7129] Port s_axis_tdata[25] in module AXI_Stream_Systolic_Core is either unconnected or has no load
INFO: [Synth 8-7129] Port s_axis_tdata[24] in module AXI_Stream_Systolic_Core is either unconnected or has no load
INFO: [Synth 8-7129] Port s_axis_tdata[23] in module AXI_Stream_Systolic_Core is either unconnected or has no load
INFO: [Synth 8-7129] Port s_axis_tdata[22] in module AXI_Stream_Systolic_Core is either unconnected or has no load
INFO: [Synth 8-7129] Port s_axis_tdata[21] in module AXI_Stream_Systolic_Core is either unconnected or has no load
INFO: [Synth 8-7129] Port s_axis_tdata[20] in module AXI_Stream_Systolic_Core is either unconnected or has no load
INFO: [Synth 8-7129] Port s_axis_tdata[19] in module AXI_Stream_Systolic_Core is either unconnected or has no load
INFO: [Synth 8-7129] Port s_axis_tdata[18] in module AXI_Stream_Systolic_Core is either unconnected or has no load
INFO: [Synth 8-7129] Port s_axis_tdata[17] in module AXI_Stream_Systolic_Core is either unconnected or has no load
INFO: [Synth 8-7129] Port s_axis_tdata[16] in module AXI_Stream_Systolic_Core is either unconnected or has no load
INFO: [Synth 8-7129] Port s_axis_tdata[15] in module AXI_Stream_Systolic_Core is either unconnected or has no load
INFO: [Synth 8-7129] Port s_axis_tdata[14] in module AXI_Stream_Systolic_Core is either unconnected or has no load
INFO: [Synth 8-7129] Port s_axis_tdata[13] in module AXI_Stream_Systolic_Core is either unconnected or has no load
INFO: [Synth 8-7129] Port s_axis_tdata[12] in module AXI_Stream_Systolic_Core is either unconnected or has no load
INFO: [Synth 8-7129] Port s_axis_tdata[11] in module AXI_Stream_Systolic_Core is either unconnected or has no load
INFO: [Synth 8-7129] Port s_axis_tdata[10] in module AXI_Stream_Systolic_Core is either unconnected or has no load
INFO: [Synth 8-7129] Port s_axis_tdata[9] in module AXI_Stream_Systolic_Core is either unconnected or has no load
INFO: [Synth 8-7129] Port s_axis_tdata[8] in module AXI_Stream_Systolic_Core is either unconnected or has no load
INFO: [Synth 8-7129] Port s_axis_tlast in module AXI_Stream_Systolic_Core is either unconnected or has no load
---------------------------------------------------------------------------------
Finished Cross Boundary and Area Optimization : Time (s): cpu = 00:00:37 ; elapsed = 00:00:38 . Memory (MB): peak = 3659.027 ; gain = 628.430 ; free physical = 1103 ; free virtual = 27397
---------------------------------------------------------------------------------
---------------------------------------------------------------------------------
Start Applying XDC Timing Constraints
---------------------------------------------------------------------------------
---------------------------------------------------------------------------------
Finished Applying XDC Timing Constraints : Time (s): cpu = 00:00:42 ; elapsed = 00:00:43 . Memory (MB): peak = 4088.566 ; gain = 1057.969 ; free physical = 495 ; free virtual = 26490
---------------------------------------------------------------------------------
---------------------------------------------------------------------------------
Start Timing Optimization
---------------------------------------------------------------------------------
---------------------------------------------------------------------------------
Finished Timing Optimization : Time (s): cpu = 00:01:09 ; elapsed = 00:01:11 . Memory (MB): peak = 4521.973 ; gain = 1491.375 ; free physical = 503 ; free virtual = 25169
---------------------------------------------------------------------------------
---------------------------------------------------------------------------------
Start Technology Mapping
---------------------------------------------------------------------------------
---------------------------------------------------------------------------------
Finished Technology Mapping : Time (s): cpu = 00:01:13 ; elapsed = 00:01:14 . Memory (MB): peak = 4563.973 ; gain = 1533.375 ; free physical = 456 ; free virtual = 24952
---------------------------------------------------------------------------------
---------------------------------------------------------------------------------
Start IO Insertion
---------------------------------------------------------------------------------
---------------------------------------------------------------------------------
Start Flattening Before IO Insertion
---------------------------------------------------------------------------------
---------------------------------------------------------------------------------
Finished Flattening Before IO Insertion
---------------------------------------------------------------------------------
---------------------------------------------------------------------------------
Start Final Netlist Cleanup
---------------------------------------------------------------------------------
---------------------------------------------------------------------------------
Finished Final Netlist Cleanup
---------------------------------------------------------------------------------
---------------------------------------------------------------------------------
Finished IO Insertion : Time (s): cpu = 00:01:15 ; elapsed = 00:01:16 . Memory (MB): peak = 4563.973 ; gain = 1533.375 ; free physical = 433 ; free virtual = 24955
---------------------------------------------------------------------------------
---------------------------------------------------------------------------------
Start Renaming Generated Instances
---------------------------------------------------------------------------------
---------------------------------------------------------------------------------
Finished Renaming Generated Instances : Time (s): cpu = 00:01:15 ; elapsed = 00:01:17 . Memory (MB): peak = 4563.973 ; gain = 1533.375 ; free physical = 433 ; free virtual = 24955
---------------------------------------------------------------------------------
---------------------------------------------------------------------------------
Start Rebuilding User Hierarchy
---------------------------------------------------------------------------------
---------------------------------------------------------------------------------
Finished Rebuilding User Hierarchy : Time (s): cpu = 00:01:16 ; elapsed = 00:01:17 . Memory (MB): peak = 4563.973 ; gain = 1533.375 ; free physical = 414 ; free virtual = 24955
---------------------------------------------------------------------------------
---------------------------------------------------------------------------------
Start Renaming Generated Ports
---------------------------------------------------------------------------------
---------------------------------------------------------------------------------
Finished Renaming Generated Ports : Time (s): cpu = 00:01:16 ; elapsed = 00:01:18 . Memory (MB): peak = 4563.973 ; gain = 1533.375 ; free physical = 414 ; free virtual = 24955
---------------------------------------------------------------------------------
---------------------------------------------------------------------------------
Start Handling Custom Attributes
---------------------------------------------------------------------------------
---------------------------------------------------------------------------------
Finished Handling Custom Attributes : Time (s): cpu = 00:01:16 ; elapsed = 00:01:18 . Memory (MB): peak = 4563.973 ; gain = 1533.375 ; free physical = 414 ; free virtual = 24955
---------------------------------------------------------------------------------
---------------------------------------------------------------------------------
Start Renaming Generated Nets
---------------------------------------------------------------------------------
---------------------------------------------------------------------------------
Finished Renaming Generated Nets : Time (s): cpu = 00:01:16 ; elapsed = 00:01:18 . Memory (MB): peak = 4563.973 ; gain = 1533.375 ; free physical = 414 ; free virtual = 24955
---------------------------------------------------------------------------------
---------------------------------------------------------------------------------
Start Writing Synthesis Report
---------------------------------------------------------------------------------

Report BlackBoxes: 
+------+--------------+----------+
|      |BlackBox name |Instances |
+------+--------------+----------+
|1     |ila_4         |         1|
+------+--------------+----------+

Report Cell Usage: 
+------+-------+------+
|      |Cell   |Count |
+------+-------+------+
|1     |ila    |     1|
|2     |CARRY8 |   300|
|3     |LUT1   |  2071|
|4     |LUT2   |  3741|
|5     |LUT3   |   422|
|6     |LUT4   |   916|
|7     |LUT5   |  1270|
|8     |LUT6   |  6543|
|9     |MUXF7  |   664|
|10    |MUXF8  |   260|
|11    |FDCE   |  9874|
|12    |FDPE   |     1|
|13    |FDRE   |   164|
|14    |LD     |     3|
+------+-------+------+
---------------------------------------------------------------------------------
Finished Writing Synthesis Report : Time (s): cpu = 00:01:16 ; elapsed = 00:01:18 . Memory (MB): peak = 4563.973 ; gain = 1533.375 ; free physical = 414 ; free virtual = 24955
---------------------------------------------------------------------------------
Synthesis finished with 0 errors, 0 critical warnings and 3 warnings.
Synthesis Optimization Runtime : Time (s): cpu = 00:01:11 ; elapsed = 00:01:13 . Memory (MB): peak = 4563.973 ; gain = 1440.102 ; free physical = 505 ; free virtual = 25027
Synthesis Optimization Complete : Time (s): cpu = 00:01:16 ; elapsed = 00:01:18 . Memory (MB): peak = 4563.973 ; gain = 1533.375 ; free physical = 504 ; free virtual = 25028
INFO: [Project 1-571] Translating synthesized netlist
Netlist sorting complete. Time (s): cpu = 00:00:00.11 ; elapsed = 00:00:00.1 . Memory (MB): peak = 4563.973 ; gain = 0.000 ; free physical = 959 ; free virtual = 25529
INFO: [Netlist 29-17] Analyzing 1227 Unisim elements for replacement
INFO: [Netlist 29-28] Unisim Transformation completed in 0 CPU seconds
INFO: [Project 1-570] Preparing netlist for logic optimization
INFO: [Opt 31-138] Pushed 0 inverter(s) to 0 load pin(s).
Netlist sorting complete. Time (s): cpu = 00:00:00 ; elapsed = 00:00:00 . Memory (MB): peak = 4563.973 ; gain = 0.000 ; free physical = 949 ; free virtual = 25545
INFO: [Project 1-111] Unisim Transformation Summary:
  A total of 3 instances were transformed.
  LD => LDCE: 3 instances

Synth Design complete | Checksum: bcca9fe7
INFO: [Common 17-83] Releasing license: Synthesis
111 Infos, 61 Warnings, 0 Critical Warnings and 0 Errors encountered.
synth_design completed successfully
synth_design: Time (s): cpu = 00:01:25 ; elapsed = 00:01:25 . Memory (MB): peak = 4563.973 ; gain = 2687.992 ; free physical = 949 ; free virtual = 25545
INFO: [Common 17-2834] synth_design peak Physical Memory [PSS] (MB): overall = 3410.414; main = 3266.482; forked = 220.646
INFO: [Common 17-2834] synth_design peak Virtual Memory [VSS] (MB): overall = 6162.984; main = 4546.316; forked = 1641.008
INFO: [Coretcl 2-1174] Renamed 512 cell refs.
Write ShapeDB Complete: Time (s): cpu = 00:00:00.04 ; elapsed = 00:00:00.01 . Memory (MB): peak = 4570.324 ; gain = 0.000 ; free physical = 934 ; free virtual = 25546
INFO: [Common 17-1381] The checkpoint '/home/xmen/Videos/RustDesk/SystolicCore/SystolicCore/Zynq_Systolic_Core_AXI_FIFO_Stream/Zynq_Systolic_Core_AXI_FIFO_Stream.runs/SystolicCore_AXI_Stream_Systolic_1_0_synth_1/SystolicCore_AXI_Stream_Systolic_1_0.dcp' has been generated.
INFO: [Vivado 12-24828] Executing command : report_utilization -file SystolicCore_AXI_Stream_Systolic_1_0_utilization_synth.rpt -pb SystolicCore_AXI_Stream_Systolic_1_0_utilization_synth.pb
INFO: [Common 17-206] Exiting Vivado at Tue Feb  3 02:27:10 2026...
