#-----------------------------------------------------------
# Vivado v2025.2 (64-bit)
# SW Build 6299465 on Fri Nov 14 12:34:56 MST 2025
# IP Build 6300035 on Fri Nov 14 10:48:45 MST 2025
# SharedData Build 6298862 on Thu Nov 13 04:50:51 MST 2025
# Start of session at: Wed Dec 24 23:47:52 2025
# Process ID         : 480641
# Current directory  : /home/xmen/Videos/SystolicCore/SystolicCore/SystolicCore.runs/ram_dual_port_synth_1
# Command line       : vivado -log ram_dual_port.vds -product Vivado -mode batch -messageDb vivado.pb -notrace -source ram_dual_port.tcl
# Log file           : /home/xmen/Videos/SystolicCore/SystolicCore/SystolicCore.runs/ram_dual_port_synth_1/ram_dual_port.vds
# Journal file       : /home/xmen/Videos/SystolicCore/SystolicCore/SystolicCore.runs/ram_dual_port_synth_1/vivado.jou
# Running On         : VT0144
# Platform           : Rocky
# Operating System   : Rocky Linux release 8.10 (Green Obsidian)
# Processor Detail   : Intel(R) Core(TM) i9-14900F
# CPU Frequency      : 2000.000 MHz
# CPU Physical cores : 24
# CPU Logical cores  : 32
# Host memory        : 67075 MB
# Swap memory        : 14727 MB
# Total Virtual      : 81802 MB
# Available Virtual  : 52673 MB
#-----------------------------------------------------------
source ram_dual_port.tcl -notrace
