Vivado Simulator v2025.1.0
Copyright 1986-2022 Xilinx, Inc. All Rights Reserved.
Copyright 2022-2025 Advanced Micro Devices, Inc. All Rights Reserved.
Running: /home/xmen/amd/2025.1/Vivado/bin/unwrapped/lnx64.o/xelab --incr --debug typical --relax --mt 8 -L xil_defaultlib -L uvm -L unisims_ver -L secureip --snapshot tb_func_impl xil_defaultlib.tb xil_defaultlib.glbl -log elaborate.log 
Using 8 slave threads.
Starting static elaboration
Pass Through NonSizing Optimizer
WARNING: [VRFC 10-2861] module 'uart_top' does not have a parameter named BYTESIZS [/home/xmen/Desktop/compara/analise/SystolicMatrixMultiplication/tb/tb_fpga.sv:26]
ERROR: [VRFC 10-3180] cannot find port 'uart_txd_in_IBUF' on this module [/home/xmen/Desktop/compara/analise/SystolicMatrixMultiplication/project_1/project_1.sim/sim_1/impl/func/xsim/tb_func_impl.v:373]
ERROR: [VRFC 10-3180] cannot find port 'uart_rxd_out_OBUF' on this module [/home/xmen/Desktop/compara/analise/SystolicMatrixMultiplication/project_1/project_1.sim/sim_1/impl/func/xsim/tb_func_impl.v:372]
ERROR: [VRFC 10-3180] cannot find port 'sdata_tx_out_reg_1' on this module [/home/xmen/Desktop/compara/analise/SystolicMatrixMultiplication/project_1/project_1.sim/sim_1/impl/func/xsim/tb_func_impl.v:371]
ERROR: [VRFC 10-3180] cannot find port 'sdata_tx_out_reg_0' on this module [/home/xmen/Desktop/compara/analise/SystolicMatrixMultiplication/project_1/project_1.sim/sim_1/impl/func/xsim/tb_func_impl.v:370]
ERROR: [VRFC 10-3180] cannot find port 'sdata_tx_out_reg' on this module [/home/xmen/Desktop/compara/analise/SystolicMatrixMultiplication/project_1/project_1.sim/sim_1/impl/func/xsim/tb_func_impl.v:369]
ERROR: [VRFC 10-3180] cannot find port 'sdata_tx_out_i_2' on this module [/home/xmen/Desktop/compara/analise/SystolicMatrixMultiplication/project_1/project_1.sim/sim_1/impl/func/xsim/tb_func_impl.v:368]
ERROR: [VRFC 10-3180] cannot find port 'mem_opb_rw' on this module [/home/xmen/Desktop/compara/analise/SystolicMatrixMultiplication/project_1/project_1.sim/sim_1/impl/func/xsim/tb_func_impl.v:367]
ERROR: [VRFC 10-3180] cannot find port 'mem_opb_clock' on this module [/home/xmen/Desktop/compara/analise/SystolicMatrixMultiplication/project_1/project_1.sim/sim_1/impl/func/xsim/tb_func_impl.v:366]
ERROR: [VRFC 10-3180] cannot find port 'mem2serial_valid_i' on this module [/home/xmen/Desktop/compara/analise/SystolicMatrixMultiplication/project_1/project_1.sim/sim_1/impl/func/xsim/tb_func_impl.v:365]
ERROR: [VRFC 10-3180] cannot find port '\data_rx_out_reg[7] ' on this module [/home/xmen/Desktop/compara/analise/SystolicMatrixMultiplication/project_1/project_1.sim/sim_1/impl/func/xsim/tb_func_impl.v:364]
ERROR: [VRFC 10-3180] cannot find port 'clock_IBUF_BUFG' on this module [/home/xmen/Desktop/compara/analise/SystolicMatrixMultiplication/project_1/project_1.sim/sim_1/impl/func/xsim/tb_func_impl.v:363]
ERROR: [VRFC 10-3180] cannot find port 'clock_IBUF' on this module [/home/xmen/Desktop/compara/analise/SystolicMatrixMultiplication/project_1/project_1.sim/sim_1/impl/func/xsim/tb_func_impl.v:362]
ERROR: [VRFC 10-3180] cannot find port 'btn_IBUF' on this module [/home/xmen/Desktop/compara/analise/SystolicMatrixMultiplication/project_1/project_1.sim/sim_1/impl/func/xsim/tb_func_impl.v:361]
ERROR: [VRFC 10-3180] cannot find port 'Q' on this module [/home/xmen/Desktop/compara/analise/SystolicMatrixMultiplication/project_1/project_1.sim/sim_1/impl/func/xsim/tb_func_impl.v:360]
ERROR: [VRFC 10-8530] module 'uart_rx(COUNTER_CLOCK_INPUT=100000000,CLOCK_REF=10000000)' is ignored due to previous errors [/home/xmen/Desktop/compara/analise/SystolicMatrixMultiplication/rtl/uart/rtl/uart_rx.sv:13]
ERROR: [VRFC 10-8530] module 'uart_tx(COUNTER_CLOCK_INPUT=100000000,CLOCK_REF=10000000)' is ignored due to previous errors [/home/xmen/Desktop/compara/analise/SystolicMatrixMultiplication/rtl/uart/rtl/uart_tx.sv:14]
ERROR: [VRFC 10-8530] module 'FDPE_default' is ignored due to previous errors [/proj/xbuilds/SWIP/2025.1_0521_0003/installs/lin64/2025.1/data/verilog/src/unisims/FDPE.v:28]
ERROR: [VRFC 10-8530] module 'baudRateGenerator(BAUDRATE=115200,OVERSAMPLING=16,CLOCK_INPUT=100000000,CLOCK_REF=10000000)' is ignored due to previous errors [/home/xmen/Desktop/compara/analise/SystolicMatrixMultiplication/rtl/uart/rtl/baud_rate.sv:13]
ERROR: [VRFC 10-8530] module 'FDRE_default' is ignored due to previous errors [/proj/xbuilds/SWIP/2025.1_0521_0003/installs/lin64/2025.1/data/verilog/src/unisims/FDRE.v:27]
INFO: [VRFC 10-10021] Sorry, too many errors..
ERROR: [XSIM 43-3322] Static elaboration of top level Verilog design unit(s) in library work failed.
