
*** Running vivado
    with args -log design_1_zynq_ultra_ps_e_0_0.vds -m64 -product Vivado -mode batch -messageDb vivado.pb -notrace -source design_1_zynq_ultra_ps_e_0_0.tcl


****** Vivado v2025.2 (64-bit)
  **** SW Build 6299465 on Fri Nov 14 12:34:56 MST 2025
  **** IP Build 6300035 on Fri Nov 14 10:48:45 MST 2025
  **** SharedData Build 6298862 on Thu Nov 13 04:50:51 MST 2025
  **** Start of session at: Thu Jan  1 22:40:42 2026
    ** Copyright 1986-2022 Xilinx, Inc. All Rights Reserved.
    ** Copyright 2022-2025 Advanced Micro Devices, Inc. All Rights Reserved.

source design_1_zynq_ultra_ps_e_0_0.tcl -notrace
Command: synth_design -top design_1_zynq_ultra_ps_e_0_0 -part xczu7ev-ffvc1156-2-e -incremental_mode off -mode out_of_context
Starting synth_design
Attempting to get a license for feature 'Synthesis' and/or device 'xczu7ev'
INFO: [Common 17-349] Got license for feature 'Synthesis' and/or device 'xczu7ev'
INFO: [Device 21-403] Loading part xczu7ev-ffvc1156-2-e
INFO: [Synth 8-7079] Multithreading enabled for synth_design using a maximum of 7 processes.
INFO: [Synth 8-7078] Launching helper process for spawning children vivado processes
INFO: [Synth 8-7075] Helper process launched with PID 146542
---------------------------------------------------------------------------------
Starting RTL Elaboration : Time (s): cpu = 00:00:02 ; elapsed = 00:00:02 . Memory (MB): peak = 3169.988 ; gain = 147.688 ; free physical = 6952 ; free virtual = 58752
---------------------------------------------------------------------------------
INFO: [Synth 8-11241] undeclared symbol 'dp_audi_ref_clk', assumed default net type 'wire' [/home/xmen/Videos/RustDesk/SystolicCore/SystolicCore/Ethernet_ps/Ethernet_ps.gen/sources_1/bd/design_1/ip/design_1_zynq_ultra_ps_e_0_0/hdl/zynq_ultra_ps_e_v3_5_8.v:2507]
INFO: [Synth 8-6157] synthesizing module 'design_1_zynq_ultra_ps_e_0_0' [/home/xmen/Videos/RustDesk/SystolicCore/SystolicCore/Ethernet_ps/Ethernet_ps.gen/sources_1/bd/design_1/ip/design_1_zynq_ultra_ps_e_0_0/synth/design_1_zynq_ultra_ps_e_0_0.v:53]
INFO: [Synth 8-6157] synthesizing module 'zynq_ultra_ps_e_v3_5_8_zynq_ultra_ps_e' [/home/xmen/Videos/RustDesk/SystolicCore/SystolicCore/Ethernet_ps/Ethernet_ps.gen/sources_1/bd/design_1/ip/design_1_zynq_ultra_ps_e_0_0/hdl/zynq_ultra_ps_e_v3_5_8.v:68]
INFO: [Synth 8-6157] synthesizing module 'BUFG_PS' [/home/xmen/Music/2025.2/Vivado/scripts/rt/data/unisim_comp.v:2914]
INFO: [Synth 8-6155] done synthesizing module 'BUFG_PS' (0#1) [/home/xmen/Music/2025.2/Vivado/scripts/rt/data/unisim_comp.v:2914]
INFO: [Synth 8-6157] synthesizing module 'PS8' [/home/xmen/Music/2025.2/Vivado/scripts/rt/data/unisim_comp.v:141540]
INFO: [Synth 8-6155] done synthesizing module 'PS8' (0#1) [/home/xmen/Music/2025.2/Vivado/scripts/rt/data/unisim_comp.v:141540]
WARNING: [Synth 8-689] width (5) of port connection 'EMIOSDIO0DATAIN' does not match port width (8) of module 'PS8' [/home/xmen/Videos/RustDesk/SystolicCore/SystolicCore/Ethernet_ps/Ethernet_ps.gen/sources_1/bd/design_1/ip/design_1_zynq_ultra_ps_e_0_0/hdl/zynq_ultra_ps_e_v3_5_8.v:4691]
WARNING: [Synth 8-689] width (5) of port connection 'EMIOSDIO0DATAOUT' does not match port width (8) of module 'PS8' [/home/xmen/Videos/RustDesk/SystolicCore/SystolicCore/Ethernet_ps/Ethernet_ps.gen/sources_1/bd/design_1/ip/design_1_zynq_ultra_ps_e_0_0/hdl/zynq_ultra_ps_e_v3_5_8.v:4692]
WARNING: [Synth 8-689] width (5) of port connection 'EMIOSDIO0DATAENA' does not match port width (8) of module 'PS8' [/home/xmen/Videos/RustDesk/SystolicCore/SystolicCore/Ethernet_ps/Ethernet_ps.gen/sources_1/bd/design_1/ip/design_1_zynq_ultra_ps_e_0_0/hdl/zynq_ultra_ps_e_v3_5_8.v:4693]
WARNING: [Synth 8-7071] port 'PSS_ALTO_CORE_PAD_MGTTXN0OUT' of module 'PS8' is unconnected for instance 'PS8_i' [/home/xmen/Videos/RustDesk/SystolicCore/SystolicCore/Ethernet_ps/Ethernet_ps.gen/sources_1/bd/design_1/ip/design_1_zynq_ultra_ps_e_0_0/hdl/zynq_ultra_ps_e_v3_5_8.v:3882]
WARNING: [Synth 8-7071] port 'PSS_ALTO_CORE_PAD_MGTTXN1OUT' of module 'PS8' is unconnected for instance 'PS8_i' [/home/xmen/Videos/RustDesk/SystolicCore/SystolicCore/Ethernet_ps/Ethernet_ps.gen/sources_1/bd/design_1/ip/design_1_zynq_ultra_ps_e_0_0/hdl/zynq_ultra_ps_e_v3_5_8.v:3882]
WARNING: [Synth 8-7071] port 'PSS_ALTO_CORE_PAD_MGTTXN2OUT' of module 'PS8' is unconnected for instance 'PS8_i' [/home/xmen/Videos/RustDesk/SystolicCore/SystolicCore/Ethernet_ps/Ethernet_ps.gen/sources_1/bd/design_1/ip/design_1_zynq_ultra_ps_e_0_0/hdl/zynq_ultra_ps_e_v3_5_8.v:3882]
WARNING: [Synth 8-7071] port 'PSS_ALTO_CORE_PAD_MGTTXN3OUT' of module 'PS8' is unconnected for instance 'PS8_i' [/home/xmen/Videos/RustDesk/SystolicCore/SystolicCore/Ethernet_ps/Ethernet_ps.gen/sources_1/bd/design_1/ip/design_1_zynq_ultra_ps_e_0_0/hdl/zynq_ultra_ps_e_v3_5_8.v:3882]
WARNING: [Synth 8-7071] port 'PSS_ALTO_CORE_PAD_MGTTXP0OUT' of module 'PS8' is unconnected for instance 'PS8_i' [/home/xmen/Videos/RustDesk/SystolicCore/SystolicCore/Ethernet_ps/Ethernet_ps.gen/sources_1/bd/design_1/ip/design_1_zynq_ultra_ps_e_0_0/hdl/zynq_ultra_ps_e_v3_5_8.v:3882]
WARNING: [Synth 8-7071] port 'PSS_ALTO_CORE_PAD_MGTTXP1OUT' of module 'PS8' is unconnected for instance 'PS8_i' [/home/xmen/Videos/RustDesk/SystolicCore/SystolicCore/Ethernet_ps/Ethernet_ps.gen/sources_1/bd/design_1/ip/design_1_zynq_ultra_ps_e_0_0/hdl/zynq_ultra_ps_e_v3_5_8.v:3882]
WARNING: [Synth 8-7071] port 'PSS_ALTO_CORE_PAD_MGTTXP2OUT' of module 'PS8' is unconnected for instance 'PS8_i' [/home/xmen/Videos/RustDesk/SystolicCore/SystolicCore/Ethernet_ps/Ethernet_ps.gen/sources_1/bd/design_1/ip/design_1_zynq_ultra_ps_e_0_0/hdl/zynq_ultra_ps_e_v3_5_8.v:3882]
WARNING: [Synth 8-7071] port 'PSS_ALTO_CORE_PAD_MGTTXP3OUT' of module 'PS8' is unconnected for instance 'PS8_i' [/home/xmen/Videos/RustDesk/SystolicCore/SystolicCore/Ethernet_ps/Ethernet_ps.gen/sources_1/bd/design_1/ip/design_1_zynq_ultra_ps_e_0_0/hdl/zynq_ultra_ps_e_v3_5_8.v:3882]
WARNING: [Synth 8-7071] port 'PSS_ALTO_CORE_PAD_PADO' of module 'PS8' is unconnected for instance 'PS8_i' [/home/xmen/Videos/RustDesk/SystolicCore/SystolicCore/Ethernet_ps/Ethernet_ps.gen/sources_1/bd/design_1/ip/design_1_zynq_ultra_ps_e_0_0/hdl/zynq_ultra_ps_e_v3_5_8.v:3882]
WARNING: [Synth 8-7071] port 'PSS_ALTO_CORE_PAD_BOOTMODE' of module 'PS8' is unconnected for instance 'PS8_i' [/home/xmen/Videos/RustDesk/SystolicCore/SystolicCore/Ethernet_ps/Ethernet_ps.gen/sources_1/bd/design_1/ip/design_1_zynq_ultra_ps_e_0_0/hdl/zynq_ultra_ps_e_v3_5_8.v:3882]
WARNING: [Synth 8-7071] port 'PSS_ALTO_CORE_PAD_CLK' of module 'PS8' is unconnected for instance 'PS8_i' [/home/xmen/Videos/RustDesk/SystolicCore/SystolicCore/Ethernet_ps/Ethernet_ps.gen/sources_1/bd/design_1/ip/design_1_zynq_ultra_ps_e_0_0/hdl/zynq_ultra_ps_e_v3_5_8.v:3882]
WARNING: [Synth 8-7071] port 'PSS_ALTO_CORE_PAD_DONEB' of module 'PS8' is unconnected for instance 'PS8_i' [/home/xmen/Videos/RustDesk/SystolicCore/SystolicCore/Ethernet_ps/Ethernet_ps.gen/sources_1/bd/design_1/ip/design_1_zynq_ultra_ps_e_0_0/hdl/zynq_ultra_ps_e_v3_5_8.v:3882]
WARNING: [Synth 8-7071] port 'PSS_ALTO_CORE_PAD_DRAMA' of module 'PS8' is unconnected for instance 'PS8_i' [/home/xmen/Videos/RustDesk/SystolicCore/SystolicCore/Ethernet_ps/Ethernet_ps.gen/sources_1/bd/design_1/ip/design_1_zynq_ultra_ps_e_0_0/hdl/zynq_ultra_ps_e_v3_5_8.v:3882]
WARNING: [Synth 8-7071] port 'PSS_ALTO_CORE_PAD_DRAMACTN' of module 'PS8' is unconnected for instance 'PS8_i' [/home/xmen/Videos/RustDesk/SystolicCore/SystolicCore/Ethernet_ps/Ethernet_ps.gen/sources_1/bd/design_1/ip/design_1_zynq_ultra_ps_e_0_0/hdl/zynq_ultra_ps_e_v3_5_8.v:3882]
WARNING: [Synth 8-7071] port 'PSS_ALTO_CORE_PAD_DRAMALERTN' of module 'PS8' is unconnected for instance 'PS8_i' [/home/xmen/Videos/RustDesk/SystolicCore/SystolicCore/Ethernet_ps/Ethernet_ps.gen/sources_1/bd/design_1/ip/design_1_zynq_ultra_ps_e_0_0/hdl/zynq_ultra_ps_e_v3_5_8.v:3882]
WARNING: [Synth 8-7071] port 'PSS_ALTO_CORE_PAD_DRAMBA' of module 'PS8' is unconnected for instance 'PS8_i' [/home/xmen/Videos/RustDesk/SystolicCore/SystolicCore/Ethernet_ps/Ethernet_ps.gen/sources_1/bd/design_1/ip/design_1_zynq_ultra_ps_e_0_0/hdl/zynq_ultra_ps_e_v3_5_8.v:3882]
WARNING: [Synth 8-7071] port 'PSS_ALTO_CORE_PAD_DRAMBG' of module 'PS8' is unconnected for instance 'PS8_i' [/home/xmen/Videos/RustDesk/SystolicCore/SystolicCore/Ethernet_ps/Ethernet_ps.gen/sources_1/bd/design_1/ip/design_1_zynq_ultra_ps_e_0_0/hdl/zynq_ultra_ps_e_v3_5_8.v:3882]
WARNING: [Synth 8-7071] port 'PSS_ALTO_CORE_PAD_DRAMCK' of module 'PS8' is unconnected for instance 'PS8_i' [/home/xmen/Videos/RustDesk/SystolicCore/SystolicCore/Ethernet_ps/Ethernet_ps.gen/sources_1/bd/design_1/ip/design_1_zynq_ultra_ps_e_0_0/hdl/zynq_ultra_ps_e_v3_5_8.v:3882]
WARNING: [Synth 8-7071] port 'PSS_ALTO_CORE_PAD_DRAMCKE' of module 'PS8' is unconnected for instance 'PS8_i' [/home/xmen/Videos/RustDesk/SystolicCore/SystolicCore/Ethernet_ps/Ethernet_ps.gen/sources_1/bd/design_1/ip/design_1_zynq_ultra_ps_e_0_0/hdl/zynq_ultra_ps_e_v3_5_8.v:3882]
WARNING: [Synth 8-7071] port 'PSS_ALTO_CORE_PAD_DRAMCKN' of module 'PS8' is unconnected for instance 'PS8_i' [/home/xmen/Videos/RustDesk/SystolicCore/SystolicCore/Ethernet_ps/Ethernet_ps.gen/sources_1/bd/design_1/ip/design_1_zynq_ultra_ps_e_0_0/hdl/zynq_ultra_ps_e_v3_5_8.v:3882]
WARNING: [Synth 8-7071] port 'PSS_ALTO_CORE_PAD_DRAMCSN' of module 'PS8' is unconnected for instance 'PS8_i' [/home/xmen/Videos/RustDesk/SystolicCore/SystolicCore/Ethernet_ps/Ethernet_ps.gen/sources_1/bd/design_1/ip/design_1_zynq_ultra_ps_e_0_0/hdl/zynq_ultra_ps_e_v3_5_8.v:3882]
WARNING: [Synth 8-7071] port 'PSS_ALTO_CORE_PAD_DRAMDM' of module 'PS8' is unconnected for instance 'PS8_i' [/home/xmen/Videos/RustDesk/SystolicCore/SystolicCore/Ethernet_ps/Ethernet_ps.gen/sources_1/bd/design_1/ip/design_1_zynq_ultra_ps_e_0_0/hdl/zynq_ultra_ps_e_v3_5_8.v:3882]
WARNING: [Synth 8-7071] port 'PSS_ALTO_CORE_PAD_DRAMDQ' of module 'PS8' is unconnected for instance 'PS8_i' [/home/xmen/Videos/RustDesk/SystolicCore/SystolicCore/Ethernet_ps/Ethernet_ps.gen/sources_1/bd/design_1/ip/design_1_zynq_ultra_ps_e_0_0/hdl/zynq_ultra_ps_e_v3_5_8.v:3882]
WARNING: [Synth 8-7071] port 'PSS_ALTO_CORE_PAD_DRAMDQS' of module 'PS8' is unconnected for instance 'PS8_i' [/home/xmen/Videos/RustDesk/SystolicCore/SystolicCore/Ethernet_ps/Ethernet_ps.gen/sources_1/bd/design_1/ip/design_1_zynq_ultra_ps_e_0_0/hdl/zynq_ultra_ps_e_v3_5_8.v:3882]
WARNING: [Synth 8-7071] port 'PSS_ALTO_CORE_PAD_DRAMDQSN' of module 'PS8' is unconnected for instance 'PS8_i' [/home/xmen/Videos/RustDesk/SystolicCore/SystolicCore/Ethernet_ps/Ethernet_ps.gen/sources_1/bd/design_1/ip/design_1_zynq_ultra_ps_e_0_0/hdl/zynq_ultra_ps_e_v3_5_8.v:3882]
WARNING: [Synth 8-7071] port 'PSS_ALTO_CORE_PAD_DRAMODT' of module 'PS8' is unconnected for instance 'PS8_i' [/home/xmen/Videos/RustDesk/SystolicCore/SystolicCore/Ethernet_ps/Ethernet_ps.gen/sources_1/bd/design_1/ip/design_1_zynq_ultra_ps_e_0_0/hdl/zynq_ultra_ps_e_v3_5_8.v:3882]
WARNING: [Synth 8-7071] port 'PSS_ALTO_CORE_PAD_DRAMPARITY' of module 'PS8' is unconnected for instance 'PS8_i' [/home/xmen/Videos/RustDesk/SystolicCore/SystolicCore/Ethernet_ps/Ethernet_ps.gen/sources_1/bd/design_1/ip/design_1_zynq_ultra_ps_e_0_0/hdl/zynq_ultra_ps_e_v3_5_8.v:3882]
WARNING: [Synth 8-7071] port 'PSS_ALTO_CORE_PAD_DRAMRAMRSTN' of module 'PS8' is unconnected for instance 'PS8_i' [/home/xmen/Videos/RustDesk/SystolicCore/SystolicCore/Ethernet_ps/Ethernet_ps.gen/sources_1/bd/design_1/ip/design_1_zynq_ultra_ps_e_0_0/hdl/zynq_ultra_ps_e_v3_5_8.v:3882]
WARNING: [Synth 8-7071] port 'PSS_ALTO_CORE_PAD_ERROROUT' of module 'PS8' is unconnected for instance 'PS8_i' [/home/xmen/Videos/RustDesk/SystolicCore/SystolicCore/Ethernet_ps/Ethernet_ps.gen/sources_1/bd/design_1/ip/design_1_zynq_ultra_ps_e_0_0/hdl/zynq_ultra_ps_e_v3_5_8.v:3882]
WARNING: [Synth 8-7071] port 'PSS_ALTO_CORE_PAD_ERRORSTATUS' of module 'PS8' is unconnected for instance 'PS8_i' [/home/xmen/Videos/RustDesk/SystolicCore/SystolicCore/Ethernet_ps/Ethernet_ps.gen/sources_1/bd/design_1/ip/design_1_zynq_ultra_ps_e_0_0/hdl/zynq_ultra_ps_e_v3_5_8.v:3882]
WARNING: [Synth 8-7071] port 'PSS_ALTO_CORE_PAD_INITB' of module 'PS8' is unconnected for instance 'PS8_i' [/home/xmen/Videos/RustDesk/SystolicCore/SystolicCore/Ethernet_ps/Ethernet_ps.gen/sources_1/bd/design_1/ip/design_1_zynq_ultra_ps_e_0_0/hdl/zynq_ultra_ps_e_v3_5_8.v:3882]
WARNING: [Synth 8-7071] port 'PSS_ALTO_CORE_PAD_JTAGTCK' of module 'PS8' is unconnected for instance 'PS8_i' [/home/xmen/Videos/RustDesk/SystolicCore/SystolicCore/Ethernet_ps/Ethernet_ps.gen/sources_1/bd/design_1/ip/design_1_zynq_ultra_ps_e_0_0/hdl/zynq_ultra_ps_e_v3_5_8.v:3882]
WARNING: [Synth 8-7071] port 'PSS_ALTO_CORE_PAD_JTAGTDI' of module 'PS8' is unconnected for instance 'PS8_i' [/home/xmen/Videos/RustDesk/SystolicCore/SystolicCore/Ethernet_ps/Ethernet_ps.gen/sources_1/bd/design_1/ip/design_1_zynq_ultra_ps_e_0_0/hdl/zynq_ultra_ps_e_v3_5_8.v:3882]
WARNING: [Synth 8-7071] port 'PSS_ALTO_CORE_PAD_JTAGTDO' of module 'PS8' is unconnected for instance 'PS8_i' [/home/xmen/Videos/RustDesk/SystolicCore/SystolicCore/Ethernet_ps/Ethernet_ps.gen/sources_1/bd/design_1/ip/design_1_zynq_ultra_ps_e_0_0/hdl/zynq_ultra_ps_e_v3_5_8.v:3882]
WARNING: [Synth 8-7071] port 'PSS_ALTO_CORE_PAD_JTAGTMS' of module 'PS8' is unconnected for instance 'PS8_i' [/home/xmen/Videos/RustDesk/SystolicCore/SystolicCore/Ethernet_ps/Ethernet_ps.gen/sources_1/bd/design_1/ip/design_1_zynq_ultra_ps_e_0_0/hdl/zynq_ultra_ps_e_v3_5_8.v:3882]
WARNING: [Synth 8-7071] port 'PSS_ALTO_CORE_PAD_MIO' of module 'PS8' is unconnected for instance 'PS8_i' [/home/xmen/Videos/RustDesk/SystolicCore/SystolicCore/Ethernet_ps/Ethernet_ps.gen/sources_1/bd/design_1/ip/design_1_zynq_ultra_ps_e_0_0/hdl/zynq_ultra_ps_e_v3_5_8.v:3882]
WARNING: [Synth 8-7071] port 'PSS_ALTO_CORE_PAD_PORB' of module 'PS8' is unconnected for instance 'PS8_i' [/home/xmen/Videos/RustDesk/SystolicCore/SystolicCore/Ethernet_ps/Ethernet_ps.gen/sources_1/bd/design_1/ip/design_1_zynq_ultra_ps_e_0_0/hdl/zynq_ultra_ps_e_v3_5_8.v:3882]
WARNING: [Synth 8-7071] port 'PSS_ALTO_CORE_PAD_PROGB' of module 'PS8' is unconnected for instance 'PS8_i' [/home/xmen/Videos/RustDesk/SystolicCore/SystolicCore/Ethernet_ps/Ethernet_ps.gen/sources_1/bd/design_1/ip/design_1_zynq_ultra_ps_e_0_0/hdl/zynq_ultra_ps_e_v3_5_8.v:3882]
WARNING: [Synth 8-7071] port 'PSS_ALTO_CORE_PAD_RCALIBINOUT' of module 'PS8' is unconnected for instance 'PS8_i' [/home/xmen/Videos/RustDesk/SystolicCore/SystolicCore/Ethernet_ps/Ethernet_ps.gen/sources_1/bd/design_1/ip/design_1_zynq_ultra_ps_e_0_0/hdl/zynq_ultra_ps_e_v3_5_8.v:3882]
WARNING: [Synth 8-7071] port 'PSS_ALTO_CORE_PAD_SRSTB' of module 'PS8' is unconnected for instance 'PS8_i' [/home/xmen/Videos/RustDesk/SystolicCore/SystolicCore/Ethernet_ps/Ethernet_ps.gen/sources_1/bd/design_1/ip/design_1_zynq_ultra_ps_e_0_0/hdl/zynq_ultra_ps_e_v3_5_8.v:3882]
WARNING: [Synth 8-7071] port 'PSS_ALTO_CORE_PAD_ZQ' of module 'PS8' is unconnected for instance 'PS8_i' [/home/xmen/Videos/RustDesk/SystolicCore/SystolicCore/Ethernet_ps/Ethernet_ps.gen/sources_1/bd/design_1/ip/design_1_zynq_ultra_ps_e_0_0/hdl/zynq_ultra_ps_e_v3_5_8.v:3882]
WARNING: [Synth 8-7071] port 'PSS_ALTO_CORE_PAD_MGTRXN0IN' of module 'PS8' is unconnected for instance 'PS8_i' [/home/xmen/Videos/RustDesk/SystolicCore/SystolicCore/Ethernet_ps/Ethernet_ps.gen/sources_1/bd/design_1/ip/design_1_zynq_ultra_ps_e_0_0/hdl/zynq_ultra_ps_e_v3_5_8.v:3882]
WARNING: [Synth 8-7071] port 'PSS_ALTO_CORE_PAD_MGTRXN1IN' of module 'PS8' is unconnected for instance 'PS8_i' [/home/xmen/Videos/RustDesk/SystolicCore/SystolicCore/Ethernet_ps/Ethernet_ps.gen/sources_1/bd/design_1/ip/design_1_zynq_ultra_ps_e_0_0/hdl/zynq_ultra_ps_e_v3_5_8.v:3882]
WARNING: [Synth 8-7071] port 'PSS_ALTO_CORE_PAD_MGTRXN2IN' of module 'PS8' is unconnected for instance 'PS8_i' [/home/xmen/Videos/RustDesk/SystolicCore/SystolicCore/Ethernet_ps/Ethernet_ps.gen/sources_1/bd/design_1/ip/design_1_zynq_ultra_ps_e_0_0/hdl/zynq_ultra_ps_e_v3_5_8.v:3882]
WARNING: [Synth 8-7071] port 'PSS_ALTO_CORE_PAD_MGTRXN3IN' of module 'PS8' is unconnected for instance 'PS8_i' [/home/xmen/Videos/RustDesk/SystolicCore/SystolicCore/Ethernet_ps/Ethernet_ps.gen/sources_1/bd/design_1/ip/design_1_zynq_ultra_ps_e_0_0/hdl/zynq_ultra_ps_e_v3_5_8.v:3882]
WARNING: [Synth 8-7071] port 'PSS_ALTO_CORE_PAD_MGTRXP0IN' of module 'PS8' is unconnected for instance 'PS8_i' [/home/xmen/Videos/RustDesk/SystolicCore/SystolicCore/Ethernet_ps/Ethernet_ps.gen/sources_1/bd/design_1/ip/design_1_zynq_ultra_ps_e_0_0/hdl/zynq_ultra_ps_e_v3_5_8.v:3882]
WARNING: [Synth 8-7071] port 'PSS_ALTO_CORE_PAD_MGTRXP1IN' of module 'PS8' is unconnected for instance 'PS8_i' [/home/xmen/Videos/RustDesk/SystolicCore/SystolicCore/Ethernet_ps/Ethernet_ps.gen/sources_1/bd/design_1/ip/design_1_zynq_ultra_ps_e_0_0/hdl/zynq_ultra_ps_e_v3_5_8.v:3882]
WARNING: [Synth 8-7071] port 'PSS_ALTO_CORE_PAD_MGTRXP2IN' of module 'PS8' is unconnected for instance 'PS8_i' [/home/xmen/Videos/RustDesk/SystolicCore/SystolicCore/Ethernet_ps/Ethernet_ps.gen/sources_1/bd/design_1/ip/design_1_zynq_ultra_ps_e_0_0/hdl/zynq_ultra_ps_e_v3_5_8.v:3882]
WARNING: [Synth 8-7071] port 'PSS_ALTO_CORE_PAD_MGTRXP3IN' of module 'PS8' is unconnected for instance 'PS8_i' [/home/xmen/Videos/RustDesk/SystolicCore/SystolicCore/Ethernet_ps/Ethernet_ps.gen/sources_1/bd/design_1/ip/design_1_zynq_ultra_ps_e_0_0/hdl/zynq_ultra_ps_e_v3_5_8.v:3882]
WARNING: [Synth 8-7071] port 'PSS_ALTO_CORE_PAD_PADI' of module 'PS8' is unconnected for instance 'PS8_i' [/home/xmen/Videos/RustDesk/SystolicCore/SystolicCore/Ethernet_ps/Ethernet_ps.gen/sources_1/bd/design_1/ip/design_1_zynq_ultra_ps_e_0_0/hdl/zynq_ultra_ps_e_v3_5_8.v:3882]
WARNING: [Synth 8-7071] port 'PSS_ALTO_CORE_PAD_REFN0IN' of module 'PS8' is unconnected for instance 'PS8_i' [/home/xmen/Videos/RustDesk/SystolicCore/SystolicCore/Ethernet_ps/Ethernet_ps.gen/sources_1/bd/design_1/ip/design_1_zynq_ultra_ps_e_0_0/hdl/zynq_ultra_ps_e_v3_5_8.v:3882]
WARNING: [Synth 8-7071] port 'PSS_ALTO_CORE_PAD_REFN1IN' of module 'PS8' is unconnected for instance 'PS8_i' [/home/xmen/Videos/RustDesk/SystolicCore/SystolicCore/Ethernet_ps/Ethernet_ps.gen/sources_1/bd/design_1/ip/design_1_zynq_ultra_ps_e_0_0/hdl/zynq_ultra_ps_e_v3_5_8.v:3882]
WARNING: [Synth 8-7071] port 'PSS_ALTO_CORE_PAD_REFN2IN' of module 'PS8' is unconnected for instance 'PS8_i' [/home/xmen/Videos/RustDesk/SystolicCore/SystolicCore/Ethernet_ps/Ethernet_ps.gen/sources_1/bd/design_1/ip/design_1_zynq_ultra_ps_e_0_0/hdl/zynq_ultra_ps_e_v3_5_8.v:3882]
WARNING: [Synth 8-7071] port 'PSS_ALTO_CORE_PAD_REFN3IN' of module 'PS8' is unconnected for instance 'PS8_i' [/home/xmen/Videos/RustDesk/SystolicCore/SystolicCore/Ethernet_ps/Ethernet_ps.gen/sources_1/bd/design_1/ip/design_1_zynq_ultra_ps_e_0_0/hdl/zynq_ultra_ps_e_v3_5_8.v:3882]
WARNING: [Synth 8-7071] port 'PSS_ALTO_CORE_PAD_REFP0IN' of module 'PS8' is unconnected for instance 'PS8_i' [/home/xmen/Videos/RustDesk/SystolicCore/SystolicCore/Ethernet_ps/Ethernet_ps.gen/sources_1/bd/design_1/ip/design_1_zynq_ultra_ps_e_0_0/hdl/zynq_ultra_ps_e_v3_5_8.v:3882]
WARNING: [Synth 8-7071] port 'PSS_ALTO_CORE_PAD_REFP1IN' of module 'PS8' is unconnected for instance 'PS8_i' [/home/xmen/Videos/RustDesk/SystolicCore/SystolicCore/Ethernet_ps/Ethernet_ps.gen/sources_1/bd/design_1/ip/design_1_zynq_ultra_ps_e_0_0/hdl/zynq_ultra_ps_e_v3_5_8.v:3882]
WARNING: [Synth 8-7071] port 'PSS_ALTO_CORE_PAD_REFP2IN' of module 'PS8' is unconnected for instance 'PS8_i' [/home/xmen/Videos/RustDesk/SystolicCore/SystolicCore/Ethernet_ps/Ethernet_ps.gen/sources_1/bd/design_1/ip/design_1_zynq_ultra_ps_e_0_0/hdl/zynq_ultra_ps_e_v3_5_8.v:3882]
WARNING: [Synth 8-7071] port 'PSS_ALTO_CORE_PAD_REFP3IN' of module 'PS8' is unconnected for instance 'PS8_i' [/home/xmen/Videos/RustDesk/SystolicCore/SystolicCore/Ethernet_ps/Ethernet_ps.gen/sources_1/bd/design_1/ip/design_1_zynq_ultra_ps_e_0_0/hdl/zynq_ultra_ps_e_v3_5_8.v:3882]
WARNING: [Synth 8-7023] instance 'PS8_i' of module 'PS8' has 1015 connections declared, but only 957 given [/home/xmen/Videos/RustDesk/SystolicCore/SystolicCore/Ethernet_ps/Ethernet_ps.gen/sources_1/bd/design_1/ip/design_1_zynq_ultra_ps_e_0_0/hdl/zynq_ultra_ps_e_v3_5_8.v:3882]
INFO: [Synth 8-6155] done synthesizing module 'zynq_ultra_ps_e_v3_5_8_zynq_ultra_ps_e' (0#1) [/home/xmen/Videos/RustDesk/SystolicCore/SystolicCore/Ethernet_ps/Ethernet_ps.gen/sources_1/bd/design_1/ip/design_1_zynq_ultra_ps_e_0_0/hdl/zynq_ultra_ps_e_v3_5_8.v:68]
INFO: [Synth 8-7071] port 'emio_enet0_signal_detect' of module 'zynq_ultra_ps_e_v3_5_8_zynq_ultra_ps_e' is unconnected for instance 'inst' [/home/xmen/Videos/RustDesk/SystolicCore/SystolicCore/Ethernet_ps/Ethernet_ps.gen/sources_1/bd/design_1/ip/design_1_zynq_ultra_ps_e_0_0/synth/design_1_zynq_ultra_ps_e_0_0.v:236]
INFO: [Synth 8-7071] port 'emio_enet1_signal_detect' of module 'zynq_ultra_ps_e_v3_5_8_zynq_ultra_ps_e' is unconnected for instance 'inst' [/home/xmen/Videos/RustDesk/SystolicCore/SystolicCore/Ethernet_ps/Ethernet_ps.gen/sources_1/bd/design_1/ip/design_1_zynq_ultra_ps_e_0_0/synth/design_1_zynq_ultra_ps_e_0_0.v:236]
INFO: [Synth 8-7071] port 'emio_enet2_signal_detect' of module 'zynq_ultra_ps_e_v3_5_8_zynq_ultra_ps_e' is unconnected for instance 'inst' [/home/xmen/Videos/RustDesk/SystolicCore/SystolicCore/Ethernet_ps/Ethernet_ps.gen/sources_1/bd/design_1/ip/design_1_zynq_ultra_ps_e_0_0/synth/design_1_zynq_ultra_ps_e_0_0.v:236]
INFO: [Synth 8-7071] port 'emio_enet3_signal_detect' of module 'zynq_ultra_ps_e_v3_5_8_zynq_ultra_ps_e' is unconnected for instance 'inst' [/home/xmen/Videos/RustDesk/SystolicCore/SystolicCore/Ethernet_ps/Ethernet_ps.gen/sources_1/bd/design_1/ip/design_1_zynq_ultra_ps_e_0_0/synth/design_1_zynq_ultra_ps_e_0_0.v:236]
INFO: [Synth 8-7023] instance 'inst' of module 'zynq_ultra_ps_e_v3_5_8_zynq_ultra_ps_e' has 1493 connections declared, but only 1489 given [/home/xmen/Videos/RustDesk/SystolicCore/SystolicCore/Ethernet_ps/Ethernet_ps.gen/sources_1/bd/design_1/ip/design_1_zynq_ultra_ps_e_0_0/synth/design_1_zynq_ultra_ps_e_0_0.v:236]
INFO: [Synth 8-6155] done synthesizing module 'design_1_zynq_ultra_ps_e_0_0' (0#1) [/home/xmen/Videos/RustDesk/SystolicCore/SystolicCore/Ethernet_ps/Ethernet_ps.gen/sources_1/bd/design_1/ip/design_1_zynq_ultra_ps_e_0_0/synth/design_1_zynq_ultra_ps_e_0_0.v:53]
WARNING: [Synth 8-3848] Net dp_audio_ref_clk in module/entity zynq_ultra_ps_e_v3_5_8_zynq_ultra_ps_e does not have driver. [/home/xmen/Videos/RustDesk/SystolicCore/SystolicCore/Ethernet_ps/Ethernet_ps.gen/sources_1/bd/design_1/ip/design_1_zynq_ultra_ps_e_0_0/hdl/zynq_ultra_ps_e_v3_5_8.v:376]
WARNING: [Synth 8-3848] Net irq_ipi_pl_0 in module/entity zynq_ultra_ps_e_v3_5_8_zynq_ultra_ps_e does not have driver. [/home/xmen/Videos/RustDesk/SystolicCore/SystolicCore/Ethernet_ps/Ethernet_ps.gen/sources_1/bd/design_1/ip/design_1_zynq_ultra_ps_e_0_0/hdl/zynq_ultra_ps_e_v3_5_8.v:1396]
WARNING: [Synth 8-3848] Net irq_ipi_pl_1 in module/entity zynq_ultra_ps_e_v3_5_8_zynq_ultra_ps_e does not have driver. [/home/xmen/Videos/RustDesk/SystolicCore/SystolicCore/Ethernet_ps/Ethernet_ps.gen/sources_1/bd/design_1/ip/design_1_zynq_ultra_ps_e_0_0/hdl/zynq_ultra_ps_e_v3_5_8.v:1397]
WARNING: [Synth 8-3848] Net irq_ipi_pl_2 in module/entity zynq_ultra_ps_e_v3_5_8_zynq_ultra_ps_e does not have driver. [/home/xmen/Videos/RustDesk/SystolicCore/SystolicCore/Ethernet_ps/Ethernet_ps.gen/sources_1/bd/design_1/ip/design_1_zynq_ultra_ps_e_0_0/hdl/zynq_ultra_ps_e_v3_5_8.v:1398]
WARNING: [Synth 8-3848] Net irq_ipi_pl_3 in module/entity zynq_ultra_ps_e_v3_5_8_zynq_ultra_ps_e does not have driver. [/home/xmen/Videos/RustDesk/SystolicCore/SystolicCore/Ethernet_ps/Ethernet_ps.gen/sources_1/bd/design_1/ip/design_1_zynq_ultra_ps_e_0_0/hdl/zynq_ultra_ps_e_v3_5_8.v:1399]
WARNING: [Synth 8-3848] Net ps_pl_irq_usb3_0_otg in module/entity zynq_ultra_ps_e_v3_5_8_zynq_ultra_ps_e does not have driver. [/home/xmen/Videos/RustDesk/SystolicCore/SystolicCore/Ethernet_ps/Ethernet_ps.gen/sources_1/bd/design_1/ip/design_1_zynq_ultra_ps_e_0_0/hdl/zynq_ultra_ps_e_v3_5_8.v:1471]
WARNING: [Synth 8-3848] Net ps_pl_irq_usb3_1_otg in module/entity zynq_ultra_ps_e_v3_5_8_zynq_ultra_ps_e does not have driver. [/home/xmen/Videos/RustDesk/SystolicCore/SystolicCore/Ethernet_ps/Ethernet_ps.gen/sources_1/bd/design_1/ip/design_1_zynq_ultra_ps_e_0_0/hdl/zynq_ultra_ps_e_v3_5_8.v:1473]
INFO: [Synth 8-7129] Port dp_audio_ref_clk in module zynq_ultra_ps_e_v3_5_8_zynq_ultra_ps_e is either unconnected or has no load
INFO: [Synth 8-7129] Port irq_ipi_pl_0 in module zynq_ultra_ps_e_v3_5_8_zynq_ultra_ps_e is either unconnected or has no load
INFO: [Synth 8-7129] Port irq_ipi_pl_1 in module zynq_ultra_ps_e_v3_5_8_zynq_ultra_ps_e is either unconnected or has no load
INFO: [Synth 8-7129] Port irq_ipi_pl_2 in module zynq_ultra_ps_e_v3_5_8_zynq_ultra_ps_e is either unconnected or has no load
INFO: [Synth 8-7129] Port irq_ipi_pl_3 in module zynq_ultra_ps_e_v3_5_8_zynq_ultra_ps_e is either unconnected or has no load
INFO: [Synth 8-7129] Port ps_pl_irq_usb3_0_otg in module zynq_ultra_ps_e_v3_5_8_zynq_ultra_ps_e is either unconnected or has no load
INFO: [Synth 8-7129] Port ps_pl_irq_usb3_1_otg in module zynq_ultra_ps_e_v3_5_8_zynq_ultra_ps_e is either unconnected or has no load
INFO: [Synth 8-7129] Port saxihpc0_fpd_rclk in module zynq_ultra_ps_e_v3_5_8_zynq_ultra_ps_e is either unconnected or has no load
INFO: [Synth 8-7129] Port saxihpc0_fpd_wclk in module zynq_ultra_ps_e_v3_5_8_zynq_ultra_ps_e is either unconnected or has no load
INFO: [Synth 8-7129] Port saxihpc1_fpd_rclk in module zynq_ultra_ps_e_v3_5_8_zynq_ultra_ps_e is either unconnected or has no load
INFO: [Synth 8-7129] Port saxihpc1_fpd_wclk in module zynq_ultra_ps_e_v3_5_8_zynq_ultra_ps_e is either unconnected or has no load
INFO: [Synth 8-7129] Port saxihp0_fpd_rclk in module zynq_ultra_ps_e_v3_5_8_zynq_ultra_ps_e is either unconnected or has no load
INFO: [Synth 8-7129] Port saxihp0_fpd_wclk in module zynq_ultra_ps_e_v3_5_8_zynq_ultra_ps_e is either unconnected or has no load
INFO: [Synth 8-7129] Port saxihp1_fpd_rclk in module zynq_ultra_ps_e_v3_5_8_zynq_ultra_ps_e is either unconnected or has no load
INFO: [Synth 8-7129] Port saxihp1_fpd_wclk in module zynq_ultra_ps_e_v3_5_8_zynq_ultra_ps_e is either unconnected or has no load
INFO: [Synth 8-7129] Port saxihp2_fpd_rclk in module zynq_ultra_ps_e_v3_5_8_zynq_ultra_ps_e is either unconnected or has no load
INFO: [Synth 8-7129] Port saxihp2_fpd_wclk in module zynq_ultra_ps_e_v3_5_8_zynq_ultra_ps_e is either unconnected or has no load
INFO: [Synth 8-7129] Port saxihp3_fpd_rclk in module zynq_ultra_ps_e_v3_5_8_zynq_ultra_ps_e is either unconnected or has no load
INFO: [Synth 8-7129] Port saxihp3_fpd_wclk in module zynq_ultra_ps_e_v3_5_8_zynq_ultra_ps_e is either unconnected or has no load
INFO: [Synth 8-7129] Port saxi_lpd_rclk in module zynq_ultra_ps_e_v3_5_8_zynq_ultra_ps_e is either unconnected or has no load
INFO: [Synth 8-7129] Port saxi_lpd_wclk in module zynq_ultra_ps_e_v3_5_8_zynq_ultra_ps_e is either unconnected or has no load
INFO: [Synth 8-7129] Port sacefpd_awuser[15] in module zynq_ultra_ps_e_v3_5_8_zynq_ultra_ps_e is either unconnected or has no load
INFO: [Synth 8-7129] Port sacefpd_awuser[14] in module zynq_ultra_ps_e_v3_5_8_zynq_ultra_ps_e is either unconnected or has no load
INFO: [Synth 8-7129] Port sacefpd_awuser[13] in module zynq_ultra_ps_e_v3_5_8_zynq_ultra_ps_e is either unconnected or has no load
INFO: [Synth 8-7129] Port sacefpd_awuser[12] in module zynq_ultra_ps_e_v3_5_8_zynq_ultra_ps_e is either unconnected or has no load
INFO: [Synth 8-7129] Port sacefpd_awuser[11] in module zynq_ultra_ps_e_v3_5_8_zynq_ultra_ps_e is either unconnected or has no load
INFO: [Synth 8-7129] Port sacefpd_awuser[10] in module zynq_ultra_ps_e_v3_5_8_zynq_ultra_ps_e is either unconnected or has no load
INFO: [Synth 8-7129] Port sacefpd_awuser[9] in module zynq_ultra_ps_e_v3_5_8_zynq_ultra_ps_e is either unconnected or has no load
INFO: [Synth 8-7129] Port sacefpd_awuser[8] in module zynq_ultra_ps_e_v3_5_8_zynq_ultra_ps_e is either unconnected or has no load
INFO: [Synth 8-7129] Port sacefpd_awuser[7] in module zynq_ultra_ps_e_v3_5_8_zynq_ultra_ps_e is either unconnected or has no load
INFO: [Synth 8-7129] Port sacefpd_awuser[6] in module zynq_ultra_ps_e_v3_5_8_zynq_ultra_ps_e is either unconnected or has no load
INFO: [Synth 8-7129] Port sacefpd_aruser[15] in module zynq_ultra_ps_e_v3_5_8_zynq_ultra_ps_e is either unconnected or has no load
INFO: [Synth 8-7129] Port sacefpd_aruser[14] in module zynq_ultra_ps_e_v3_5_8_zynq_ultra_ps_e is either unconnected or has no load
INFO: [Synth 8-7129] Port sacefpd_aruser[13] in module zynq_ultra_ps_e_v3_5_8_zynq_ultra_ps_e is either unconnected or has no load
INFO: [Synth 8-7129] Port sacefpd_aruser[12] in module zynq_ultra_ps_e_v3_5_8_zynq_ultra_ps_e is either unconnected or has no load
INFO: [Synth 8-7129] Port sacefpd_aruser[11] in module zynq_ultra_ps_e_v3_5_8_zynq_ultra_ps_e is either unconnected or has no load
INFO: [Synth 8-7129] Port sacefpd_aruser[10] in module zynq_ultra_ps_e_v3_5_8_zynq_ultra_ps_e is either unconnected or has no load
INFO: [Synth 8-7129] Port sacefpd_aruser[9] in module zynq_ultra_ps_e_v3_5_8_zynq_ultra_ps_e is either unconnected or has no load
INFO: [Synth 8-7129] Port sacefpd_aruser[8] in module zynq_ultra_ps_e_v3_5_8_zynq_ultra_ps_e is either unconnected or has no load
INFO: [Synth 8-7129] Port sacefpd_aruser[7] in module zynq_ultra_ps_e_v3_5_8_zynq_ultra_ps_e is either unconnected or has no load
INFO: [Synth 8-7129] Port sacefpd_aruser[6] in module zynq_ultra_ps_e_v3_5_8_zynq_ultra_ps_e is either unconnected or has no load
INFO: [Synth 8-7129] Port test_adc_clk[3] in module zynq_ultra_ps_e_v3_5_8_zynq_ultra_ps_e is either unconnected or has no load
INFO: [Synth 8-7129] Port test_adc_clk[2] in module zynq_ultra_ps_e_v3_5_8_zynq_ultra_ps_e is either unconnected or has no load
INFO: [Synth 8-7129] Port test_adc_clk[1] in module zynq_ultra_ps_e_v3_5_8_zynq_ultra_ps_e is either unconnected or has no load
INFO: [Synth 8-7129] Port test_adc_clk[0] in module zynq_ultra_ps_e_v3_5_8_zynq_ultra_ps_e is either unconnected or has no load
INFO: [Synth 8-7129] Port test_adc_in[31] in module zynq_ultra_ps_e_v3_5_8_zynq_ultra_ps_e is either unconnected or has no load
INFO: [Synth 8-7129] Port test_adc_in[30] in module zynq_ultra_ps_e_v3_5_8_zynq_ultra_ps_e is either unconnected or has no load
INFO: [Synth 8-7129] Port test_adc_in[29] in module zynq_ultra_ps_e_v3_5_8_zynq_ultra_ps_e is either unconnected or has no load
INFO: [Synth 8-7129] Port test_adc_in[28] in module zynq_ultra_ps_e_v3_5_8_zynq_ultra_ps_e is either unconnected or has no load
INFO: [Synth 8-7129] Port test_adc_in[27] in module zynq_ultra_ps_e_v3_5_8_zynq_ultra_ps_e is either unconnected or has no load
INFO: [Synth 8-7129] Port test_adc_in[26] in module zynq_ultra_ps_e_v3_5_8_zynq_ultra_ps_e is either unconnected or has no load
INFO: [Synth 8-7129] Port test_adc_in[25] in module zynq_ultra_ps_e_v3_5_8_zynq_ultra_ps_e is either unconnected or has no load
INFO: [Synth 8-7129] Port test_adc_in[24] in module zynq_ultra_ps_e_v3_5_8_zynq_ultra_ps_e is either unconnected or has no load
INFO: [Synth 8-7129] Port test_adc_in[23] in module zynq_ultra_ps_e_v3_5_8_zynq_ultra_ps_e is either unconnected or has no load
INFO: [Synth 8-7129] Port test_adc_in[22] in module zynq_ultra_ps_e_v3_5_8_zynq_ultra_ps_e is either unconnected or has no load
INFO: [Synth 8-7129] Port test_adc_in[21] in module zynq_ultra_ps_e_v3_5_8_zynq_ultra_ps_e is either unconnected or has no load
INFO: [Synth 8-7129] Port test_adc_in[20] in module zynq_ultra_ps_e_v3_5_8_zynq_ultra_ps_e is either unconnected or has no load
INFO: [Synth 8-7129] Port test_adc_in[19] in module zynq_ultra_ps_e_v3_5_8_zynq_ultra_ps_e is either unconnected or has no load
INFO: [Synth 8-7129] Port test_adc_in[18] in module zynq_ultra_ps_e_v3_5_8_zynq_ultra_ps_e is either unconnected or has no load
INFO: [Synth 8-7129] Port test_adc_in[17] in module zynq_ultra_ps_e_v3_5_8_zynq_ultra_ps_e is either unconnected or has no load
INFO: [Synth 8-7129] Port test_adc_in[16] in module zynq_ultra_ps_e_v3_5_8_zynq_ultra_ps_e is either unconnected or has no load
INFO: [Synth 8-7129] Port test_adc_in[15] in module zynq_ultra_ps_e_v3_5_8_zynq_ultra_ps_e is either unconnected or has no load
INFO: [Synth 8-7129] Port test_adc_in[14] in module zynq_ultra_ps_e_v3_5_8_zynq_ultra_ps_e is either unconnected or has no load
INFO: [Synth 8-7129] Port test_adc_in[13] in module zynq_ultra_ps_e_v3_5_8_zynq_ultra_ps_e is either unconnected or has no load
INFO: [Synth 8-7129] Port test_adc_in[12] in module zynq_ultra_ps_e_v3_5_8_zynq_ultra_ps_e is either unconnected or has no load
INFO: [Synth 8-7129] Port test_adc_in[11] in module zynq_ultra_ps_e_v3_5_8_zynq_ultra_ps_e is either unconnected or has no load
INFO: [Synth 8-7129] Port test_adc_in[10] in module zynq_ultra_ps_e_v3_5_8_zynq_ultra_ps_e is either unconnected or has no load
INFO: [Synth 8-7129] Port test_adc_in[9] in module zynq_ultra_ps_e_v3_5_8_zynq_ultra_ps_e is either unconnected or has no load
INFO: [Synth 8-7129] Port test_adc_in[8] in module zynq_ultra_ps_e_v3_5_8_zynq_ultra_ps_e is either unconnected or has no load
INFO: [Synth 8-7129] Port test_adc_in[7] in module zynq_ultra_ps_e_v3_5_8_zynq_ultra_ps_e is either unconnected or has no load
INFO: [Synth 8-7129] Port test_adc_in[6] in module zynq_ultra_ps_e_v3_5_8_zynq_ultra_ps_e is either unconnected or has no load
INFO: [Synth 8-7129] Port test_adc_in[5] in module zynq_ultra_ps_e_v3_5_8_zynq_ultra_ps_e is either unconnected or has no load
INFO: [Synth 8-7129] Port test_adc_in[4] in module zynq_ultra_ps_e_v3_5_8_zynq_ultra_ps_e is either unconnected or has no load
INFO: [Synth 8-7129] Port test_adc_in[3] in module zynq_ultra_ps_e_v3_5_8_zynq_ultra_ps_e is either unconnected or has no load
INFO: [Synth 8-7129] Port test_adc_in[2] in module zynq_ultra_ps_e_v3_5_8_zynq_ultra_ps_e is either unconnected or has no load
INFO: [Synth 8-7129] Port test_adc_in[1] in module zynq_ultra_ps_e_v3_5_8_zynq_ultra_ps_e is either unconnected or has no load
INFO: [Synth 8-7129] Port test_adc_in[0] in module zynq_ultra_ps_e_v3_5_8_zynq_ultra_ps_e is either unconnected or has no load
INFO: [Synth 8-7129] Port test_adc2_in[31] in module zynq_ultra_ps_e_v3_5_8_zynq_ultra_ps_e is either unconnected or has no load
INFO: [Synth 8-7129] Port test_adc2_in[30] in module zynq_ultra_ps_e_v3_5_8_zynq_ultra_ps_e is either unconnected or has no load
INFO: [Synth 8-7129] Port test_adc2_in[29] in module zynq_ultra_ps_e_v3_5_8_zynq_ultra_ps_e is either unconnected or has no load
INFO: [Synth 8-7129] Port test_adc2_in[28] in module zynq_ultra_ps_e_v3_5_8_zynq_ultra_ps_e is either unconnected or has no load
INFO: [Synth 8-7129] Port test_adc2_in[27] in module zynq_ultra_ps_e_v3_5_8_zynq_ultra_ps_e is either unconnected or has no load
INFO: [Synth 8-7129] Port test_adc2_in[26] in module zynq_ultra_ps_e_v3_5_8_zynq_ultra_ps_e is either unconnected or has no load
INFO: [Synth 8-7129] Port test_adc2_in[25] in module zynq_ultra_ps_e_v3_5_8_zynq_ultra_ps_e is either unconnected or has no load
INFO: [Synth 8-7129] Port test_adc2_in[24] in module zynq_ultra_ps_e_v3_5_8_zynq_ultra_ps_e is either unconnected or has no load
INFO: [Synth 8-7129] Port test_adc2_in[23] in module zynq_ultra_ps_e_v3_5_8_zynq_ultra_ps_e is either unconnected or has no load
INFO: [Synth 8-7129] Port test_adc2_in[22] in module zynq_ultra_ps_e_v3_5_8_zynq_ultra_ps_e is either unconnected or has no load
INFO: [Synth 8-7129] Port test_adc2_in[21] in module zynq_ultra_ps_e_v3_5_8_zynq_ultra_ps_e is either unconnected or has no load
INFO: [Synth 8-7129] Port test_adc2_in[20] in module zynq_ultra_ps_e_v3_5_8_zynq_ultra_ps_e is either unconnected or has no load
INFO: [Synth 8-7129] Port test_adc2_in[19] in module zynq_ultra_ps_e_v3_5_8_zynq_ultra_ps_e is either unconnected or has no load
INFO: [Synth 8-7129] Port test_adc2_in[18] in module zynq_ultra_ps_e_v3_5_8_zynq_ultra_ps_e is either unconnected or has no load
INFO: [Synth 8-7129] Port test_adc2_in[17] in module zynq_ultra_ps_e_v3_5_8_zynq_ultra_ps_e is either unconnected or has no load
INFO: [Synth 8-7129] Port test_adc2_in[16] in module zynq_ultra_ps_e_v3_5_8_zynq_ultra_ps_e is either unconnected or has no load
INFO: [Synth 8-7129] Port test_adc2_in[15] in module zynq_ultra_ps_e_v3_5_8_zynq_ultra_ps_e is either unconnected or has no load
INFO: [Synth 8-7129] Port test_adc2_in[14] in module zynq_ultra_ps_e_v3_5_8_zynq_ultra_ps_e is either unconnected or has no load
INFO: [Synth 8-7129] Port test_adc2_in[13] in module zynq_ultra_ps_e_v3_5_8_zynq_ultra_ps_e is either unconnected or has no load
INFO: [Synth 8-7129] Port test_adc2_in[12] in module zynq_ultra_ps_e_v3_5_8_zynq_ultra_ps_e is either unconnected or has no load
INFO: [Synth 8-7129] Port test_adc2_in[11] in module zynq_ultra_ps_e_v3_5_8_zynq_ultra_ps_e is either unconnected or has no load
INFO: [Synth 8-7129] Port test_adc2_in[10] in module zynq_ultra_ps_e_v3_5_8_zynq_ultra_ps_e is either unconnected or has no load
INFO: [Synth 8-7129] Port test_adc2_in[9] in module zynq_ultra_ps_e_v3_5_8_zynq_ultra_ps_e is either unconnected or has no load
INFO: [Common 17-14] Message 'Synth 8-7129' appears 100 times and further instances of the messages will be disabled. Use the Tcl command set_msg_config to change the current settings.
---------------------------------------------------------------------------------
Finished RTL Elaboration : Time (s): cpu = 00:00:03 ; elapsed = 00:00:03 . Memory (MB): peak = 3269.957 ; gain = 247.656 ; free physical = 6645 ; free virtual = 58449
---------------------------------------------------------------------------------
---------------------------------------------------------------------------------
Start Handling Custom Attributes
---------------------------------------------------------------------------------
---------------------------------------------------------------------------------
Finished Handling Custom Attributes : Time (s): cpu = 00:00:03 ; elapsed = 00:00:03 . Memory (MB): peak = 3269.957 ; gain = 247.656 ; free physical = 6645 ; free virtual = 58449
---------------------------------------------------------------------------------
---------------------------------------------------------------------------------
Finished RTL Optimization Phase 1 : Time (s): cpu = 00:00:03 ; elapsed = 00:00:03 . Memory (MB): peak = 3269.957 ; gain = 247.656 ; free physical = 6645 ; free virtual = 58449
---------------------------------------------------------------------------------
Netlist sorting complete. Time (s): cpu = 00:00:00.01 ; elapsed = 00:00:00.01 . Memory (MB): peak = 3277.957 ; gain = 0.000 ; free physical = 6570 ; free virtual = 58374
INFO: [Project 1-570] Preparing netlist for logic optimization

Processing XDC Constraints
Initializing timing engine
Parsing XDC File [/home/xmen/Videos/RustDesk/SystolicCore/SystolicCore/Ethernet_ps/Ethernet_ps.gen/sources_1/bd/design_1/ip/design_1_zynq_ultra_ps_e_0_0/design_1_zynq_ultra_ps_e_0_0_ooc.xdc] for cell 'inst'
Finished Parsing XDC File [/home/xmen/Videos/RustDesk/SystolicCore/SystolicCore/Ethernet_ps/Ethernet_ps.gen/sources_1/bd/design_1/ip/design_1_zynq_ultra_ps_e_0_0/design_1_zynq_ultra_ps_e_0_0_ooc.xdc] for cell 'inst'
Parsing XDC File [/home/xmen/Videos/RustDesk/SystolicCore/SystolicCore/Ethernet_ps/Ethernet_ps.gen/sources_1/bd/design_1/ip/design_1_zynq_ultra_ps_e_0_0/design_1_zynq_ultra_ps_e_0_0.xdc] for cell 'inst'
Finished Parsing XDC File [/home/xmen/Videos/RustDesk/SystolicCore/SystolicCore/Ethernet_ps/Ethernet_ps.gen/sources_1/bd/design_1/ip/design_1_zynq_ultra_ps_e_0_0/design_1_zynq_ultra_ps_e_0_0.xdc] for cell 'inst'
Parsing XDC File [/home/xmen/Videos/RustDesk/SystolicCore/SystolicCore/Ethernet_ps/Ethernet_ps.runs/design_1_zynq_ultra_ps_e_0_0_synth_1/dont_touch.xdc]
Finished Parsing XDC File [/home/xmen/Videos/RustDesk/SystolicCore/SystolicCore/Ethernet_ps/Ethernet_ps.runs/design_1_zynq_ultra_ps_e_0_0_synth_1/dont_touch.xdc]
Completed Processing XDC Constraints

Netlist sorting complete. Time (s): cpu = 00:00:00 ; elapsed = 00:00:00 . Memory (MB): peak = 3317.977 ; gain = 0.000 ; free physical = 4311 ; free virtual = 56145
INFO: [Project 1-111] Unisim Transformation Summary:
No Unisim elements were transformed.

Constraint Validation Runtime : Time (s): cpu = 00:00:00.01 ; elapsed = 00:00:00.03 . Memory (MB): peak = 3318.012 ; gain = 0.000 ; free physical = 4307 ; free virtual = 56143
INFO: [Designutils 20-5008] Incremental synthesis strategy off
---------------------------------------------------------------------------------
Finished Constraint Validation : Time (s): cpu = 00:00:10 ; elapsed = 00:00:10 . Memory (MB): peak = 3318.012 ; gain = 295.711 ; free physical = 4397 ; free virtual = 56209
---------------------------------------------------------------------------------
---------------------------------------------------------------------------------
Start Loading Part and Timing Information
---------------------------------------------------------------------------------
Loading part: xczu7ev-ffvc1156-2-e
INFO: [Synth 8-6742] Reading net delay rules and data
---------------------------------------------------------------------------------
Finished Loading Part and Timing Information : Time (s): cpu = 00:00:10 ; elapsed = 00:00:10 . Memory (MB): peak = 3325.980 ; gain = 303.680 ; free physical = 4397 ; free virtual = 56209
---------------------------------------------------------------------------------
---------------------------------------------------------------------------------
Start Applying 'set_property' XDC Constraints
---------------------------------------------------------------------------------
---------------------------------------------------------------------------------
Finished applying 'set_property' XDC Constraints : Time (s): cpu = 00:00:10 ; elapsed = 00:00:10 . Memory (MB): peak = 3325.980 ; gain = 303.680 ; free physical = 4397 ; free virtual = 56209
---------------------------------------------------------------------------------
---------------------------------------------------------------------------------
Finished RTL Optimization Phase 2 : Time (s): cpu = 00:00:10 ; elapsed = 00:00:10 . Memory (MB): peak = 3325.980 ; gain = 303.680 ; free physical = 4390 ; free virtual = 56210
---------------------------------------------------------------------------------
---------------------------------------------------------------------------------
Start RTL Component Statistics 
---------------------------------------------------------------------------------
Detailed RTL Component Info : 
+---Registers : 
	                1 Bit    Registers := 1     
---------------------------------------------------------------------------------
Finished RTL Component Statistics 
---------------------------------------------------------------------------------
---------------------------------------------------------------------------------
Start Part Resource Summary
---------------------------------------------------------------------------------
Part Resources:
DSPs: 1728 (col length:144)
BRAMs: 624 (col length: RAMB18 144 RAMB36 72)
---------------------------------------------------------------------------------
Finished Part Resource Summary
---------------------------------------------------------------------------------
---------------------------------------------------------------------------------
Start Cross Boundary and Area Optimization
---------------------------------------------------------------------------------
---------------------------------------------------------------------------------
Finished Cross Boundary and Area Optimization : Time (s): cpu = 00:00:10 ; elapsed = 00:00:11 . Memory (MB): peak = 3325.980 ; gain = 303.680 ; free physical = 4385 ; free virtual = 56210
---------------------------------------------------------------------------------
---------------------------------------------------------------------------------
Start Applying XDC Timing Constraints
---------------------------------------------------------------------------------
---------------------------------------------------------------------------------
Finished Applying XDC Timing Constraints : Time (s): cpu = 00:00:15 ; elapsed = 00:00:16 . Memory (MB): peak = 5094.621 ; gain = 2072.320 ; free physical = 2579 ; free virtual = 54552
---------------------------------------------------------------------------------
---------------------------------------------------------------------------------
Start Timing Optimization
---------------------------------------------------------------------------------
---------------------------------------------------------------------------------
Finished Timing Optimization : Time (s): cpu = 00:00:15 ; elapsed = 00:00:16 . Memory (MB): peak = 5119.629 ; gain = 2097.328 ; free physical = 2551 ; free virtual = 54525
---------------------------------------------------------------------------------
---------------------------------------------------------------------------------
Start Technology Mapping
---------------------------------------------------------------------------------
---------------------------------------------------------------------------------
Finished Technology Mapping : Time (s): cpu = 00:00:15 ; elapsed = 00:00:16 . Memory (MB): peak = 5127.637 ; gain = 2105.336 ; free physical = 2572 ; free virtual = 54547
---------------------------------------------------------------------------------
---------------------------------------------------------------------------------
Start IO Insertion
---------------------------------------------------------------------------------
---------------------------------------------------------------------------------
Start Flattening Before IO Insertion
---------------------------------------------------------------------------------
---------------------------------------------------------------------------------
Finished Flattening Before IO Insertion
---------------------------------------------------------------------------------
---------------------------------------------------------------------------------
Start Final Netlist Cleanup
---------------------------------------------------------------------------------
---------------------------------------------------------------------------------
Finished Final Netlist Cleanup
---------------------------------------------------------------------------------
---------------------------------------------------------------------------------
Finished IO Insertion : Time (s): cpu = 00:00:17 ; elapsed = 00:00:18 . Memory (MB): peak = 5307.449 ; gain = 2285.148 ; free physical = 2337 ; free virtual = 54339
---------------------------------------------------------------------------------
---------------------------------------------------------------------------------
Start Renaming Generated Instances
---------------------------------------------------------------------------------
---------------------------------------------------------------------------------
Finished Renaming Generated Instances : Time (s): cpu = 00:00:17 ; elapsed = 00:00:18 . Memory (MB): peak = 5307.449 ; gain = 2285.148 ; free physical = 2337 ; free virtual = 54339
---------------------------------------------------------------------------------
---------------------------------------------------------------------------------
Start Rebuilding User Hierarchy
---------------------------------------------------------------------------------
---------------------------------------------------------------------------------
Finished Rebuilding User Hierarchy : Time (s): cpu = 00:00:17 ; elapsed = 00:00:18 . Memory (MB): peak = 5307.449 ; gain = 2285.148 ; free physical = 2337 ; free virtual = 54339
---------------------------------------------------------------------------------
---------------------------------------------------------------------------------
Start Renaming Generated Ports
---------------------------------------------------------------------------------
---------------------------------------------------------------------------------
Finished Renaming Generated Ports : Time (s): cpu = 00:00:17 ; elapsed = 00:00:18 . Memory (MB): peak = 5307.449 ; gain = 2285.148 ; free physical = 2337 ; free virtual = 54339
---------------------------------------------------------------------------------
---------------------------------------------------------------------------------
Start Handling Custom Attributes
---------------------------------------------------------------------------------
---------------------------------------------------------------------------------
Finished Handling Custom Attributes : Time (s): cpu = 00:00:17 ; elapsed = 00:00:18 . Memory (MB): peak = 5307.449 ; gain = 2285.148 ; free physical = 2337 ; free virtual = 54339
---------------------------------------------------------------------------------
---------------------------------------------------------------------------------
Start Renaming Generated Nets
---------------------------------------------------------------------------------
---------------------------------------------------------------------------------
Finished Renaming Generated Nets : Time (s): cpu = 00:00:17 ; elapsed = 00:00:18 . Memory (MB): peak = 5307.449 ; gain = 2285.148 ; free physical = 2337 ; free virtual = 54339
---------------------------------------------------------------------------------
---------------------------------------------------------------------------------
Start Writing Synthesis Report
---------------------------------------------------------------------------------

Report BlackBoxes: 
+-+--------------+----------+
| |BlackBox name |Instances |
+-+--------------+----------+
+-+--------------+----------+

Report Cell Usage: 
+------+--------+------+
|      |Cell    |Count |
+------+--------+------+
|1     |BUFG_PS |     1|
|2     |LUT1    |   264|
|3     |PS8     |     1|
+------+--------+------+
---------------------------------------------------------------------------------
Finished Writing Synthesis Report : Time (s): cpu = 00:00:17 ; elapsed = 00:00:18 . Memory (MB): peak = 5307.449 ; gain = 2285.148 ; free physical = 2337 ; free virtual = 54339
---------------------------------------------------------------------------------
Synthesis finished with 0 errors, 0 critical warnings and 0 warnings.
Synthesis Optimization Runtime : Time (s): cpu = 00:00:13 ; elapsed = 00:00:14 . Memory (MB): peak = 5307.449 ; gain = 2237.094 ; free physical = 2334 ; free virtual = 54338
Synthesis Optimization Complete : Time (s): cpu = 00:00:17 ; elapsed = 00:00:18 . Memory (MB): peak = 5307.449 ; gain = 2285.148 ; free physical = 2334 ; free virtual = 54338
INFO: [Project 1-571] Translating synthesized netlist
Netlist sorting complete. Time (s): cpu = 00:00:00.01 ; elapsed = 00:00:00.01 . Memory (MB): peak = 5307.449 ; gain = 0.000 ; free physical = 2501 ; free virtual = 54507
INFO: [Project 1-570] Preparing netlist for logic optimization
INFO: [Opt 31-138] Pushed 0 inverter(s) to 0 load pin(s).
Netlist sorting complete. Time (s): cpu = 00:00:00 ; elapsed = 00:00:00 . Memory (MB): peak = 5307.449 ; gain = 0.000 ; free physical = 2494 ; free virtual = 54503
INFO: [Project 1-111] Unisim Transformation Summary:
No Unisim elements were transformed.

Synth Design complete | Checksum: 681fc49a
INFO: [Common 17-83] Releasing license: Synthesis
129 Infos, 69 Warnings, 0 Critical Warnings and 0 Errors encountered.
synth_design completed successfully
synth_design: Time (s): cpu = 00:00:22 ; elapsed = 00:00:23 . Memory (MB): peak = 5307.449 ; gain = 3441.734 ; free physical = 2489 ; free virtual = 54502
INFO: [Common 17-2834] synth_design peak Physical Memory [PSS] (MB): overall = 4080.571; main = 4080.571; forked = 282.053
INFO: [Common 17-2834] synth_design peak Virtual Memory [VSS] (MB): overall = 5233.766; main = 5233.766; forked = 1641.004
INFO: [Common 17-1381] The checkpoint '/home/xmen/Videos/RustDesk/SystolicCore/SystolicCore/Ethernet_ps/Ethernet_ps.runs/design_1_zynq_ultra_ps_e_0_0_synth_1/design_1_zynq_ultra_ps_e_0_0.dcp' has been generated.
INFO: [Coretcl 2-1648] Added synthesis output to IP cache for IP design_1_zynq_ultra_ps_e_0_0, cache-ID = 23e26bbd2bf93823
INFO: [Common 17-1381] The checkpoint '/home/xmen/Videos/RustDesk/SystolicCore/SystolicCore/Ethernet_ps/Ethernet_ps.runs/design_1_zynq_ultra_ps_e_0_0_synth_1/design_1_zynq_ultra_ps_e_0_0.dcp' has been generated.
INFO: [Vivado 12-24828] Executing command : report_utilization -file design_1_zynq_ultra_ps_e_0_0_utilization_synth.rpt -pb design_1_zynq_ultra_ps_e_0_0_utilization_synth.pb
INFO: [Common 17-206] Exiting Vivado at Thu Jan  1 22:41:09 2026...
