
*** Running vivado
    with args -log design_1_axi_gpio_0_1.vds -m64 -product Vivado -mode batch -messageDb vivado.pb -notrace -source design_1_axi_gpio_0_1.tcl


****** Vivado v2025.2 (64-bit)
  **** SW Build 6299465 on Fri Nov 14 12:34:56 MST 2025
  **** IP Build 6300035 on Fri Nov 14 10:48:45 MST 2025
  **** SharedData Build 6298862 on Thu Nov 13 04:50:51 MST 2025
  **** Start of session at: Thu Jan  1 00:52:47 2026
    ** Copyright 1986-2022 Xilinx, Inc. All Rights Reserved.
    ** Copyright 2022-2025 Advanced Micro Devices, Inc. All Rights Reserved.

source design_1_axi_gpio_0_1.tcl -notrace
Command: synth_design -top design_1_axi_gpio_0_1 -part xczu7ev-ffvc1156-2-e -incremental_mode off -mode out_of_context
Starting synth_design
Attempting to get a license for feature 'Synthesis' and/or device 'xczu7ev'
INFO: [Common 17-349] Got license for feature 'Synthesis' and/or device 'xczu7ev'
INFO: [Device 21-403] Loading part xczu7ev-ffvc1156-2-e
INFO: [Synth 8-7079] Multithreading enabled for synth_design using a maximum of 7 processes.
INFO: [Synth 8-7078] Launching helper process for spawning children vivado processes
INFO: [Synth 8-7075] Helper process launched with PID 448120
---------------------------------------------------------------------------------
Starting RTL Elaboration : Time (s): cpu = 00:00:02 ; elapsed = 00:00:02 . Memory (MB): peak = 3158.812 ; gain = 148.688 ; free physical = 8960 ; free virtual = 60802
---------------------------------------------------------------------------------
INFO: [Synth 8-638] synthesizing module 'design_1_axi_gpio_0_1' [/home/xmen/Videos/RustDesk/SystolicCore/SystolicCore/Ethernet_ps/Ethernet_ps.gen/sources_1/bd/design_1/ip/design_1_axi_gpio_0_1/synth/design_1_axi_gpio_0_1.vhd:85]
	Parameter C_FAMILY bound to: zynquplus - type: string 
	Parameter C_S_AXI_ADDR_WIDTH bound to: 9 - type: integer 
	Parameter C_S_AXI_DATA_WIDTH bound to: 32 - type: integer 
	Parameter C_GPIO_WIDTH bound to: 16 - type: integer 
	Parameter C_GPIO2_WIDTH bound to: 16 - type: integer 
	Parameter C_ALL_INPUTS bound to: 0 - type: integer 
	Parameter C_ALL_INPUTS_2 bound to: 1 - type: integer 
	Parameter C_ALL_OUTPUTS bound to: 1 - type: integer 
	Parameter C_ALL_OUTPUTS_2 bound to: 0 - type: integer 
	Parameter C_INTERRUPT_PRESENT bound to: 0 - type: integer 
	Parameter C_DOUT_DEFAULT bound to: 32'b00000000000000000000000000000000 
	Parameter C_TRI_DEFAULT bound to: 32'b11111111111111111111111111111111 
	Parameter C_IS_DUAL bound to: 1 - type: integer 
	Parameter C_DOUT_DEFAULT_2 bound to: 32'b00000000000000000000000000000000 
	Parameter C_TRI_DEFAULT_2 bound to: 32'b11111111111111111111111111111111 
INFO: [Synth 8-3491] module 'axi_gpio' declared at '/home/xmen/Videos/RustDesk/SystolicCore/SystolicCore/Ethernet_ps/Ethernet_ps.gen/sources_1/bd/design_1/ipshared/0271/hdl/axi_gpio_v2_0_vh_rfs.vhd:1255' bound to instance 'U0' of component 'axi_gpio' [/home/xmen/Videos/RustDesk/SystolicCore/SystolicCore/Ethernet_ps/Ethernet_ps.gen/sources_1/bd/design_1/ip/design_1_axi_gpio_0_1/synth/design_1_axi_gpio_0_1.vhd:177]
INFO: [Synth 8-638] synthesizing module 'axi_gpio' [/home/xmen/Videos/RustDesk/SystolicCore/SystolicCore/Ethernet_ps/Ethernet_ps.gen/sources_1/bd/design_1/ipshared/0271/hdl/axi_gpio_v2_0_vh_rfs.vhd:1341]
INFO: [Synth 8-638] synthesizing module 'axi_lite_ipif' [/home/xmen/Videos/RustDesk/SystolicCore/SystolicCore/Ethernet_ps/Ethernet_ps.gen/sources_1/bd/design_1/ipshared/66ea/hdl/axi_lite_ipif_v3_0_vh_rfs.vhd:2948]
INFO: [Synth 8-638] synthesizing module 'slave_attachment' [/home/xmen/Videos/RustDesk/SystolicCore/SystolicCore/Ethernet_ps/Ethernet_ps.gen/sources_1/bd/design_1/ipshared/66ea/hdl/axi_lite_ipif_v3_0_vh_rfs.vhd:2341]
INFO: [Synth 8-638] synthesizing module 'address_decoder' [/home/xmen/Videos/RustDesk/SystolicCore/SystolicCore/Ethernet_ps/Ethernet_ps.gen/sources_1/bd/design_1/ipshared/66ea/hdl/axi_lite_ipif_v3_0_vh_rfs.vhd:1775]
INFO: [Synth 8-638] synthesizing module 'pselect_f' [/home/xmen/Videos/RustDesk/SystolicCore/SystolicCore/Ethernet_ps/Ethernet_ps.gen/sources_1/bd/design_1/ipshared/66ea/hdl/axi_lite_ipif_v3_0_vh_rfs.vhd:1534]
INFO: [Synth 8-256] done synthesizing module 'pselect_f' (0#1) [/home/xmen/Videos/RustDesk/SystolicCore/SystolicCore/Ethernet_ps/Ethernet_ps.gen/sources_1/bd/design_1/ipshared/66ea/hdl/axi_lite_ipif_v3_0_vh_rfs.vhd:1534]
INFO: [Synth 8-638] synthesizing module 'pselect_f__parameterized0' [/home/xmen/Videos/RustDesk/SystolicCore/SystolicCore/Ethernet_ps/Ethernet_ps.gen/sources_1/bd/design_1/ipshared/66ea/hdl/axi_lite_ipif_v3_0_vh_rfs.vhd:1534]
INFO: [Synth 8-256] done synthesizing module 'pselect_f__parameterized0' (0#1) [/home/xmen/Videos/RustDesk/SystolicCore/SystolicCore/Ethernet_ps/Ethernet_ps.gen/sources_1/bd/design_1/ipshared/66ea/hdl/axi_lite_ipif_v3_0_vh_rfs.vhd:1534]
INFO: [Synth 8-638] synthesizing module 'pselect_f__parameterized1' [/home/xmen/Videos/RustDesk/SystolicCore/SystolicCore/Ethernet_ps/Ethernet_ps.gen/sources_1/bd/design_1/ipshared/66ea/hdl/axi_lite_ipif_v3_0_vh_rfs.vhd:1534]
INFO: [Synth 8-256] done synthesizing module 'pselect_f__parameterized1' (0#1) [/home/xmen/Videos/RustDesk/SystolicCore/SystolicCore/Ethernet_ps/Ethernet_ps.gen/sources_1/bd/design_1/ipshared/66ea/hdl/axi_lite_ipif_v3_0_vh_rfs.vhd:1534]
INFO: [Synth 8-638] synthesizing module 'pselect_f__parameterized2' [/home/xmen/Videos/RustDesk/SystolicCore/SystolicCore/Ethernet_ps/Ethernet_ps.gen/sources_1/bd/design_1/ipshared/66ea/hdl/axi_lite_ipif_v3_0_vh_rfs.vhd:1534]
INFO: [Synth 8-256] done synthesizing module 'pselect_f__parameterized2' (0#1) [/home/xmen/Videos/RustDesk/SystolicCore/SystolicCore/Ethernet_ps/Ethernet_ps.gen/sources_1/bd/design_1/ipshared/66ea/hdl/axi_lite_ipif_v3_0_vh_rfs.vhd:1534]
INFO: [Synth 8-256] done synthesizing module 'address_decoder' (0#1) [/home/xmen/Videos/RustDesk/SystolicCore/SystolicCore/Ethernet_ps/Ethernet_ps.gen/sources_1/bd/design_1/ipshared/66ea/hdl/axi_lite_ipif_v3_0_vh_rfs.vhd:1775]
INFO: [Synth 8-226] default block is never used [/home/xmen/Videos/RustDesk/SystolicCore/SystolicCore/Ethernet_ps/Ethernet_ps.gen/sources_1/bd/design_1/ipshared/66ea/hdl/axi_lite_ipif_v3_0_vh_rfs.vhd:2550]
INFO: [Synth 8-256] done synthesizing module 'slave_attachment' (0#1) [/home/xmen/Videos/RustDesk/SystolicCore/SystolicCore/Ethernet_ps/Ethernet_ps.gen/sources_1/bd/design_1/ipshared/66ea/hdl/axi_lite_ipif_v3_0_vh_rfs.vhd:2341]
INFO: [Synth 8-256] done synthesizing module 'axi_lite_ipif' (0#1) [/home/xmen/Videos/RustDesk/SystolicCore/SystolicCore/Ethernet_ps/Ethernet_ps.gen/sources_1/bd/design_1/ipshared/66ea/hdl/axi_lite_ipif_v3_0_vh_rfs.vhd:2948]
INFO: [Synth 8-638] synthesizing module 'GPIO_Core' [/home/xmen/Videos/RustDesk/SystolicCore/SystolicCore/Ethernet_ps/Ethernet_ps.gen/sources_1/bd/design_1/ipshared/0271/hdl/axi_gpio_v2_0_vh_rfs.vhd:182]
INFO: [Synth 8-226] default block is never used [/home/xmen/Videos/RustDesk/SystolicCore/SystolicCore/Ethernet_ps/Ethernet_ps.gen/sources_1/bd/design_1/ipshared/0271/hdl/axi_gpio_v2_0_vh_rfs.vhd:833]
	Parameter DEST_SYNC_FF bound to: 4 - type: integer 
	Parameter INIT_SYNC_FF bound to: 0 - type: integer 
	Parameter SIM_ASSERT_CHK bound to: 0 - type: integer 
	Parameter SRC_INPUT_REG bound to: 0 - type: integer 
	Parameter WIDTH bound to: 16 - type: integer 
INFO: [Synth 8-3491] module 'xpm_cdc_array_single' declared at '/home/xmen/Music/2025.2/data/ip/xpm/xpm_cdc/hdl/xpm_cdc.sv:903' bound to instance 'INPUT_DOUBLE_REGS4' of component 'xpm_cdc_array_single' [/home/xmen/Videos/RustDesk/SystolicCore/SystolicCore/Ethernet_ps/Ethernet_ps.gen/sources_1/bd/design_1/ipshared/0271/hdl/axi_gpio_v2_0_vh_rfs.vhd:851]
INFO: [Synth 8-6157] synthesizing module 'xpm_cdc_array_single' [/home/xmen/Music/2025.2/data/ip/xpm/xpm_cdc/hdl/xpm_cdc.sv:903]
INFO: [Synth 8-6155] done synthesizing module 'xpm_cdc_array_single' (0#1) [/home/xmen/Music/2025.2/data/ip/xpm/xpm_cdc/hdl/xpm_cdc.sv:903]
	Parameter DEST_SYNC_FF bound to: 4 - type: integer 
	Parameter INIT_SYNC_FF bound to: 0 - type: integer 
	Parameter SIM_ASSERT_CHK bound to: 0 - type: integer 
	Parameter SRC_INPUT_REG bound to: 0 - type: integer 
	Parameter WIDTH bound to: 16 - type: integer 
INFO: [Synth 8-3491] module 'xpm_cdc_array_single' declared at '/home/xmen/Music/2025.2/data/ip/xpm/xpm_cdc/hdl/xpm_cdc.sv:903' bound to instance 'INPUT_DOUBLE_REGS5' of component 'xpm_cdc_array_single' [/home/xmen/Videos/RustDesk/SystolicCore/SystolicCore/Ethernet_ps/Ethernet_ps.gen/sources_1/bd/design_1/ipshared/0271/hdl/axi_gpio_v2_0_vh_rfs.vhd:880]
INFO: [Synth 8-256] done synthesizing module 'GPIO_Core' (0#1) [/home/xmen/Videos/RustDesk/SystolicCore/SystolicCore/Ethernet_ps/Ethernet_ps.gen/sources_1/bd/design_1/ipshared/0271/hdl/axi_gpio_v2_0_vh_rfs.vhd:182]
INFO: [Synth 8-256] done synthesizing module 'axi_gpio' (0#1) [/home/xmen/Videos/RustDesk/SystolicCore/SystolicCore/Ethernet_ps/Ethernet_ps.gen/sources_1/bd/design_1/ipshared/0271/hdl/axi_gpio_v2_0_vh_rfs.vhd:1341]
INFO: [Synth 8-256] done synthesizing module 'design_1_axi_gpio_0_1' (0#1) [/home/xmen/Videos/RustDesk/SystolicCore/SystolicCore/Ethernet_ps/Ethernet_ps.gen/sources_1/bd/design_1/ip/design_1_axi_gpio_0_1/synth/design_1_axi_gpio_0_1.vhd:85]
INFO: [Synth 8-6014] Unused sequential element Dual.ALLOUT0_ND_G1.READ_REG_GEN[0].GPIO_DBus_i_reg was removed.  [/home/xmen/Videos/RustDesk/SystolicCore/SystolicCore/Ethernet_ps/Ethernet_ps.gen/sources_1/bd/design_1/ipshared/0271/hdl/axi_gpio_v2_0_vh_rfs.vhd:688]
INFO: [Synth 8-6014] Unused sequential element Dual.ALLOUT0_ND_G1.READ_REG_GEN[1].GPIO_DBus_i_reg was removed.  [/home/xmen/Videos/RustDesk/SystolicCore/SystolicCore/Ethernet_ps/Ethernet_ps.gen/sources_1/bd/design_1/ipshared/0271/hdl/axi_gpio_v2_0_vh_rfs.vhd:688]
INFO: [Synth 8-6014] Unused sequential element Dual.ALLOUT0_ND_G1.READ_REG_GEN[2].GPIO_DBus_i_reg was removed.  [/home/xmen/Videos/RustDesk/SystolicCore/SystolicCore/Ethernet_ps/Ethernet_ps.gen/sources_1/bd/design_1/ipshared/0271/hdl/axi_gpio_v2_0_vh_rfs.vhd:688]
INFO: [Synth 8-6014] Unused sequential element Dual.ALLOUT0_ND_G1.READ_REG_GEN[3].GPIO_DBus_i_reg was removed.  [/home/xmen/Videos/RustDesk/SystolicCore/SystolicCore/Ethernet_ps/Ethernet_ps.gen/sources_1/bd/design_1/ipshared/0271/hdl/axi_gpio_v2_0_vh_rfs.vhd:688]
INFO: [Synth 8-6014] Unused sequential element Dual.ALLOUT0_ND_G1.READ_REG_GEN[4].GPIO_DBus_i_reg was removed.  [/home/xmen/Videos/RustDesk/SystolicCore/SystolicCore/Ethernet_ps/Ethernet_ps.gen/sources_1/bd/design_1/ipshared/0271/hdl/axi_gpio_v2_0_vh_rfs.vhd:688]
INFO: [Synth 8-6014] Unused sequential element Dual.ALLOUT0_ND_G1.READ_REG_GEN[5].GPIO_DBus_i_reg was removed.  [/home/xmen/Videos/RustDesk/SystolicCore/SystolicCore/Ethernet_ps/Ethernet_ps.gen/sources_1/bd/design_1/ipshared/0271/hdl/axi_gpio_v2_0_vh_rfs.vhd:688]
INFO: [Synth 8-6014] Unused sequential element Dual.ALLOUT0_ND_G1.READ_REG_GEN[6].GPIO_DBus_i_reg was removed.  [/home/xmen/Videos/RustDesk/SystolicCore/SystolicCore/Ethernet_ps/Ethernet_ps.gen/sources_1/bd/design_1/ipshared/0271/hdl/axi_gpio_v2_0_vh_rfs.vhd:688]
INFO: [Synth 8-6014] Unused sequential element Dual.ALLOUT0_ND_G1.READ_REG_GEN[7].GPIO_DBus_i_reg was removed.  [/home/xmen/Videos/RustDesk/SystolicCore/SystolicCore/Ethernet_ps/Ethernet_ps.gen/sources_1/bd/design_1/ipshared/0271/hdl/axi_gpio_v2_0_vh_rfs.vhd:688]
INFO: [Synth 8-6014] Unused sequential element Dual.ALLOUT0_ND_G1.READ_REG_GEN[8].GPIO_DBus_i_reg was removed.  [/home/xmen/Videos/RustDesk/SystolicCore/SystolicCore/Ethernet_ps/Ethernet_ps.gen/sources_1/bd/design_1/ipshared/0271/hdl/axi_gpio_v2_0_vh_rfs.vhd:688]
INFO: [Synth 8-6014] Unused sequential element Dual.ALLOUT0_ND_G1.READ_REG_GEN[9].GPIO_DBus_i_reg was removed.  [/home/xmen/Videos/RustDesk/SystolicCore/SystolicCore/Ethernet_ps/Ethernet_ps.gen/sources_1/bd/design_1/ipshared/0271/hdl/axi_gpio_v2_0_vh_rfs.vhd:688]
INFO: [Synth 8-6014] Unused sequential element Dual.ALLOUT0_ND_G1.READ_REG_GEN[10].GPIO_DBus_i_reg was removed.  [/home/xmen/Videos/RustDesk/SystolicCore/SystolicCore/Ethernet_ps/Ethernet_ps.gen/sources_1/bd/design_1/ipshared/0271/hdl/axi_gpio_v2_0_vh_rfs.vhd:688]
INFO: [Synth 8-6014] Unused sequential element Dual.ALLOUT0_ND_G1.READ_REG_GEN[11].GPIO_DBus_i_reg was removed.  [/home/xmen/Videos/RustDesk/SystolicCore/SystolicCore/Ethernet_ps/Ethernet_ps.gen/sources_1/bd/design_1/ipshared/0271/hdl/axi_gpio_v2_0_vh_rfs.vhd:688]
INFO: [Synth 8-6014] Unused sequential element Dual.ALLOUT0_ND_G1.READ_REG_GEN[12].GPIO_DBus_i_reg was removed.  [/home/xmen/Videos/RustDesk/SystolicCore/SystolicCore/Ethernet_ps/Ethernet_ps.gen/sources_1/bd/design_1/ipshared/0271/hdl/axi_gpio_v2_0_vh_rfs.vhd:688]
INFO: [Synth 8-6014] Unused sequential element Dual.ALLOUT0_ND_G1.READ_REG_GEN[13].GPIO_DBus_i_reg was removed.  [/home/xmen/Videos/RustDesk/SystolicCore/SystolicCore/Ethernet_ps/Ethernet_ps.gen/sources_1/bd/design_1/ipshared/0271/hdl/axi_gpio_v2_0_vh_rfs.vhd:688]
INFO: [Synth 8-6014] Unused sequential element Dual.ALLOUT0_ND_G1.READ_REG_GEN[14].GPIO_DBus_i_reg was removed.  [/home/xmen/Videos/RustDesk/SystolicCore/SystolicCore/Ethernet_ps/Ethernet_ps.gen/sources_1/bd/design_1/ipshared/0271/hdl/axi_gpio_v2_0_vh_rfs.vhd:688]
INFO: [Synth 8-6014] Unused sequential element Dual.ALLOUT0_ND_G1.READ_REG_GEN[15].GPIO_DBus_i_reg was removed.  [/home/xmen/Videos/RustDesk/SystolicCore/SystolicCore/Ethernet_ps/Ethernet_ps.gen/sources_1/bd/design_1/ipshared/0271/hdl/axi_gpio_v2_0_vh_rfs.vhd:688]
INFO: [Synth 8-6014] Unused sequential element Dual.ALLIN0_ND_G2.READ_REG2_GEN[0].GPIO2_DBus_i_reg was removed.  [/home/xmen/Videos/RustDesk/SystolicCore/SystolicCore/Ethernet_ps/Ethernet_ps.gen/sources_1/bd/design_1/ipshared/0271/hdl/axi_gpio_v2_0_vh_rfs.vhd:717]
INFO: [Synth 8-6014] Unused sequential element Dual.ALLIN0_ND_G2.READ_REG2_GEN[1].GPIO2_DBus_i_reg was removed.  [/home/xmen/Videos/RustDesk/SystolicCore/SystolicCore/Ethernet_ps/Ethernet_ps.gen/sources_1/bd/design_1/ipshared/0271/hdl/axi_gpio_v2_0_vh_rfs.vhd:717]
INFO: [Synth 8-6014] Unused sequential element Dual.ALLIN0_ND_G2.READ_REG2_GEN[2].GPIO2_DBus_i_reg was removed.  [/home/xmen/Videos/RustDesk/SystolicCore/SystolicCore/Ethernet_ps/Ethernet_ps.gen/sources_1/bd/design_1/ipshared/0271/hdl/axi_gpio_v2_0_vh_rfs.vhd:717]
INFO: [Synth 8-6014] Unused sequential element Dual.ALLIN0_ND_G2.READ_REG2_GEN[3].GPIO2_DBus_i_reg was removed.  [/home/xmen/Videos/RustDesk/SystolicCore/SystolicCore/Ethernet_ps/Ethernet_ps.gen/sources_1/bd/design_1/ipshared/0271/hdl/axi_gpio_v2_0_vh_rfs.vhd:717]
INFO: [Synth 8-6014] Unused sequential element Dual.ALLIN0_ND_G2.READ_REG2_GEN[4].GPIO2_DBus_i_reg was removed.  [/home/xmen/Videos/RustDesk/SystolicCore/SystolicCore/Ethernet_ps/Ethernet_ps.gen/sources_1/bd/design_1/ipshared/0271/hdl/axi_gpio_v2_0_vh_rfs.vhd:717]
INFO: [Synth 8-6014] Unused sequential element Dual.ALLIN0_ND_G2.READ_REG2_GEN[5].GPIO2_DBus_i_reg was removed.  [/home/xmen/Videos/RustDesk/SystolicCore/SystolicCore/Ethernet_ps/Ethernet_ps.gen/sources_1/bd/design_1/ipshared/0271/hdl/axi_gpio_v2_0_vh_rfs.vhd:717]
INFO: [Synth 8-6014] Unused sequential element Dual.ALLIN0_ND_G2.READ_REG2_GEN[6].GPIO2_DBus_i_reg was removed.  [/home/xmen/Videos/RustDesk/SystolicCore/SystolicCore/Ethernet_ps/Ethernet_ps.gen/sources_1/bd/design_1/ipshared/0271/hdl/axi_gpio_v2_0_vh_rfs.vhd:717]
INFO: [Synth 8-6014] Unused sequential element Dual.ALLIN0_ND_G2.READ_REG2_GEN[7].GPIO2_DBus_i_reg was removed.  [/home/xmen/Videos/RustDesk/SystolicCore/SystolicCore/Ethernet_ps/Ethernet_ps.gen/sources_1/bd/design_1/ipshared/0271/hdl/axi_gpio_v2_0_vh_rfs.vhd:717]
INFO: [Synth 8-6014] Unused sequential element Dual.ALLIN0_ND_G2.READ_REG2_GEN[8].GPIO2_DBus_i_reg was removed.  [/home/xmen/Videos/RustDesk/SystolicCore/SystolicCore/Ethernet_ps/Ethernet_ps.gen/sources_1/bd/design_1/ipshared/0271/hdl/axi_gpio_v2_0_vh_rfs.vhd:717]
INFO: [Synth 8-6014] Unused sequential element Dual.ALLIN0_ND_G2.READ_REG2_GEN[9].GPIO2_DBus_i_reg was removed.  [/home/xmen/Videos/RustDesk/SystolicCore/SystolicCore/Ethernet_ps/Ethernet_ps.gen/sources_1/bd/design_1/ipshared/0271/hdl/axi_gpio_v2_0_vh_rfs.vhd:717]
INFO: [Synth 8-6014] Unused sequential element Dual.ALLIN0_ND_G2.READ_REG2_GEN[10].GPIO2_DBus_i_reg was removed.  [/home/xmen/Videos/RustDesk/SystolicCore/SystolicCore/Ethernet_ps/Ethernet_ps.gen/sources_1/bd/design_1/ipshared/0271/hdl/axi_gpio_v2_0_vh_rfs.vhd:717]
INFO: [Synth 8-6014] Unused sequential element Dual.ALLIN0_ND_G2.READ_REG2_GEN[11].GPIO2_DBus_i_reg was removed.  [/home/xmen/Videos/RustDesk/SystolicCore/SystolicCore/Ethernet_ps/Ethernet_ps.gen/sources_1/bd/design_1/ipshared/0271/hdl/axi_gpio_v2_0_vh_rfs.vhd:717]
INFO: [Synth 8-6014] Unused sequential element Dual.ALLIN0_ND_G2.READ_REG2_GEN[12].GPIO2_DBus_i_reg was removed.  [/home/xmen/Videos/RustDesk/SystolicCore/SystolicCore/Ethernet_ps/Ethernet_ps.gen/sources_1/bd/design_1/ipshared/0271/hdl/axi_gpio_v2_0_vh_rfs.vhd:717]
INFO: [Synth 8-6014] Unused sequential element Dual.ALLIN0_ND_G2.READ_REG2_GEN[13].GPIO2_DBus_i_reg was removed.  [/home/xmen/Videos/RustDesk/SystolicCore/SystolicCore/Ethernet_ps/Ethernet_ps.gen/sources_1/bd/design_1/ipshared/0271/hdl/axi_gpio_v2_0_vh_rfs.vhd:717]
INFO: [Synth 8-6014] Unused sequential element Dual.ALLIN0_ND_G2.READ_REG2_GEN[14].GPIO2_DBus_i_reg was removed.  [/home/xmen/Videos/RustDesk/SystolicCore/SystolicCore/Ethernet_ps/Ethernet_ps.gen/sources_1/bd/design_1/ipshared/0271/hdl/axi_gpio_v2_0_vh_rfs.vhd:717]
INFO: [Synth 8-6014] Unused sequential element Dual.ALLIN0_ND_G2.READ_REG2_GEN[15].GPIO2_DBus_i_reg was removed.  [/home/xmen/Videos/RustDesk/SystolicCore/SystolicCore/Ethernet_ps/Ethernet_ps.gen/sources_1/bd/design_1/ipshared/0271/hdl/axi_gpio_v2_0_vh_rfs.vhd:717]
INFO: [Synth 8-6014] Unused sequential element Dual.gpio_Data_In_reg was removed.  [/home/xmen/Videos/RustDesk/SystolicCore/SystolicCore/Ethernet_ps/Ethernet_ps.gen/sources_1/bd/design_1/ipshared/0271/hdl/axi_gpio_v2_0_vh_rfs.vhd:875]
INFO: [Synth 8-7129] Port src_clk in module xpm_cdc_array_single is either unconnected or has no load
INFO: [Synth 8-7129] Port ABus_Reg[1] in module GPIO_Core is either unconnected or has no load
INFO: [Synth 8-7129] Port ABus_Reg[2] in module GPIO_Core is either unconnected or has no load
INFO: [Synth 8-7129] Port ABus_Reg[3] in module GPIO_Core is either unconnected or has no load
INFO: [Synth 8-7129] Port ABus_Reg[4] in module GPIO_Core is either unconnected or has no load
INFO: [Synth 8-7129] Port ABus_Reg[7] in module GPIO_Core is either unconnected or has no load
INFO: [Synth 8-7129] Port ABus_Reg[8] in module GPIO_Core is either unconnected or has no load
INFO: [Synth 8-7129] Port BE_Reg[0] in module GPIO_Core is either unconnected or has no load
INFO: [Synth 8-7129] Port BE_Reg[1] in module GPIO_Core is either unconnected or has no load
INFO: [Synth 8-7129] Port BE_Reg[2] in module GPIO_Core is either unconnected or has no load
INFO: [Synth 8-7129] Port BE_Reg[3] in module GPIO_Core is either unconnected or has no load
INFO: [Synth 8-7129] Port Address_In_Erly[0] in module address_decoder is either unconnected or has no load
INFO: [Synth 8-7129] Port Address_In_Erly[1] in module address_decoder is either unconnected or has no load
INFO: [Synth 8-7129] Port Address_In_Erly[2] in module address_decoder is either unconnected or has no load
INFO: [Synth 8-7129] Port Address_In_Erly[3] in module address_decoder is either unconnected or has no load
INFO: [Synth 8-7129] Port Address_In_Erly[4] in module address_decoder is either unconnected or has no load
INFO: [Synth 8-7129] Port Address_In_Erly[7] in module address_decoder is either unconnected or has no load
INFO: [Synth 8-7129] Port Address_In_Erly[8] in module address_decoder is either unconnected or has no load
INFO: [Synth 8-7129] Port Bus_RNW in module address_decoder is either unconnected or has no load
INFO: [Synth 8-7129] Port S_AXI_WSTRB[3] in module slave_attachment is either unconnected or has no load
INFO: [Synth 8-7129] Port S_AXI_WSTRB[2] in module slave_attachment is either unconnected or has no load
INFO: [Synth 8-7129] Port S_AXI_WSTRB[1] in module slave_attachment is either unconnected or has no load
INFO: [Synth 8-7129] Port S_AXI_WSTRB[0] in module slave_attachment is either unconnected or has no load
---------------------------------------------------------------------------------
Finished RTL Elaboration : Time (s): cpu = 00:00:03 ; elapsed = 00:00:03 . Memory (MB): peak = 3253.781 ; gain = 243.656 ; free physical = 8248 ; free virtual = 60091
---------------------------------------------------------------------------------
---------------------------------------------------------------------------------
Start Handling Custom Attributes
---------------------------------------------------------------------------------
---------------------------------------------------------------------------------
Finished Handling Custom Attributes : Time (s): cpu = 00:00:03 ; elapsed = 00:00:03 . Memory (MB): peak = 3253.781 ; gain = 243.656 ; free physical = 8228 ; free virtual = 60072
---------------------------------------------------------------------------------
---------------------------------------------------------------------------------
Finished RTL Optimization Phase 1 : Time (s): cpu = 00:00:03 ; elapsed = 00:00:03 . Memory (MB): peak = 3253.781 ; gain = 243.656 ; free physical = 8228 ; free virtual = 60072
---------------------------------------------------------------------------------
Netlist sorting complete. Time (s): cpu = 00:00:00 ; elapsed = 00:00:00.01 . Memory (MB): peak = 3253.781 ; gain = 0.000 ; free physical = 8219 ; free virtual = 60063
INFO: [Project 1-570] Preparing netlist for logic optimization

Processing XDC Constraints
Initializing timing engine
Parsing XDC File [/home/xmen/Videos/RustDesk/SystolicCore/SystolicCore/Ethernet_ps/Ethernet_ps.gen/sources_1/bd/design_1/ip/design_1_axi_gpio_0_1/design_1_axi_gpio_0_1_ooc.xdc] for cell 'U0'
Finished Parsing XDC File [/home/xmen/Videos/RustDesk/SystolicCore/SystolicCore/Ethernet_ps/Ethernet_ps.gen/sources_1/bd/design_1/ip/design_1_axi_gpio_0_1/design_1_axi_gpio_0_1_ooc.xdc] for cell 'U0'
Parsing XDC File [/home/xmen/Videos/RustDesk/SystolicCore/SystolicCore/Ethernet_ps/Ethernet_ps.gen/sources_1/bd/design_1/ip/design_1_axi_gpio_0_1/design_1_axi_gpio_0_1_board.xdc] for cell 'U0'
Finished Parsing XDC File [/home/xmen/Videos/RustDesk/SystolicCore/SystolicCore/Ethernet_ps/Ethernet_ps.gen/sources_1/bd/design_1/ip/design_1_axi_gpio_0_1/design_1_axi_gpio_0_1_board.xdc] for cell 'U0'
Parsing XDC File [/home/xmen/Videos/RustDesk/SystolicCore/SystolicCore/Ethernet_ps/Ethernet_ps.runs/design_1_axi_gpio_0_1_synth_1/dont_touch.xdc]
Finished Parsing XDC File [/home/xmen/Videos/RustDesk/SystolicCore/SystolicCore/Ethernet_ps/Ethernet_ps.runs/design_1_axi_gpio_0_1_synth_1/dont_touch.xdc]
INFO: [Project 1-236] Implementation specific constraints were found while reading constraint file [/home/xmen/Music/2025.2/data/ip/xpm/xpm_cdc/tcl/xpm_cdc_array_single.tcl]. These constraints will be ignored for synthesis but will be used in implementation. Impacted constraints are listed in the file [.Xil/design_1_axi_gpio_0_1_propImpl.xdc].
Resolution: To avoid this warning, move constraints listed in [.Xil/design_1_axi_gpio_0_1_propImpl.xdc] to another XDC file and exclude this new file from synthesis with the used_in_synthesis property (File Properties dialog in GUI) and re-run elaboration/synthesis.
INFO: [Project 1-1714] 2 XPM XDC files have been applied to the design.
Completed Processing XDC Constraints

Netlist sorting complete. Time (s): cpu = 00:00:00 ; elapsed = 00:00:00 . Memory (MB): peak = 3355.449 ; gain = 0.000 ; free physical = 6371 ; free virtual = 58379
INFO: [Project 1-111] Unisim Transformation Summary:
No Unisim elements were transformed.

Constraint Validation Runtime : Time (s): cpu = 00:00:00.01 ; elapsed = 00:00:00 . Memory (MB): peak = 3355.484 ; gain = 0.000 ; free physical = 6366 ; free virtual = 58379
INFO: [Designutils 20-5008] Incremental synthesis strategy off
---------------------------------------------------------------------------------
Finished Constraint Validation : Time (s): cpu = 00:00:09 ; elapsed = 00:00:09 . Memory (MB): peak = 3355.484 ; gain = 345.359 ; free physical = 7235 ; free virtual = 59090
---------------------------------------------------------------------------------
---------------------------------------------------------------------------------
Start Loading Part and Timing Information
---------------------------------------------------------------------------------
Loading part: xczu7ev-ffvc1156-2-e
INFO: [Synth 8-6742] Reading net delay rules and data
---------------------------------------------------------------------------------
Finished Loading Part and Timing Information : Time (s): cpu = 00:00:09 ; elapsed = 00:00:09 . Memory (MB): peak = 3363.453 ; gain = 353.328 ; free physical = 7235 ; free virtual = 59090
---------------------------------------------------------------------------------
---------------------------------------------------------------------------------
Start Applying 'set_property' XDC Constraints
---------------------------------------------------------------------------------
---------------------------------------------------------------------------------
Finished applying 'set_property' XDC Constraints : Time (s): cpu = 00:00:09 ; elapsed = 00:00:09 . Memory (MB): peak = 3363.453 ; gain = 353.328 ; free physical = 7235 ; free virtual = 59090
---------------------------------------------------------------------------------
INFO: [Synth 8-802] inferred FSM for state register 'state_reg' in module 'slave_attachment'
---------------------------------------------------------------------------------------------------
                   State |                     New Encoding |                Previous Encoding 
---------------------------------------------------------------------------------------------------
                 iSTATE2 |                             0001 |                               00
                  iSTATE |                             0010 |                               01
                 iSTATE0 |                             0100 |                               10
                 iSTATE1 |                             1000 |                               11
---------------------------------------------------------------------------------------------------
INFO: [Synth 8-3354] encoded FSM with state register 'state_reg' using encoding 'one-hot' in module 'slave_attachment'
---------------------------------------------------------------------------------
Finished RTL Optimization Phase 2 : Time (s): cpu = 00:00:09 ; elapsed = 00:00:10 . Memory (MB): peak = 3363.453 ; gain = 353.328 ; free physical = 7235 ; free virtual = 59091
---------------------------------------------------------------------------------
---------------------------------------------------------------------------------
Start RTL Component Statistics 
---------------------------------------------------------------------------------
Detailed RTL Component Info : 
+---Adders : 
	   2 Input    4 Bit       Adders := 1     
+---Registers : 
	               32 Bit    Registers := 2     
	               16 Bit    Registers := 13    
	                9 Bit    Registers := 1     
	                4 Bit    Registers := 1     
	                2 Bit    Registers := 3     
	                1 Bit    Registers := 50    
+---Muxes : 
	   5 Input   32 Bit        Muxes := 1     
	   2 Input   16 Bit        Muxes := 3     
	   2 Input    9 Bit        Muxes := 1     
	   4 Input    4 Bit        Muxes := 1     
	   2 Input    4 Bit        Muxes := 5     
	   2 Input    2 Bit        Muxes := 3     
	   3 Input    2 Bit        Muxes := 1     
	   4 Input    2 Bit        Muxes := 3     
	   2 Input    1 Bit        Muxes := 12    
	   4 Input    1 Bit        Muxes := 3     
---------------------------------------------------------------------------------
Finished RTL Component Statistics 
---------------------------------------------------------------------------------
---------------------------------------------------------------------------------
Start Part Resource Summary
---------------------------------------------------------------------------------
Part Resources:
DSPs: 1728 (col length:144)
BRAMs: 624 (col length: RAMB18 144 RAMB36 72)
---------------------------------------------------------------------------------
Finished Part Resource Summary
---------------------------------------------------------------------------------
---------------------------------------------------------------------------------
Start Cross Boundary and Area Optimization
---------------------------------------------------------------------------------
INFO: [Synth 8-7129] Port src_clk in module xpm_cdc_array_single is either unconnected or has no load
INFO: [Synth 8-7129] Port s_axi_wdata[31] in module axi_gpio is either unconnected or has no load
INFO: [Synth 8-7129] Port s_axi_wdata[30] in module axi_gpio is either unconnected or has no load
INFO: [Synth 8-7129] Port s_axi_wdata[29] in module axi_gpio is either unconnected or has no load
INFO: [Synth 8-7129] Port s_axi_wdata[28] in module axi_gpio is either unconnected or has no load
INFO: [Synth 8-7129] Port s_axi_wdata[27] in module axi_gpio is either unconnected or has no load
INFO: [Synth 8-7129] Port s_axi_wdata[26] in module axi_gpio is either unconnected or has no load
INFO: [Synth 8-7129] Port s_axi_wdata[25] in module axi_gpio is either unconnected or has no load
INFO: [Synth 8-7129] Port s_axi_wdata[24] in module axi_gpio is either unconnected or has no load
INFO: [Synth 8-7129] Port s_axi_wdata[23] in module axi_gpio is either unconnected or has no load
INFO: [Synth 8-7129] Port s_axi_wdata[22] in module axi_gpio is either unconnected or has no load
INFO: [Synth 8-7129] Port s_axi_wdata[21] in module axi_gpio is either unconnected or has no load
INFO: [Synth 8-7129] Port s_axi_wdata[20] in module axi_gpio is either unconnected or has no load
INFO: [Synth 8-7129] Port s_axi_wdata[19] in module axi_gpio is either unconnected or has no load
INFO: [Synth 8-7129] Port s_axi_wdata[18] in module axi_gpio is either unconnected or has no load
INFO: [Synth 8-7129] Port s_axi_wdata[17] in module axi_gpio is either unconnected or has no load
INFO: [Synth 8-7129] Port s_axi_wdata[16] in module axi_gpio is either unconnected or has no load
INFO: [Synth 8-7129] Port s_axi_wstrb[3] in module axi_gpio is either unconnected or has no load
INFO: [Synth 8-7129] Port s_axi_wstrb[2] in module axi_gpio is either unconnected or has no load
INFO: [Synth 8-7129] Port s_axi_wstrb[1] in module axi_gpio is either unconnected or has no load
INFO: [Synth 8-7129] Port s_axi_wstrb[0] in module axi_gpio is either unconnected or has no load
---------------------------------------------------------------------------------
Finished Cross Boundary and Area Optimization : Time (s): cpu = 00:00:10 ; elapsed = 00:00:10 . Memory (MB): peak = 3363.453 ; gain = 353.328 ; free physical = 7329 ; free virtual = 59185
---------------------------------------------------------------------------------
---------------------------------------------------------------------------------
Start Applying XDC Timing Constraints
---------------------------------------------------------------------------------
---------------------------------------------------------------------------------
Finished Applying XDC Timing Constraints : Time (s): cpu = 00:00:14 ; elapsed = 00:00:15 . Memory (MB): peak = 3965.891 ; gain = 955.766 ; free physical = 7429 ; free virtual = 59286
---------------------------------------------------------------------------------
---------------------------------------------------------------------------------
Start Timing Optimization
---------------------------------------------------------------------------------
---------------------------------------------------------------------------------
Finished Timing Optimization : Time (s): cpu = 00:00:14 ; elapsed = 00:00:15 . Memory (MB): peak = 3995.945 ; gain = 985.820 ; free physical = 7401 ; free virtual = 59258
---------------------------------------------------------------------------------
---------------------------------------------------------------------------------
Start Technology Mapping
---------------------------------------------------------------------------------
---------------------------------------------------------------------------------
Finished Technology Mapping : Time (s): cpu = 00:00:14 ; elapsed = 00:00:15 . Memory (MB): peak = 3995.945 ; gain = 985.820 ; free physical = 7401 ; free virtual = 59258
---------------------------------------------------------------------------------
---------------------------------------------------------------------------------
Start IO Insertion
---------------------------------------------------------------------------------
---------------------------------------------------------------------------------
Start Flattening Before IO Insertion
---------------------------------------------------------------------------------
---------------------------------------------------------------------------------
Finished Flattening Before IO Insertion
---------------------------------------------------------------------------------
---------------------------------------------------------------------------------
Start Final Netlist Cleanup
---------------------------------------------------------------------------------
---------------------------------------------------------------------------------
Finished Final Netlist Cleanup
---------------------------------------------------------------------------------
---------------------------------------------------------------------------------
Finished IO Insertion : Time (s): cpu = 00:00:16 ; elapsed = 00:00:17 . Memory (MB): peak = 4171.758 ; gain = 1161.633 ; free physical = 7239 ; free virtual = 59096
---------------------------------------------------------------------------------
---------------------------------------------------------------------------------
Start Renaming Generated Instances
---------------------------------------------------------------------------------
---------------------------------------------------------------------------------
Finished Renaming Generated Instances : Time (s): cpu = 00:00:16 ; elapsed = 00:00:17 . Memory (MB): peak = 4171.758 ; gain = 1161.633 ; free physical = 7239 ; free virtual = 59096
---------------------------------------------------------------------------------
---------------------------------------------------------------------------------
Start Rebuilding User Hierarchy
---------------------------------------------------------------------------------
---------------------------------------------------------------------------------
Finished Rebuilding User Hierarchy : Time (s): cpu = 00:00:16 ; elapsed = 00:00:17 . Memory (MB): peak = 4171.758 ; gain = 1161.633 ; free physical = 7239 ; free virtual = 59096
---------------------------------------------------------------------------------
---------------------------------------------------------------------------------
Start Renaming Generated Ports
---------------------------------------------------------------------------------
---------------------------------------------------------------------------------
Finished Renaming Generated Ports : Time (s): cpu = 00:00:16 ; elapsed = 00:00:17 . Memory (MB): peak = 4171.758 ; gain = 1161.633 ; free physical = 7239 ; free virtual = 59096
---------------------------------------------------------------------------------
---------------------------------------------------------------------------------
Start Handling Custom Attributes
---------------------------------------------------------------------------------
---------------------------------------------------------------------------------
Finished Handling Custom Attributes : Time (s): cpu = 00:00:16 ; elapsed = 00:00:17 . Memory (MB): peak = 4171.758 ; gain = 1161.633 ; free physical = 7239 ; free virtual = 59096
---------------------------------------------------------------------------------
---------------------------------------------------------------------------------
Start Renaming Generated Nets
---------------------------------------------------------------------------------
---------------------------------------------------------------------------------
Finished Renaming Generated Nets : Time (s): cpu = 00:00:16 ; elapsed = 00:00:17 . Memory (MB): peak = 4171.758 ; gain = 1161.633 ; free physical = 7239 ; free virtual = 59096
---------------------------------------------------------------------------------
---------------------------------------------------------------------------------
Start Writing Synthesis Report
---------------------------------------------------------------------------------

Report BlackBoxes: 
+-+--------------+----------+
| |BlackBox name |Instances |
+-+--------------+----------+
+-+--------------+----------+

Report Cell Usage: 
+------+-----+------+
|      |Cell |Count |
+------+-----+------+
|1     |LUT1 |     2|
|2     |LUT2 |    10|
|3     |LUT3 |     7|
|4     |LUT4 |     5|
|5     |LUT5 |    43|
|6     |LUT6 |     7|
|7     |FDRE |   255|
|8     |FDSE |    17|
+------+-----+------+
---------------------------------------------------------------------------------
Finished Writing Synthesis Report : Time (s): cpu = 00:00:16 ; elapsed = 00:00:17 . Memory (MB): peak = 4171.758 ; gain = 1161.633 ; free physical = 7239 ; free virtual = 59096
---------------------------------------------------------------------------------
Synthesis finished with 0 errors, 0 critical warnings and 0 warnings.
Synthesis Optimization Runtime : Time (s): cpu = 00:00:13 ; elapsed = 00:00:13 . Memory (MB): peak = 4171.758 ; gain = 1059.930 ; free physical = 7231 ; free virtual = 59088
Synthesis Optimization Complete : Time (s): cpu = 00:00:16 ; elapsed = 00:00:17 . Memory (MB): peak = 4171.758 ; gain = 1161.633 ; free physical = 7231 ; free virtual = 59088
INFO: [Project 1-571] Translating synthesized netlist
Netlist sorting complete. Time (s): cpu = 00:00:00 ; elapsed = 00:00:00 . Memory (MB): peak = 4171.758 ; gain = 0.000 ; free physical = 7400 ; free virtual = 59256
INFO: [Project 1-570] Preparing netlist for logic optimization
INFO: [Opt 31-138] Pushed 0 inverter(s) to 0 load pin(s).
Netlist sorting complete. Time (s): cpu = 00:00:00 ; elapsed = 00:00:00 . Memory (MB): peak = 4171.758 ; gain = 0.000 ; free physical = 7503 ; free virtual = 59359
INFO: [Project 1-111] Unisim Transformation Summary:
No Unisim elements were transformed.

Synth Design complete | Checksum: fd54b34f
INFO: [Common 17-83] Releasing license: Synthesis
122 Infos, 0 Warnings, 0 Critical Warnings and 0 Errors encountered.
synth_design completed successfully
synth_design: Time (s): cpu = 00:00:22 ; elapsed = 00:00:21 . Memory (MB): peak = 4171.758 ; gain = 2311.219 ; free physical = 7493 ; free virtual = 59349
INFO: [Common 17-2834] synth_design peak Physical Memory [PSS] (MB): overall = 2999.934; main = 2999.934; forked = 285.939
INFO: [Common 17-2834] synth_design peak Virtual Memory [VSS] (MB): overall = 5004.461; main = 4154.102; forked = 1641.004
Write ShapeDB Complete: Time (s): cpu = 00:00:00 ; elapsed = 00:00:00 . Memory (MB): peak = 4178.109 ; gain = 0.000 ; free physical = 7493 ; free virtual = 59349
INFO: [Common 17-1381] The checkpoint '/home/xmen/Videos/RustDesk/SystolicCore/SystolicCore/Ethernet_ps/Ethernet_ps.runs/design_1_axi_gpio_0_1_synth_1/design_1_axi_gpio_0_1.dcp' has been generated.
INFO: [Coretcl 2-1648] Added synthesis output to IP cache for IP design_1_axi_gpio_0_1, cache-ID = 289b6e9c9e8687f8
INFO: [Coretcl 2-1174] Renamed 9 cell refs.
Write ShapeDB Complete: Time (s): cpu = 00:00:00 ; elapsed = 00:00:00 . Memory (MB): peak = 4178.109 ; gain = 0.000 ; free physical = 7447 ; free virtual = 59303
INFO: [Common 17-1381] The checkpoint '/home/xmen/Videos/RustDesk/SystolicCore/SystolicCore/Ethernet_ps/Ethernet_ps.runs/design_1_axi_gpio_0_1_synth_1/design_1_axi_gpio_0_1.dcp' has been generated.
INFO: [Vivado 12-24828] Executing command : report_utilization -file design_1_axi_gpio_0_1_utilization_synth.rpt -pb design_1_axi_gpio_0_1_utilization_synth.pb
INFO: [Common 17-206] Exiting Vivado at Thu Jan  1 00:53:11 2026...
