
*** Running vivado
    with args -log design_1_wrapper.vds -m64 -product Vivado -mode batch -messageDb vivado.pb -notrace -source design_1_wrapper.tcl


****** Vivado v2025.2 (64-bit)
  **** SW Build 6299465 on Fri Nov 14 12:34:56 MST 2025
  **** IP Build 6300035 on Fri Nov 14 10:48:45 MST 2025
  **** SharedData Build 6298862 on Thu Nov 13 04:50:51 MST 2025
  **** Start of session at: Fri Jan  2 17:28:19 2026
    ** Copyright 1986-2022 Xilinx, Inc. All Rights Reserved.
    ** Copyright 2022-2025 Advanced Micro Devices, Inc. All Rights Reserved.

source design_1_wrapper.tcl -notrace
INFO: [IP_Flow 19-234] Refreshing IP repositories
INFO: [IP_Flow 19-1704] No user IP repositories specified
INFO: [IP_Flow 19-2313] Loaded Vivado IP repository '/home/xmen/Music/2025.2/data/ip'.
Command: read_checkpoint -auto_incremental -incremental /home/xmen/Videos/RustDesk/SystolicCore/SystolicCore/Ethernet_ps/Ethernet_ps.srcs/utils_1/imports/synth_1/design_1_wrapper.dcp
INFO: [Vivado 12-5825] Read reference checkpoint from /home/xmen/Videos/RustDesk/SystolicCore/SystolicCore/Ethernet_ps/Ethernet_ps.srcs/utils_1/imports/synth_1/design_1_wrapper.dcp for incremental synthesis
INFO: [Vivado 12-7989] Please ensure there are no constraint changes
Command: synth_design -top design_1_wrapper -part xczu7ev-ffvc1156-2-e
Starting synth_design
Attempting to get a license for feature 'Synthesis' and/or device 'xczu7ev'
INFO: [Common 17-349] Got license for feature 'Synthesis' and/or device 'xczu7ev'
INFO: [Device 21-403] Loading part xczu7ev-ffvc1156-2-e
INFO: [Designutils 20-5440] No compile time benefit to using incremental synthesis; A full resynthesis will be run
INFO: [Designutils 20-4379] Flow is switching to default flow due to incremental criteria not met. If you would like to alter this behaviour and have the flow terminate instead, please set the following parameter config_implementation {autoIncr.Synth.RejectBehavior Terminate}
INFO: [Synth 8-7079] Multithreading enabled for synth_design using a maximum of 7 processes.
INFO: [Synth 8-7078] Launching helper process for spawning children vivado processes
INFO: [Synth 8-7075] Helper process launched with PID 1253601
---------------------------------------------------------------------------------
Starting RTL Elaboration : Time (s): cpu = 00:00:02 ; elapsed = 00:00:02 . Memory (MB): peak = 3233.828 ; gain = 147.688 ; free physical = 2029 ; free virtual = 50328
---------------------------------------------------------------------------------
INFO: [Synth 8-6157] synthesizing module 'design_1_wrapper' [/home/xmen/Videos/RustDesk/SystolicCore/SystolicCore/Ethernet_ps/Ethernet_ps.gen/sources_1/bd/design_1/hdl/design_1_wrapper.v:13]
INFO: [Synth 8-6157] synthesizing module 'design_1' [/home/xmen/Videos/RustDesk/SystolicCore/SystolicCore/Ethernet_ps/Ethernet_ps.gen/sources_1/bd/design_1/synth/design_1.v:13]
INFO: [Synth 8-6157] synthesizing module 'design_1_SystolicCoreWrapperV_0_18' [/home/xmen/Videos/RustDesk/SystolicCore/SystolicCore/Ethernet_ps/Ethernet_ps.runs/synth_1/.Xil/Vivado-1253483-VT0144/realtime/design_1_SystolicCoreWrapperV_0_18_stub.v:6]
INFO: [Synth 8-6155] done synthesizing module 'design_1_SystolicCoreWrapperV_0_18' (0#1) [/home/xmen/Videos/RustDesk/SystolicCore/SystolicCore/Ethernet_ps/Ethernet_ps.runs/synth_1/.Xil/Vivado-1253483-VT0144/realtime/design_1_SystolicCoreWrapperV_0_18_stub.v:6]
INFO: [Synth 8-6157] synthesizing module 'design_1_axi_gpio_0_0' [/home/xmen/Videos/RustDesk/SystolicCore/SystolicCore/Ethernet_ps/Ethernet_ps.runs/synth_1/.Xil/Vivado-1253483-VT0144/realtime/design_1_axi_gpio_0_0_stub.v:6]
INFO: [Synth 8-6155] done synthesizing module 'design_1_axi_gpio_0_0' (0#1) [/home/xmen/Videos/RustDesk/SystolicCore/SystolicCore/Ethernet_ps/Ethernet_ps.runs/synth_1/.Xil/Vivado-1253483-VT0144/realtime/design_1_axi_gpio_0_0_stub.v:6]
INFO: [Synth 8-6157] synthesizing module 'design_1_axi_smc_0' [/home/xmen/Videos/RustDesk/SystolicCore/SystolicCore/Ethernet_ps/Ethernet_ps.runs/synth_1/.Xil/Vivado-1253483-VT0144/realtime/design_1_axi_smc_0_stub.v:6]
INFO: [Synth 8-6155] done synthesizing module 'design_1_axi_smc_0' (0#1) [/home/xmen/Videos/RustDesk/SystolicCore/SystolicCore/Ethernet_ps/Ethernet_ps.runs/synth_1/.Xil/Vivado-1253483-VT0144/realtime/design_1_axi_smc_0_stub.v:6]
WARNING: [Synth 8-4446] all outputs are unconnected for this instance and logic may be removed [/home/xmen/Videos/RustDesk/SystolicCore/SystolicCore/Ethernet_ps/Ethernet_ps.gen/sources_1/bd/design_1/synth/design_1.v:169]
INFO: [Synth 8-6157] synthesizing module 'design_1_ila_0_0' [/home/xmen/Videos/RustDesk/SystolicCore/SystolicCore/Ethernet_ps/Ethernet_ps.runs/synth_1/.Xil/Vivado-1253483-VT0144/realtime/design_1_ila_0_0_stub.v:6]
INFO: [Synth 8-6155] done synthesizing module 'design_1_ila_0_0' (0#1) [/home/xmen/Videos/RustDesk/SystolicCore/SystolicCore/Ethernet_ps/Ethernet_ps.runs/synth_1/.Xil/Vivado-1253483-VT0144/realtime/design_1_ila_0_0_stub.v:6]
WARNING: [Synth 8-4446] all outputs are unconnected for this instance and logic may be removed [/home/xmen/Videos/RustDesk/SystolicCore/SystolicCore/Ethernet_ps/Ethernet_ps.gen/sources_1/bd/design_1/synth/design_1.v:173]
INFO: [Synth 8-6157] synthesizing module 'design_1_ila_1_0' [/home/xmen/Videos/RustDesk/SystolicCore/SystolicCore/Ethernet_ps/Ethernet_ps.runs/synth_1/.Xil/Vivado-1253483-VT0144/realtime/design_1_ila_1_0_stub.v:6]
INFO: [Synth 8-6155] done synthesizing module 'design_1_ila_1_0' (0#1) [/home/xmen/Videos/RustDesk/SystolicCore/SystolicCore/Ethernet_ps/Ethernet_ps.runs/synth_1/.Xil/Vivado-1253483-VT0144/realtime/design_1_ila_1_0_stub.v:6]
INFO: [Synth 8-6157] synthesizing module 'design_1_rst_ps8_0_99M_6' [/home/xmen/Videos/RustDesk/SystolicCore/SystolicCore/Ethernet_ps/Ethernet_ps.runs/synth_1/.Xil/Vivado-1253483-VT0144/realtime/design_1_rst_ps8_0_99M_6_stub.v:6]
INFO: [Synth 8-6155] done synthesizing module 'design_1_rst_ps8_0_99M_6' (0#1) [/home/xmen/Videos/RustDesk/SystolicCore/SystolicCore/Ethernet_ps/Ethernet_ps.runs/synth_1/.Xil/Vivado-1253483-VT0144/realtime/design_1_rst_ps8_0_99M_6_stub.v:6]
WARNING: [Synth 8-7071] port 'mb_reset' of module 'design_1_rst_ps8_0_99M_6' is unconnected for instance 'rst_ps8_0_99M' [/home/xmen/Videos/RustDesk/SystolicCore/SystolicCore/Ethernet_ps/Ethernet_ps.gen/sources_1/bd/design_1/synth/design_1.v:194]
WARNING: [Synth 8-7071] port 'bus_struct_reset' of module 'design_1_rst_ps8_0_99M_6' is unconnected for instance 'rst_ps8_0_99M' [/home/xmen/Videos/RustDesk/SystolicCore/SystolicCore/Ethernet_ps/Ethernet_ps.gen/sources_1/bd/design_1/synth/design_1.v:194]
WARNING: [Synth 8-7071] port 'peripheral_reset' of module 'design_1_rst_ps8_0_99M_6' is unconnected for instance 'rst_ps8_0_99M' [/home/xmen/Videos/RustDesk/SystolicCore/SystolicCore/Ethernet_ps/Ethernet_ps.gen/sources_1/bd/design_1/synth/design_1.v:194]
WARNING: [Synth 8-7071] port 'interconnect_aresetn' of module 'design_1_rst_ps8_0_99M_6' is unconnected for instance 'rst_ps8_0_99M' [/home/xmen/Videos/RustDesk/SystolicCore/SystolicCore/Ethernet_ps/Ethernet_ps.gen/sources_1/bd/design_1/synth/design_1.v:194]
WARNING: [Synth 8-7023] instance 'rst_ps8_0_99M' of module 'design_1_rst_ps8_0_99M_6' has 10 connections declared, but only 6 given [/home/xmen/Videos/RustDesk/SystolicCore/SystolicCore/Ethernet_ps/Ethernet_ps.gen/sources_1/bd/design_1/synth/design_1.v:194]
INFO: [Synth 8-6157] synthesizing module 'design_1_zynq_ultra_ps_e_0_0' [/home/xmen/Videos/RustDesk/SystolicCore/SystolicCore/Ethernet_ps/Ethernet_ps.runs/synth_1/.Xil/Vivado-1253483-VT0144/realtime/design_1_zynq_ultra_ps_e_0_0_stub.v:6]
INFO: [Synth 8-6155] done synthesizing module 'design_1_zynq_ultra_ps_e_0_0' (0#1) [/home/xmen/Videos/RustDesk/SystolicCore/SystolicCore/Ethernet_ps/Ethernet_ps.runs/synth_1/.Xil/Vivado-1253483-VT0144/realtime/design_1_zynq_ultra_ps_e_0_0_stub.v:6]
INFO: [Synth 8-6155] done synthesizing module 'design_1' (0#1) [/home/xmen/Videos/RustDesk/SystolicCore/SystolicCore/Ethernet_ps/Ethernet_ps.gen/sources_1/bd/design_1/synth/design_1.v:13]
INFO: [Synth 8-6155] done synthesizing module 'design_1_wrapper' (0#1) [/home/xmen/Videos/RustDesk/SystolicCore/SystolicCore/Ethernet_ps/Ethernet_ps.gen/sources_1/bd/design_1/hdl/design_1_wrapper.v:13]
INFO: [Synth 8-6071] Mark debug on the nets applies keep_hierarchy on instance 'axi_gpio_0'. This will prevent further optimization [/home/xmen/Videos/RustDesk/SystolicCore/SystolicCore/Ethernet_ps/Ethernet_ps.gen/sources_1/bd/design_1/synth/design_1.v:86]
INFO: [Synth 8-6071] Mark debug on the nets applies keep_hierarchy on instance 'ila_0'. This will prevent further optimization [/home/xmen/Videos/RustDesk/SystolicCore/SystolicCore/Ethernet_ps/Ethernet_ps.gen/sources_1/bd/design_1/synth/design_1.v:169]
INFO: [Synth 8-6071] Mark debug on the nets applies keep_hierarchy on instance 'SystolicCoreWrapperV_0'. This will prevent further optimization [/home/xmen/Videos/RustDesk/SystolicCore/SystolicCore/Ethernet_ps/Ethernet_ps.gen/sources_1/bd/design_1/synth/design_1.v:81]
INFO: [Synth 8-6071] Mark debug on the nets applies keep_hierarchy on instance 'ila_1'. This will prevent further optimization [/home/xmen/Videos/RustDesk/SystolicCore/SystolicCore/Ethernet_ps/Ethernet_ps.gen/sources_1/bd/design_1/synth/design_1.v:173]
INFO: [Synth 8-6071] Mark debug on the nets applies keep_hierarchy on instance 'axi_smc'. This will prevent further optimization [/home/xmen/Videos/RustDesk/SystolicCore/SystolicCore/Ethernet_ps/Ethernet_ps.gen/sources_1/bd/design_1/synth/design_1.v:108]
---------------------------------------------------------------------------------
Finished RTL Elaboration : Time (s): cpu = 00:00:03 ; elapsed = 00:00:03 . Memory (MB): peak = 3325.766 ; gain = 239.625 ; free physical = 3121 ; free virtual = 51422
---------------------------------------------------------------------------------
---------------------------------------------------------------------------------
Start Handling Custom Attributes
---------------------------------------------------------------------------------
---------------------------------------------------------------------------------
Finished Handling Custom Attributes : Time (s): cpu = 00:00:03 ; elapsed = 00:00:03 . Memory (MB): peak = 3325.766 ; gain = 239.625 ; free physical = 3120 ; free virtual = 51421
---------------------------------------------------------------------------------
---------------------------------------------------------------------------------
Finished RTL Optimization Phase 1 : Time (s): cpu = 00:00:03 ; elapsed = 00:00:03 . Memory (MB): peak = 3325.766 ; gain = 239.625 ; free physical = 3120 ; free virtual = 51421
---------------------------------------------------------------------------------
Netlist sorting complete. Time (s): cpu = 00:00:00.01 ; elapsed = 00:00:00 . Memory (MB): peak = 3325.766 ; gain = 0.000 ; free physical = 3109 ; free virtual = 51410
INFO: [Project 1-570] Preparing netlist for logic optimization

Processing XDC Constraints
Initializing timing engine
Parsing XDC File [/home/xmen/Videos/RustDesk/SystolicCore/SystolicCore/Ethernet_ps/Ethernet_ps.gen/sources_1/bd/design_1/ip/design_1_zynq_ultra_ps_e_0_0/design_1_zynq_ultra_ps_e_0_0/design_1_zynq_ultra_ps_e_0_0_in_context.xdc] for cell 'design_1_i/zynq_ultra_ps_e_0'
Finished Parsing XDC File [/home/xmen/Videos/RustDesk/SystolicCore/SystolicCore/Ethernet_ps/Ethernet_ps.gen/sources_1/bd/design_1/ip/design_1_zynq_ultra_ps_e_0_0/design_1_zynq_ultra_ps_e_0_0/design_1_zynq_ultra_ps_e_0_0_in_context.xdc] for cell 'design_1_i/zynq_ultra_ps_e_0'
Parsing XDC File [/home/xmen/Videos/RustDesk/SystolicCore/SystolicCore/Ethernet_ps/Ethernet_ps.gen/sources_1/bd/design_1/ip/design_1_rst_ps8_0_99M_6/design_1_rst_ps8_0_99M_6/design_1_rst_ps8_0_99M_0_in_context.xdc] for cell 'design_1_i/rst_ps8_0_99M'
Finished Parsing XDC File [/home/xmen/Videos/RustDesk/SystolicCore/SystolicCore/Ethernet_ps/Ethernet_ps.gen/sources_1/bd/design_1/ip/design_1_rst_ps8_0_99M_6/design_1_rst_ps8_0_99M_6/design_1_rst_ps8_0_99M_0_in_context.xdc] for cell 'design_1_i/rst_ps8_0_99M'
Parsing XDC File [/home/xmen/Videos/RustDesk/SystolicCore/SystolicCore/Ethernet_ps/Ethernet_ps.gen/sources_1/bd/design_1/ip/design_1_axi_gpio_0_0_1/design_1_axi_gpio_0_0/design_1_axi_gpio_0_1_in_context.xdc] for cell 'design_1_i/axi_gpio_0'
Finished Parsing XDC File [/home/xmen/Videos/RustDesk/SystolicCore/SystolicCore/Ethernet_ps/Ethernet_ps.gen/sources_1/bd/design_1/ip/design_1_axi_gpio_0_0_1/design_1_axi_gpio_0_0/design_1_axi_gpio_0_1_in_context.xdc] for cell 'design_1_i/axi_gpio_0'
Parsing XDC File [/home/xmen/Videos/RustDesk/SystolicCore/SystolicCore/Ethernet_ps/Ethernet_ps.gen/sources_1/bd/design_1/ip/design_1_axi_smc_0/design_1_axi_smc_0/design_1_axi_smc_0_in_context.xdc] for cell 'design_1_i/axi_smc'
Finished Parsing XDC File [/home/xmen/Videos/RustDesk/SystolicCore/SystolicCore/Ethernet_ps/Ethernet_ps.gen/sources_1/bd/design_1/ip/design_1_axi_smc_0/design_1_axi_smc_0/design_1_axi_smc_0_in_context.xdc] for cell 'design_1_i/axi_smc'
Parsing XDC File [/home/xmen/Videos/RustDesk/SystolicCore/SystolicCore/Ethernet_ps/Ethernet_ps.gen/sources_1/bd/design_1/ip/design_1_ila_1_0/design_1_ila_1_0/design_1_ila_1_0_in_context.xdc] for cell 'design_1_i/ila_1'
Finished Parsing XDC File [/home/xmen/Videos/RustDesk/SystolicCore/SystolicCore/Ethernet_ps/Ethernet_ps.gen/sources_1/bd/design_1/ip/design_1_ila_1_0/design_1_ila_1_0/design_1_ila_1_0_in_context.xdc] for cell 'design_1_i/ila_1'
Parsing XDC File [/home/xmen/Videos/RustDesk/SystolicCore/SystolicCore/Ethernet_ps/Ethernet_ps.gen/sources_1/bd/design_1/ip/design_1_ila_0_0/design_1_ila_0_0/design_1_ila_0_0_in_context.xdc] for cell 'design_1_i/ila_0'
Finished Parsing XDC File [/home/xmen/Videos/RustDesk/SystolicCore/SystolicCore/Ethernet_ps/Ethernet_ps.gen/sources_1/bd/design_1/ip/design_1_ila_0_0/design_1_ila_0_0/design_1_ila_0_0_in_context.xdc] for cell 'design_1_i/ila_0'
Parsing XDC File [/home/xmen/Videos/RustDesk/SystolicCore/SystolicCore/Ethernet_ps/Ethernet_ps.gen/sources_1/bd/design_1/ip/design_1_SystolicCoreWrapperV_0_18/design_1_SystolicCoreWrapperV_0_18/design_1_SystolicCoreWrapperV_0_18_in_context.xdc] for cell 'design_1_i/SystolicCoreWrapperV_0'
Finished Parsing XDC File [/home/xmen/Videos/RustDesk/SystolicCore/SystolicCore/Ethernet_ps/Ethernet_ps.gen/sources_1/bd/design_1/ip/design_1_SystolicCoreWrapperV_0_18/design_1_SystolicCoreWrapperV_0_18/design_1_SystolicCoreWrapperV_0_18_in_context.xdc] for cell 'design_1_i/SystolicCoreWrapperV_0'
Parsing XDC File [/home/xmen/Videos/RustDesk/SystolicCore/SystolicCore/Ethernet_ps/Ethernet_ps.srcs/constrs_1/new/zyqnZCU106.xdc]
WARNING: [Vivado 12-584] No ports matched 'reset'. [/home/xmen/Videos/RustDesk/SystolicCore/SystolicCore/Ethernet_ps/Ethernet_ps.srcs/constrs_1/new/zyqnZCU106.xdc:1]
WARNING: [Vivado 12-584] No ports matched 'reset'. [/home/xmen/Videos/RustDesk/SystolicCore/SystolicCore/Ethernet_ps/Ethernet_ps.srcs/constrs_1/new/zyqnZCU106.xdc:2]
WARNING: [Vivado 12-584] No ports matched 'clk_125mhz_p'. [/home/xmen/Videos/RustDesk/SystolicCore/SystolicCore/Ethernet_ps/Ethernet_ps.srcs/constrs_1/new/zyqnZCU106.xdc:19]
WARNING: [Vivado 12-584] No ports matched 'clk_125mhz_n'. [/home/xmen/Videos/RustDesk/SystolicCore/SystolicCore/Ethernet_ps/Ethernet_ps.srcs/constrs_1/new/zyqnZCU106.xdc:20]
WARNING: [Vivado 12-584] No ports matched 'clk_125mhz_p'. [/home/xmen/Videos/RustDesk/SystolicCore/SystolicCore/Ethernet_ps/Ethernet_ps.srcs/constrs_1/new/zyqnZCU106.xdc:21]
Finished Parsing XDC File [/home/xmen/Videos/RustDesk/SystolicCore/SystolicCore/Ethernet_ps/Ethernet_ps.srcs/constrs_1/new/zyqnZCU106.xdc]
WARNING: [Project 1-498] One or more constraints failed evaluation while reading constraint file [/home/xmen/Videos/RustDesk/SystolicCore/SystolicCore/Ethernet_ps/Ethernet_ps.srcs/constrs_1/new/zyqnZCU106.xdc] and the design contains unresolved black boxes. These constraints will be read post-synthesis (as long as their source constraint file is marked as used_in_implementation) and should be applied correctly then. You should review the constraints listed in the file [.Xil/design_1_wrapper_propImpl.xdc] and check the run log file to verify that these constraints were correctly applied.
Parsing XDC File [/home/xmen/Videos/RustDesk/SystolicCore/SystolicCore/Ethernet_ps/Ethernet_ps.runs/synth_1/dont_touch.xdc]
Finished Parsing XDC File [/home/xmen/Videos/RustDesk/SystolicCore/SystolicCore/Ethernet_ps/Ethernet_ps.runs/synth_1/dont_touch.xdc]
Completed Processing XDC Constraints

Netlist sorting complete. Time (s): cpu = 00:00:00 ; elapsed = 00:00:00 . Memory (MB): peak = 3371.957 ; gain = 0.000 ; free physical = 2205 ; free virtual = 50383
INFO: [Project 1-111] Unisim Transformation Summary:
No Unisim elements were transformed.

Constraint Validation Runtime : Time (s): cpu = 00:00:00 ; elapsed = 00:00:00.01 . Memory (MB): peak = 3371.992 ; gain = 0.000 ; free physical = 2204 ; free virtual = 50382
INFO: [Designutils 20-5440] No compile time benefit to using incremental synthesis; A full resynthesis will be run
INFO: [Designutils 20-4379] Flow is switching to default flow due to incremental criteria not met. If you would like to alter this behaviour and have the flow terminate instead, please set the following parameter config_implementation {autoIncr.Synth.RejectBehavior Terminate}
---------------------------------------------------------------------------------
Finished Constraint Validation : Time (s): cpu = 00:00:09 ; elapsed = 00:00:09 . Memory (MB): peak = 3371.992 ; gain = 285.852 ; free physical = 902 ; free virtual = 49156
---------------------------------------------------------------------------------
---------------------------------------------------------------------------------
Start Loading Part and Timing Information
---------------------------------------------------------------------------------
Loading part: xczu7ev-ffvc1156-2-e
INFO: [Synth 8-6742] Reading net delay rules and data
---------------------------------------------------------------------------------
Finished Loading Part and Timing Information : Time (s): cpu = 00:00:09 ; elapsed = 00:00:09 . Memory (MB): peak = 3379.961 ; gain = 293.820 ; free physical = 902 ; free virtual = 49156
---------------------------------------------------------------------------------
---------------------------------------------------------------------------------
Start Applying 'set_property' XDC Constraints
---------------------------------------------------------------------------------
---------------------------------------------------------------------------------
Finished applying 'set_property' XDC Constraints : Time (s): cpu = 00:00:09 ; elapsed = 00:00:09 . Memory (MB): peak = 3379.961 ; gain = 293.820 ; free physical = 898 ; free virtual = 49157
---------------------------------------------------------------------------------
---------------------------------------------------------------------------------
Finished RTL Optimization Phase 2 : Time (s): cpu = 00:00:09 ; elapsed = 00:00:09 . Memory (MB): peak = 3379.961 ; gain = 293.820 ; free physical = 891 ; free virtual = 49159
---------------------------------------------------------------------------------
---------------------------------------------------------------------------------
Start RTL Component Statistics 
---------------------------------------------------------------------------------
Detailed RTL Component Info : 
---------------------------------------------------------------------------------
Finished RTL Component Statistics 
---------------------------------------------------------------------------------
---------------------------------------------------------------------------------
Start Part Resource Summary
---------------------------------------------------------------------------------
Part Resources:
DSPs: 1728 (col length:144)
BRAMs: 624 (col length: RAMB18 144 RAMB36 72)
---------------------------------------------------------------------------------
Finished Part Resource Summary
---------------------------------------------------------------------------------
---------------------------------------------------------------------------------
Start Cross Boundary and Area Optimization
---------------------------------------------------------------------------------
---------------------------------------------------------------------------------
Finished Cross Boundary and Area Optimization : Time (s): cpu = 00:00:10 ; elapsed = 00:00:10 . Memory (MB): peak = 3379.961 ; gain = 293.820 ; free physical = 692 ; free virtual = 49099
---------------------------------------------------------------------------------
---------------------------------------------------------------------------------
Start Applying XDC Timing Constraints
---------------------------------------------------------------------------------
---------------------------------------------------------------------------------
Finished Applying XDC Timing Constraints : Time (s): cpu = 00:00:14 ; elapsed = 00:00:14 . Memory (MB): peak = 4021.602 ; gain = 935.461 ; free physical = 3598 ; free virtual = 51619
---------------------------------------------------------------------------------
---------------------------------------------------------------------------------
Start Timing Optimization
---------------------------------------------------------------------------------
---------------------------------------------------------------------------------
Finished Timing Optimization : Time (s): cpu = 00:00:14 ; elapsed = 00:00:14 . Memory (MB): peak = 4021.602 ; gain = 935.461 ; free physical = 3598 ; free virtual = 51620
---------------------------------------------------------------------------------
---------------------------------------------------------------------------------
Start Technology Mapping
---------------------------------------------------------------------------------
---------------------------------------------------------------------------------
Finished Technology Mapping : Time (s): cpu = 00:00:14 ; elapsed = 00:00:14 . Memory (MB): peak = 4031.617 ; gain = 945.477 ; free physical = 3575 ; free virtual = 51596
---------------------------------------------------------------------------------
---------------------------------------------------------------------------------
Start IO Insertion
---------------------------------------------------------------------------------
---------------------------------------------------------------------------------
Start Flattening Before IO Insertion
---------------------------------------------------------------------------------
---------------------------------------------------------------------------------
Finished Flattening Before IO Insertion
---------------------------------------------------------------------------------
---------------------------------------------------------------------------------
Start Final Netlist Cleanup
---------------------------------------------------------------------------------
---------------------------------------------------------------------------------
Finished Final Netlist Cleanup
---------------------------------------------------------------------------------
---------------------------------------------------------------------------------
Finished IO Insertion : Time (s): cpu = 00:00:16 ; elapsed = 00:00:16 . Memory (MB): peak = 4226.430 ; gain = 1140.289 ; free physical = 3427 ; free virtual = 51448
---------------------------------------------------------------------------------
---------------------------------------------------------------------------------
Start Renaming Generated Instances
---------------------------------------------------------------------------------
---------------------------------------------------------------------------------
Finished Renaming Generated Instances : Time (s): cpu = 00:00:16 ; elapsed = 00:00:16 . Memory (MB): peak = 4226.430 ; gain = 1140.289 ; free physical = 3427 ; free virtual = 51448
---------------------------------------------------------------------------------
---------------------------------------------------------------------------------
Start Rebuilding User Hierarchy
---------------------------------------------------------------------------------
---------------------------------------------------------------------------------
Finished Rebuilding User Hierarchy : Time (s): cpu = 00:00:16 ; elapsed = 00:00:16 . Memory (MB): peak = 4226.430 ; gain = 1140.289 ; free physical = 3427 ; free virtual = 51448
---------------------------------------------------------------------------------
---------------------------------------------------------------------------------
Start Renaming Generated Ports
---------------------------------------------------------------------------------
---------------------------------------------------------------------------------
Finished Renaming Generated Ports : Time (s): cpu = 00:00:16 ; elapsed = 00:00:16 . Memory (MB): peak = 4226.430 ; gain = 1140.289 ; free physical = 3427 ; free virtual = 51448
---------------------------------------------------------------------------------
---------------------------------------------------------------------------------
Start Handling Custom Attributes
---------------------------------------------------------------------------------
---------------------------------------------------------------------------------
Finished Handling Custom Attributes : Time (s): cpu = 00:00:16 ; elapsed = 00:00:16 . Memory (MB): peak = 4226.430 ; gain = 1140.289 ; free physical = 3427 ; free virtual = 51448
---------------------------------------------------------------------------------
---------------------------------------------------------------------------------
Start Renaming Generated Nets
---------------------------------------------------------------------------------
---------------------------------------------------------------------------------
Finished Renaming Generated Nets : Time (s): cpu = 00:00:16 ; elapsed = 00:00:16 . Memory (MB): peak = 4226.430 ; gain = 1140.289 ; free physical = 3427 ; free virtual = 51448
---------------------------------------------------------------------------------
---------------------------------------------------------------------------------
Start Writing Synthesis Report
---------------------------------------------------------------------------------

Report BlackBoxes: 
+------+-----------------------------------+----------+
|      |BlackBox name                      |Instances |
+------+-----------------------------------+----------+
|1     |design_1_SystolicCoreWrapperV_0_18 |         1|
|2     |design_1_axi_gpio_0_0              |         1|
|3     |design_1_axi_smc_0                 |         1|
|4     |design_1_ila_0_0                   |         1|
|5     |design_1_ila_1_0                   |         1|
|6     |design_1_rst_ps8_0_99M_6           |         1|
|7     |design_1_zynq_ultra_ps_e_0_0       |         1|
+------+-----------------------------------+----------+

Report Cell Usage: 
+------+--------------------------------+------+
|      |Cell                            |Count |
+------+--------------------------------+------+
|1     |design_1_SystolicCoreWrapperV_0 |     1|
|2     |design_1_axi_gpio_0             |     1|
|3     |design_1_axi_smc                |     1|
|4     |design_1_ila_0                  |     1|
|5     |design_1_ila_1                  |     1|
|6     |design_1_rst_ps8_0_99M          |     1|
|7     |design_1_zynq_ultra_ps_e_0      |     1|
+------+--------------------------------+------+
---------------------------------------------------------------------------------
Finished Writing Synthesis Report : Time (s): cpu = 00:00:16 ; elapsed = 00:00:16 . Memory (MB): peak = 4226.430 ; gain = 1140.289 ; free physical = 3427 ; free virtual = 51448
---------------------------------------------------------------------------------
Synthesis finished with 0 errors, 0 critical warnings and 0 warnings.
Synthesis Optimization Runtime : Time (s): cpu = 00:00:12 ; elapsed = 00:00:13 . Memory (MB): peak = 4226.430 ; gain = 1094.062 ; free physical = 3424 ; free virtual = 51446
Synthesis Optimization Complete : Time (s): cpu = 00:00:16 ; elapsed = 00:00:17 . Memory (MB): peak = 4226.430 ; gain = 1140.289 ; free physical = 3424 ; free virtual = 51446
INFO: [Project 1-571] Translating synthesized netlist
Netlist sorting complete. Time (s): cpu = 00:00:00 ; elapsed = 00:00:00 . Memory (MB): peak = 4226.430 ; gain = 0.000 ; free physical = 3424 ; free virtual = 51446
INFO: [Project 1-570] Preparing netlist for logic optimization
INFO: [Opt 31-138] Pushed 0 inverter(s) to 0 load pin(s).
Netlist sorting complete. Time (s): cpu = 00:00:00.01 ; elapsed = 00:00:00 . Memory (MB): peak = 4226.430 ; gain = 0.000 ; free physical = 3591 ; free virtual = 51613
INFO: [Project 1-111] Unisim Transformation Summary:
No Unisim elements were transformed.

Synth Design complete | Checksum: e48b7162
INFO: [Common 17-83] Releasing license: Synthesis
45 Infos, 13 Warnings, 0 Critical Warnings and 0 Errors encountered.
synth_design completed successfully
synth_design: Time (s): cpu = 00:00:23 ; elapsed = 00:00:22 . Memory (MB): peak = 4226.430 ; gain = 2326.922 ; free physical = 3591 ; free virtual = 51612
INFO: [Common 17-2834] synth_design peak Physical Memory [PSS] (MB): overall = 3061.683; main = 3061.683; forked = 280.093
INFO: [Common 17-2834] synth_design peak Virtual Memory [VSS] (MB): overall = 5020.969; main = 4152.746; forked = 1641.004
INFO: [Common 17-1381] The checkpoint '/home/xmen/Videos/RustDesk/SystolicCore/SystolicCore/Ethernet_ps/Ethernet_ps.runs/synth_1/design_1_wrapper.dcp' has been generated.
INFO: [Vivado 12-24828] Executing command : report_utilization -file design_1_wrapper_utilization_synth.rpt -pb design_1_wrapper_utilization_synth.pb
INFO: [Common 17-206] Exiting Vivado at Fri Jan  2 17:28:47 2026...
