
*** Running vivado
    with args -log ila_1.vds -m64 -product Vivado -mode batch -messageDb vivado.pb -notrace -source ila_1.tcl


****** Vivado v2025.2 (64-bit)
  **** SW Build 6299465 on Fri Nov 14 12:34:56 MST 2025
  **** IP Build 6300035 on Fri Nov 14 10:48:45 MST 2025
  **** SharedData Build 6298862 on Thu Nov 13 04:50:51 MST 2025
  **** Start of session at: Sat Feb 21 01:12:27 2026
    ** Copyright 1986-2022 Xilinx, Inc. All Rights Reserved.
    ** Copyright 2022-2025 Advanced Micro Devices, Inc. All Rights Reserved.

source ila_1.tcl -notrace
Command: synth_design -top ila_1 -part xczu7ev-ffvc1156-2-e -incremental_mode off -mode out_of_context
Starting synth_design
Attempting to get a license for feature 'Synthesis' and/or device 'xczu7ev'
INFO: [Common 17-349] Got license for feature 'Synthesis' and/or device 'xczu7ev'
INFO: [Device 21-403] Loading part xczu7ev-ffvc1156-2-e
INFO: [Synth 8-7079] Multithreading enabled for synth_design using a maximum of 7 processes.
INFO: [Synth 8-7078] Launching helper process for spawning children vivado processes
INFO: [Synth 8-7075] Helper process launched with PID 2551475
---------------------------------------------------------------------------------
Starting RTL Elaboration : Time (s): cpu = 00:00:05 ; elapsed = 00:00:05 . Memory (MB): peak = 3178.859 ; gain = 147.688 ; free physical = 584 ; free virtual = 30402
---------------------------------------------------------------------------------
INFO: [Synth 8-11241] undeclared symbol 'tms_int', assumed default net type 'wire' [/home/xmen/Videos/RustDesk/SystolicCore/SystolicCore_Metricas/Zynq_Systolic_Core_AXI_FIFO_Stream_Reboot/Zynq_Systolic_Core_AXI_FIFO_Stream_Reboot.srcs/sources_1/ip/ila_1/hdl/verilog/xsdbm_v3_0_5_bs_core_ext.vh:30]
INFO: [Synth 8-11241] undeclared symbol 'runtest_int', assumed default net type 'wire' [/home/xmen/Videos/RustDesk/SystolicCore/SystolicCore_Metricas/Zynq_Systolic_Core_AXI_FIFO_Stream_Reboot/Zynq_Systolic_Core_AXI_FIFO_Stream_Reboot.srcs/sources_1/ip/ila_1/hdl/verilog/xsdbm_v3_0_5_bs_core_ext.vh:32]
INFO: [Synth 8-11241] undeclared symbol 'tms_int', assumed default net type 'wire' [/home/xmen/Videos/RustDesk/SystolicCore/SystolicCore_Metricas/Zynq_Systolic_Core_AXI_FIFO_Stream_Reboot/Zynq_Systolic_Core_AXI_FIFO_Stream_Reboot.srcs/sources_1/ip/ila_1/hdl/verilog/xsdbm_v3_0_5_bs_core_ext.vh:69]
INFO: [Synth 8-11241] undeclared symbol 'runtest_int', assumed default net type 'wire' [/home/xmen/Videos/RustDesk/SystolicCore/SystolicCore_Metricas/Zynq_Systolic_Core_AXI_FIFO_Stream_Reboot/Zynq_Systolic_Core_AXI_FIFO_Stream_Reboot.srcs/sources_1/ip/ila_1/hdl/verilog/xsdbm_v3_0_5_bs_core_ext.vh:71]
INFO: [Synth 8-11241] undeclared symbol 'tms_int', assumed default net type 'wire' [/home/xmen/Videos/RustDesk/SystolicCore/SystolicCore_Metricas/Zynq_Systolic_Core_AXI_FIFO_Stream_Reboot/Zynq_Systolic_Core_AXI_FIFO_Stream_Reboot.srcs/sources_1/ip/ila_1/hdl/verilog/xsdbm_v3_0_5_bs_core_ext.vh:109]
INFO: [Synth 8-11241] undeclared symbol 'runtest_int', assumed default net type 'wire' [/home/xmen/Videos/RustDesk/SystolicCore/SystolicCore_Metricas/Zynq_Systolic_Core_AXI_FIFO_Stream_Reboot/Zynq_Systolic_Core_AXI_FIFO_Stream_Reboot.srcs/sources_1/ip/ila_1/hdl/verilog/xsdbm_v3_0_5_bs_core_ext.vh:111]
INFO: [Synth 8-11241] undeclared symbol 'tms_int', assumed default net type 'wire' [/home/xmen/Videos/RustDesk/SystolicCore/SystolicCore_Metricas/Zynq_Systolic_Core_AXI_FIFO_Stream_Reboot/Zynq_Systolic_Core_AXI_FIFO_Stream_Reboot.srcs/sources_1/ip/ila_1/hdl/verilog/xsdbm_v3_0_5_bs_core_ext.vh:150]
INFO: [Synth 8-11241] undeclared symbol 'runtest_int', assumed default net type 'wire' [/home/xmen/Videos/RustDesk/SystolicCore/SystolicCore_Metricas/Zynq_Systolic_Core_AXI_FIFO_Stream_Reboot/Zynq_Systolic_Core_AXI_FIFO_Stream_Reboot.srcs/sources_1/ip/ila_1/hdl/verilog/xsdbm_v3_0_5_bs_core_ext.vh:152]
INFO: [Synth 8-11241] undeclared symbol 'tms_int', assumed default net type 'wire' [/home/xmen/Videos/RustDesk/SystolicCore/SystolicCore_Metricas/Zynq_Systolic_Core_AXI_FIFO_Stream_Reboot/Zynq_Systolic_Core_AXI_FIFO_Stream_Reboot.srcs/sources_1/ip/ila_1/hdl/verilog/xsdbm_v3_0_5_bs_core_ext.vh:192]
INFO: [Synth 8-11241] undeclared symbol 'runtest_int', assumed default net type 'wire' [/home/xmen/Videos/RustDesk/SystolicCore/SystolicCore_Metricas/Zynq_Systolic_Core_AXI_FIFO_Stream_Reboot/Zynq_Systolic_Core_AXI_FIFO_Stream_Reboot.srcs/sources_1/ip/ila_1/hdl/verilog/xsdbm_v3_0_5_bs_core_ext.vh:194]
INFO: [Synth 8-11241] undeclared symbol 'tms_int', assumed default net type 'wire' [/home/xmen/Videos/RustDesk/SystolicCore/SystolicCore_Metricas/Zynq_Systolic_Core_AXI_FIFO_Stream_Reboot/Zynq_Systolic_Core_AXI_FIFO_Stream_Reboot.srcs/sources_1/ip/ila_1/hdl/verilog/xsdbm_v3_0_5_bs_core_ext.vh:235]
INFO: [Synth 8-11241] undeclared symbol 'runtest_int', assumed default net type 'wire' [/home/xmen/Videos/RustDesk/SystolicCore/SystolicCore_Metricas/Zynq_Systolic_Core_AXI_FIFO_Stream_Reboot/Zynq_Systolic_Core_AXI_FIFO_Stream_Reboot.srcs/sources_1/ip/ila_1/hdl/verilog/xsdbm_v3_0_5_bs_core_ext.vh:237]
INFO: [Synth 8-11241] undeclared symbol 'tms_int', assumed default net type 'wire' [/home/xmen/Videos/RustDesk/SystolicCore/SystolicCore_Metricas/Zynq_Systolic_Core_AXI_FIFO_Stream_Reboot/Zynq_Systolic_Core_AXI_FIFO_Stream_Reboot.srcs/sources_1/ip/ila_1/hdl/verilog/xsdbm_v3_0_5_bs_core_ext.vh:279]
INFO: [Synth 8-11241] undeclared symbol 'runtest_int', assumed default net type 'wire' [/home/xmen/Videos/RustDesk/SystolicCore/SystolicCore_Metricas/Zynq_Systolic_Core_AXI_FIFO_Stream_Reboot/Zynq_Systolic_Core_AXI_FIFO_Stream_Reboot.srcs/sources_1/ip/ila_1/hdl/verilog/xsdbm_v3_0_5_bs_core_ext.vh:281]
INFO: [Synth 8-11241] undeclared symbol 'tms_int', assumed default net type 'wire' [/home/xmen/Videos/RustDesk/SystolicCore/SystolicCore_Metricas/Zynq_Systolic_Core_AXI_FIFO_Stream_Reboot/Zynq_Systolic_Core_AXI_FIFO_Stream_Reboot.srcs/sources_1/ip/ila_1/hdl/verilog/xsdbm_v3_0_5_bs_core_ext.vh:324]
INFO: [Synth 8-11241] undeclared symbol 'runtest_int', assumed default net type 'wire' [/home/xmen/Videos/RustDesk/SystolicCore/SystolicCore_Metricas/Zynq_Systolic_Core_AXI_FIFO_Stream_Reboot/Zynq_Systolic_Core_AXI_FIFO_Stream_Reboot.srcs/sources_1/ip/ila_1/hdl/verilog/xsdbm_v3_0_5_bs_core_ext.vh:326]
INFO: [Synth 8-11241] undeclared symbol 'tms_int', assumed default net type 'wire' [/home/xmen/Videos/RustDesk/SystolicCore/SystolicCore_Metricas/Zynq_Systolic_Core_AXI_FIFO_Stream_Reboot/Zynq_Systolic_Core_AXI_FIFO_Stream_Reboot.srcs/sources_1/ip/ila_1/hdl/verilog/xsdbm_v3_0_5_bs_core_ext.vh:370]
INFO: [Synth 8-11241] undeclared symbol 'runtest_int', assumed default net type 'wire' [/home/xmen/Videos/RustDesk/SystolicCore/SystolicCore_Metricas/Zynq_Systolic_Core_AXI_FIFO_Stream_Reboot/Zynq_Systolic_Core_AXI_FIFO_Stream_Reboot.srcs/sources_1/ip/ila_1/hdl/verilog/xsdbm_v3_0_5_bs_core_ext.vh:372]
INFO: [Synth 8-11241] undeclared symbol 'tms_int', assumed default net type 'wire' [/home/xmen/Videos/RustDesk/SystolicCore/SystolicCore_Metricas/Zynq_Systolic_Core_AXI_FIFO_Stream_Reboot/Zynq_Systolic_Core_AXI_FIFO_Stream_Reboot.srcs/sources_1/ip/ila_1/hdl/verilog/xsdbm_v3_0_5_bs_core_ext.vh:417]
INFO: [Synth 8-11241] undeclared symbol 'runtest_int', assumed default net type 'wire' [/home/xmen/Videos/RustDesk/SystolicCore/SystolicCore_Metricas/Zynq_Systolic_Core_AXI_FIFO_Stream_Reboot/Zynq_Systolic_Core_AXI_FIFO_Stream_Reboot.srcs/sources_1/ip/ila_1/hdl/verilog/xsdbm_v3_0_5_bs_core_ext.vh:419]
INFO: [Synth 8-11241] undeclared symbol 'tms_int', assumed default net type 'wire' [/home/xmen/Videos/RustDesk/SystolicCore/SystolicCore_Metricas/Zynq_Systolic_Core_AXI_FIFO_Stream_Reboot/Zynq_Systolic_Core_AXI_FIFO_Stream_Reboot.srcs/sources_1/ip/ila_1/hdl/verilog/xsdbm_v3_0_5_bs_core_ext.vh:465]
INFO: [Synth 8-11241] undeclared symbol 'runtest_int', assumed default net type 'wire' [/home/xmen/Videos/RustDesk/SystolicCore/SystolicCore_Metricas/Zynq_Systolic_Core_AXI_FIFO_Stream_Reboot/Zynq_Systolic_Core_AXI_FIFO_Stream_Reboot.srcs/sources_1/ip/ila_1/hdl/verilog/xsdbm_v3_0_5_bs_core_ext.vh:467]
INFO: [Synth 8-11241] undeclared symbol 'tms_int', assumed default net type 'wire' [/home/xmen/Videos/RustDesk/SystolicCore/SystolicCore_Metricas/Zynq_Systolic_Core_AXI_FIFO_Stream_Reboot/Zynq_Systolic_Core_AXI_FIFO_Stream_Reboot.srcs/sources_1/ip/ila_1/hdl/verilog/xsdbm_v3_0_5_bs_core_ext.vh:514]
INFO: [Synth 8-11241] undeclared symbol 'runtest_int', assumed default net type 'wire' [/home/xmen/Videos/RustDesk/SystolicCore/SystolicCore_Metricas/Zynq_Systolic_Core_AXI_FIFO_Stream_Reboot/Zynq_Systolic_Core_AXI_FIFO_Stream_Reboot.srcs/sources_1/ip/ila_1/hdl/verilog/xsdbm_v3_0_5_bs_core_ext.vh:516]
INFO: [Synth 8-11241] undeclared symbol 'tms_int', assumed default net type 'wire' [/home/xmen/Videos/RustDesk/SystolicCore/SystolicCore_Metricas/Zynq_Systolic_Core_AXI_FIFO_Stream_Reboot/Zynq_Systolic_Core_AXI_FIFO_Stream_Reboot.srcs/sources_1/ip/ila_1/hdl/verilog/xsdbm_v3_0_5_bs_core_ext.vh:564]
INFO: [Synth 8-11241] undeclared symbol 'runtest_int', assumed default net type 'wire' [/home/xmen/Videos/RustDesk/SystolicCore/SystolicCore_Metricas/Zynq_Systolic_Core_AXI_FIFO_Stream_Reboot/Zynq_Systolic_Core_AXI_FIFO_Stream_Reboot.srcs/sources_1/ip/ila_1/hdl/verilog/xsdbm_v3_0_5_bs_core_ext.vh:566]
INFO: [Synth 8-11241] undeclared symbol 'tms_int', assumed default net type 'wire' [/home/xmen/Videos/RustDesk/SystolicCore/SystolicCore_Metricas/Zynq_Systolic_Core_AXI_FIFO_Stream_Reboot/Zynq_Systolic_Core_AXI_FIFO_Stream_Reboot.srcs/sources_1/ip/ila_1/hdl/verilog/xsdbm_v3_0_5_bs_core_ext.vh:615]
INFO: [Synth 8-11241] undeclared symbol 'runtest_int', assumed default net type 'wire' [/home/xmen/Videos/RustDesk/SystolicCore/SystolicCore_Metricas/Zynq_Systolic_Core_AXI_FIFO_Stream_Reboot/Zynq_Systolic_Core_AXI_FIFO_Stream_Reboot.srcs/sources_1/ip/ila_1/hdl/verilog/xsdbm_v3_0_5_bs_core_ext.vh:617]
INFO: [Synth 8-11241] undeclared symbol 'tms_int', assumed default net type 'wire' [/home/xmen/Videos/RustDesk/SystolicCore/SystolicCore_Metricas/Zynq_Systolic_Core_AXI_FIFO_Stream_Reboot/Zynq_Systolic_Core_AXI_FIFO_Stream_Reboot.srcs/sources_1/ip/ila_1/hdl/verilog/xsdbm_v3_0_5_bs_core.vh:30]
INFO: [Synth 8-11241] undeclared symbol 'runtest_int', assumed default net type 'wire' [/home/xmen/Videos/RustDesk/SystolicCore/SystolicCore_Metricas/Zynq_Systolic_Core_AXI_FIFO_Stream_Reboot/Zynq_Systolic_Core_AXI_FIFO_Stream_Reboot.srcs/sources_1/ip/ila_1/hdl/verilog/xsdbm_v3_0_5_bs_core.vh:32]
INFO: [Synth 8-11241] undeclared symbol 'tms_int', assumed default net type 'wire' [/home/xmen/Videos/RustDesk/SystolicCore/SystolicCore_Metricas/Zynq_Systolic_Core_AXI_FIFO_Stream_Reboot/Zynq_Systolic_Core_AXI_FIFO_Stream_Reboot.srcs/sources_1/ip/ila_1/hdl/verilog/xsdbm_v3_0_5_bs_core.vh:69]
INFO: [Synth 8-11241] undeclared symbol 'runtest_int', assumed default net type 'wire' [/home/xmen/Videos/RustDesk/SystolicCore/SystolicCore_Metricas/Zynq_Systolic_Core_AXI_FIFO_Stream_Reboot/Zynq_Systolic_Core_AXI_FIFO_Stream_Reboot.srcs/sources_1/ip/ila_1/hdl/verilog/xsdbm_v3_0_5_bs_core.vh:71]
INFO: [Synth 8-11241] undeclared symbol 'tms_int', assumed default net type 'wire' [/home/xmen/Videos/RustDesk/SystolicCore/SystolicCore_Metricas/Zynq_Systolic_Core_AXI_FIFO_Stream_Reboot/Zynq_Systolic_Core_AXI_FIFO_Stream_Reboot.srcs/sources_1/ip/ila_1/hdl/verilog/xsdbm_v3_0_5_bs_core.vh:109]
INFO: [Synth 8-11241] undeclared symbol 'runtest_int', assumed default net type 'wire' [/home/xmen/Videos/RustDesk/SystolicCore/SystolicCore_Metricas/Zynq_Systolic_Core_AXI_FIFO_Stream_Reboot/Zynq_Systolic_Core_AXI_FIFO_Stream_Reboot.srcs/sources_1/ip/ila_1/hdl/verilog/xsdbm_v3_0_5_bs_core.vh:111]
INFO: [Synth 8-11241] undeclared symbol 'tms_int', assumed default net type 'wire' [/home/xmen/Videos/RustDesk/SystolicCore/SystolicCore_Metricas/Zynq_Systolic_Core_AXI_FIFO_Stream_Reboot/Zynq_Systolic_Core_AXI_FIFO_Stream_Reboot.srcs/sources_1/ip/ila_1/hdl/verilog/xsdbm_v3_0_5_bs_core.vh:150]
INFO: [Synth 8-11241] undeclared symbol 'runtest_int', assumed default net type 'wire' [/home/xmen/Videos/RustDesk/SystolicCore/SystolicCore_Metricas/Zynq_Systolic_Core_AXI_FIFO_Stream_Reboot/Zynq_Systolic_Core_AXI_FIFO_Stream_Reboot.srcs/sources_1/ip/ila_1/hdl/verilog/xsdbm_v3_0_5_bs_core.vh:152]
INFO: [Synth 8-11241] undeclared symbol 'tms_int', assumed default net type 'wire' [/home/xmen/Videos/RustDesk/SystolicCore/SystolicCore_Metricas/Zynq_Systolic_Core_AXI_FIFO_Stream_Reboot/Zynq_Systolic_Core_AXI_FIFO_Stream_Reboot.srcs/sources_1/ip/ila_1/hdl/verilog/xsdbm_v3_0_5_bs_core.vh:192]
INFO: [Synth 8-11241] undeclared symbol 'runtest_int', assumed default net type 'wire' [/home/xmen/Videos/RustDesk/SystolicCore/SystolicCore_Metricas/Zynq_Systolic_Core_AXI_FIFO_Stream_Reboot/Zynq_Systolic_Core_AXI_FIFO_Stream_Reboot.srcs/sources_1/ip/ila_1/hdl/verilog/xsdbm_v3_0_5_bs_core.vh:194]
INFO: [Synth 8-11241] undeclared symbol 'tms_int', assumed default net type 'wire' [/home/xmen/Videos/RustDesk/SystolicCore/SystolicCore_Metricas/Zynq_Systolic_Core_AXI_FIFO_Stream_Reboot/Zynq_Systolic_Core_AXI_FIFO_Stream_Reboot.srcs/sources_1/ip/ila_1/hdl/verilog/xsdbm_v3_0_5_bs_core.vh:235]
INFO: [Synth 8-11241] undeclared symbol 'runtest_int', assumed default net type 'wire' [/home/xmen/Videos/RustDesk/SystolicCore/SystolicCore_Metricas/Zynq_Systolic_Core_AXI_FIFO_Stream_Reboot/Zynq_Systolic_Core_AXI_FIFO_Stream_Reboot.srcs/sources_1/ip/ila_1/hdl/verilog/xsdbm_v3_0_5_bs_core.vh:237]
INFO: [Synth 8-11241] undeclared symbol 'tms_int', assumed default net type 'wire' [/home/xmen/Videos/RustDesk/SystolicCore/SystolicCore_Metricas/Zynq_Systolic_Core_AXI_FIFO_Stream_Reboot/Zynq_Systolic_Core_AXI_FIFO_Stream_Reboot.srcs/sources_1/ip/ila_1/hdl/verilog/xsdbm_v3_0_5_bs_core.vh:279]
INFO: [Synth 8-11241] undeclared symbol 'runtest_int', assumed default net type 'wire' [/home/xmen/Videos/RustDesk/SystolicCore/SystolicCore_Metricas/Zynq_Systolic_Core_AXI_FIFO_Stream_Reboot/Zynq_Systolic_Core_AXI_FIFO_Stream_Reboot.srcs/sources_1/ip/ila_1/hdl/verilog/xsdbm_v3_0_5_bs_core.vh:281]
INFO: [Synth 8-11241] undeclared symbol 'tms_int', assumed default net type 'wire' [/home/xmen/Videos/RustDesk/SystolicCore/SystolicCore_Metricas/Zynq_Systolic_Core_AXI_FIFO_Stream_Reboot/Zynq_Systolic_Core_AXI_FIFO_Stream_Reboot.srcs/sources_1/ip/ila_1/hdl/verilog/xsdbm_v3_0_5_bs_core.vh:324]
INFO: [Synth 8-11241] undeclared symbol 'runtest_int', assumed default net type 'wire' [/home/xmen/Videos/RustDesk/SystolicCore/SystolicCore_Metricas/Zynq_Systolic_Core_AXI_FIFO_Stream_Reboot/Zynq_Systolic_Core_AXI_FIFO_Stream_Reboot.srcs/sources_1/ip/ila_1/hdl/verilog/xsdbm_v3_0_5_bs_core.vh:326]
INFO: [Synth 8-11241] undeclared symbol 'tms_int', assumed default net type 'wire' [/home/xmen/Videos/RustDesk/SystolicCore/SystolicCore_Metricas/Zynq_Systolic_Core_AXI_FIFO_Stream_Reboot/Zynq_Systolic_Core_AXI_FIFO_Stream_Reboot.srcs/sources_1/ip/ila_1/hdl/verilog/xsdbm_v3_0_5_bs_core.vh:370]
INFO: [Synth 8-11241] undeclared symbol 'runtest_int', assumed default net type 'wire' [/home/xmen/Videos/RustDesk/SystolicCore/SystolicCore_Metricas/Zynq_Systolic_Core_AXI_FIFO_Stream_Reboot/Zynq_Systolic_Core_AXI_FIFO_Stream_Reboot.srcs/sources_1/ip/ila_1/hdl/verilog/xsdbm_v3_0_5_bs_core.vh:372]
INFO: [Synth 8-11241] undeclared symbol 'tms_int', assumed default net type 'wire' [/home/xmen/Videos/RustDesk/SystolicCore/SystolicCore_Metricas/Zynq_Systolic_Core_AXI_FIFO_Stream_Reboot/Zynq_Systolic_Core_AXI_FIFO_Stream_Reboot.srcs/sources_1/ip/ila_1/hdl/verilog/xsdbm_v3_0_5_bs_core.vh:417]
INFO: [Synth 8-11241] undeclared symbol 'runtest_int', assumed default net type 'wire' [/home/xmen/Videos/RustDesk/SystolicCore/SystolicCore_Metricas/Zynq_Systolic_Core_AXI_FIFO_Stream_Reboot/Zynq_Systolic_Core_AXI_FIFO_Stream_Reboot.srcs/sources_1/ip/ila_1/hdl/verilog/xsdbm_v3_0_5_bs_core.vh:419]
INFO: [Synth 8-11241] undeclared symbol 'tms_int', assumed default net type 'wire' [/home/xmen/Videos/RustDesk/SystolicCore/SystolicCore_Metricas/Zynq_Systolic_Core_AXI_FIFO_Stream_Reboot/Zynq_Systolic_Core_AXI_FIFO_Stream_Reboot.srcs/sources_1/ip/ila_1/hdl/verilog/xsdbm_v3_0_5_bs_core.vh:465]
INFO: [Synth 8-11241] undeclared symbol 'runtest_int', assumed default net type 'wire' [/home/xmen/Videos/RustDesk/SystolicCore/SystolicCore_Metricas/Zynq_Systolic_Core_AXI_FIFO_Stream_Reboot/Zynq_Systolic_Core_AXI_FIFO_Stream_Reboot.srcs/sources_1/ip/ila_1/hdl/verilog/xsdbm_v3_0_5_bs_core.vh:467]
INFO: [Synth 8-11241] undeclared symbol 'tms_int', assumed default net type 'wire' [/home/xmen/Videos/RustDesk/SystolicCore/SystolicCore_Metricas/Zynq_Systolic_Core_AXI_FIFO_Stream_Reboot/Zynq_Systolic_Core_AXI_FIFO_Stream_Reboot.srcs/sources_1/ip/ila_1/hdl/verilog/xsdbm_v3_0_5_bs_core.vh:514]
INFO: [Synth 8-11241] undeclared symbol 'runtest_int', assumed default net type 'wire' [/home/xmen/Videos/RustDesk/SystolicCore/SystolicCore_Metricas/Zynq_Systolic_Core_AXI_FIFO_Stream_Reboot/Zynq_Systolic_Core_AXI_FIFO_Stream_Reboot.srcs/sources_1/ip/ila_1/hdl/verilog/xsdbm_v3_0_5_bs_core.vh:516]
INFO: [Synth 8-11241] undeclared symbol 'tms_int', assumed default net type 'wire' [/home/xmen/Videos/RustDesk/SystolicCore/SystolicCore_Metricas/Zynq_Systolic_Core_AXI_FIFO_Stream_Reboot/Zynq_Systolic_Core_AXI_FIFO_Stream_Reboot.srcs/sources_1/ip/ila_1/hdl/verilog/xsdbm_v3_0_5_bs_core.vh:564]
INFO: [Synth 8-11241] undeclared symbol 'runtest_int', assumed default net type 'wire' [/home/xmen/Videos/RustDesk/SystolicCore/SystolicCore_Metricas/Zynq_Systolic_Core_AXI_FIFO_Stream_Reboot/Zynq_Systolic_Core_AXI_FIFO_Stream_Reboot.srcs/sources_1/ip/ila_1/hdl/verilog/xsdbm_v3_0_5_bs_core.vh:566]
INFO: [Synth 8-11241] undeclared symbol 'tms_int', assumed default net type 'wire' [/home/xmen/Videos/RustDesk/SystolicCore/SystolicCore_Metricas/Zynq_Systolic_Core_AXI_FIFO_Stream_Reboot/Zynq_Systolic_Core_AXI_FIFO_Stream_Reboot.srcs/sources_1/ip/ila_1/hdl/verilog/xsdbm_v3_0_5_bs_core.vh:615]
INFO: [Synth 8-11241] undeclared symbol 'runtest_int', assumed default net type 'wire' [/home/xmen/Videos/RustDesk/SystolicCore/SystolicCore_Metricas/Zynq_Systolic_Core_AXI_FIFO_Stream_Reboot/Zynq_Systolic_Core_AXI_FIFO_Stream_Reboot.srcs/sources_1/ip/ila_1/hdl/verilog/xsdbm_v3_0_5_bs_core.vh:617]
INFO: [Synth 8-11241] undeclared symbol 'tms_int', assumed default net type 'wire' [/home/xmen/Videos/RustDesk/SystolicCore/SystolicCore_Metricas/Zynq_Systolic_Core_AXI_FIFO_Stream_Reboot/Zynq_Systolic_Core_AXI_FIFO_Stream_Reboot.srcs/sources_1/ip/ila_1/hdl/verilog/xsdbm_v3_0_5_bs_core_vec.vh:30]
INFO: [Synth 8-11241] undeclared symbol 'runtest_int', assumed default net type 'wire' [/home/xmen/Videos/RustDesk/SystolicCore/SystolicCore_Metricas/Zynq_Systolic_Core_AXI_FIFO_Stream_Reboot/Zynq_Systolic_Core_AXI_FIFO_Stream_Reboot.srcs/sources_1/ip/ila_1/hdl/verilog/xsdbm_v3_0_5_bs_core_vec.vh:32]
INFO: [Synth 8-11241] undeclared symbol 'tms_int', assumed default net type 'wire' [/home/xmen/Videos/RustDesk/SystolicCore/SystolicCore_Metricas/Zynq_Systolic_Core_AXI_FIFO_Stream_Reboot/Zynq_Systolic_Core_AXI_FIFO_Stream_Reboot.srcs/sources_1/ip/ila_1/hdl/verilog/xsdbm_v3_0_5_bs_core_vec.vh:65]
INFO: [Synth 8-11241] undeclared symbol 'runtest_int', assumed default net type 'wire' [/home/xmen/Videos/RustDesk/SystolicCore/SystolicCore_Metricas/Zynq_Systolic_Core_AXI_FIFO_Stream_Reboot/Zynq_Systolic_Core_AXI_FIFO_Stream_Reboot.srcs/sources_1/ip/ila_1/hdl/verilog/xsdbm_v3_0_5_bs_core_vec.vh:67]
INFO: [Synth 8-11241] undeclared symbol 'tms_int', assumed default net type 'wire' [/home/xmen/Videos/RustDesk/SystolicCore/SystolicCore_Metricas/Zynq_Systolic_Core_AXI_FIFO_Stream_Reboot/Zynq_Systolic_Core_AXI_FIFO_Stream_Reboot.srcs/sources_1/ip/ila_1/hdl/verilog/xsdbm_v3_0_5_bs_core_vec.vh:100]
INFO: [Synth 8-11241] undeclared symbol 'runtest_int', assumed default net type 'wire' [/home/xmen/Videos/RustDesk/SystolicCore/SystolicCore_Metricas/Zynq_Systolic_Core_AXI_FIFO_Stream_Reboot/Zynq_Systolic_Core_AXI_FIFO_Stream_Reboot.srcs/sources_1/ip/ila_1/hdl/verilog/xsdbm_v3_0_5_bs_core_vec.vh:102]
INFO: [Synth 8-11241] undeclared symbol 'tms_int', assumed default net type 'wire' [/home/xmen/Videos/RustDesk/SystolicCore/SystolicCore_Metricas/Zynq_Systolic_Core_AXI_FIFO_Stream_Reboot/Zynq_Systolic_Core_AXI_FIFO_Stream_Reboot.srcs/sources_1/ip/ila_1/hdl/verilog/xsdbm_v3_0_5_bs_core_vec.vh:135]
INFO: [Synth 8-11241] undeclared symbol 'runtest_int', assumed default net type 'wire' [/home/xmen/Videos/RustDesk/SystolicCore/SystolicCore_Metricas/Zynq_Systolic_Core_AXI_FIFO_Stream_Reboot/Zynq_Systolic_Core_AXI_FIFO_Stream_Reboot.srcs/sources_1/ip/ila_1/hdl/verilog/xsdbm_v3_0_5_bs_core_vec.vh:137]
INFO: [Synth 8-11241] undeclared symbol 'tms_int', assumed default net type 'wire' [/home/xmen/Videos/RustDesk/SystolicCore/SystolicCore_Metricas/Zynq_Systolic_Core_AXI_FIFO_Stream_Reboot/Zynq_Systolic_Core_AXI_FIFO_Stream_Reboot.srcs/sources_1/ip/ila_1/hdl/verilog/xsdbm_v3_0_5_bs_core_vec.vh:170]
INFO: [Synth 8-11241] undeclared symbol 'runtest_int', assumed default net type 'wire' [/home/xmen/Videos/RustDesk/SystolicCore/SystolicCore_Metricas/Zynq_Systolic_Core_AXI_FIFO_Stream_Reboot/Zynq_Systolic_Core_AXI_FIFO_Stream_Reboot.srcs/sources_1/ip/ila_1/hdl/verilog/xsdbm_v3_0_5_bs_core_vec.vh:172]
INFO: [Synth 8-11241] undeclared symbol 'tms_int', assumed default net type 'wire' [/home/xmen/Videos/RustDesk/SystolicCore/SystolicCore_Metricas/Zynq_Systolic_Core_AXI_FIFO_Stream_Reboot/Zynq_Systolic_Core_AXI_FIFO_Stream_Reboot.srcs/sources_1/ip/ila_1/hdl/verilog/xsdbm_v3_0_5_bs_core_vec.vh:205]
INFO: [Synth 8-11241] undeclared symbol 'runtest_int', assumed default net type 'wire' [/home/xmen/Videos/RustDesk/SystolicCore/SystolicCore_Metricas/Zynq_Systolic_Core_AXI_FIFO_Stream_Reboot/Zynq_Systolic_Core_AXI_FIFO_Stream_Reboot.srcs/sources_1/ip/ila_1/hdl/verilog/xsdbm_v3_0_5_bs_core_vec.vh:207]
INFO: [Synth 8-11241] undeclared symbol 'tms_int', assumed default net type 'wire' [/home/xmen/Videos/RustDesk/SystolicCore/SystolicCore_Metricas/Zynq_Systolic_Core_AXI_FIFO_Stream_Reboot/Zynq_Systolic_Core_AXI_FIFO_Stream_Reboot.srcs/sources_1/ip/ila_1/hdl/verilog/xsdbm_v3_0_5_bs_core_vec.vh:240]
INFO: [Synth 8-11241] undeclared symbol 'runtest_int', assumed default net type 'wire' [/home/xmen/Videos/RustDesk/SystolicCore/SystolicCore_Metricas/Zynq_Systolic_Core_AXI_FIFO_Stream_Reboot/Zynq_Systolic_Core_AXI_FIFO_Stream_Reboot.srcs/sources_1/ip/ila_1/hdl/verilog/xsdbm_v3_0_5_bs_core_vec.vh:242]
INFO: [Synth 8-11241] undeclared symbol 'tms_int', assumed default net type 'wire' [/home/xmen/Videos/RustDesk/SystolicCore/SystolicCore_Metricas/Zynq_Systolic_Core_AXI_FIFO_Stream_Reboot/Zynq_Systolic_Core_AXI_FIFO_Stream_Reboot.srcs/sources_1/ip/ila_1/hdl/verilog/xsdbm_v3_0_5_bs_core_vec.vh:275]
INFO: [Synth 8-11241] undeclared symbol 'runtest_int', assumed default net type 'wire' [/home/xmen/Videos/RustDesk/SystolicCore/SystolicCore_Metricas/Zynq_Systolic_Core_AXI_FIFO_Stream_Reboot/Zynq_Systolic_Core_AXI_FIFO_Stream_Reboot.srcs/sources_1/ip/ila_1/hdl/verilog/xsdbm_v3_0_5_bs_core_vec.vh:277]
INFO: [Synth 8-11241] undeclared symbol 'tms_int', assumed default net type 'wire' [/home/xmen/Videos/RustDesk/SystolicCore/SystolicCore_Metricas/Zynq_Systolic_Core_AXI_FIFO_Stream_Reboot/Zynq_Systolic_Core_AXI_FIFO_Stream_Reboot.srcs/sources_1/ip/ila_1/hdl/verilog/xsdbm_v3_0_5_bs_core_vec.vh:310]
INFO: [Synth 8-11241] undeclared symbol 'runtest_int', assumed default net type 'wire' [/home/xmen/Videos/RustDesk/SystolicCore/SystolicCore_Metricas/Zynq_Systolic_Core_AXI_FIFO_Stream_Reboot/Zynq_Systolic_Core_AXI_FIFO_Stream_Reboot.srcs/sources_1/ip/ila_1/hdl/verilog/xsdbm_v3_0_5_bs_core_vec.vh:312]
INFO: [Synth 8-11241] undeclared symbol 'tms_int', assumed default net type 'wire' [/home/xmen/Videos/RustDesk/SystolicCore/SystolicCore_Metricas/Zynq_Systolic_Core_AXI_FIFO_Stream_Reboot/Zynq_Systolic_Core_AXI_FIFO_Stream_Reboot.srcs/sources_1/ip/ila_1/hdl/verilog/xsdbm_v3_0_5_bs_core_vec.vh:345]
INFO: [Synth 8-11241] undeclared symbol 'runtest_int', assumed default net type 'wire' [/home/xmen/Videos/RustDesk/SystolicCore/SystolicCore_Metricas/Zynq_Systolic_Core_AXI_FIFO_Stream_Reboot/Zynq_Systolic_Core_AXI_FIFO_Stream_Reboot.srcs/sources_1/ip/ila_1/hdl/verilog/xsdbm_v3_0_5_bs_core_vec.vh:347]
INFO: [Synth 8-11241] undeclared symbol 'tms_int', assumed default net type 'wire' [/home/xmen/Videos/RustDesk/SystolicCore/SystolicCore_Metricas/Zynq_Systolic_Core_AXI_FIFO_Stream_Reboot/Zynq_Systolic_Core_AXI_FIFO_Stream_Reboot.srcs/sources_1/ip/ila_1/hdl/verilog/xsdbm_v3_0_5_bs_core_vec.vh:380]
INFO: [Synth 8-11241] undeclared symbol 'runtest_int', assumed default net type 'wire' [/home/xmen/Videos/RustDesk/SystolicCore/SystolicCore_Metricas/Zynq_Systolic_Core_AXI_FIFO_Stream_Reboot/Zynq_Systolic_Core_AXI_FIFO_Stream_Reboot.srcs/sources_1/ip/ila_1/hdl/verilog/xsdbm_v3_0_5_bs_core_vec.vh:382]
INFO: [Synth 8-11241] undeclared symbol 'tms_int', assumed default net type 'wire' [/home/xmen/Videos/RustDesk/SystolicCore/SystolicCore_Metricas/Zynq_Systolic_Core_AXI_FIFO_Stream_Reboot/Zynq_Systolic_Core_AXI_FIFO_Stream_Reboot.srcs/sources_1/ip/ila_1/hdl/verilog/xsdbm_v3_0_5_bs_core_vec.vh:415]
INFO: [Synth 8-11241] undeclared symbol 'runtest_int', assumed default net type 'wire' [/home/xmen/Videos/RustDesk/SystolicCore/SystolicCore_Metricas/Zynq_Systolic_Core_AXI_FIFO_Stream_Reboot/Zynq_Systolic_Core_AXI_FIFO_Stream_Reboot.srcs/sources_1/ip/ila_1/hdl/verilog/xsdbm_v3_0_5_bs_core_vec.vh:417]
INFO: [Synth 8-11241] undeclared symbol 'tms_int', assumed default net type 'wire' [/home/xmen/Videos/RustDesk/SystolicCore/SystolicCore_Metricas/Zynq_Systolic_Core_AXI_FIFO_Stream_Reboot/Zynq_Systolic_Core_AXI_FIFO_Stream_Reboot.srcs/sources_1/ip/ila_1/hdl/verilog/xsdbm_v3_0_5_bs_core_vec.vh:450]
INFO: [Synth 8-11241] undeclared symbol 'runtest_int', assumed default net type 'wire' [/home/xmen/Videos/RustDesk/SystolicCore/SystolicCore_Metricas/Zynq_Systolic_Core_AXI_FIFO_Stream_Reboot/Zynq_Systolic_Core_AXI_FIFO_Stream_Reboot.srcs/sources_1/ip/ila_1/hdl/verilog/xsdbm_v3_0_5_bs_core_vec.vh:452]
INFO: [Synth 8-11241] undeclared symbol 'tms_int', assumed default net type 'wire' [/home/xmen/Videos/RustDesk/SystolicCore/SystolicCore_Metricas/Zynq_Systolic_Core_AXI_FIFO_Stream_Reboot/Zynq_Systolic_Core_AXI_FIFO_Stream_Reboot.srcs/sources_1/ip/ila_1/hdl/verilog/xsdbm_v3_0_5_bs_core_vec.vh:485]
INFO: [Synth 8-11241] undeclared symbol 'runtest_int', assumed default net type 'wire' [/home/xmen/Videos/RustDesk/SystolicCore/SystolicCore_Metricas/Zynq_Systolic_Core_AXI_FIFO_Stream_Reboot/Zynq_Systolic_Core_AXI_FIFO_Stream_Reboot.srcs/sources_1/ip/ila_1/hdl/verilog/xsdbm_v3_0_5_bs_core_vec.vh:487]
INFO: [Synth 8-11241] undeclared symbol 'tms_int', assumed default net type 'wire' [/home/xmen/Videos/RustDesk/SystolicCore/SystolicCore_Metricas/Zynq_Systolic_Core_AXI_FIFO_Stream_Reboot/Zynq_Systolic_Core_AXI_FIFO_Stream_Reboot.srcs/sources_1/ip/ila_1/hdl/verilog/xsdbm_v3_0_5_bs_core_vec.vh:30]
INFO: [Synth 8-11241] undeclared symbol 'runtest_int', assumed default net type 'wire' [/home/xmen/Videos/RustDesk/SystolicCore/SystolicCore_Metricas/Zynq_Systolic_Core_AXI_FIFO_Stream_Reboot/Zynq_Systolic_Core_AXI_FIFO_Stream_Reboot.srcs/sources_1/ip/ila_1/hdl/verilog/xsdbm_v3_0_5_bs_core_vec.vh:32]
INFO: [Synth 8-11241] undeclared symbol 'tms_int', assumed default net type 'wire' [/home/xmen/Videos/RustDesk/SystolicCore/SystolicCore_Metricas/Zynq_Systolic_Core_AXI_FIFO_Stream_Reboot/Zynq_Systolic_Core_AXI_FIFO_Stream_Reboot.srcs/sources_1/ip/ila_1/hdl/verilog/xsdbm_v3_0_5_bs_core_vec.vh:65]
INFO: [Synth 8-11241] undeclared symbol 'runtest_int', assumed default net type 'wire' [/home/xmen/Videos/RustDesk/SystolicCore/SystolicCore_Metricas/Zynq_Systolic_Core_AXI_FIFO_Stream_Reboot/Zynq_Systolic_Core_AXI_FIFO_Stream_Reboot.srcs/sources_1/ip/ila_1/hdl/verilog/xsdbm_v3_0_5_bs_core_vec.vh:67]
INFO: [Synth 8-11241] undeclared symbol 'tms_int', assumed default net type 'wire' [/home/xmen/Videos/RustDesk/SystolicCore/SystolicCore_Metricas/Zynq_Systolic_Core_AXI_FIFO_Stream_Reboot/Zynq_Systolic_Core_AXI_FIFO_Stream_Reboot.srcs/sources_1/ip/ila_1/hdl/verilog/xsdbm_v3_0_5_bs_core_vec.vh:100]
INFO: [Synth 8-11241] undeclared symbol 'runtest_int', assumed default net type 'wire' [/home/xmen/Videos/RustDesk/SystolicCore/SystolicCore_Metricas/Zynq_Systolic_Core_AXI_FIFO_Stream_Reboot/Zynq_Systolic_Core_AXI_FIFO_Stream_Reboot.srcs/sources_1/ip/ila_1/hdl/verilog/xsdbm_v3_0_5_bs_core_vec.vh:102]
INFO: [Synth 8-11241] undeclared symbol 'tms_int', assumed default net type 'wire' [/home/xmen/Videos/RustDesk/SystolicCore/SystolicCore_Metricas/Zynq_Systolic_Core_AXI_FIFO_Stream_Reboot/Zynq_Systolic_Core_AXI_FIFO_Stream_Reboot.srcs/sources_1/ip/ila_1/hdl/verilog/xsdbm_v3_0_5_bs_core_vec.vh:135]
INFO: [Synth 8-11241] undeclared symbol 'runtest_int', assumed default net type 'wire' [/home/xmen/Videos/RustDesk/SystolicCore/SystolicCore_Metricas/Zynq_Systolic_Core_AXI_FIFO_Stream_Reboot/Zynq_Systolic_Core_AXI_FIFO_Stream_Reboot.srcs/sources_1/ip/ila_1/hdl/verilog/xsdbm_v3_0_5_bs_core_vec.vh:137]
INFO: [Synth 8-11241] undeclared symbol 'tms_int', assumed default net type 'wire' [/home/xmen/Videos/RustDesk/SystolicCore/SystolicCore_Metricas/Zynq_Systolic_Core_AXI_FIFO_Stream_Reboot/Zynq_Systolic_Core_AXI_FIFO_Stream_Reboot.srcs/sources_1/ip/ila_1/hdl/verilog/xsdbm_v3_0_5_bs_core_vec.vh:170]
INFO: [Synth 8-11241] undeclared symbol 'runtest_int', assumed default net type 'wire' [/home/xmen/Videos/RustDesk/SystolicCore/SystolicCore_Metricas/Zynq_Systolic_Core_AXI_FIFO_Stream_Reboot/Zynq_Systolic_Core_AXI_FIFO_Stream_Reboot.srcs/sources_1/ip/ila_1/hdl/verilog/xsdbm_v3_0_5_bs_core_vec.vh:172]
INFO: [Synth 8-11241] undeclared symbol 'tms_int', assumed default net type 'wire' [/home/xmen/Videos/RustDesk/SystolicCore/SystolicCore_Metricas/Zynq_Systolic_Core_AXI_FIFO_Stream_Reboot/Zynq_Systolic_Core_AXI_FIFO_Stream_Reboot.srcs/sources_1/ip/ila_1/hdl/verilog/xsdbm_v3_0_5_bs_core_vec.vh:205]
INFO: [Synth 8-11241] undeclared symbol 'runtest_int', assumed default net type 'wire' [/home/xmen/Videos/RustDesk/SystolicCore/SystolicCore_Metricas/Zynq_Systolic_Core_AXI_FIFO_Stream_Reboot/Zynq_Systolic_Core_AXI_FIFO_Stream_Reboot.srcs/sources_1/ip/ila_1/hdl/verilog/xsdbm_v3_0_5_bs_core_vec.vh:207]
INFO: [Synth 8-11241] undeclared symbol 'tms_int', assumed default net type 'wire' [/home/xmen/Videos/RustDesk/SystolicCore/SystolicCore_Metricas/Zynq_Systolic_Core_AXI_FIFO_Stream_Reboot/Zynq_Systolic_Core_AXI_FIFO_Stream_Reboot.srcs/sources_1/ip/ila_1/hdl/verilog/xsdbm_v3_0_5_bs_core_vec.vh:240]
INFO: [Synth 8-11241] undeclared symbol 'runtest_int', assumed default net type 'wire' [/home/xmen/Videos/RustDesk/SystolicCore/SystolicCore_Metricas/Zynq_Systolic_Core_AXI_FIFO_Stream_Reboot/Zynq_Systolic_Core_AXI_FIFO_Stream_Reboot.srcs/sources_1/ip/ila_1/hdl/verilog/xsdbm_v3_0_5_bs_core_vec.vh:242]
INFO: [Synth 8-11241] undeclared symbol 'tms_int', assumed default net type 'wire' [/home/xmen/Videos/RustDesk/SystolicCore/SystolicCore_Metricas/Zynq_Systolic_Core_AXI_FIFO_Stream_Reboot/Zynq_Systolic_Core_AXI_FIFO_Stream_Reboot.srcs/sources_1/ip/ila_1/hdl/verilog/xsdbm_v3_0_5_bs_core_vec.vh:275]
INFO: [Synth 8-11241] undeclared symbol 'runtest_int', assumed default net type 'wire' [/home/xmen/Videos/RustDesk/SystolicCore/SystolicCore_Metricas/Zynq_Systolic_Core_AXI_FIFO_Stream_Reboot/Zynq_Systolic_Core_AXI_FIFO_Stream_Reboot.srcs/sources_1/ip/ila_1/hdl/verilog/xsdbm_v3_0_5_bs_core_vec.vh:277]
INFO: [Common 17-14] Message 'Synth 8-11241' appears 100 times and further instances of the messages will be disabled. Use the Tcl command set_msg_config to change the current settings.
INFO: [Synth 8-6157] synthesizing module 'ila_1' [/home/xmen/Videos/RustDesk/SystolicCore/SystolicCore_Metricas/Zynq_Systolic_Core_AXI_FIFO_Stream_Reboot/Zynq_Systolic_Core_AXI_FIFO_Stream_Reboot.srcs/sources_1/ip/ila_1/synth/ila_1.v:48]
INFO: [Synth 8-6157] synthesizing module 'CFGLUT5' [/home/xmen/Music/2025.2/Vivado/scripts/rt/data/unisim_comp.v:3131]
INFO: [Synth 8-6155] done synthesizing module 'CFGLUT5' (0#1) [/home/xmen/Music/2025.2/Vivado/scripts/rt/data/unisim_comp.v:3131]
INFO: [Synth 8-6157] synthesizing module 'CARRY4' [/home/xmen/Music/2025.2/Vivado/scripts/rt/data/unisim_comp.v:3094]
INFO: [Synth 8-6155] done synthesizing module 'CARRY4' (0#1) [/home/xmen/Music/2025.2/Vivado/scripts/rt/data/unisim_comp.v:3094]
INFO: [Synth 8-6157] synthesizing module 'SRLC32E' [/home/xmen/Music/2025.2/Vivado/scripts/rt/data/unisim_comp.v:165484]
INFO: [Synth 8-6155] done synthesizing module 'SRLC32E' (0#1) [/home/xmen/Music/2025.2/Vivado/scripts/rt/data/unisim_comp.v:165484]
INFO: [Synth 8-6157] synthesizing module 'SRL16E' [/home/xmen/Music/2025.2/Vivado/scripts/rt/data/unisim_comp.v:165334]
INFO: [Synth 8-6155] done synthesizing module 'SRL16E' (0#1) [/home/xmen/Music/2025.2/Vivado/scripts/rt/data/unisim_comp.v:165334]
INFO: [Synth 8-6157] synthesizing module 'SRLC16E' [/home/xmen/Music/2025.2/Vivado/scripts/rt/data/unisim_comp.v:165423]
INFO: [Synth 8-6155] done synthesizing module 'SRLC16E' (0#1) [/home/xmen/Music/2025.2/Vivado/scripts/rt/data/unisim_comp.v:165423]
INFO: [Synth 8-6157] synthesizing module 'FDRE' [/home/xmen/Music/2025.2/Vivado/scripts/rt/data/unisim_comp.v:49396]
INFO: [Synth 8-6155] done synthesizing module 'FDRE' (0#1) [/home/xmen/Music/2025.2/Vivado/scripts/rt/data/unisim_comp.v:49396]
INFO: [Synth 8-7071] port 'clk_nobuf' of module 'ila_v6_2_19_ila' is unconnected for instance 'inst' [/home/xmen/Videos/RustDesk/SystolicCore/SystolicCore_Metricas/Zynq_Systolic_Core_AXI_FIFO_Stream_Reboot/Zynq_Systolic_Core_AXI_FIFO_Stream_Reboot.srcs/sources_1/ip/ila_1/synth/ila_1.v:3217]
INFO: [Synth 8-7071] port 'clkdiv_out' of module 'ila_v6_2_19_ila' is unconnected for instance 'inst' [/home/xmen/Videos/RustDesk/SystolicCore/SystolicCore_Metricas/Zynq_Systolic_Core_AXI_FIFO_Stream_Reboot/Zynq_Systolic_Core_AXI_FIFO_Stream_Reboot.srcs/sources_1/ip/ila_1/synth/ila_1.v:3217]
INFO: [Synth 8-7071] port 'trig_in' of module 'ila_v6_2_19_ila' is unconnected for instance 'inst' [/home/xmen/Videos/RustDesk/SystolicCore/SystolicCore_Metricas/Zynq_Systolic_Core_AXI_FIFO_Stream_Reboot/Zynq_Systolic_Core_AXI_FIFO_Stream_Reboot.srcs/sources_1/ip/ila_1/synth/ila_1.v:3217]
INFO: [Synth 8-7071] port 'trig_in_ack' of module 'ila_v6_2_19_ila' is unconnected for instance 'inst' [/home/xmen/Videos/RustDesk/SystolicCore/SystolicCore_Metricas/Zynq_Systolic_Core_AXI_FIFO_Stream_Reboot/Zynq_Systolic_Core_AXI_FIFO_Stream_Reboot.srcs/sources_1/ip/ila_1/synth/ila_1.v:3217]
INFO: [Synth 8-7071] port 'trig_out' of module 'ila_v6_2_19_ila' is unconnected for instance 'inst' [/home/xmen/Videos/RustDesk/SystolicCore/SystolicCore_Metricas/Zynq_Systolic_Core_AXI_FIFO_Stream_Reboot/Zynq_Systolic_Core_AXI_FIFO_Stream_Reboot.srcs/sources_1/ip/ila_1/synth/ila_1.v:3217]
INFO: [Synth 8-7071] port 'trig_out_ack' of module 'ila_v6_2_19_ila' is unconnected for instance 'inst' [/home/xmen/Videos/RustDesk/SystolicCore/SystolicCore_Metricas/Zynq_Systolic_Core_AXI_FIFO_Stream_Reboot/Zynq_Systolic_Core_AXI_FIFO_Stream_Reboot.srcs/sources_1/ip/ila_1/synth/ila_1.v:3217]
INFO: [Synth 8-7023] instance 'inst' of module 'ila_v6_2_19_ila' has 1033 connections declared, but only 1027 given [/home/xmen/Videos/RustDesk/SystolicCore/SystolicCore_Metricas/Zynq_Systolic_Core_AXI_FIFO_Stream_Reboot/Zynq_Systolic_Core_AXI_FIFO_Stream_Reboot.srcs/sources_1/ip/ila_1/synth/ila_1.v:3217]
INFO: [Synth 8-6155] done synthesizing module 'ila_1' (0#1) [/home/xmen/Videos/RustDesk/SystolicCore/SystolicCore_Metricas/Zynq_Systolic_Core_AXI_FIFO_Stream_Reboot/Zynq_Systolic_Core_AXI_FIFO_Stream_Reboot.srcs/sources_1/ip/ila_1/synth/ila_1.v:48]
INFO: [Synth 8-3848] Net sl_iport0 in module/entity ila_1 does not have driver. [/home/xmen/Videos/RustDesk/SystolicCore/SystolicCore_Metricas/Zynq_Systolic_Core_AXI_FIFO_Stream_Reboot/Zynq_Systolic_Core_AXI_FIFO_Stream_Reboot.srcs/sources_1/ip/ila_1/synth/ila_1.v:106]
INFO: [Synth 8-7129] Port CLKB in module blk_mem_gen_v8_4_12_blk_mem_output_block is either unconnected or has no load
INFO: [Synth 8-7129] Port DOUTA_I[160] in module blk_mem_gen_v8_4_12_blk_mem_output_block is either unconnected or has no load
INFO: [Synth 8-7129] Port DOUTA_I[159] in module blk_mem_gen_v8_4_12_blk_mem_output_block is either unconnected or has no load
INFO: [Synth 8-7129] Port DOUTA_I[158] in module blk_mem_gen_v8_4_12_blk_mem_output_block is either unconnected or has no load
INFO: [Synth 8-7129] Port DOUTA_I[157] in module blk_mem_gen_v8_4_12_blk_mem_output_block is either unconnected or has no load
INFO: [Synth 8-7129] Port DOUTA_I[156] in module blk_mem_gen_v8_4_12_blk_mem_output_block is either unconnected or has no load
INFO: [Synth 8-7129] Port DOUTA_I[155] in module blk_mem_gen_v8_4_12_blk_mem_output_block is either unconnected or has no load
INFO: [Synth 8-7129] Port DOUTA_I[154] in module blk_mem_gen_v8_4_12_blk_mem_output_block is either unconnected or has no load
INFO: [Synth 8-7129] Port DOUTA_I[153] in module blk_mem_gen_v8_4_12_blk_mem_output_block is either unconnected or has no load
INFO: [Synth 8-7129] Port DOUTA_I[152] in module blk_mem_gen_v8_4_12_blk_mem_output_block is either unconnected or has no load
INFO: [Synth 8-7129] Port DOUTA_I[151] in module blk_mem_gen_v8_4_12_blk_mem_output_block is either unconnected or has no load
INFO: [Synth 8-7129] Port DOUTA_I[150] in module blk_mem_gen_v8_4_12_blk_mem_output_block is either unconnected or has no load
INFO: [Synth 8-7129] Port DOUTA_I[149] in module blk_mem_gen_v8_4_12_blk_mem_output_block is either unconnected or has no load
INFO: [Synth 8-7129] Port DOUTA_I[148] in module blk_mem_gen_v8_4_12_blk_mem_output_block is either unconnected or has no load
INFO: [Synth 8-7129] Port DOUTA_I[147] in module blk_mem_gen_v8_4_12_blk_mem_output_block is either unconnected or has no load
INFO: [Synth 8-7129] Port DOUTA_I[146] in module blk_mem_gen_v8_4_12_blk_mem_output_block is either unconnected or has no load
INFO: [Synth 8-7129] Port DOUTA_I[145] in module blk_mem_gen_v8_4_12_blk_mem_output_block is either unconnected or has no load
INFO: [Synth 8-7129] Port DOUTA_I[144] in module blk_mem_gen_v8_4_12_blk_mem_output_block is either unconnected or has no load
INFO: [Synth 8-7129] Port DOUTA_I[143] in module blk_mem_gen_v8_4_12_blk_mem_output_block is either unconnected or has no load
INFO: [Synth 8-7129] Port DOUTA_I[142] in module blk_mem_gen_v8_4_12_blk_mem_output_block is either unconnected or has no load
INFO: [Synth 8-7129] Port DOUTA_I[141] in module blk_mem_gen_v8_4_12_blk_mem_output_block is either unconnected or has no load
INFO: [Synth 8-7129] Port DOUTA_I[140] in module blk_mem_gen_v8_4_12_blk_mem_output_block is either unconnected or has no load
INFO: [Synth 8-7129] Port DOUTA_I[139] in module blk_mem_gen_v8_4_12_blk_mem_output_block is either unconnected or has no load
INFO: [Synth 8-7129] Port DOUTA_I[138] in module blk_mem_gen_v8_4_12_blk_mem_output_block is either unconnected or has no load
INFO: [Synth 8-7129] Port DOUTA_I[137] in module blk_mem_gen_v8_4_12_blk_mem_output_block is either unconnected or has no load
INFO: [Synth 8-7129] Port DOUTA_I[136] in module blk_mem_gen_v8_4_12_blk_mem_output_block is either unconnected or has no load
INFO: [Synth 8-7129] Port DOUTA_I[135] in module blk_mem_gen_v8_4_12_blk_mem_output_block is either unconnected or has no load
INFO: [Synth 8-7129] Port DOUTA_I[134] in module blk_mem_gen_v8_4_12_blk_mem_output_block is either unconnected or has no load
INFO: [Synth 8-7129] Port DOUTA_I[133] in module blk_mem_gen_v8_4_12_blk_mem_output_block is either unconnected or has no load
INFO: [Synth 8-7129] Port DOUTA_I[132] in module blk_mem_gen_v8_4_12_blk_mem_output_block is either unconnected or has no load
INFO: [Synth 8-7129] Port DOUTA_I[131] in module blk_mem_gen_v8_4_12_blk_mem_output_block is either unconnected or has no load
INFO: [Synth 8-7129] Port DOUTA_I[130] in module blk_mem_gen_v8_4_12_blk_mem_output_block is either unconnected or has no load
INFO: [Synth 8-7129] Port DOUTA_I[129] in module blk_mem_gen_v8_4_12_blk_mem_output_block is either unconnected or has no load
INFO: [Synth 8-7129] Port DOUTA_I[128] in module blk_mem_gen_v8_4_12_blk_mem_output_block is either unconnected or has no load
INFO: [Synth 8-7129] Port DOUTA_I[127] in module blk_mem_gen_v8_4_12_blk_mem_output_block is either unconnected or has no load
INFO: [Synth 8-7129] Port DOUTA_I[126] in module blk_mem_gen_v8_4_12_blk_mem_output_block is either unconnected or has no load
INFO: [Synth 8-7129] Port DOUTA_I[125] in module blk_mem_gen_v8_4_12_blk_mem_output_block is either unconnected or has no load
INFO: [Synth 8-7129] Port DOUTA_I[124] in module blk_mem_gen_v8_4_12_blk_mem_output_block is either unconnected or has no load
INFO: [Synth 8-7129] Port DOUTA_I[123] in module blk_mem_gen_v8_4_12_blk_mem_output_block is either unconnected or has no load
INFO: [Synth 8-7129] Port DOUTA_I[122] in module blk_mem_gen_v8_4_12_blk_mem_output_block is either unconnected or has no load
INFO: [Synth 8-7129] Port DOUTA_I[121] in module blk_mem_gen_v8_4_12_blk_mem_output_block is either unconnected or has no load
INFO: [Synth 8-7129] Port DOUTA_I[120] in module blk_mem_gen_v8_4_12_blk_mem_output_block is either unconnected or has no load
INFO: [Synth 8-7129] Port DOUTA_I[119] in module blk_mem_gen_v8_4_12_blk_mem_output_block is either unconnected or has no load
INFO: [Synth 8-7129] Port DOUTA_I[118] in module blk_mem_gen_v8_4_12_blk_mem_output_block is either unconnected or has no load
INFO: [Synth 8-7129] Port DOUTA_I[117] in module blk_mem_gen_v8_4_12_blk_mem_output_block is either unconnected or has no load
INFO: [Synth 8-7129] Port DOUTA_I[116] in module blk_mem_gen_v8_4_12_blk_mem_output_block is either unconnected or has no load
INFO: [Synth 8-7129] Port DOUTA_I[115] in module blk_mem_gen_v8_4_12_blk_mem_output_block is either unconnected or has no load
INFO: [Synth 8-7129] Port DOUTA_I[114] in module blk_mem_gen_v8_4_12_blk_mem_output_block is either unconnected or has no load
INFO: [Synth 8-7129] Port DOUTA_I[113] in module blk_mem_gen_v8_4_12_blk_mem_output_block is either unconnected or has no load
INFO: [Synth 8-7129] Port DOUTA_I[112] in module blk_mem_gen_v8_4_12_blk_mem_output_block is either unconnected or has no load
INFO: [Synth 8-7129] Port DOUTA_I[111] in module blk_mem_gen_v8_4_12_blk_mem_output_block is either unconnected or has no load
INFO: [Synth 8-7129] Port DOUTA_I[110] in module blk_mem_gen_v8_4_12_blk_mem_output_block is either unconnected or has no load
INFO: [Synth 8-7129] Port DOUTA_I[109] in module blk_mem_gen_v8_4_12_blk_mem_output_block is either unconnected or has no load
INFO: [Synth 8-7129] Port DOUTA_I[108] in module blk_mem_gen_v8_4_12_blk_mem_output_block is either unconnected or has no load
INFO: [Synth 8-7129] Port DOUTA_I[107] in module blk_mem_gen_v8_4_12_blk_mem_output_block is either unconnected or has no load
INFO: [Synth 8-7129] Port DOUTA_I[106] in module blk_mem_gen_v8_4_12_blk_mem_output_block is either unconnected or has no load
INFO: [Synth 8-7129] Port DOUTA_I[105] in module blk_mem_gen_v8_4_12_blk_mem_output_block is either unconnected or has no load
INFO: [Synth 8-7129] Port DOUTA_I[104] in module blk_mem_gen_v8_4_12_blk_mem_output_block is either unconnected or has no load
INFO: [Synth 8-7129] Port DOUTA_I[103] in module blk_mem_gen_v8_4_12_blk_mem_output_block is either unconnected or has no load
INFO: [Synth 8-7129] Port DOUTA_I[102] in module blk_mem_gen_v8_4_12_blk_mem_output_block is either unconnected or has no load
INFO: [Synth 8-7129] Port DOUTA_I[101] in module blk_mem_gen_v8_4_12_blk_mem_output_block is either unconnected or has no load
INFO: [Synth 8-7129] Port DOUTA_I[100] in module blk_mem_gen_v8_4_12_blk_mem_output_block is either unconnected or has no load
INFO: [Synth 8-7129] Port DOUTA_I[99] in module blk_mem_gen_v8_4_12_blk_mem_output_block is either unconnected or has no load
INFO: [Synth 8-7129] Port DOUTA_I[98] in module blk_mem_gen_v8_4_12_blk_mem_output_block is either unconnected or has no load
INFO: [Synth 8-7129] Port DOUTA_I[97] in module blk_mem_gen_v8_4_12_blk_mem_output_block is either unconnected or has no load
INFO: [Synth 8-7129] Port DOUTA_I[96] in module blk_mem_gen_v8_4_12_blk_mem_output_block is either unconnected or has no load
INFO: [Synth 8-7129] Port DOUTA_I[95] in module blk_mem_gen_v8_4_12_blk_mem_output_block is either unconnected or has no load
INFO: [Synth 8-7129] Port DOUTA_I[94] in module blk_mem_gen_v8_4_12_blk_mem_output_block is either unconnected or has no load
INFO: [Synth 8-7129] Port DOUTA_I[93] in module blk_mem_gen_v8_4_12_blk_mem_output_block is either unconnected or has no load
INFO: [Synth 8-7129] Port DOUTA_I[92] in module blk_mem_gen_v8_4_12_blk_mem_output_block is either unconnected or has no load
INFO: [Synth 8-7129] Port DOUTA_I[91] in module blk_mem_gen_v8_4_12_blk_mem_output_block is either unconnected or has no load
INFO: [Synth 8-7129] Port DOUTA_I[90] in module blk_mem_gen_v8_4_12_blk_mem_output_block is either unconnected or has no load
INFO: [Synth 8-7129] Port DOUTA_I[89] in module blk_mem_gen_v8_4_12_blk_mem_output_block is either unconnected or has no load
INFO: [Synth 8-7129] Port DOUTA_I[88] in module blk_mem_gen_v8_4_12_blk_mem_output_block is either unconnected or has no load
INFO: [Synth 8-7129] Port DOUTA_I[87] in module blk_mem_gen_v8_4_12_blk_mem_output_block is either unconnected or has no load
INFO: [Synth 8-7129] Port DOUTA_I[86] in module blk_mem_gen_v8_4_12_blk_mem_output_block is either unconnected or has no load
INFO: [Synth 8-7129] Port DOUTA_I[85] in module blk_mem_gen_v8_4_12_blk_mem_output_block is either unconnected or has no load
INFO: [Synth 8-7129] Port DOUTA_I[84] in module blk_mem_gen_v8_4_12_blk_mem_output_block is either unconnected or has no load
INFO: [Synth 8-7129] Port DOUTA_I[83] in module blk_mem_gen_v8_4_12_blk_mem_output_block is either unconnected or has no load
INFO: [Synth 8-7129] Port DOUTA_I[82] in module blk_mem_gen_v8_4_12_blk_mem_output_block is either unconnected or has no load
INFO: [Synth 8-7129] Port DOUTA_I[81] in module blk_mem_gen_v8_4_12_blk_mem_output_block is either unconnected or has no load
INFO: [Synth 8-7129] Port DOUTA_I[80] in module blk_mem_gen_v8_4_12_blk_mem_output_block is either unconnected or has no load
INFO: [Synth 8-7129] Port DOUTA_I[79] in module blk_mem_gen_v8_4_12_blk_mem_output_block is either unconnected or has no load
INFO: [Synth 8-7129] Port DOUTA_I[78] in module blk_mem_gen_v8_4_12_blk_mem_output_block is either unconnected or has no load
INFO: [Synth 8-7129] Port DOUTA_I[77] in module blk_mem_gen_v8_4_12_blk_mem_output_block is either unconnected or has no load
INFO: [Synth 8-7129] Port DOUTA_I[76] in module blk_mem_gen_v8_4_12_blk_mem_output_block is either unconnected or has no load
INFO: [Synth 8-7129] Port DOUTA_I[75] in module blk_mem_gen_v8_4_12_blk_mem_output_block is either unconnected or has no load
INFO: [Synth 8-7129] Port DOUTA_I[74] in module blk_mem_gen_v8_4_12_blk_mem_output_block is either unconnected or has no load
INFO: [Synth 8-7129] Port DOUTA_I[73] in module blk_mem_gen_v8_4_12_blk_mem_output_block is either unconnected or has no load
INFO: [Synth 8-7129] Port DOUTA_I[72] in module blk_mem_gen_v8_4_12_blk_mem_output_block is either unconnected or has no load
INFO: [Synth 8-7129] Port DOUTA_I[71] in module blk_mem_gen_v8_4_12_blk_mem_output_block is either unconnected or has no load
INFO: [Synth 8-7129] Port DOUTA_I[70] in module blk_mem_gen_v8_4_12_blk_mem_output_block is either unconnected or has no load
INFO: [Synth 8-7129] Port DOUTA_I[69] in module blk_mem_gen_v8_4_12_blk_mem_output_block is either unconnected or has no load
INFO: [Synth 8-7129] Port DOUTA_I[68] in module blk_mem_gen_v8_4_12_blk_mem_output_block is either unconnected or has no load
INFO: [Synth 8-7129] Port DOUTA_I[67] in module blk_mem_gen_v8_4_12_blk_mem_output_block is either unconnected or has no load
INFO: [Synth 8-7129] Port DOUTA_I[66] in module blk_mem_gen_v8_4_12_blk_mem_output_block is either unconnected or has no load
INFO: [Synth 8-7129] Port DOUTA_I[65] in module blk_mem_gen_v8_4_12_blk_mem_output_block is either unconnected or has no load
INFO: [Synth 8-7129] Port DOUTA_I[64] in module blk_mem_gen_v8_4_12_blk_mem_output_block is either unconnected or has no load
INFO: [Synth 8-7129] Port DOUTA_I[63] in module blk_mem_gen_v8_4_12_blk_mem_output_block is either unconnected or has no load
INFO: [Synth 8-7129] Port DOUTA_I[62] in module blk_mem_gen_v8_4_12_blk_mem_output_block is either unconnected or has no load
INFO: [Common 17-14] Message 'Synth 8-7129' appears 100 times and further instances of the messages will be disabled. Use the Tcl command set_msg_config to change the current settings.
---------------------------------------------------------------------------------
Finished RTL Elaboration : Time (s): cpu = 00:00:14 ; elapsed = 00:00:15 . Memory (MB): peak = 3626.000 ; gain = 594.828 ; free physical = 1171 ; free virtual = 30071
---------------------------------------------------------------------------------
---------------------------------------------------------------------------------
Start Handling Custom Attributes
---------------------------------------------------------------------------------
---------------------------------------------------------------------------------
Finished Handling Custom Attributes : Time (s): cpu = 00:00:14 ; elapsed = 00:00:15 . Memory (MB): peak = 3626.000 ; gain = 594.828 ; free physical = 1171 ; free virtual = 30069
---------------------------------------------------------------------------------
---------------------------------------------------------------------------------
Finished RTL Optimization Phase 1 : Time (s): cpu = 00:00:14 ; elapsed = 00:00:15 . Memory (MB): peak = 3626.000 ; gain = 594.828 ; free physical = 1171 ; free virtual = 30069
---------------------------------------------------------------------------------
Netlist sorting complete. Time (s): cpu = 00:00:00.06 ; elapsed = 00:00:00.05 . Memory (MB): peak = 3626.000 ; gain = 0.000 ; free physical = 1166 ; free virtual = 30068
INFO: [Netlist 29-17] Analyzing 153 Unisim elements for replacement
INFO: [Netlist 29-28] Unisim Transformation completed in 0 CPU seconds
INFO: [Project 1-570] Preparing netlist for logic optimization

Processing XDC Constraints
Initializing timing engine
Parsing XDC File [/home/xmen/Videos/RustDesk/SystolicCore/SystolicCore_Metricas/Zynq_Systolic_Core_AXI_FIFO_Stream_Reboot/Zynq_Systolic_Core_AXI_FIFO_Stream_Reboot.srcs/sources_1/ip/ila_1/ila_1_ooc.xdc] for cell 'inst'
Finished Parsing XDC File [/home/xmen/Videos/RustDesk/SystolicCore/SystolicCore_Metricas/Zynq_Systolic_Core_AXI_FIFO_Stream_Reboot/Zynq_Systolic_Core_AXI_FIFO_Stream_Reboot.srcs/sources_1/ip/ila_1/ila_1_ooc.xdc] for cell 'inst'
Parsing XDC File [/home/xmen/Videos/RustDesk/SystolicCore/SystolicCore_Metricas/Zynq_Systolic_Core_AXI_FIFO_Stream_Reboot/Zynq_Systolic_Core_AXI_FIFO_Stream_Reboot.srcs/sources_1/ip/ila_1/ila_v6_2/constraints/ila.xdc] for cell 'inst'
Finished Parsing XDC File [/home/xmen/Videos/RustDesk/SystolicCore/SystolicCore_Metricas/Zynq_Systolic_Core_AXI_FIFO_Stream_Reboot/Zynq_Systolic_Core_AXI_FIFO_Stream_Reboot.srcs/sources_1/ip/ila_1/ila_v6_2/constraints/ila.xdc] for cell 'inst'
INFO: [Project 1-236] Implementation specific constraints were found while reading constraint file [/home/xmen/Videos/RustDesk/SystolicCore/SystolicCore_Metricas/Zynq_Systolic_Core_AXI_FIFO_Stream_Reboot/Zynq_Systolic_Core_AXI_FIFO_Stream_Reboot.srcs/sources_1/ip/ila_1/ila_v6_2/constraints/ila.xdc]. These constraints will be ignored for synthesis but will be used in implementation. Impacted constraints are listed in the file [.Xil/ila_1_propImpl.xdc].
Resolution: To avoid this warning, move constraints listed in [.Xil/ila_1_propImpl.xdc] to another XDC file and exclude this new file from synthesis with the used_in_synthesis property (File Properties dialog in GUI) and re-run elaboration/synthesis.
Parsing XDC File [/home/xmen/Videos/RustDesk/SystolicCore/SystolicCore_Metricas/Zynq_Systolic_Core_AXI_FIFO_Stream_Reboot/Zynq_Systolic_Core_AXI_FIFO_Stream_Reboot.runs/ila_1_synth_1/dont_touch.xdc]
Finished Parsing XDC File [/home/xmen/Videos/RustDesk/SystolicCore/SystolicCore_Metricas/Zynq_Systolic_Core_AXI_FIFO_Stream_Reboot/Zynq_Systolic_Core_AXI_FIFO_Stream_Reboot.runs/ila_1_synth_1/dont_touch.xdc]
Completed Processing XDC Constraints

Netlist sorting complete. Time (s): cpu = 00:00:00 ; elapsed = 00:00:00 . Memory (MB): peak = 3666.020 ; gain = 0.000 ; free physical = 1165 ; free virtual = 30073
INFO: [Project 1-111] Unisim Transformation Summary:
  A total of 117 instances were transformed.
  CFGLUT5 => CFGLUT5 (SRL16E, SRLC32E): 108 instances
  CFGLUT5 => SRLC32E: 9 instances

Constraint Validation Runtime : Time (s): cpu = 00:00:00.05 ; elapsed = 00:00:00.04 . Memory (MB): peak = 3666.055 ; gain = 0.000 ; free physical = 1166 ; free virtual = 30074
INFO: [Designutils 20-5008] Incremental synthesis strategy off
---------------------------------------------------------------------------------
Finished Constraint Validation : Time (s): cpu = 00:00:22 ; elapsed = 00:00:23 . Memory (MB): peak = 3666.055 ; gain = 634.883 ; free physical = 1143 ; free virtual = 30059
---------------------------------------------------------------------------------
---------------------------------------------------------------------------------
Start Loading Part and Timing Information
---------------------------------------------------------------------------------
Loading part: xczu7ev-ffvc1156-2-e
INFO: [Synth 8-6742] Reading net delay rules and data
---------------------------------------------------------------------------------
Finished Loading Part and Timing Information : Time (s): cpu = 00:00:22 ; elapsed = 00:00:23 . Memory (MB): peak = 3674.023 ; gain = 642.852 ; free physical = 1143 ; free virtual = 30059
---------------------------------------------------------------------------------
---------------------------------------------------------------------------------
Start Applying 'set_property' XDC Constraints
---------------------------------------------------------------------------------
---------------------------------------------------------------------------------
Finished applying 'set_property' XDC Constraints : Time (s): cpu = 00:00:22 ; elapsed = 00:00:23 . Memory (MB): peak = 3674.023 ; gain = 642.852 ; free physical = 1143 ; free virtual = 30060
---------------------------------------------------------------------------------
INFO: [Synth 8-802] inferred FSM for state register 'current_state_reg' in module 'xsdbs_v1_0_5_reg_p2s'
INFO: [Synth 8-802] inferred FSM for state register 'current_state_reg' in module 'xsdbs_v1_0_5_reg_p2s__parameterized0'
INFO: [Synth 8-802] inferred FSM for state register 'current_state_reg' in module 'xsdbs_v1_0_5_reg_p2s__parameterized1'
INFO: [Synth 8-802] inferred FSM for state register 'current_state_reg' in module 'xsdbs_v1_0_5_reg_p2s__parameterized2'
INFO: [Synth 8-802] inferred FSM for state register 'current_state_reg' in module 'xsdbs_v1_0_5_reg_p2s__parameterized3'
INFO: [Synth 8-802] inferred FSM for state register 'current_state_reg' in module 'xsdbs_v1_0_5_reg_p2s__parameterized4'
INFO: [Synth 8-802] inferred FSM for state register 'current_state_reg' in module 'xsdbs_v1_0_5_reg_p2s__parameterized5'
INFO: [Synth 8-802] inferred FSM for state register 'current_state_reg' in module 'ltlib_v1_0_3_generic_memrd'
---------------------------------------------------------------------------------------------------
                   State |                     New Encoding |                Previous Encoding 
---------------------------------------------------------------------------------------------------
                    IDLE |                             0001 |                             0001
                     REG |                             0010 |                             0010
                     P2S |                             0100 |                             0100
                     S2P |                             1000 |                             1000
---------------------------------------------------------------------------------------------------
INFO: [Synth 8-3354] encoded FSM with state register 'current_state_reg' using encoding 'one-hot' in module 'xsdbs_v1_0_5_reg_p2s'
---------------------------------------------------------------------------------------------------
                   State |                     New Encoding |                Previous Encoding 
---------------------------------------------------------------------------------------------------
                    IDLE |                             0001 |                             0001
                     REG |                             0010 |                             0010
                     P2S |                             0100 |                             0100
                     S2P |                             1000 |                             1000
---------------------------------------------------------------------------------------------------
INFO: [Synth 8-3354] encoded FSM with state register 'current_state_reg' using encoding 'one-hot' in module 'xsdbs_v1_0_5_reg_p2s__parameterized0'
---------------------------------------------------------------------------------------------------
                   State |                     New Encoding |                Previous Encoding 
---------------------------------------------------------------------------------------------------
                    IDLE |                             0001 |                             0001
                     REG |                             0010 |                             0010
                     P2S |                             0100 |                             0100
                     S2P |                             1000 |                             1000
---------------------------------------------------------------------------------------------------
INFO: [Synth 8-3354] encoded FSM with state register 'current_state_reg' using encoding 'one-hot' in module 'xsdbs_v1_0_5_reg_p2s__parameterized1'
---------------------------------------------------------------------------------------------------
                   State |                     New Encoding |                Previous Encoding 
---------------------------------------------------------------------------------------------------
                    IDLE |                             0001 |                             0001
                     REG |                             0010 |                             0010
                     P2S |                             0100 |                             0100
                     S2P |                             1000 |                             1000
---------------------------------------------------------------------------------------------------
INFO: [Synth 8-3354] encoded FSM with state register 'current_state_reg' using encoding 'one-hot' in module 'xsdbs_v1_0_5_reg_p2s__parameterized2'
---------------------------------------------------------------------------------------------------
                   State |                     New Encoding |                Previous Encoding 
---------------------------------------------------------------------------------------------------
                    IDLE |                             0001 |                             0001
                     REG |                             0010 |                             0010
                     P2S |                             0100 |                             0100
                     S2P |                             1000 |                             1000
---------------------------------------------------------------------------------------------------
INFO: [Synth 8-3354] encoded FSM with state register 'current_state_reg' using encoding 'one-hot' in module 'xsdbs_v1_0_5_reg_p2s__parameterized3'
---------------------------------------------------------------------------------------------------
                   State |                     New Encoding |                Previous Encoding 
---------------------------------------------------------------------------------------------------
                    IDLE |                             0001 |                             0001
                     REG |                             0010 |                             0010
                     P2S |                             0100 |                             0100
                     S2P |                             1000 |                             1000
---------------------------------------------------------------------------------------------------
INFO: [Synth 8-3354] encoded FSM with state register 'current_state_reg' using encoding 'one-hot' in module 'xsdbs_v1_0_5_reg_p2s__parameterized4'
---------------------------------------------------------------------------------------------------
                   State |                     New Encoding |                Previous Encoding 
---------------------------------------------------------------------------------------------------
                    IDLE |                             0001 |                             0001
                     REG |                             0010 |                             0010
                     P2S |                             0100 |                             0100
                     S2P |                             1000 |                             1000
---------------------------------------------------------------------------------------------------
INFO: [Synth 8-3354] encoded FSM with state register 'current_state_reg' using encoding 'one-hot' in module 'xsdbs_v1_0_5_reg_p2s__parameterized5'
---------------------------------------------------------------------------------------------------
                   State |                     New Encoding |                Previous Encoding 
---------------------------------------------------------------------------------------------------
              RESET_ADDR |                          0000001 |                          0000001
            REQUEST_READ |                          0000010 |                          0000010
           WAIT_READ_ACK |                          0000100 |                          0000100
             OUTPUT_DATA |                          0001000 |                          0001000
                    IDLE |                          0010000 |                          0010000
         INCREMENT_BLOCK |                          0100000 |                          0100000
       INCREMENT_ADDRESS |                          1000000 |                          1000000
---------------------------------------------------------------------------------------------------
INFO: [Synth 8-3354] encoded FSM with state register 'current_state_reg' using encoding 'one-hot' in module 'ltlib_v1_0_3_generic_memrd'
---------------------------------------------------------------------------------
Finished RTL Optimization Phase 2 : Time (s): cpu = 00:00:23 ; elapsed = 00:00:24 . Memory (MB): peak = 3674.023 ; gain = 642.852 ; free physical = 1149 ; free virtual = 30067
---------------------------------------------------------------------------------
---------------------------------------------------------------------------------
Start RTL Component Statistics 
---------------------------------------------------------------------------------
---------------------------------------------------------------------------------
Finished RTL Component Statistics 
---------------------------------------------------------------------------------
---------------------------------------------------------------------------------
Start Part Resource Summary
---------------------------------------------------------------------------------
Part Resources:
DSPs: 1728 (col length:144)
BRAMs: 624 (col length: RAMB18 144 RAMB36 72)
---------------------------------------------------------------------------------
Finished Part Resource Summary
---------------------------------------------------------------------------------
---------------------------------------------------------------------------------
Start Cross Boundary and Area Optimization
---------------------------------------------------------------------------------
---------------------------------------------------------------------------------
Finished Cross Boundary and Area Optimization : Time (s): cpu = 00:00:28 ; elapsed = 00:00:30 . Memory (MB): peak = 3674.023 ; gain = 642.852 ; free physical = 1125 ; free virtual = 30060
---------------------------------------------------------------------------------
---------------------------------------------------------------------------------
Start Applying XDC Timing Constraints
---------------------------------------------------------------------------------
---------------------------------------------------------------------------------
Finished Applying XDC Timing Constraints : Time (s): cpu = 00:00:34 ; elapsed = 00:00:36 . Memory (MB): peak = 4041.242 ; gain = 1010.070 ; free physical = 861 ; free virtual = 29766
---------------------------------------------------------------------------------
---------------------------------------------------------------------------------
Start Timing Optimization
---------------------------------------------------------------------------------
---------------------------------------------------------------------------------
Finished Timing Optimization : Time (s): cpu = 00:00:34 ; elapsed = 00:00:36 . Memory (MB): peak = 4074.289 ; gain = 1043.117 ; free physical = 850 ; free virtual = 29751
---------------------------------------------------------------------------------
---------------------------------------------------------------------------------
Start Technology Mapping
---------------------------------------------------------------------------------
---------------------------------------------------------------------------------
Finished Technology Mapping : Time (s): cpu = 00:00:35 ; elapsed = 00:00:36 . Memory (MB): peak = 4090.297 ; gain = 1059.125 ; free physical = 793 ; free virtual = 29706
---------------------------------------------------------------------------------
---------------------------------------------------------------------------------
Start IO Insertion
---------------------------------------------------------------------------------
---------------------------------------------------------------------------------
Start Flattening Before IO Insertion
---------------------------------------------------------------------------------
---------------------------------------------------------------------------------
Finished Flattening Before IO Insertion
---------------------------------------------------------------------------------
---------------------------------------------------------------------------------
Start Final Netlist Cleanup
---------------------------------------------------------------------------------
---------------------------------------------------------------------------------
Finished Final Netlist Cleanup
---------------------------------------------------------------------------------
---------------------------------------------------------------------------------
Finished IO Insertion : Time (s): cpu = 00:00:37 ; elapsed = 00:00:38 . Memory (MB): peak = 4250.109 ; gain = 1218.938 ; free physical = 653 ; free virtual = 29611
---------------------------------------------------------------------------------
---------------------------------------------------------------------------------
Start Renaming Generated Instances
---------------------------------------------------------------------------------
---------------------------------------------------------------------------------
Finished Renaming Generated Instances : Time (s): cpu = 00:00:37 ; elapsed = 00:00:39 . Memory (MB): peak = 4250.109 ; gain = 1218.938 ; free physical = 653 ; free virtual = 29611
---------------------------------------------------------------------------------
---------------------------------------------------------------------------------
Start Rebuilding User Hierarchy
---------------------------------------------------------------------------------
---------------------------------------------------------------------------------
Finished Rebuilding User Hierarchy : Time (s): cpu = 00:00:37 ; elapsed = 00:00:39 . Memory (MB): peak = 4250.109 ; gain = 1218.938 ; free physical = 650 ; free virtual = 29609
---------------------------------------------------------------------------------
---------------------------------------------------------------------------------
Start Renaming Generated Ports
---------------------------------------------------------------------------------
---------------------------------------------------------------------------------
Finished Renaming Generated Ports : Time (s): cpu = 00:00:37 ; elapsed = 00:00:39 . Memory (MB): peak = 4250.109 ; gain = 1218.938 ; free physical = 650 ; free virtual = 29609
---------------------------------------------------------------------------------
---------------------------------------------------------------------------------
Start Handling Custom Attributes
---------------------------------------------------------------------------------
---------------------------------------------------------------------------------
Finished Handling Custom Attributes : Time (s): cpu = 00:00:37 ; elapsed = 00:00:39 . Memory (MB): peak = 4250.109 ; gain = 1218.938 ; free physical = 650 ; free virtual = 29609
---------------------------------------------------------------------------------
---------------------------------------------------------------------------------
Start Renaming Generated Nets
---------------------------------------------------------------------------------
---------------------------------------------------------------------------------
Finished Renaming Generated Nets : Time (s): cpu = 00:00:37 ; elapsed = 00:00:39 . Memory (MB): peak = 4250.109 ; gain = 1218.938 ; free physical = 650 ; free virtual = 29609
---------------------------------------------------------------------------------
---------------------------------------------------------------------------------
Start Writing Synthesis Report
---------------------------------------------------------------------------------

Report BlackBoxes: 
+-+--------------+----------+
| |BlackBox name |Instances |
+-+--------------+----------+
+-+--------------+----------+

Report Cell Usage: 
+------+---------+------+
|      |Cell     |Count |
+------+---------+------+
|1     |CARRY4   |    36|
|2     |CFGLUT5  |   117|
|3     |LUT1     |    32|
|4     |LUT2     |   206|
|5     |LUT3     |   120|
|6     |LUT4     |   179|
|7     |LUT5     |    81|
|8     |LUT6     |   397|
|9     |MUXF7    |     3|
|10    |RAMB18E2 |     1|
|11    |RAMB36E2 |     4|
|12    |SRL16E   |   164|
|13    |SRLC16E  |     2|
|14    |SRLC32E  |    17|
|15    |FDRE     |  1893|
|16    |FDSE     |    10|
+------+---------+------+
---------------------------------------------------------------------------------
Finished Writing Synthesis Report : Time (s): cpu = 00:00:37 ; elapsed = 00:00:39 . Memory (MB): peak = 4250.109 ; gain = 1218.938 ; free physical = 650 ; free virtual = 29609
---------------------------------------------------------------------------------
Synthesis finished with 0 errors, 0 critical warnings and 0 warnings.
Synthesis Optimization Runtime : Time (s): cpu = 00:00:32 ; elapsed = 00:00:34 . Memory (MB): peak = 4250.109 ; gain = 1178.883 ; free physical = 650 ; free virtual = 29609
Synthesis Optimization Complete : Time (s): cpu = 00:00:37 ; elapsed = 00:00:39 . Memory (MB): peak = 4250.109 ; gain = 1218.938 ; free physical = 650 ; free virtual = 29609
INFO: [Project 1-571] Translating synthesized netlist
Netlist sorting complete. Time (s): cpu = 00:00:00.03 ; elapsed = 00:00:00.03 . Memory (MB): peak = 4250.109 ; gain = 0.000 ; free physical = 818 ; free virtual = 29777
INFO: [Netlist 29-17] Analyzing 156 Unisim elements for replacement
INFO: [Netlist 29-28] Unisim Transformation completed in 0 CPU seconds
INFO: [Project 1-570] Preparing netlist for logic optimization
INFO: [Opt 31-138] Pushed 0 inverter(s) to 0 load pin(s).
Netlist sorting complete. Time (s): cpu = 00:00:00 ; elapsed = 00:00:00 . Memory (MB): peak = 4250.109 ; gain = 0.000 ; free physical = 767 ; free virtual = 29747
INFO: [Project 1-111] Unisim Transformation Summary:
  A total of 139 instances were transformed.
  (CARRY4) => CARRY8: 22 instances
  CFGLUT5 => CFGLUT5 (SRL16E, SRLC32E): 108 instances
  CFGLUT5 => SRLC32E: 9 instances

Synth Design complete | Checksum: f4c7a4e5
INFO: [Common 17-83] Releasing license: Synthesis
259 Infos, 0 Warnings, 0 Critical Warnings and 0 Errors encountered.
synth_design completed successfully
synth_design: Time (s): cpu = 00:00:48 ; elapsed = 00:00:48 . Memory (MB): peak = 4250.109 ; gain = 2378.555 ; free physical = 761 ; free virtual = 29745
INFO: [Common 17-2834] synth_design peak Physical Memory [PSS] (MB): overall = 3262.580; main = 3262.580; forked = 331.027
INFO: [Common 17-2834] synth_design peak Virtual Memory [VSS] (MB): overall = 5315.031; main = 4232.453; forked = 1641.004
Write ShapeDB Complete: Time (s): cpu = 00:00:00.01 ; elapsed = 00:00:00 . Memory (MB): peak = 4256.461 ; gain = 0.000 ; free physical = 756 ; free virtual = 29740
INFO: [Common 17-1381] The checkpoint '/home/xmen/Videos/RustDesk/SystolicCore/SystolicCore_Metricas/Zynq_Systolic_Core_AXI_FIFO_Stream_Reboot/Zynq_Systolic_Core_AXI_FIFO_Stream_Reboot.runs/ila_1_synth_1/ila_1.dcp' has been generated.
INFO: [Coretcl 2-1648] Added synthesis output to IP cache for IP ila_1, cache-ID = 9ec1120736c6629a
INFO: [Coretcl 2-1174] Renamed 146 cell refs.
Write ShapeDB Complete: Time (s): cpu = 00:00:00.01 ; elapsed = 00:00:00 . Memory (MB): peak = 4256.461 ; gain = 0.000 ; free physical = 771 ; free virtual = 29767
INFO: [Common 17-1381] The checkpoint '/home/xmen/Videos/RustDesk/SystolicCore/SystolicCore_Metricas/Zynq_Systolic_Core_AXI_FIFO_Stream_Reboot/Zynq_Systolic_Core_AXI_FIFO_Stream_Reboot.runs/ila_1_synth_1/ila_1.dcp' has been generated.
INFO: [Vivado 12-24828] Executing command : report_utilization -file ila_1_utilization_synth.rpt -pb ila_1_utilization_synth.pb
INFO: [Common 17-206] Exiting Vivado at Sat Feb 21 01:13:22 2026...
