Vivado Simulator v2025.2
Copyright 1986-2022 Xilinx, Inc. All Rights Reserved.
Copyright 2022-2025 Advanced Micro Devices, Inc. All Rights Reserved.
Running: /home/xmen/Music/2025.2/Vivado/bin/unwrapped/lnx64.o/xelab --incr --debug typical --relax --mt 8 -L xil_defaultlib -L blk_mem_gen_v8_4_12 -L uvm -L xilinx_vip -L unisims_ver -L unimacro_ver -L secureip -L xpm --snapshot tb_behav xil_defaultlib.tb xil_defaultlib.glbl -log elaborate.log 
Using 8 slave threads.
Starting static elaboration
Pass Through NonSizing Optimizer
WARNING: [VRFC 10-3091] actual bit length 32 differs from formal bit length 1 for port 'ena' [/home/xmen/Videos/RustDesk/SystolicCore/SystolicCore_Metricas/tb/tb_fpga.sv:190]
WARNING: [VRFC 10-3091] actual bit length 32 differs from formal bit length 1 for port 'wea' [/home/xmen/Videos/RustDesk/SystolicCore/SystolicCore_Metricas/tb/tb_fpga.sv:191]
WARNING: [VRFC 10-3091] actual bit length 128 differs from formal bit length 8 for port 'addra' [/home/xmen/Videos/RustDesk/SystolicCore/SystolicCore_Metricas/tb/tb_fpga.sv:192]
WARNING: [VRFC 10-3091] actual bit length 32 differs from formal bit length 128 for port 'dina' [/home/xmen/Videos/RustDesk/SystolicCore/SystolicCore_Metricas/tb/tb_fpga.sv:193]
WARNING: [VRFC 10-3091] actual bit length 32 differs from formal bit length 1 for port 's_axis_tvalid' [/home/xmen/Videos/RustDesk/SystolicCore/SystolicCore_Metricas/tb/tb_fpga.sv:203]
WARNING: [VRFC 10-3091] actual bit length 128 differs from formal bit length 256 for port 's_axis_tdata' [/home/xmen/Videos/RustDesk/SystolicCore/SystolicCore_Metricas/tb/tb_fpga.sv:205]
WARNING: [VRFC 10-3091] actual bit length 32 differs from formal bit length 1 for port 's_axis_tlast' [/home/xmen/Videos/RustDesk/SystolicCore/SystolicCore_Metricas/tb/tb_fpga.sv:206]
WARNING: [VRFC 10-3091] actual bit length 32 differs from formal bit length 1 for port 'm_axis_tready' [/home/xmen/Videos/RustDesk/SystolicCore/SystolicCore_Metricas/tb/tb_fpga.sv:211]
WARNING: [VRFC 10-3091] actual bit length 256 differs from formal bit length 128 for port 'in_data' [/home/xmen/Videos/RustDesk/SystolicCore/SystolicCore_Metricas/rtl/SystolicCore.sv:267]
WARNING: [VRFC 10-3091] actual bit length 256 differs from formal bit length 128 for port 'in_data' [/home/xmen/Videos/RustDesk/SystolicCore/SystolicCore_Metricas/rtl/SystolicCore.sv:283]
WARNING: [VRFC 10-3091] actual bit length 10 differs from formal bit length 8 for port 'probe22' [/home/xmen/Videos/RustDesk/SystolicCore/SystolicCore_Metricas/rtl/mem2serial.sv:209]
WARNING: [VRFC 10-3091] actual bit length 32 differs from formal bit length 8 for port 'probe23' [/home/xmen/Videos/RustDesk/SystolicCore/SystolicCore_Metricas/rtl/mem2serial.sv:210]
WARNING: [VRFC 10-3091] actual bit length 256 differs from formal bit length 8 for port 'uart_data_rx_out' [/home/xmen/Videos/RustDesk/SystolicCore/SystolicCore_Metricas/rtl/SystolicCore.sv:325]
WARNING: [VRFC 10-3091] actual bit length 256 differs from formal bit length 128 for port 'axi_debug' [/home/xmen/Videos/RustDesk/SystolicCore/SystolicCore_Metricas/rtl/SystolicCore.sv:332]
WARNING: [VRFC 10-3091] actual bit length 33 differs from formal bit length 32 for port 'counter' [/home/xmen/Videos/RustDesk/SystolicCore/SystolicCore_Metricas/rtl/SystolicControlUnit.sv:277]
WARNING: [VRFC 10-3091] actual bit length 33 differs from formal bit length 32 for port 'counter' [/home/xmen/Videos/RustDesk/SystolicCore/SystolicCore_Metricas/rtl/SystolicControlUnit.sv:288]
WARNING: [VRFC 10-3091] actual bit length 33 differs from formal bit length 32 for port 'counter' [/home/xmen/Videos/RustDesk/SystolicCore/SystolicCore_Metricas/rtl/SystolicControlUnit.sv:297]
WARNING: [VRFC 10-3091] actual bit length 33 differs from formal bit length 32 for port 'counter' [/home/xmen/Videos/RustDesk/SystolicCore/SystolicCore_Metricas/rtl/SystolicControlUnit.sv:306]
WARNING: [VRFC 10-3091] actual bit length 33 differs from formal bit length 32 for port 'counter' [/home/xmen/Videos/RustDesk/SystolicCore/SystolicCore_Metricas/rtl/SystolicControlUnit.sv:316]
WARNING: [VRFC 10-3091] actual bit length 32 differs from formal bit length 1 for port 'clear' [/home/xmen/Videos/RustDesk/SystolicCore/SystolicCore_Metricas/rtl/SystolicControlUnit.sv:317]
WARNING: [VRFC 10-3091] actual bit length 33 differs from formal bit length 32 for port 'counter' [/home/xmen/Videos/RustDesk/SystolicCore/SystolicCore_Metricas/rtl/SystolicControlUnit.sv:326]
WARNING: [VRFC 10-3091] actual bit length 33 differs from formal bit length 32 for port 'probe0' [/home/xmen/Videos/RustDesk/SystolicCore/SystolicCore_Metricas/rtl/SystolicControlUnit.sv:335]
WARNING: [VRFC 10-3091] actual bit length 33 differs from formal bit length 32 for port 'probe1' [/home/xmen/Videos/RustDesk/SystolicCore/SystolicCore_Metricas/rtl/SystolicControlUnit.sv:336]
WARNING: [VRFC 10-3091] actual bit length 33 differs from formal bit length 32 for port 'probe2' [/home/xmen/Videos/RustDesk/SystolicCore/SystolicCore_Metricas/rtl/SystolicControlUnit.sv:337]
WARNING: [VRFC 10-3091] actual bit length 33 differs from formal bit length 32 for port 'probe3' [/home/xmen/Videos/RustDesk/SystolicCore/SystolicCore_Metricas/rtl/SystolicControlUnit.sv:338]
WARNING: [VRFC 10-3091] actual bit length 33 differs from formal bit length 32 for port 'probe4' [/home/xmen/Videos/RustDesk/SystolicCore/SystolicCore_Metricas/rtl/SystolicControlUnit.sv:339]
WARNING: [VRFC 10-3091] actual bit length 33 differs from formal bit length 32 for port 'probe5' [/home/xmen/Videos/RustDesk/SystolicCore/SystolicCore_Metricas/rtl/SystolicControlUnit.sv:340]
WARNING: [VRFC 10-3091] actual bit length 32 differs from formal bit length 16 for port 'probe1' [/home/xmen/Videos/RustDesk/SystolicCore/SystolicCore_Metricas/rtl/SystolicControlUnit.sv:349]
WARNING: [VRFC 10-3091] actual bit length 8 differs from formal bit length 16 for port 'probe2' [/home/xmen/Videos/RustDesk/SystolicCore/SystolicCore_Metricas/rtl/SystolicControlUnit.sv:350]
WARNING: [VRFC 10-3091] actual bit length 1 differs from formal bit length 16 for port 'probe3' [/home/xmen/Videos/RustDesk/SystolicCore/SystolicCore_Metricas/rtl/SystolicControlUnit.sv:351]
WARNING: [VRFC 10-3091] actual bit length 1 differs from formal bit length 16 for port 'probe4' [/home/xmen/Videos/RustDesk/SystolicCore/SystolicCore_Metricas/rtl/SystolicControlUnit.sv:352]
WARNING: [VRFC 10-3818] variable 'tb_uart_data_tx_in' is driven by invalid combination of procedural drivers [/home/xmen/Videos/RustDesk/SystolicCore/SystolicCore_Metricas/tb/tb_fpga.sv:30]
WARNING: [VRFC 10-2921] 'tb_uart_data_tx_in' driven by this always_comb block should not be driven by any other process [/home/xmen/Videos/RustDesk/SystolicCore/SystolicCore_Metricas/tb/tb_fpga.sv:123]
WARNING: [VRFC 10-3818] variable 'cnt5' is driven by invalid combination of procedural drivers [/home/xmen/Videos/RustDesk/SystolicCore/SystolicCore_Metricas/tb/tb_fpga.sv:182]
WARNING: [VRFC 10-2921] 'cnt5' driven by this always_ff block should not be driven by any other process [/home/xmen/Videos/RustDesk/SystolicCore/SystolicCore_Metricas/tb/tb_fpga.sv:184]
WARNING: [VRFC 10-10063] index 32 into 'b_vec' is out of bounds [/home/xmen/Videos/RustDesk/SystolicCore/SystolicCore_Metricas/rtl/systolicMatrixMultiply.sv:55]
WARNING: [VRFC 10-10063] index 32 into 'a_vec' is out of bounds [/home/xmen/Videos/RustDesk/SystolicCore/SystolicCore_Metricas/rtl/systolicMatrixMultiply.sv:54]
Completed static elaboration
INFO: [XSIM 43-4323] No Change in HDL. Linking previously generated obj files to create kernel
