Copyright 1986-2022 Xilinx, Inc. All Rights Reserved. Copyright 2022-2025 Advanced Micro Devices, Inc. All Rights Reserved.
-----------------------------------------------------------------------------------------------------------------------------------------------------
| Tool Version : Vivado v.2025.2 (lin64) Build 6299465 Fri Nov 14 12:34:56 MST 2025
| Date         : Fri Jan 30 00:26:07 2026
| Host         : VT0144 running 64-bit Rocky Linux release 8.10 (Green Obsidian)
| Command      : report_utilization -file SystolicCore_wrapper_wrapper_utilization_placed.rpt -pb SystolicCore_wrapper_wrapper_utilization_placed.pb
| Design       : SystolicCore_wrapper_wrapper
| Device       : xczu7ev-ffvc1156-2-e
| Speed File   : -2
| Design State : Fully Placed
-----------------------------------------------------------------------------------------------------------------------------------------------------

Utilization Design Information

Table of Contents
-----------------
1. CLB Logic
1.1 Summary of Registers by Type
2. CLB Logic Distribution
3. BLOCKRAM
4. ARITHMETIC
5. I/O
6. CLOCK
7. ADVANCED
8. CONFIGURATION
9. Primitives
10. Black Boxes
11. Instantiated Netlists

1. CLB Logic
------------

+----------------------------+-------+-------+------------+-----------+-------+
|          Site Type         |  Used | Fixed | Prohibited | Available | Util% |
+----------------------------+-------+-------+------------+-----------+-------+
| CLB LUTs                   | 35972 |     0 |          0 |    230400 | 15.61 |
|   LUT as Logic             | 35083 |     0 |          0 |    230400 | 15.23 |
|   LUT as Memory            |   889 |     0 |          0 |    101760 |  0.87 |
|     LUT as Distributed RAM |   116 |     0 |            |           |       |
|     LUT as Shift Register  |   773 |     0 |            |           |       |
| CLB Registers              | 29258 |     0 |          0 |    460800 |  6.35 |
|   Register as Flip Flop    | 29249 |     0 |          0 |    460800 |  6.35 |
|   Register as Latch        |     9 |     0 |          0 |    460800 | <0.01 |
| CARRY8                     |   991 |     0 |          0 |     28800 |  3.44 |
| F7 Muxes                   |   829 |     0 |          0 |    115200 |  0.72 |
| F8 Muxes                   |   408 |     0 |          0 |     57600 |  0.71 |
| F9 Muxes                   |     0 |     0 |          0 |     28800 |  0.00 |
| Unique Control Sets        |   481 |       |          0 |     57600 |  0.84 |
+----------------------------+-------+-------+------------+-----------+-------+
* Warning! LUT value is adjusted to account for LUT combining.
** Note: Available Control Sets calculated as Slices * 2, Review the Control Sets Report for more information regarding control sets.


1.1 Summary of Registers by Type
--------------------------------

+-------+--------------+-------------+--------------+
| Total | Clock Enable | Synchronous | Asynchronous |
+-------+--------------+-------------+--------------+
| 0     |            _ |           - |            - |
| 0     |            _ |           - |          Set |
| 0     |            _ |           - |        Reset |
| 0     |            _ |         Set |            - |
| 0     |            _ |       Reset |            - |
| 0     |          Yes |           - |            - |
| 44    |          Yes |           - |          Set |
| 20069 |          Yes |           - |        Reset |
| 141   |          Yes |         Set |            - |
| 9004  |          Yes |       Reset |            - |
+-------+--------------+-------------+--------------+


2. CLB Logic Distribution
-------------------------

+--------------------------------------------+-------+-------+------------+-----------+-------+
|                  Site Type                 |  Used | Fixed | Prohibited | Available | Util% |
+--------------------------------------------+-------+-------+------------+-----------+-------+
| CLB                                        |  6650 |     0 |          0 |     28800 | 23.09 |
|   CLBL                                     |  3453 |     0 |            |           |       |
|   CLBM                                     |  3197 |     0 |            |           |       |
| LUT as Logic                               | 35083 |     0 |          0 |    230400 | 15.23 |
|   using O5 output only                     |   191 |       |            |           |       |
|   using O6 output only                     | 26169 |       |            |           |       |
|   using O5 and O6                          |  8723 |       |            |           |       |
| LUT as Memory                              |   889 |     0 |          0 |    101760 |  0.87 |
|   LUT as Distributed RAM                   |   116 |     0 |            |           |       |
|     using O5 output only                   |     0 |       |            |           |       |
|     using O6 output only                   |    96 |       |            |           |       |
|     using O5 and O6                        |    20 |       |            |           |       |
|   LUT as Shift Register                    |   773 |     0 |            |           |       |
|     using O5 output only                   |     0 |       |            |           |       |
|     using O6 output only                   |   113 |       |            |           |       |
|     using O5 and O6                        |   660 |       |            |           |       |
| CLB Registers                              | 29258 |     0 |          0 |    460800 |  6.35 |
|   Register driven from within the CLB      | 13674 |       |            |           |       |
|   Register driven from outside the CLB     | 15584 |       |            |           |       |
|     LUT in front of the register is unused |  6867 |       |            |           |       |
|     LUT in front of the register is used   |  8717 |       |            |           |       |
+--------------------------------------------+-------+-------+------------+-----------+-------+


3. BLOCKRAM
-----------

+-------------------+------+-------+------------+-----------+-------+
|     Site Type     | Used | Fixed | Prohibited | Available | Util% |
+-------------------+------+-------+------------+-----------+-------+
| Block RAM Tile    |   37 |     0 |          0 |       312 | 11.86 |
|   RAMB36/FIFO*    |   31 |     0 |          0 |       312 |  9.94 |
|     RAMB36E2 only |   31 |       |            |           |       |
|   RAMB18          |   12 |     0 |          0 |       624 |  1.92 |
|     RAMB18E2 only |   12 |       |            |           |       |
| URAM              |    0 |     0 |          0 |        96 |  0.00 |
+-------------------+------+-------+------------+-----------+-------+
* Note: Each Block RAM Tile only has one FIFO logic available and therefore can accommodate only one FIFO36E2 or one FIFO18E2. However, if a FIFO18E2 occupies a Block RAM Tile, that tile can still accommodate a RAMB18E2


4. ARITHMETIC
-------------

+-----------+------+-------+------------+-----------+-------+
| Site Type | Used | Fixed | Prohibited | Available | Util% |
+-----------+------+-------+------------+-----------+-------+
| DSPs      |    0 |     0 |          0 |      1728 |  0.00 |
+-----------+------+-------+------------+-----------+-------+


5. I/O
------

+------------------+------+-------+------------+-----------+-------+
|     Site Type    | Used | Fixed | Prohibited | Available | Util% |
+------------------+------+-------+------------+-----------+-------+
| Bonded IOB       |    0 |     0 |          0 |       360 |  0.00 |
|   HPIOB_M        |    0 |     0 |          0 |       144 |  0.00 |
|   HPIOB_S        |    0 |     0 |          0 |       144 |  0.00 |
|   HDIOB_M        |    0 |     0 |          0 |        24 |  0.00 |
|   HDIOB_S        |    0 |     0 |          0 |        24 |  0.00 |
|   HPIOB_SNGL     |    0 |     0 |          0 |        24 |  0.00 |
| HPIOBDIFFINBUF   |    0 |     0 |          0 |       192 |  0.00 |
| HPIOBDIFFOUTBUF  |    0 |     0 |          0 |       192 |  0.00 |
| HDIOBDIFFINBUF   |    0 |     0 |          0 |        48 |  0.00 |
| BITSLICE_CONTROL |    0 |     0 |          0 |        64 |  0.00 |
| BITSLICE_RX_TX   |    0 |     0 |          0 |      2496 |  0.00 |
| BITSLICE_TX      |    0 |     0 |          0 |        64 |  0.00 |
| RIU_OR           |    0 |     0 |          0 |        32 |  0.00 |
+------------------+------+-------+------------+-----------+-------+


6. CLOCK
--------

+------------+------+-------+------------+-----------+-------+
|  Site Type | Used | Fixed | Prohibited | Available | Util% |
+------------+------+-------+------------+-----------+-------+
| BUFGCE     |    2 |     0 |          0 |       208 |  0.96 |
| BUFGCE_DIV |    0 |     0 |          0 |        32 |  0.00 |
| BUFG_GT    |    0 |     0 |          0 |       144 |  0.00 |
| BUFG_PS    |    1 |     0 |          0 |        96 |  1.04 |
| BUFGCTRL*  |    0 |     0 |          0 |        64 |  0.00 |
| PLL        |    0 |     0 |          0 |        16 |  0.00 |
| MMCM       |    0 |     0 |          0 |         8 |  0.00 |
+------------+------+-------+------------+-----------+-------+
* Note: Each used BUFGCTRL counts as two GLOBAL CLOCK BUFFERs. This table does not include global clocking resources, only buffer cell usage. See the Clock Utilization Report (report_clock_utilization) for detailed accounting of global clocking resource availability.


7. ADVANCED
-----------

+-----------------+------+-------+------------+-----------+--------+
|    Site Type    | Used | Fixed | Prohibited | Available |  Util% |
+-----------------+------+-------+------------+-----------+--------+
| GTHE4_CHANNEL   |    0 |     0 |          0 |        20 |   0.00 |
| GTHE4_COMMON    |    0 |     0 |          0 |         5 |   0.00 |
| OBUFDS_GTE4     |    0 |     0 |          0 |        10 |   0.00 |
| OBUFDS_GTE4_ADV |    0 |     0 |          0 |        10 |   0.00 |
| PCIE40E4        |    0 |     0 |          0 |         2 |   0.00 |
| PS8             |    1 |     0 |          0 |         1 | 100.00 |
| SYSMONE4        |    0 |     0 |          0 |         1 |   0.00 |
| VCU             |    0 |     0 |          0 |         1 |   0.00 |
+-----------------+------+-------+------------+-----------+--------+


8. CONFIGURATION
----------------

+-------------+------+-------+------------+-----------+-------+
|  Site Type  | Used | Fixed | Prohibited | Available | Util% |
+-------------+------+-------+------------+-----------+-------+
| BSCANE2     |    1 |     0 |          0 |         4 | 25.00 |
| DNA_PORTE2  |    0 |     0 |          0 |         1 |  0.00 |
| EFUSE_USR   |    0 |     0 |          0 |         1 |  0.00 |
| FRAME_ECCE4 |    0 |     0 |          0 |         1 |  0.00 |
| ICAPE3      |    0 |     0 |          0 |         2 |  0.00 |
| MASTER_JTAG |    0 |     0 |          0 |         1 |  0.00 |
| STARTUPE3   |    0 |     0 |          0 |         1 |  0.00 |
+-------------+------+-------+------------+-----------+-------+


9. Primitives
-------------

+----------+-------+---------------------+
| Ref Name |  Used | Functional Category |
+----------+-------+---------------------+
| FDCE     | 20060 |            Register |
| LUT6     | 16809 |                 CLB |
| LUT2     | 10064 |                 CLB |
| FDRE     |  9004 |            Register |
| LUT1     |  6435 |                 CLB |
| LUT5     |  4034 |                 CLB |
| LUT4     |  3901 |                 CLB |
| LUT3     |  2563 |                 CLB |
| CARRY8   |   991 |                 CLB |
| SRL16E   |   974 |                 CLB |
| MUXF7    |   829 |                 CLB |
| SRLC32E  |   453 |                 CLB |
| MUXF8    |   408 |                 CLB |
| FDSE     |   141 |            Register |
| RAMD64E  |    96 |                 CLB |
| FDPE     |    44 |            Register |
| RAMD32   |    36 |                 CLB |
| RAMB36E2 |    31 |            BLOCKRAM |
| RAMB18E2 |    12 |            BLOCKRAM |
| LDCE     |     9 |            Register |
| SRLC16E  |     6 |                 CLB |
| RAMS32   |     4 |                 CLB |
| BUFGCE   |     2 |               Clock |
| PS8      |     1 |            Advanced |
| BUFG_PS  |     1 |               Clock |
| BSCANE2  |     1 |       Configuration |
+----------+-------+---------------------+


10. Black Boxes
---------------

+----------+------+
| Ref Name | Used |
+----------+------+


11. Instantiated Netlists
-------------------------

+----------------------------------------------+------+
|                   Ref Name                   | Used |
+----------------------------------------------+------+
| ram_dual_port                                |    6 |
| ila_0                                        |    3 |
| matrix_in_memeory                            |    1 |
| dbg_hub                                      |    1 |
| SystolicCore_wrapper_zynq_ultra_ps_e_0_0     |    1 |
| SystolicCore_wrapper_rst_ps8_0_99M_0         |    1 |
| SystolicCore_wrapper_onlyFPGA_0_0            |    1 |
| SystolicCore_wrapper_axi_smc_0               |    1 |
| SystolicCore_wrapper_axi_fifo_mm_s_2_0       |    1 |
| SystolicCore_wrapper_axi_fifo_mm_s_1_0       |    1 |
| SystolicCore_wrapper_AXI_Stream_Systolic_2_0 |    1 |
| SystolicCore_wrapper_AXI_Stream_Systolic_1_0 |    1 |
+----------------------------------------------+------+


