Copyright 1986-2022 Xilinx, Inc. All Rights Reserved. Copyright 2022-2025 Advanced Micro Devices, Inc. All Rights Reserved.
--------------------------------------------------------------------------------------------------------------------------------------------------
| Tool Version      : Vivado v.2025.2 (lin64) Build 6299465 Fri Nov 14 12:34:56 MST 2025
| Date              : Wed Feb 25 18:01:15 2026
| Host              : VT0144 running 64-bit Rocky Linux release 8.10 (Green Obsidian)
| Command           : report_clock_utilization -file teste_dma_wrapper_clock_utilization_routed.rpt
| Design            : teste_dma_wrapper
| Device            : xczu7ev-ffvc1156
| Speed File        : -2  PRODUCTION 1.30 05-15-2022
| Temperature Grade : E
| Design State      : Routed
--------------------------------------------------------------------------------------------------------------------------------------------------

Clock Utilization Report

Table of Contents
-----------------
1. Clock Primitive Utilization
2. Global Clock Resources
3. Global Clock Source Details
4. Clock Regions : Clock Primitives
5. Clock Regions : Load Primitives
6. Clock Regions : Global Clock Summary
7. Clock Regions : Routing Resource Utilization
8. Device Cell Placement Summary for Global Clock g0
9. Device Cell Placement Summary for Global Clock g1
10. Device Cell Placement Summary for Global Clock g2
11. Device Cell Placement Summary for Global Clock g3
12. Clock Region Cell Placement per Global Clock: Region X1Y0
13. Clock Region Cell Placement per Global Clock: Region X2Y0
14. Clock Region Cell Placement per Global Clock: Region X3Y0
15. Clock Region Cell Placement per Global Clock: Region X1Y1
16. Clock Region Cell Placement per Global Clock: Region X2Y1
17. Clock Region Cell Placement per Global Clock: Region X3Y1
18. Clock Region Cell Placement per Global Clock: Region X1Y2
19. Clock Region Cell Placement per Global Clock: Region X2Y2
20. Clock Region Cell Placement per Global Clock: Region X3Y2
21. Clock Region Cell Placement per Global Clock: Region X1Y3
22. Clock Region Cell Placement per Global Clock: Region X2Y3
23. Clock Region Cell Placement per Global Clock: Region X3Y3
24. Clock Region Cell Placement per Global Clock: Region X0Y4
25. Clock Region Cell Placement per Global Clock: Region X1Y4
26. Clock Region Cell Placement per Global Clock: Region X2Y4
27. Clock Region Cell Placement per Global Clock: Region X1Y5
28. Clock Region Cell Placement per Global Clock: Region X2Y5

1. Clock Primitive Utilization
------------------------------

+------------+------+-----------+-----+--------------+--------+
| Type       | Used | Available | LOC | Clock Region | Pblock |
+------------+------+-----------+-----+--------------+--------+
| BUFGCE     |    3 |       208 |   0 |            0 |      0 |
| BUFGCE_DIV |    0 |        32 |   0 |            0 |      0 |
| BUFGCTRL   |    0 |        64 |   0 |            0 |      0 |
| BUFG_GT    |    0 |       144 |   0 |            0 |      0 |
| BUFG_PS    |    1 |        96 |   0 |            0 |      0 |
| MMCM       |    0 |         8 |   0 |            0 |      0 |
| PLL        |    0 |        16 |   0 |            0 |      0 |
+------------+------+-----------+-----+--------------+--------+


2. Global Clock Resources
-------------------------

+-----------+-----------+-----------------+------------+---------------+--------------+------+-------------------+------------------+-------------------+-------------+-----------------+--------------+-----------------------------------------------------------------------------------------------------+-----------------------------------------------------------------------------------------------------------------------+------------------------------------------------------------------------------------------------------------------+
| Global Id | Source Id | Driver Type/Pin | Constraint | Site          | Clock Region | Root | Clock Delay Group | Clock Low Fanout | Load Clock Region | Clock Loads | Non-Clock Loads | Clock Period | Clock                                                                                               | Driver Pin                                                                                                            | Net                                                                                                              |
+-----------+-----------+-----------------+------------+---------------+--------------+------+-------------------+------------------+-------------------+-------------+-----------------+--------------+-----------------------------------------------------------------------------------------------------+-----------------------------------------------------------------------------------------------------------------------+------------------------------------------------------------------------------------------------------------------+
| g0        | src0      | BUFG_PS/O       | None       | BUFG_PS_X0Y81 | X1Y3         | X1Y2 |                   |                  |                17 |       84953 |               0 |        3.333 | clk_pl_0                                                                                            | teste_dma_i/zynq_ultra_ps_e_0/inst/buffer_pl_clk_0.PL_CLK_0_BUFG/O                                                    | teste_dma_i/zynq_ultra_ps_e_0/inst/pl_clk0                                                                       |
| g1        | src1      | BUFGCE/O        | None       | BUFGCE_X1Y38  | X2Y1         | X2Y1 |                   |                  |                 4 |         473 |               0 |       50.000 | dbg_hub/inst/BSCANID.u_xsdbm_id/SWITCH_N_EXT_BSCAN.bscan_inst/SERIES7_BSCAN.bscan_inst/INTERNAL_TCK | dbg_hub/inst/BSCANID.u_xsdbm_id/SWITCH_N_EXT_BSCAN.u_bufg_icon_tck/O                                                  | dbg_hub/inst/BSCANID.u_xsdbm_id/itck_i                                                                           |
| g2        | src2      | BUFGCE/O        | None       | BUFGCE_X1Y72  | X2Y3         | X2Y1 |                   |                  |                 9 |         256 |               0 |              |                                                                                                     | teste_dma_i/AXI_Stream_Systolic_0/inst/SystolicCore0/mem2serial_transfer_pc/smatrix_out1_reg[255]_i_2_n_0_BUFG_inst/O | teste_dma_i/AXI_Stream_Systolic_0/inst/SystolicCore0/mem2serial_transfer_pc/smatrix_out1_reg[255]_i_2_n_0_BUFGCE |
| g3        | src3      | BUFGCE/O        | None       | BUFGCE_X1Y73  | X2Y3         | X2Y3 | n/a               |                  |                13 |           0 |           30702 |          n/a | n/a                                                                                                 | teste_dma_i/rst_ps8_0_99M/U0/peripheral_aresetn[0]_BUFG_inst/O                                                        | teste_dma_i/rst_ps8_0_99M/U0/peripheral_aresetn_BUFG[0]                                                          |
+-----------+-----------+-----------------+------------+---------------+--------------+------+-------------------+------------------+-------------------+-------------+-----------------+--------------+-----------------------------------------------------------------------------------------------------+-----------------------------------------------------------------------------------------------------------------------+------------------------------------------------------------------------------------------------------------------+
* Clock Loads column represents cell count of net connects that connect to a clock pin. Internal cell leaf pins are not considered
** Non-Clock Loads column represents cell count of non-clock pin loads


3. Global Clock Source Details
------------------------------

+-----------+-----------+-----------------+------------+------------------+--------------+-------------+-----------------+---------------------+-----------------------------------------------------------------------------------------------------+---------------------------------------------------------------------------------------------------------+-----------------------------------------------------------------------------------------------------------+
| Source Id | Global Id | Driver Type/Pin | Constraint | Site             | Clock Region | Clock Loads | Non-Clock Loads | Source Clock Period | Source Clock                                                                                        | Driver Pin                                                                                              | Net                                                                                                       |
+-----------+-----------+-----------------+------------+------------------+--------------+-------------+-----------------+---------------------+-----------------------------------------------------------------------------------------------------+---------------------------------------------------------------------------------------------------------+-----------------------------------------------------------------------------------------------------------+
| src0      | g0        | PS8/PLCLK[0]    | None       | PS8_X0Y0         | X0Y1         |           1 |               0 |               3.333 | clk_pl_0                                                                                            | teste_dma_i/zynq_ultra_ps_e_0/inst/PS8_i/PLCLK[0]                                                       | teste_dma_i/zynq_ultra_ps_e_0/inst/pl_clk_unbuffered[0]                                                   |
| src1      | g1        | BSCANE2/TCK     | None       | CONFIG_SITE_X0Y0 | X3Y2         |           1 |               0 |              50.000 | dbg_hub/inst/BSCANID.u_xsdbm_id/SWITCH_N_EXT_BSCAN.bscan_inst/SERIES7_BSCAN.bscan_inst/INTERNAL_TCK | dbg_hub/inst/BSCANID.u_xsdbm_id/SWITCH_N_EXT_BSCAN.bscan_inst/SERIES7_BSCAN.bscan_inst/TCK              | dbg_hub/inst/BSCANID.u_xsdbm_id/SWITCH_N_EXT_BSCAN.bscan_inst/TCK                                         |
| src2      | g2        | LUT5/O          | None       | SLICE_X66Y91     | X2Y1         |           1 |               0 |                     |                                                                                                     | teste_dma_i/AXI_Stream_Systolic_0/inst/SystolicCore0/mem2serial_transfer_pc/smatrix_out1_reg[255]_i_2/O | teste_dma_i/AXI_Stream_Systolic_0/inst/SystolicCore0/mem2serial_transfer_pc/smatrix_out1_reg[255]_i_2_n_0 |
| src3      | g3        | FDRE/Q          | None       | SLICE_X66Y212    | X2Y3         |           1 |               0 |                     |                                                                                                     | teste_dma_i/rst_ps8_0_99M/U0/ACTIVE_LOW_PR_OUT_DFF[0].FDRE_PER_N/Q                                      | teste_dma_i/rst_ps8_0_99M/U0/peripheral_aresetn[0]                                                        |
+-----------+-----------+-----------------+------------+------------------+--------------+-------------+-----------------+---------------------+-----------------------------------------------------------------------------------------------------+---------------------------------------------------------------------------------------------------------+-----------------------------------------------------------------------------------------------------------+
* Clock Loads column represents cell count of net connects that connect to a clock pin. Internal cell leaf pins are not considered
** Non-Clock Loads column represents cell count of non-clock pin loads


4. Clock Regions : Clock Primitives
-----------------------------------

+-------------------+---------------+---------------+---------------+---------------+---------------+---------------+---------------+---------------+
|                   |  Global Clock |     BUFGCE    |   BUFGCE_DIV  |    BUFGCTRL   |    BUFG_GT    |    BUFG_PS    |      MMCM     |      PLL      |
+-------------------+-------+-------+-------+-------+-------+-------+-------+-------+-------+-------+-------+-------+-------+-------+-------+-------+
| Clock Region Name | Used  | Avail | Used  | Avail | Used  | Avail | Used  | Avail | Used  | Avail | Used  | Avail | Used  | Avail | Used  | Avail |
+-------------------+-------+-------+-------+-------+-------+-------+-------+-------+-------+-------+-------+-------+-------+-------+-------+-------+
| X0Y0              |     0 |     0 |     0 |     0 |     0 |     0 |     0 |     0 |     0 |     0 |     0 |     0 |     0 |     0 |     0 |     0 |
| X1Y0              |     2 |    24 |     0 |     0 |     0 |     0 |     0 |     0 |     0 |     0 |     0 |    24 |     0 |     0 |     0 |     0 |
| X2Y0              |     3 |    24 |     0 |    24 |     0 |     4 |     0 |     8 |     0 |     0 |     0 |     0 |     0 |     1 |     0 |     2 |
| X3Y0              |     3 |    24 |     0 |     0 |     0 |     0 |     0 |     0 |     0 |    24 |     0 |     0 |     0 |     0 |     0 |     0 |
| X0Y1              |     0 |     0 |     0 |     0 |     0 |     0 |     0 |     0 |     0 |     0 |     0 |     0 |     0 |     0 |     0 |     0 |
| X1Y1              |     4 |    24 |     0 |     0 |     0 |     0 |     0 |     0 |     0 |     0 |     0 |    24 |     0 |     0 |     0 |     0 |
| X2Y1              |     4 |    24 |     1 |    24 |     0 |     4 |     0 |     8 |     0 |     0 |     0 |     0 |     0 |     1 |     0 |     2 |
| X3Y1              |     4 |    24 |     0 |     0 |     0 |     0 |     0 |     0 |     0 |    24 |     0 |     0 |     0 |     0 |     0 |     0 |
| X0Y2              |     0 |     0 |     0 |     0 |     0 |     0 |     0 |     0 |     0 |     0 |     0 |     0 |     0 |     0 |     0 |     0 |
| X1Y2              |     3 |    24 |     0 |     0 |     0 |     0 |     0 |     0 |     0 |     0 |     0 |    24 |     0 |     0 |     0 |     0 |
| X2Y2              |     4 |    24 |     0 |    24 |     0 |     4 |     0 |     8 |     0 |     0 |     0 |     0 |     0 |     1 |     0 |     2 |
| X3Y2              |     4 |    24 |     0 |     0 |     0 |     0 |     0 |     0 |     0 |    24 |     0 |     0 |     0 |     0 |     0 |     0 |
| X0Y3              |     0 |     0 |     0 |     0 |     0 |     0 |     0 |     0 |     0 |     0 |     0 |     0 |     0 |     0 |     0 |     0 |
| X1Y3              |     2 |    24 |     0 |     0 |     0 |     0 |     0 |     0 |     0 |     0 |     1 |    24 |     0 |     0 |     0 |     0 |
| X2Y3              |     3 |    24 |     2 |    24 |     0 |     4 |     0 |     8 |     0 |     0 |     0 |     0 |     0 |     1 |     0 |     2 |
| X3Y3              |     3 |    24 |     0 |     0 |     0 |     0 |     0 |     0 |     0 |    24 |     0 |     0 |     0 |     0 |     0 |     0 |
| X0Y4              |     2 |    24 |     0 |    28 |     0 |     4 |     0 |     8 |     0 |     0 |     0 |     0 |     0 |     1 |     0 |     2 |
| X1Y4              |     2 |    24 |     0 |     0 |     0 |     0 |     0 |     0 |     0 |     0 |     0 |     0 |     0 |     0 |     0 |     0 |
| X2Y4              |     1 |    24 |     0 |    24 |     0 |     4 |     0 |     8 |     0 |     0 |     0 |     0 |     0 |     1 |     0 |     2 |
| X3Y4              |     0 |    24 |     0 |     4 |     0 |     0 |     0 |     0 |     0 |    24 |     0 |     0 |     0 |     0 |     0 |     0 |
| X0Y5              |     0 |    24 |     0 |    28 |     0 |     4 |     0 |     8 |     0 |     0 |     0 |     0 |     0 |     1 |     0 |     2 |
| X1Y5              |     1 |    24 |     0 |     0 |     0 |     0 |     0 |     0 |     0 |     0 |     0 |     0 |     0 |     0 |     0 |     0 |
| X2Y5              |     1 |    24 |     0 |    24 |     0 |     4 |     0 |     8 |     0 |     0 |     0 |     0 |     0 |     1 |     0 |     2 |
| X3Y5              |     0 |    24 |     0 |     4 |     0 |     0 |     0 |     0 |     0 |    24 |     0 |     0 |     0 |     0 |     0 |     0 |
+-------------------+-------+-------+-------+-------+-------+-------+-------+-------+-------+-------+-------+-------+-------+-------+-------+-------+
* Global Clock column represents track count; while other columns represents cell counts


5. Clock Regions : Load Primitives
----------------------------------

+-------------------+------------------+------------------+------------------+------------------+------------------+------------------+------------------+------------------+
|                   |   Global Clock   |        FF        |      LUTRAM      |  Block RAM (18K) |       URAM       |        DSP       |        GT        |      HARD IP     |
+-------------------+--------+---------+--------+---------+--------+---------+--------+---------+--------+---------+--------+---------+--------+---------+--------+---------+
| Clock Region Name | Used   | Avail   | Used   | Avail   | Used   | Avail   | Used   | Avail   | Used   | Avail   | Used   | Avail   | Used   | Avail   | Used   | Avail   |
+-------------------+--------+---------+--------+---------+--------+---------+--------+---------+--------+---------+--------+---------+--------+---------+--------+---------+
| X0Y0              |      0 |       0 |      0 |       0 |      0 |       0 |      0 |       0 |      0 |       0 |      0 |       0 |      0 |       0 |      0 |       0 |
| X1Y0              |      2 |      24 |   6501 |   17280 |    471 |    4320 |     15 |      24 |      2 |      16 |      0 |      96 |      0 |       0 |      0 |       0 |
| X2Y0              |      3 |      24 |   7529 |   22080 |    299 |    5760 |     19 |      24 |      0 |       0 |      0 |     120 |      0 |       0 |      0 |       0 |
| X3Y0              |      3 |      24 |   5166 |   22080 |    274 |    3360 |     24 |      48 |      0 |       0 |      0 |      48 |      0 |       4 |      0 |       1 |
| X0Y1              |      0 |       0 |      0 |       0 |      0 |       0 |      0 |       0 |      0 |       0 |      0 |       0 |      0 |       0 |      0 |       0 |
| X1Y1              |      4 |      24 |   7496 |   17280 |    638 |    4320 |     24 |      24 |      2 |      16 |      0 |      96 |      0 |       0 |      0 |       0 |
| X2Y1              |      4 |      24 |  10247 |   22080 |    386 |    5760 |     23 |      24 |      0 |       0 |      0 |     120 |      0 |       0 |      0 |       0 |
| X3Y1              |      4 |      24 |   8610 |   22080 |    538 |    3360 |     37 |      48 |      0 |       0 |      0 |      48 |      0 |       4 |      0 |       1 |
| X0Y2              |      0 |       0 |      0 |       0 |      0 |       0 |      0 |       0 |      0 |       0 |      0 |       0 |      0 |       0 |      0 |       0 |
| X1Y2              |      3 |      24 |   6989 |   17280 |    517 |    4320 |     24 |      24 |      0 |      16 |      0 |      96 |      0 |       0 |      0 |       0 |
| X2Y2              |      4 |      24 |   5725 |   22080 |    287 |    5760 |     18 |      24 |      0 |       0 |      0 |     120 |      0 |       0 |      0 |       0 |
| X3Y2              |      4 |      24 |   5284 |   22080 |    263 |    3360 |     16 |      48 |      0 |       0 |      0 |      48 |      0 |       4 |      0 |       0 |
| X0Y3              |      0 |       0 |      0 |       0 |      0 |       0 |      0 |       0 |      0 |       0 |      0 |       0 |      0 |       0 |      0 |       0 |
| X1Y3              |      2 |      24 |   6068 |   17280 |    265 |    4320 |     12 |      24 |      0 |      16 |      0 |      96 |      0 |       0 |      0 |       0 |
| X2Y3              |      3 |      24 |   7361 |   22080 |      2 |    5760 |      0 |      24 |      0 |       0 |      0 |     120 |      0 |       0 |      0 |       0 |
| X3Y3              |      3 |      24 |   1525 |   22080 |      0 |    3360 |      0 |      48 |      0 |       0 |      0 |      48 |      0 |       4 |      0 |       0 |
| X0Y4              |      2 |      24 |    486 |   40320 |     82 |    9120 |     12 |      24 |      0 |       0 |      0 |      48 |      0 |       0 |      0 |       0 |
| X1Y4              |      2 |      24 |     41 |   23040 |      0 |    5760 |      0 |      24 |      0 |      16 |      0 |     120 |      0 |       0 |      0 |       0 |
| X2Y4              |      1 |      24 |      0 |   22080 |      0 |    5760 |      0 |      24 |      0 |       0 |      0 |     120 |      0 |       0 |      0 |       0 |
| X3Y4              |      0 |      24 |      0 |   22080 |      0 |    3360 |      0 |      48 |      0 |       0 |      0 |      48 |      0 |       4 |      0 |       0 |
| X0Y5              |      0 |      24 |      0 |   40320 |      0 |    9120 |      0 |      24 |      0 |       0 |      0 |      48 |      0 |       0 |      0 |       0 |
| X1Y5              |      1 |      24 |      9 |   23040 |      0 |    5760 |      0 |      24 |      0 |      16 |      0 |     120 |      0 |       0 |      0 |       0 |
| X2Y5              |      1 |      24 |      6 |   22080 |      0 |    5760 |      0 |      24 |      0 |       0 |      0 |     120 |      0 |       0 |      0 |       0 |
| X3Y5              |      0 |      24 |      0 |   22080 |      0 |    3360 |      0 |      48 |      0 |       0 |      0 |      48 |      0 |       4 |      0 |       0 |
+-------------------+--------+---------+--------+---------+--------+---------+--------+---------+--------+---------+--------+---------+--------+---------+--------+---------+
* Global Clock column represents track count; while other columns represents cell counts


6. Clock Regions : Global Clock Summary
---------------------------------------

All Modules
+----+----+----+----+----+
|    | X0 | X1 | X2 | X3 |
+----+----+----+----+----+
| Y5 |  0 |  1 |  1 |  0 |
| Y4 |  2 |  2 |  1 |  0 |
| Y3 |  0 |  2 |  3 |  3 |
| Y2 |  0 |  3 |  4 |  4 |
| Y1 |  0 |  4 |  4 |  4 |
| Y0 |  0 |  2 |  3 |  3 |
+----+----+----+----+----+


7. Clock Regions : Routing Resource Utilization
-----------------------------------------------

All Modules
+-------------------+----------------------+----------------------+----------------------+----------------------+
|                   |        HROUTES       |        HDISTRS       |        VROUTES       |        VDISTRS       |
+-------------------+------+-------+-------+------+-------+-------+------+-------+-------+------+-------+-------+
| Clock Region Name | Used | Avail | Util% | Used | Avail | Util% | Used | Avail | Util% | Used | Avail | Util% |
+-------------------+------+-------+-------+------+-------+-------+------+-------+-------+------+-------+-------+
| X0Y0              |    0 |     0 |  0.00 |    0 |     0 |  0.00 |    0 |     0 |  0.00 |    0 |     0 |  0.00 |
| X1Y0              |    0 |    24 |  0.00 |    2 |    24 |  8.33 |    0 |    24 |  0.00 |    1 |    24 |  4.17 |
| X2Y0              |    0 |    24 |  0.00 |    3 |    24 | 12.50 |    0 |    24 |  0.00 |    2 |    24 |  8.33 |
| X3Y0              |    0 |    24 |  0.00 |    3 |    24 | 12.50 |    0 |    24 |  0.00 |    0 |    24 |  0.00 |
| X0Y1              |    0 |     0 |  0.00 |    0 |     0 |  0.00 |    0 |     0 |  0.00 |    0 |     0 |  0.00 |
| X1Y1              |    0 |    24 |  0.00 |    4 |    24 | 16.67 |    0 |    24 |  0.00 |    1 |    24 |  4.17 |
| X2Y1              |    0 |    24 |  0.00 |    4 |    24 | 16.67 |    1 |    24 |  4.17 |    3 |    24 | 12.50 |
| X3Y1              |    0 |    24 |  0.00 |    4 |    24 | 16.67 |    0 |    24 |  0.00 |    0 |    24 |  0.00 |
| X0Y2              |    0 |     0 |  0.00 |    0 |     0 |  0.00 |    0 |     0 |  0.00 |    0 |     0 |  0.00 |
| X1Y2              |    0 |    24 |  0.00 |    3 |    24 | 12.50 |    1 |    24 |  4.17 |    1 |    24 |  4.17 |
| X2Y2              |    0 |    24 |  0.00 |    4 |    24 | 16.67 |    1 |    24 |  4.17 |    2 |    24 |  8.33 |
| X3Y2              |    0 |    24 |  0.00 |    4 |    24 | 16.67 |    0 |    24 |  0.00 |    0 |    24 |  0.00 |
| X0Y3              |    0 |     0 |  0.00 |    0 |     0 |  0.00 |    0 |     0 |  0.00 |    0 |     0 |  0.00 |
| X1Y3              |    1 |    24 |  4.17 |    2 |    24 |  8.33 |    1 |    24 |  4.17 |    1 |    24 |  4.17 |
| X2Y3              |    1 |    24 |  4.17 |    3 |    24 | 12.50 |    1 |    24 |  4.17 |    1 |    24 |  4.17 |
| X3Y3              |    0 |    24 |  0.00 |    3 |    24 | 12.50 |    0 |    24 |  0.00 |    0 |    24 |  0.00 |
| X0Y4              |    0 |    24 |  0.00 |    2 |    24 |  8.33 |    0 |    24 |  0.00 |    0 |    24 |  0.00 |
| X1Y4              |    0 |    24 |  0.00 |    2 |    24 |  8.33 |    0 |    24 |  0.00 |    1 |    24 |  4.17 |
| X2Y4              |    0 |    24 |  0.00 |    1 |    24 |  4.17 |    0 |    24 |  0.00 |    0 |    24 |  0.00 |
| X3Y4              |    0 |    24 |  0.00 |    0 |    24 |  0.00 |    0 |    24 |  0.00 |    0 |    24 |  0.00 |
| X0Y5              |    0 |    24 |  0.00 |    0 |    24 |  0.00 |    0 |    24 |  0.00 |    0 |    24 |  0.00 |
| X1Y5              |    0 |    24 |  0.00 |    1 |    24 |  4.17 |    0 |    24 |  0.00 |    0 |    24 |  0.00 |
| X2Y5              |    0 |    24 |  0.00 |    1 |    24 |  4.17 |    0 |    24 |  0.00 |    0 |    24 |  0.00 |
| X3Y5              |    0 |    24 |  0.00 |    0 |    24 |  0.00 |    0 |    24 |  0.00 |    0 |    24 |  0.00 |
+-------------------+------+-------+-------+------+-------+-------+------+-------+-------+------+-------+-------+


8. Device Cell Placement Summary for Global Clock g0
----------------------------------------------------

+-----------+-----------------+-------------------+----------+-------------+---------------+----------+-------------+----------+----------------+----------+--------------------------------------------+
| Global Id | Driver Type/Pin | Driver Region (D) | Clock    | Period (ns) | Waveform (ns) | Root (R) | Slice Loads | IO Loads | Clocking Loads | GT Loads | Net                                        |
+-----------+-----------------+-------------------+----------+-------------+---------------+----------+-------------+----------+----------------+----------+--------------------------------------------+
| g0        | BUFG_PS/O       | X1Y3              | clk_pl_0 |       3.333 | {0.000 1.666} | X1Y2     |       82709 |        0 |              0 |        0 | teste_dma_i/zynq_ultra_ps_e_0/inst/pl_clk0 |
+-----------+-----------------+-------------------+----------+-------------+---------------+----------+-------------+----------+----------------+----------+--------------------------------------------+
* Slice Loads column represents load cell count of all cell types other than IO, GT and clock resources
** IO Loads column represents load cell count of IO types
*** Clocking Loads column represents load cell count that are clock resources (global clock buffer, MMCM, PLL, etc)
**** GT Loads column represents load cell count of GT types


+----+------+-----------+--------+-------+-----------------------+
|    | X0   | X1        | X2     | X3    | HORIZONTAL PROG DELAY |
+----+------+-----------+--------+-------+-----------------------+
| Y5 |    0 |         9 |      6 |     0 |                     0 |
| Y4 |  575 |        41 |      0 |     0 |                     1 |
| Y3 |    0 |  (D) 6339 |   7363 |  1525 |                     2 |
| Y2 |    0 |  (R) 7518 |   6021 |  5396 |                     2 |
| Y1 |    1 |      8145 |  10365 |  9135 |                     1 |
| Y0 |    0 |      6980 |   7838 |  5452 |                     0 |
+----+------+-----------+--------+-------+-----------------------+


9. Device Cell Placement Summary for Global Clock g1
----------------------------------------------------

+-----------+-----------------+-------------------+-----------------------------------------------------------------------------------------------------+-------------+----------------+----------+-------------+----------+----------------+----------+----------------------------------------+
| Global Id | Driver Type/Pin | Driver Region (D) | Clock                                                                                               | Period (ns) | Waveform (ns)  | Root (R) | Slice Loads | IO Loads | Clocking Loads | GT Loads | Net                                    |
+-----------+-----------------+-------------------+-----------------------------------------------------------------------------------------------------+-------------+----------------+----------+-------------+----------+----------------+----------+----------------------------------------+
| g1        | BUFGCE/O        | X2Y1              | dbg_hub/inst/BSCANID.u_xsdbm_id/SWITCH_N_EXT_BSCAN.bscan_inst/SERIES7_BSCAN.bscan_inst/INTERNAL_TCK |      50.000 | {0.000 25.000} | X2Y1     |         473 |        0 |              0 |        0 | dbg_hub/inst/BSCANID.u_xsdbm_id/itck_i |
+-----------+-----------------+-------------------+-----------------------------------------------------------------------------------------------------+-------------+----------------+----------+-------------+----------+----------------+----------+----------------------------------------+
* Slice Loads column represents load cell count of all cell types other than IO, GT and clock resources
** IO Loads column represents load cell count of IO types
*** Clocking Loads column represents load cell count that are clock resources (global clock buffer, MMCM, PLL, etc)
**** GT Loads column represents load cell count of GT types


+----+----+----+-------------+------+-----------------------+
|    | X0 | X1 | X2          | X3   | HORIZONTAL PROG DELAY |
+----+----+----+-------------+------+-----------------------+
| Y5 |  0 |  0 |           0 |    0 |                     - |
| Y4 |  0 |  0 |           0 |    0 |                     - |
| Y3 |  0 |  0 |           0 |    0 |                     - |
| Y2 |  0 |  0 |           0 |  160 |                     0 |
| Y1 |  0 |  1 | (R) (D) 280 |   32 |                     0 |
| Y0 |  0 |  0 |           0 |    0 |                     - |
+----+----+----+-------------+------+-----------------------+


10. Device Cell Placement Summary for Global Clock g2
-----------------------------------------------------

+-----------+-----------------+-------------------+-------+-------------+---------------+----------+-------------+----------+----------------+----------+------------------------------------------------------------------------------------------------------------------+
| Global Id | Driver Type/Pin | Driver Region (D) | Clock | Period (ns) | Waveform (ns) | Root (R) | Slice Loads | IO Loads | Clocking Loads | GT Loads | Net                                                                                                              |
+-----------+-----------------+-------------------+-------+-------------+---------------+----------+-------------+----------+----------------+----------+------------------------------------------------------------------------------------------------------------------+
| g2        | BUFGCE/O        | X2Y3              |       |             |               | X2Y1     |         256 |        0 |              0 |        0 | teste_dma_i/AXI_Stream_Systolic_0/inst/SystolicCore0/mem2serial_transfer_pc/smatrix_out1_reg[255]_i_2_n_0_BUFGCE |
+-----------+-----------------+-------------------+-------+-------------+---------------+----------+-------------+----------+----------------+----------+------------------------------------------------------------------------------------------------------------------+
* Slice Loads column represents load cell count of all cell types other than IO, GT and clock resources
** IO Loads column represents load cell count of IO types
*** Clocking Loads column represents load cell count that are clock resources (global clock buffer, MMCM, PLL, etc)
**** GT Loads column represents load cell count of GT types


+----+----+----+--------+-----+-----------------------+
|    | X0 | X1 | X2     | X3  | HORIZONTAL PROG DELAY |
+----+----+----+--------+-----+-----------------------+
| Y5 |  0 |  0 |      0 |   0 |                     - |
| Y4 |  0 |  0 |      0 |   0 |                     - |
| Y3 |  0 |  0 |  (D) 0 |   4 |                     0 |
| Y2 |  0 |  6 |     51 |  45 |                     1 |
| Y1 |  0 |  1 | (R) 58 |  40 |                     1 |
| Y0 |  0 |  0 |     22 |  29 |                     0 |
+----+----+----+--------+-----+-----------------------+


11. Device Cell Placement Summary for Global Clock g3
-----------------------------------------------------

+-----------+-----------------+-------------------+-------+-------------+---------------+----------+-------------+----------+----------------+----------+---------------------------------------------------------+
| Global Id | Driver Type/Pin | Driver Region (D) | Clock | Period (ns) | Waveform (ns) | Root (R) | Slice Loads | IO Loads | Clocking Loads | GT Loads | Net                                                     |
+-----------+-----------------+-------------------+-------+-------------+---------------+----------+-------------+----------+----------------+----------+---------------------------------------------------------+
| g3        | BUFGCE/O        | X2Y3              |       |             |               | X2Y3     |       30702 |        0 |              0 |        0 | teste_dma_i/rst_ps8_0_99M/U0/peripheral_aresetn_BUFG[0] |
+-----------+-----------------+-------------------+-------+-------------+---------------+----------+-------------+----------+----------------+----------+---------------------------------------------------------+
* Slice Loads column represents load cell count of all cell types other than IO, GT and clock resources
** IO Loads column represents load cell count of IO types
*** Clocking Loads column represents load cell count that are clock resources (global clock buffer, MMCM, PLL, etc)
**** GT Loads column represents load cell count of GT types


+----+-----+-------+--------------+-------+-----------------------+
|    | X0  | X1    | X2           | X3    | HORIZONTAL PROG DELAY |
+----+-----+-------+--------------+-------+-----------------------+
| Y5 |   0 |     0 |            0 |     0 |                     - |
| Y4 |  37 |     0 |            0 |     0 |                     0 |
| Y3 |   0 |  3811 | (R) (D) 6890 |  1446 |                     0 |
| Y2 |   0 |  1654 |         4135 |  3062 |                     0 |
| Y1 |   0 |   226 |         2027 |  2628 |                     0 |
| Y0 |   0 |    12 |         2036 |  2738 |                     0 |
+----+-----+-------+--------------+-------+-----------------------+


12. Clock Region Cell Placement per Global Clock: Region X1Y0
-------------------------------------------------------------

+-----------+-------+-----------------+------------+-------------+-----------------+------+-------------+------+------+-----+----+------+-----+---------+---------------------------------------------------------+
| Global Id | Track | Driver Type/Pin | Constraint | Clock Loads | Non-Clock Loads | FF   | Memory LUTs | RAMB | URAM | DSP | GT | MMCM | PLL | Hard IP | Net                                                     |
+-----------+-------+-----------------+------------+-------------+-----------------+------+-------------+------+------+-----+----+------+-----+---------+---------------------------------------------------------+
| g0        | 9     | BUFG_PS/O       | None       |        6980 |               0 | 6501 |         471 |    8 |    2 |   0 |  0 |    0 |   0 |       0 | teste_dma_i/zynq_ultra_ps_e_0/inst/pl_clk0              |
| g3        | 1     | BUFGCE/O        | None       |           0 |              12 |   10 |           0 |    0 |    0 |   0 |  0 |    0 |   0 |       0 | teste_dma_i/rst_ps8_0_99M/U0/peripheral_aresetn_BUFG[0] |
+-----------+-------+-----------------+------------+-------------+-----------------+------+-------------+------+------+-----+----+------+-----+---------+---------------------------------------------------------+
* Clock Loads column represents cell count of net connects that connect to a clock pin. Internal cell leaf pins are not considered
** Non-Clock Loads column represents cell count of non-clock pin loads
*** Columns FF, LUTRAM, RAMB through 'Hard IP' represents load cell counts


13. Clock Region Cell Placement per Global Clock: Region X2Y0
-------------------------------------------------------------

+-----------+-------+-----------------+------------+-------------+-----------------+------+-------------+------+------+-----+----+------+-----+---------+------------------------------------------------------------------------------------------------------------------+
| Global Id | Track | Driver Type/Pin | Constraint | Clock Loads | Non-Clock Loads | FF   | Memory LUTs | RAMB | URAM | DSP | GT | MMCM | PLL | Hard IP | Net                                                                                                              |
+-----------+-------+-----------------+------------+-------------+-----------------+------+-------------+------+------+-----+----+------+-----+---------+------------------------------------------------------------------------------------------------------------------+
| g0        | 9     | BUFG_PS/O       | None       |        7838 |               0 | 7529 |         299 |   10 |    0 |   0 |  0 |    0 |   0 |       0 | teste_dma_i/zynq_ultra_ps_e_0/inst/pl_clk0                                                                       |
| g2        | 0     | BUFGCE/O        | None       |          22 |               0 |    0 |           0 |    0 |    0 |   0 |  0 |    0 |   0 |       0 | teste_dma_i/AXI_Stream_Systolic_0/inst/SystolicCore0/mem2serial_transfer_pc/smatrix_out1_reg[255]_i_2_n_0_BUFGCE |
| g3        | 1     | BUFGCE/O        | None       |           0 |            2036 | 2036 |           0 |    0 |    0 |   0 |  0 |    0 |   0 |       0 | teste_dma_i/rst_ps8_0_99M/U0/peripheral_aresetn_BUFG[0]                                                          |
+-----------+-------+-----------------+------------+-------------+-----------------+------+-------------+------+------+-----+----+------+-----+---------+------------------------------------------------------------------------------------------------------------------+
* Clock Loads column represents cell count of net connects that connect to a clock pin. Internal cell leaf pins are not considered
** Non-Clock Loads column represents cell count of non-clock pin loads
*** Columns FF, LUTRAM, RAMB through 'Hard IP' represents load cell counts


14. Clock Region Cell Placement per Global Clock: Region X3Y0
-------------------------------------------------------------

+-----------+-------+-----------------+------------+-------------+-----------------+------+-------------+------+------+-----+----+------+-----+---------+------------------------------------------------------------------------------------------------------------------+
| Global Id | Track | Driver Type/Pin | Constraint | Clock Loads | Non-Clock Loads | FF   | Memory LUTs | RAMB | URAM | DSP | GT | MMCM | PLL | Hard IP | Net                                                                                                              |
+-----------+-------+-----------------+------------+-------------+-----------------+------+-------------+------+------+-----+----+------+-----+---------+------------------------------------------------------------------------------------------------------------------+
| g0        | 9     | BUFG_PS/O       | None       |        5452 |               0 | 5166 |         274 |   12 |    0 |   0 |  0 |    0 |   0 |       0 | teste_dma_i/zynq_ultra_ps_e_0/inst/pl_clk0                                                                       |
| g2        | 0     | BUFGCE/O        | None       |          29 |               0 |    0 |           0 |    0 |    0 |   0 |  0 |    0 |   0 |       0 | teste_dma_i/AXI_Stream_Systolic_0/inst/SystolicCore0/mem2serial_transfer_pc/smatrix_out1_reg[255]_i_2_n_0_BUFGCE |
| g3        | 1     | BUFGCE/O        | None       |           0 |            2738 | 2738 |           0 |    0 |    0 |   0 |  0 |    0 |   0 |       0 | teste_dma_i/rst_ps8_0_99M/U0/peripheral_aresetn_BUFG[0]                                                          |
+-----------+-------+-----------------+------------+-------------+-----------------+------+-------------+------+------+-----+----+------+-----+---------+------------------------------------------------------------------------------------------------------------------+
* Clock Loads column represents cell count of net connects that connect to a clock pin. Internal cell leaf pins are not considered
** Non-Clock Loads column represents cell count of non-clock pin loads
*** Columns FF, LUTRAM, RAMB through 'Hard IP' represents load cell counts


15. Clock Region Cell Placement per Global Clock: Region X1Y1
-------------------------------------------------------------

+-----------+-------+-----------------+------------+-------------+-----------------+------+-------------+------+------+-----+----+------+-----+---------+------------------------------------------------------------------------------------------------------------------+
| Global Id | Track | Driver Type/Pin | Constraint | Clock Loads | Non-Clock Loads | FF   | Memory LUTs | RAMB | URAM | DSP | GT | MMCM | PLL | Hard IP | Net                                                                                                              |
+-----------+-------+-----------------+------------+-------------+-----------------+------+-------------+------+------+-----+----+------+-----+---------+------------------------------------------------------------------------------------------------------------------+
| g0        | 9     | BUFG_PS/O       | None       |        8145 |               0 | 7495 |         638 |   12 |    2 |   0 |  0 |    0 |   0 |       0 | teste_dma_i/zynq_ultra_ps_e_0/inst/pl_clk0                                                                       |
| g1        | 14    | BUFGCE/O        | None       |           1 |               0 |    1 |           0 |    0 |    0 |   0 |  0 |    0 |   0 |       0 | dbg_hub/inst/BSCANID.u_xsdbm_id/itck_i                                                                           |
| g2        | 0     | BUFGCE/O        | None       |           1 |               0 |    0 |           0 |    0 |    0 |   0 |  0 |    0 |   0 |       0 | teste_dma_i/AXI_Stream_Systolic_0/inst/SystolicCore0/mem2serial_transfer_pc/smatrix_out1_reg[255]_i_2_n_0_BUFGCE |
| g3        | 1     | BUFGCE/O        | None       |           0 |             226 |  224 |           0 |    0 |    0 |   0 |  0 |    0 |   0 |       0 | teste_dma_i/rst_ps8_0_99M/U0/peripheral_aresetn_BUFG[0]                                                          |
+-----------+-------+-----------------+------------+-------------+-----------------+------+-------------+------+------+-----+----+------+-----+---------+------------------------------------------------------------------------------------------------------------------+
* Clock Loads column represents cell count of net connects that connect to a clock pin. Internal cell leaf pins are not considered
** Non-Clock Loads column represents cell count of non-clock pin loads
*** Columns FF, LUTRAM, RAMB through 'Hard IP' represents load cell counts


16. Clock Region Cell Placement per Global Clock: Region X2Y1
-------------------------------------------------------------

+-----------+-------+-----------------+------------+-------------+-----------------+------+-------------+------+------+-----+----+------+-----+---------+------------------------------------------------------------------------------------------------------------------+
| Global Id | Track | Driver Type/Pin | Constraint | Clock Loads | Non-Clock Loads | FF   | Memory LUTs | RAMB | URAM | DSP | GT | MMCM | PLL | Hard IP | Net                                                                                                              |
+-----------+-------+-----------------+------------+-------------+-----------------+------+-------------+------+------+-----+----+------+-----+---------+------------------------------------------------------------------------------------------------------------------+
| g0        | 9     | BUFG_PS/O       | None       |       10365 |               0 | 9970 |         383 |   12 |    0 |   0 |  0 |    0 |   0 |       0 | teste_dma_i/zynq_ultra_ps_e_0/inst/pl_clk0                                                                       |
| g1        | 14    | BUFGCE/O        | None       |         280 |               0 |  277 |           3 |    0 |    0 |   0 |  0 |    0 |   0 |       0 | dbg_hub/inst/BSCANID.u_xsdbm_id/itck_i                                                                           |
| g2        | 0     | BUFGCE/O        | None       |          58 |               0 |    0 |           0 |    0 |    0 |   0 |  0 |    0 |   0 |       0 | teste_dma_i/AXI_Stream_Systolic_0/inst/SystolicCore0/mem2serial_transfer_pc/smatrix_out1_reg[255]_i_2_n_0_BUFGCE |
| g3        | 1     | BUFGCE/O        | None       |           0 |            2027 | 2027 |           0 |    0 |    0 |   0 |  0 |    0 |   0 |       0 | teste_dma_i/rst_ps8_0_99M/U0/peripheral_aresetn_BUFG[0]                                                          |
+-----------+-------+-----------------+------------+-------------+-----------------+------+-------------+------+------+-----+----+------+-----+---------+------------------------------------------------------------------------------------------------------------------+
* Clock Loads column represents cell count of net connects that connect to a clock pin. Internal cell leaf pins are not considered
** Non-Clock Loads column represents cell count of non-clock pin loads
*** Columns FF, LUTRAM, RAMB through 'Hard IP' represents load cell counts


17. Clock Region Cell Placement per Global Clock: Region X3Y1
-------------------------------------------------------------

+-----------+-------+-----------------+------------+-------------+-----------------+------+-------------+------+------+-----+----+------+-----+---------+------------------------------------------------------------------------------------------------------------------+
| Global Id | Track | Driver Type/Pin | Constraint | Clock Loads | Non-Clock Loads | FF   | Memory LUTs | RAMB | URAM | DSP | GT | MMCM | PLL | Hard IP | Net                                                                                                              |
+-----------+-------+-----------------+------------+-------------+-----------------+------+-------------+------+------+-----+----+------+-----+---------+------------------------------------------------------------------------------------------------------------------+
| g0        | 9     | BUFG_PS/O       | None       |        9135 |               0 | 8578 |         538 |   19 |    0 |   0 |  0 |    0 |   0 |       0 | teste_dma_i/zynq_ultra_ps_e_0/inst/pl_clk0                                                                       |
| g1        | 14    | BUFGCE/O        | None       |          32 |               0 |   32 |           0 |    0 |    0 |   0 |  0 |    0 |   0 |       0 | dbg_hub/inst/BSCANID.u_xsdbm_id/itck_i                                                                           |
| g2        | 0     | BUFGCE/O        | None       |          40 |               0 |    0 |           0 |    0 |    0 |   0 |  0 |    0 |   0 |       0 | teste_dma_i/AXI_Stream_Systolic_0/inst/SystolicCore0/mem2serial_transfer_pc/smatrix_out1_reg[255]_i_2_n_0_BUFGCE |
| g3        | 1     | BUFGCE/O        | None       |           0 |            2628 | 2627 |           0 |    0 |    0 |   0 |  0 |    0 |   0 |       0 | teste_dma_i/rst_ps8_0_99M/U0/peripheral_aresetn_BUFG[0]                                                          |
+-----------+-------+-----------------+------------+-------------+-----------------+------+-------------+------+------+-----+----+------+-----+---------+------------------------------------------------------------------------------------------------------------------+
* Clock Loads column represents cell count of net connects that connect to a clock pin. Internal cell leaf pins are not considered
** Non-Clock Loads column represents cell count of non-clock pin loads
*** Columns FF, LUTRAM, RAMB through 'Hard IP' represents load cell counts


18. Clock Region Cell Placement per Global Clock: Region X1Y2
-------------------------------------------------------------

+-----------+-------+-----------------+------------+-------------+-----------------+------+-------------+------+------+-----+----+------+-----+---------+------------------------------------------------------------------------------------------------------------------+
| Global Id | Track | Driver Type/Pin | Constraint | Clock Loads | Non-Clock Loads | FF   | Memory LUTs | RAMB | URAM | DSP | GT | MMCM | PLL | Hard IP | Net                                                                                                              |
+-----------+-------+-----------------+------------+-------------+-----------------+------+-------------+------+------+-----+----+------+-----+---------+------------------------------------------------------------------------------------------------------------------+
| g0        | 9     | BUFG_PS/O       | None       |        7518 |               0 | 6989 |         517 |   12 |    0 |   0 |  0 |    0 |   0 |       0 | teste_dma_i/zynq_ultra_ps_e_0/inst/pl_clk0                                                                       |
| g2        | 0     | BUFGCE/O        | None       |           6 |               0 |    0 |           0 |    0 |    0 |   0 |  0 |    0 |   0 |       0 | teste_dma_i/AXI_Stream_Systolic_0/inst/SystolicCore0/mem2serial_transfer_pc/smatrix_out1_reg[255]_i_2_n_0_BUFGCE |
| g3        | 1     | BUFGCE/O        | None       |           0 |            1654 | 1654 |           0 |    0 |    0 |   0 |  0 |    0 |   0 |       0 | teste_dma_i/rst_ps8_0_99M/U0/peripheral_aresetn_BUFG[0]                                                          |
+-----------+-------+-----------------+------------+-------------+-----------------+------+-------------+------+------+-----+----+------+-----+---------+------------------------------------------------------------------------------------------------------------------+
* Clock Loads column represents cell count of net connects that connect to a clock pin. Internal cell leaf pins are not considered
** Non-Clock Loads column represents cell count of non-clock pin loads
*** Columns FF, LUTRAM, RAMB through 'Hard IP' represents load cell counts


19. Clock Region Cell Placement per Global Clock: Region X2Y2
-------------------------------------------------------------

+-----------+-------+-----------------+------------+-------------+-----------------+------+-------------+------+------+-----+----+------+-----+---------+------------------------------------------------------------------------------------------------------------------+
| Global Id | Track | Driver Type/Pin | Constraint | Clock Loads | Non-Clock Loads | FF   | Memory LUTs | RAMB | URAM | DSP | GT | MMCM | PLL | Hard IP | Net                                                                                                              |
+-----------+-------+-----------------+------------+-------------+-----------------+------+-------------+------+------+-----+----+------+-----+---------+------------------------------------------------------------------------------------------------------------------+
| g0        | 9     | BUFG_PS/O       | None       |        6021 |               0 | 5725 |         287 |    9 |    0 |   0 |  0 |    0 |   0 |       0 | teste_dma_i/zynq_ultra_ps_e_0/inst/pl_clk0                                                                       |
| g1+       | 14    | BUFGCE/O        | None       |           0 |               0 |    0 |           0 |    0 |    0 |   0 |  0 |    0 |   0 |       0 | dbg_hub/inst/BSCANID.u_xsdbm_id/itck_i                                                                           |
| g2        | 0     | BUFGCE/O        | None       |          51 |               0 |    0 |           0 |    0 |    0 |   0 |  0 |    0 |   0 |       0 | teste_dma_i/AXI_Stream_Systolic_0/inst/SystolicCore0/mem2serial_transfer_pc/smatrix_out1_reg[255]_i_2_n_0_BUFGCE |
| g3        | 1     | BUFGCE/O        | None       |           0 |            4135 | 4134 |           0 |    0 |    0 |   0 |  0 |    0 |   0 |       0 | teste_dma_i/rst_ps8_0_99M/U0/peripheral_aresetn_BUFG[0]                                                          |
+-----------+-------+-----------------+------------+-------------+-----------------+------+-------------+------+------+-----+----+------+-----+---------+------------------------------------------------------------------------------------------------------------------+
* Clock Loads column represents cell count of net connects that connect to a clock pin. Internal cell leaf pins are not considered
** Non-Clock Loads column represents cell count of non-clock pin loads
*** Columns FF, LUTRAM, RAMB through 'Hard IP' represents load cell counts
**** In Global Id column, sympbol '+' indicates that global clock was used only to route through the clock region.


20. Clock Region Cell Placement per Global Clock: Region X3Y2
-------------------------------------------------------------

+-----------+-------+-----------------+------------+-------------+-----------------+------+-------------+------+------+-----+----+------+-----+---------+------------------------------------------------------------------------------------------------------------------+
| Global Id | Track | Driver Type/Pin | Constraint | Clock Loads | Non-Clock Loads | FF   | Memory LUTs | RAMB | URAM | DSP | GT | MMCM | PLL | Hard IP | Net                                                                                                              |
+-----------+-------+-----------------+------------+-------------+-----------------+------+-------------+------+------+-----+----+------+-----+---------+------------------------------------------------------------------------------------------------------------------+
| g0        | 9     | BUFG_PS/O       | None       |        5396 |               0 | 5124 |         263 |    9 |    0 |   0 |  0 |    0 |   0 |       0 | teste_dma_i/zynq_ultra_ps_e_0/inst/pl_clk0                                                                       |
| g1        | 14    | BUFGCE/O        | None       |         160 |               0 |  160 |           0 |    0 |    0 |   0 |  0 |    0 |   0 |       0 | dbg_hub/inst/BSCANID.u_xsdbm_id/itck_i                                                                           |
| g2        | 0     | BUFGCE/O        | None       |          45 |               0 |    0 |           0 |    0 |    0 |   0 |  0 |    0 |   0 |       0 | teste_dma_i/AXI_Stream_Systolic_0/inst/SystolicCore0/mem2serial_transfer_pc/smatrix_out1_reg[255]_i_2_n_0_BUFGCE |
| g3        | 1     | BUFGCE/O        | None       |           0 |            3062 | 3062 |           0 |    0 |    0 |   0 |  0 |    0 |   0 |       0 | teste_dma_i/rst_ps8_0_99M/U0/peripheral_aresetn_BUFG[0]                                                          |
+-----------+-------+-----------------+------------+-------------+-----------------+------+-------------+------+------+-----+----+------+-----+---------+------------------------------------------------------------------------------------------------------------------+
* Clock Loads column represents cell count of net connects that connect to a clock pin. Internal cell leaf pins are not considered
** Non-Clock Loads column represents cell count of non-clock pin loads
*** Columns FF, LUTRAM, RAMB through 'Hard IP' represents load cell counts


21. Clock Region Cell Placement per Global Clock: Region X1Y3
-------------------------------------------------------------

+-----------+-------+-----------------+------------+-------------+-----------------+------+-------------+------+------+-----+----+------+-----+---------+---------------------------------------------------------+
| Global Id | Track | Driver Type/Pin | Constraint | Clock Loads | Non-Clock Loads | FF   | Memory LUTs | RAMB | URAM | DSP | GT | MMCM | PLL | Hard IP | Net                                                     |
+-----------+-------+-----------------+------------+-------------+-----------------+------+-------------+------+------+-----+----+------+-----+---------+---------------------------------------------------------+
| g0        | 9     | BUFG_PS/O       | None       |        6339 |               0 | 6068 |         265 |    6 |    0 |   0 |  0 |    0 |   0 |       0 | teste_dma_i/zynq_ultra_ps_e_0/inst/pl_clk0              |
| g3        | 1     | BUFGCE/O        | None       |           0 |            3811 | 3811 |           0 |    0 |    0 |   0 |  0 |    0 |   0 |       0 | teste_dma_i/rst_ps8_0_99M/U0/peripheral_aresetn_BUFG[0] |
+-----------+-------+-----------------+------------+-------------+-----------------+------+-------------+------+------+-----+----+------+-----+---------+---------------------------------------------------------+
* Clock Loads column represents cell count of net connects that connect to a clock pin. Internal cell leaf pins are not considered
** Non-Clock Loads column represents cell count of non-clock pin loads
*** Columns FF, LUTRAM, RAMB through 'Hard IP' represents load cell counts


22. Clock Region Cell Placement per Global Clock: Region X2Y3
-------------------------------------------------------------

+-----------+-------+-----------------+------------+-------------+-----------------+------+-------------+------+------+-----+----+------+-----+---------+------------------------------------------------------------------------------------------------------------------+
| Global Id | Track | Driver Type/Pin | Constraint | Clock Loads | Non-Clock Loads | FF   | Memory LUTs | RAMB | URAM | DSP | GT | MMCM | PLL | Hard IP | Net                                                                                                              |
+-----------+-------+-----------------+------------+-------------+-----------------+------+-------------+------+------+-----+----+------+-----+---------+------------------------------------------------------------------------------------------------------------------+
| g0        | 9     | BUFG_PS/O       | None       |        7363 |               0 | 7361 |           2 |    0 |    0 |   0 |  0 |    0 |   0 |       0 | teste_dma_i/zynq_ultra_ps_e_0/inst/pl_clk0                                                                       |
| g2+       | 0     | BUFGCE/O        | None       |           0 |               0 |    0 |           0 |    0 |    0 |   0 |  0 |    0 |   0 |       0 | teste_dma_i/AXI_Stream_Systolic_0/inst/SystolicCore0/mem2serial_transfer_pc/smatrix_out1_reg[255]_i_2_n_0_BUFGCE |
| g3        | 1     | BUFGCE/O        | None       |           0 |            6890 | 6889 |           0 |    0 |    0 |   0 |  0 |    0 |   0 |       0 | teste_dma_i/rst_ps8_0_99M/U0/peripheral_aresetn_BUFG[0]                                                          |
+-----------+-------+-----------------+------------+-------------+-----------------+------+-------------+------+------+-----+----+------+-----+---------+------------------------------------------------------------------------------------------------------------------+
* Clock Loads column represents cell count of net connects that connect to a clock pin. Internal cell leaf pins are not considered
** Non-Clock Loads column represents cell count of non-clock pin loads
*** Columns FF, LUTRAM, RAMB through 'Hard IP' represents load cell counts
**** In Global Id column, sympbol '+' indicates that global clock was used only to route through the clock region.


23. Clock Region Cell Placement per Global Clock: Region X3Y3
-------------------------------------------------------------

+-----------+-------+-----------------+------------+-------------+-----------------+------+-------------+------+------+-----+----+------+-----+---------+------------------------------------------------------------------------------------------------------------------+
| Global Id | Track | Driver Type/Pin | Constraint | Clock Loads | Non-Clock Loads | FF   | Memory LUTs | RAMB | URAM | DSP | GT | MMCM | PLL | Hard IP | Net                                                                                                              |
+-----------+-------+-----------------+------------+-------------+-----------------+------+-------------+------+------+-----+----+------+-----+---------+------------------------------------------------------------------------------------------------------------------+
| g0        | 9     | BUFG_PS/O       | None       |        1525 |               0 | 1525 |           0 |    0 |    0 |   0 |  0 |    0 |   0 |       0 | teste_dma_i/zynq_ultra_ps_e_0/inst/pl_clk0                                                                       |
| g2        | 0     | BUFGCE/O        | None       |           4 |               0 |    0 |           0 |    0 |    0 |   0 |  0 |    0 |   0 |       0 | teste_dma_i/AXI_Stream_Systolic_0/inst/SystolicCore0/mem2serial_transfer_pc/smatrix_out1_reg[255]_i_2_n_0_BUFGCE |
| g3        | 1     | BUFGCE/O        | None       |           0 |            1446 | 1446 |           0 |    0 |    0 |   0 |  0 |    0 |   0 |       0 | teste_dma_i/rst_ps8_0_99M/U0/peripheral_aresetn_BUFG[0]                                                          |
+-----------+-------+-----------------+------------+-------------+-----------------+------+-------------+------+------+-----+----+------+-----+---------+------------------------------------------------------------------------------------------------------------------+
* Clock Loads column represents cell count of net connects that connect to a clock pin. Internal cell leaf pins are not considered
** Non-Clock Loads column represents cell count of non-clock pin loads
*** Columns FF, LUTRAM, RAMB through 'Hard IP' represents load cell counts


24. Clock Region Cell Placement per Global Clock: Region X0Y4
-------------------------------------------------------------

+-----------+-------+-----------------+------------+-------------+-----------------+-----+-------------+------+------+-----+----+------+-----+---------+---------------------------------------------------------+
| Global Id | Track | Driver Type/Pin | Constraint | Clock Loads | Non-Clock Loads | FF  | Memory LUTs | RAMB | URAM | DSP | GT | MMCM | PLL | Hard IP | Net                                                     |
+-----------+-------+-----------------+------------+-------------+-----------------+-----+-------------+------+------+-----+----+------+-----+---------+---------------------------------------------------------+
| g0        | 9     | BUFG_PS/O       | None       |         575 |               0 | 486 |          82 |    7 |    0 |   0 |  0 |    0 |   0 |       0 | teste_dma_i/zynq_ultra_ps_e_0/inst/pl_clk0              |
| g3        | 1     | BUFGCE/O        | None       |           0 |              37 |  36 |           0 |    0 |    0 |   0 |  0 |    0 |   0 |       0 | teste_dma_i/rst_ps8_0_99M/U0/peripheral_aresetn_BUFG[0] |
+-----------+-------+-----------------+------------+-------------+-----------------+-----+-------------+------+------+-----+----+------+-----+---------+---------------------------------------------------------+
* Clock Loads column represents cell count of net connects that connect to a clock pin. Internal cell leaf pins are not considered
** Non-Clock Loads column represents cell count of non-clock pin loads
*** Columns FF, LUTRAM, RAMB through 'Hard IP' represents load cell counts


25. Clock Region Cell Placement per Global Clock: Region X1Y4
-------------------------------------------------------------

+-----------+-------+-----------------+------------+-------------+-----------------+----+-------------+------+------+-----+----+------+-----+---------+---------------------------------------------------------+
| Global Id | Track | Driver Type/Pin | Constraint | Clock Loads | Non-Clock Loads | FF | Memory LUTs | RAMB | URAM | DSP | GT | MMCM | PLL | Hard IP | Net                                                     |
+-----------+-------+-----------------+------------+-------------+-----------------+----+-------------+------+------+-----+----+------+-----+---------+---------------------------------------------------------+
| g0        | 9     | BUFG_PS/O       | None       |          41 |               0 | 41 |           0 |    0 |    0 |   0 |  0 |    0 |   0 |       0 | teste_dma_i/zynq_ultra_ps_e_0/inst/pl_clk0              |
| g3+       | 1     | BUFGCE/O        | None       |           0 |               0 |  0 |           0 |    0 |    0 |   0 |  0 |    0 |   0 |       0 | teste_dma_i/rst_ps8_0_99M/U0/peripheral_aresetn_BUFG[0] |
+-----------+-------+-----------------+------------+-------------+-----------------+----+-------------+------+------+-----+----+------+-----+---------+---------------------------------------------------------+
* Clock Loads column represents cell count of net connects that connect to a clock pin. Internal cell leaf pins are not considered
** Non-Clock Loads column represents cell count of non-clock pin loads
*** Columns FF, LUTRAM, RAMB through 'Hard IP' represents load cell counts
**** In Global Id column, sympbol '+' indicates that global clock was used only to route through the clock region.


26. Clock Region Cell Placement per Global Clock: Region X2Y4
-------------------------------------------------------------

+-----------+-------+-----------------+------------+-------------+-----------------+----+-------------+------+------+-----+----+------+-----+---------+---------------------------------------------------------+
| Global Id | Track | Driver Type/Pin | Constraint | Clock Loads | Non-Clock Loads | FF | Memory LUTs | RAMB | URAM | DSP | GT | MMCM | PLL | Hard IP | Net                                                     |
+-----------+-------+-----------------+------------+-------------+-----------------+----+-------------+------+------+-----+----+------+-----+---------+---------------------------------------------------------+
| g3+       | 1     | BUFGCE/O        | None       |           0 |               0 |  0 |           0 |    0 |    0 |   0 |  0 |    0 |   0 |       0 | teste_dma_i/rst_ps8_0_99M/U0/peripheral_aresetn_BUFG[0] |
+-----------+-------+-----------------+------------+-------------+-----------------+----+-------------+------+------+-----+----+------+-----+---------+---------------------------------------------------------+
* Clock Loads column represents cell count of net connects that connect to a clock pin. Internal cell leaf pins are not considered
** Non-Clock Loads column represents cell count of non-clock pin loads
*** Columns FF, LUTRAM, RAMB through 'Hard IP' represents load cell counts
**** In Global Id column, sympbol '+' indicates that global clock was used only to route through the clock region.


27. Clock Region Cell Placement per Global Clock: Region X1Y5
-------------------------------------------------------------

+-----------+-------+-----------------+------------+-------------+-----------------+----+-------------+------+------+-----+----+------+-----+---------+--------------------------------------------+
| Global Id | Track | Driver Type/Pin | Constraint | Clock Loads | Non-Clock Loads | FF | Memory LUTs | RAMB | URAM | DSP | GT | MMCM | PLL | Hard IP | Net                                        |
+-----------+-------+-----------------+------------+-------------+-----------------+----+-------------+------+------+-----+----+------+-----+---------+--------------------------------------------+
| g0        | 9     | BUFG_PS/O       | None       |           9 |               0 |  9 |           0 |    0 |    0 |   0 |  0 |    0 |   0 |       0 | teste_dma_i/zynq_ultra_ps_e_0/inst/pl_clk0 |
+-----------+-------+-----------------+------------+-------------+-----------------+----+-------------+------+------+-----+----+------+-----+---------+--------------------------------------------+
* Clock Loads column represents cell count of net connects that connect to a clock pin. Internal cell leaf pins are not considered
** Non-Clock Loads column represents cell count of non-clock pin loads
*** Columns FF, LUTRAM, RAMB through 'Hard IP' represents load cell counts


28. Clock Region Cell Placement per Global Clock: Region X2Y5
-------------------------------------------------------------

+-----------+-------+-----------------+------------+-------------+-----------------+----+-------------+------+------+-----+----+------+-----+---------+--------------------------------------------+
| Global Id | Track | Driver Type/Pin | Constraint | Clock Loads | Non-Clock Loads | FF | Memory LUTs | RAMB | URAM | DSP | GT | MMCM | PLL | Hard IP | Net                                        |
+-----------+-------+-----------------+------------+-------------+-----------------+----+-------------+------+------+-----+----+------+-----+---------+--------------------------------------------+
| g0        | 9     | BUFG_PS/O       | None       |           6 |               0 |  6 |           0 |    0 |    0 |   0 |  0 |    0 |   0 |       0 | teste_dma_i/zynq_ultra_ps_e_0/inst/pl_clk0 |
+-----------+-------+-----------------+------------+-------------+-----------------+----+-------------+------+------+-----+----+------+-----+---------+--------------------------------------------+
* Clock Loads column represents cell count of net connects that connect to a clock pin. Internal cell leaf pins are not considered
** Non-Clock Loads column represents cell count of non-clock pin loads
*** Columns FF, LUTRAM, RAMB through 'Hard IP' represents load cell counts


