xrun(64): 24.03-s005: (c) Copyright 1995-2024 Cadence Design Systems, Inc.
TOOL:	xrun(64)	24.03-s005: Started on Nov 09, 2025 at 22:45:09 -03
xrun
	tb_fpga.sv
	../rtl/uart/rtl/baud_rate.sv
	../rtl/uart/rtl/counter.sv
	../rtl/uart/rtl/ref_clock.sv
	../rtl/uart/rtl/uart_rx.sv
	../rtl/uart/rtl/uart_top.sv
	../rtl/uart/rtl/uart_tx.sv
	-access +rw
	-gui
		Caching library 'worklib' ....... Done
	Elaborating the design hierarchy:
counter #(.MOD(STOPCOUNTER)) counter_base(
                                        |
xmelab: *W,CUVWSP (../rtl/uart/rtl/ref_clock.sv,9|40): 1 output port was not connected:
xmelab: (../rtl/uart/rtl/counter.sv,17): counter1

    counter #(.MOD(STOPCOUNTER)) base_clock_counter( //Contador que gera a base de tempo stop_counter(clock_input,baundrate,oversampling)
                                                  |
xmelab: *W,CUVWSP (../rtl/uart/rtl/baud_rate.sv,36|50): 1 output port was not connected:
xmelab: (../rtl/uart/rtl/counter.sv,17): counter1

	Top level design units:
		tb
		uart_top
	Building instance overlay tables: .
  $readmemh("testeINPUT_A.mem",INPUT_A);
                                     |
xmelab: *W,MEMODR (./tb_fpga.sv,42|37): $readmem default memory order incompatible with IEEE1364.
  $readmemh("testeINPUT_B.mem",INPUT_B);
                                     |
xmelab: *W,MEMODR (./tb_fpga.sv,43|37): $readmem default memory order incompatible with IEEE1364.
................... Done
	Generating native compiled code:
		worklib.counter:sv <0x582df709>
			streams:   4, words:  1248
		worklib.counter:sv <0x438913c7>
			streams:   4, words:  1259
		worklib.baudRateGenerator:sv <0x5d109794>
			streams:   6, words:  1758
		worklib.uart_tx:sv <0x6f4cdd24>
			streams:  10, words:  3653
		worklib.counter:sv <0x33d90ecd>
			streams:   4, words:  1259
		worklib.counter:sv <0x6c7b9ac8>
			streams:   4, words:  1259
		worklib.counter:sv <0x47cb4c42>
			streams:   4, words:  1259
		worklib.ref_clock:sv <0x39d3282e>
			streams:   4, words:  1054
		worklib.baudRateGenerator:sv <0x01429251>
			streams:   6, words:  1758
		worklib.uart_rx:sv <0x2498b597>
			streams:  18, words:  7962
		worklib.uart_top:sv <0x5516f7d9>
			streams:   4, words:  1313
		worklib.tb:sv <0x4695ae27>
			streams:   9, words:  4273
	Building instance specific data structures.
	Loading native compiled code:     .................... Done
	Design hierarchy summary:
		                 Instances  Unique
		Modules:                14       7
		Registers:              82      56
		Scalar wires:           49       -
		Vectored wires:         12       -
		Always blocks:          23      11
		Initial blocks:          2       2
		Cont. assignments:      14      11
		Pseudo assignments:     22       -
		Process Clocks:          7       6
		Simulation timescale:  1ps
	Writing initial simulation snapshot: worklib.tb:sv
xmsim: *W,NOMTDGUI: Multi-Threaded Dumping is disabled for interactive debug mode.

-------------------------------------
Relinquished control to SimVision...
xcelium> 
xcelium> source /usr/local/cadence/XCELIUM2403/tools/xcelium/files/xmsimrc
xcelium> ^C
xcelium> exit
xmsim: *W,NORUNCMD: No 'run' command issued.
TOOL:	xrun(64)	24.03-s005: Exiting on Nov 09, 2025 at 22:45:53 -03  (total: 00:00:44)
