
*** Running vivado
    with args -log SystolicCore_AXI_Stream_Systolic_0_0.vds -m64 -product Vivado -mode batch -messageDb vivado.pb -notrace -source SystolicCore_AXI_Stream_Systolic_0_0.tcl


****** Vivado v2025.2 (64-bit)
  **** SW Build 6299465 on Fri Nov 14 12:34:56 MST 2025
  **** IP Build 6300035 on Fri Nov 14 10:48:45 MST 2025
  **** SharedData Build 6298862 on Thu Nov 13 04:50:51 MST 2025
  **** Start of session at: Thu Jan  8 00:54:52 2026
    ** Copyright 1986-2022 Xilinx, Inc. All Rights Reserved.
    ** Copyright 2022-2025 Advanced Micro Devices, Inc. All Rights Reserved.

source SystolicCore_AXI_Stream_Systolic_0_0.tcl -notrace
INFO: [IP_Flow 19-234] Refreshing IP repositories
INFO: [IP_Flow 19-1704] No user IP repositories specified
INFO: [IP_Flow 19-2313] Loaded Vivado IP repository '/home/xmen/Music/2025.2/data/ip'.
Command: synth_design -top SystolicCore_AXI_Stream_Systolic_0_0 -part xczu7ev-ffvc1156-2-e -incremental_mode off -mode out_of_context
Starting synth_design
Attempting to get a license for feature 'Synthesis' and/or device 'xczu7ev'
INFO: [Common 17-349] Got license for feature 'Synthesis' and/or device 'xczu7ev'
INFO: [Device 21-403] Loading part xczu7ev-ffvc1156-2-e
INFO: [Synth 8-7079] Multithreading enabled for synth_design using a maximum of 7 processes.
INFO: [Synth 8-7078] Launching helper process for spawning children vivado processes
INFO: [Synth 8-7075] Helper process launched with PID 3539343
---------------------------------------------------------------------------------
Starting RTL Elaboration : Time (s): cpu = 00:00:02 ; elapsed = 00:00:02 . Memory (MB): peak = 3195.074 ; gain = 144.688 ; free physical = 2922 ; free virtual = 37762
---------------------------------------------------------------------------------
INFO: [Synth 8-11241] undeclared symbol 'uart_clock', assumed default net type 'wire' [/home/xmen/Videos/RustDesk/SystolicCore/SystolicCore/rtl/SystolicCore.sv:142]
INFO: [Synth 8-11241] undeclared symbol 'uart_nreset', assumed default net type 'wire' [/home/xmen/Videos/RustDesk/SystolicCore/SystolicCore/rtl/SystolicCore.sv:151]
WARNING: [Synth 8-10507] attribute 'dont_touch' is already specified; last one will take precedence [/home/xmen/Videos/RustDesk/SystolicCore/SystolicCore/rtl/SystolicCore.sv:230]
INFO: [Synth 8-11241] undeclared symbol 'single_port_ram_di_reg', assumed default net type 'wire' [/home/xmen/Videos/RustDesk/SystolicCore/SystolicCore/rtl/serial2mem.sv:121]
WARNING: [Synth 8-8895] 'single_port_ram_di_reg' is already implicitly declared on line 121 [/home/xmen/Videos/RustDesk/SystolicCore/SystolicCore/rtl/serial2mem.sv:131]
INFO: [Synth 8-6157] synthesizing module 'SystolicCore_AXI_Stream_Systolic_0_0' [/home/xmen/Videos/RustDesk/SystolicCore/SystolicCore/Zynq_Systolic_Core_AXI_FIFO_Stream/Zynq_Systolic_Core_AXI_FIFO_Stream.gen/sources_1/bd/SystolicCore/ip/SystolicCore_AXI_Stream_Systolic_0_0/synth/SystolicCore_AXI_Stream_Systolic_0_0.v:53]
INFO: [Synth 8-6157] synthesizing module 'AXI_Stream_Systolic_Core' [/home/xmen/Videos/RustDesk/SystolicCore/SystolicCore/rtl/AXI_Stream_Systolic_Core.v:23]
	Parameter BYTESIZES bound to: 8 - type: integer 
	Parameter WIDTHx bound to: 4 - type: integer 
	Parameter SIZE bound to: 16 - type: integer 
	Parameter WIDTH bound to: 8 - type: integer 
INFO: [Synth 8-6157] synthesizing module 'SystolicCoreTop' [/home/xmen/Videos/RustDesk/SystolicCore/SystolicCore/rtl/SystolicCore.sv:23]
	Parameter BYTESIZES bound to: 8 - type: integer 
	Parameter WIDTHx bound to: 4 - type: integer 
	Parameter SIZE bound to: 16 - type: integer 
	Parameter WIDTH bound to: 8 - type: integer 
INFO: [Synth 8-6157] synthesizing module 'systolicMatrixMultiply' [/home/xmen/Videos/RustDesk/SystolicCore/SystolicCore/rtl/systolicMatrixMultiply.sv:12]
	Parameter WIDTH bound to: 8 - type: integer 
	Parameter SIZE bound to: 16 - type: integer 
	Parameter WIDTHx bound to: 4 - type: integer 
INFO: [Synth 8-6157] synthesizing module 'accumulator_cells' [/home/xmen/Videos/RustDesk/SystolicCore/SystolicCore/rtl/accumulator.sv:13]
	Parameter WIDTH bound to: 8 - type: integer 
	Parameter WIDTHx bound to: 4 - type: integer 
INFO: [Synth 8-6155] done synthesizing module 'accumulator_cells' (0#1) [/home/xmen/Videos/RustDesk/SystolicCore/SystolicCore/rtl/accumulator.sv:13]
WARNING: [Synth 8-324] index 16 out of range [/home/xmen/Videos/RustDesk/SystolicCore/SystolicCore/rtl/systolicMatrixMultiply.sv:52]
WARNING: [Synth 8-324] index 16 out of range [/home/xmen/Videos/RustDesk/SystolicCore/SystolicCore/rtl/systolicMatrixMultiply.sv:52]
WARNING: [Synth 8-324] index 16 out of range [/home/xmen/Videos/RustDesk/SystolicCore/SystolicCore/rtl/systolicMatrixMultiply.sv:52]
WARNING: [Synth 8-324] index 16 out of range [/home/xmen/Videos/RustDesk/SystolicCore/SystolicCore/rtl/systolicMatrixMultiply.sv:52]
WARNING: [Synth 8-324] index 16 out of range [/home/xmen/Videos/RustDesk/SystolicCore/SystolicCore/rtl/systolicMatrixMultiply.sv:52]
WARNING: [Synth 8-324] index 16 out of range [/home/xmen/Videos/RustDesk/SystolicCore/SystolicCore/rtl/systolicMatrixMultiply.sv:52]
WARNING: [Synth 8-324] index 16 out of range [/home/xmen/Videos/RustDesk/SystolicCore/SystolicCore/rtl/systolicMatrixMultiply.sv:52]
WARNING: [Synth 8-324] index 16 out of range [/home/xmen/Videos/RustDesk/SystolicCore/SystolicCore/rtl/systolicMatrixMultiply.sv:52]
WARNING: [Synth 8-324] index 16 out of range [/home/xmen/Videos/RustDesk/SystolicCore/SystolicCore/rtl/systolicMatrixMultiply.sv:52]
WARNING: [Synth 8-324] index 16 out of range [/home/xmen/Videos/RustDesk/SystolicCore/SystolicCore/rtl/systolicMatrixMultiply.sv:52]
WARNING: [Synth 8-324] index 16 out of range [/home/xmen/Videos/RustDesk/SystolicCore/SystolicCore/rtl/systolicMatrixMultiply.sv:52]
WARNING: [Synth 8-324] index 16 out of range [/home/xmen/Videos/RustDesk/SystolicCore/SystolicCore/rtl/systolicMatrixMultiply.sv:52]
WARNING: [Synth 8-324] index 16 out of range [/home/xmen/Videos/RustDesk/SystolicCore/SystolicCore/rtl/systolicMatrixMultiply.sv:52]
WARNING: [Synth 8-324] index 16 out of range [/home/xmen/Videos/RustDesk/SystolicCore/SystolicCore/rtl/systolicMatrixMultiply.sv:52]
WARNING: [Synth 8-324] index 16 out of range [/home/xmen/Videos/RustDesk/SystolicCore/SystolicCore/rtl/systolicMatrixMultiply.sv:52]
WARNING: [Synth 8-324] index 16 out of range [/home/xmen/Videos/RustDesk/SystolicCore/SystolicCore/rtl/systolicMatrixMultiply.sv:51]
WARNING: [Synth 8-324] index 16 out of range [/home/xmen/Videos/RustDesk/SystolicCore/SystolicCore/rtl/systolicMatrixMultiply.sv:51]
WARNING: [Synth 8-324] index 16 out of range [/home/xmen/Videos/RustDesk/SystolicCore/SystolicCore/rtl/systolicMatrixMultiply.sv:51]
WARNING: [Synth 8-324] index 16 out of range [/home/xmen/Videos/RustDesk/SystolicCore/SystolicCore/rtl/systolicMatrixMultiply.sv:51]
WARNING: [Synth 8-324] index 16 out of range [/home/xmen/Videos/RustDesk/SystolicCore/SystolicCore/rtl/systolicMatrixMultiply.sv:51]
WARNING: [Synth 8-324] index 16 out of range [/home/xmen/Videos/RustDesk/SystolicCore/SystolicCore/rtl/systolicMatrixMultiply.sv:51]
WARNING: [Synth 8-324] index 16 out of range [/home/xmen/Videos/RustDesk/SystolicCore/SystolicCore/rtl/systolicMatrixMultiply.sv:51]
WARNING: [Synth 8-324] index 16 out of range [/home/xmen/Videos/RustDesk/SystolicCore/SystolicCore/rtl/systolicMatrixMultiply.sv:51]
WARNING: [Synth 8-324] index 16 out of range [/home/xmen/Videos/RustDesk/SystolicCore/SystolicCore/rtl/systolicMatrixMultiply.sv:51]
WARNING: [Synth 8-324] index 16 out of range [/home/xmen/Videos/RustDesk/SystolicCore/SystolicCore/rtl/systolicMatrixMultiply.sv:51]
WARNING: [Synth 8-324] index 16 out of range [/home/xmen/Videos/RustDesk/SystolicCore/SystolicCore/rtl/systolicMatrixMultiply.sv:51]
WARNING: [Synth 8-324] index 16 out of range [/home/xmen/Videos/RustDesk/SystolicCore/SystolicCore/rtl/systolicMatrixMultiply.sv:51]
WARNING: [Synth 8-324] index 16 out of range [/home/xmen/Videos/RustDesk/SystolicCore/SystolicCore/rtl/systolicMatrixMultiply.sv:51]
WARNING: [Synth 8-324] index 16 out of range [/home/xmen/Videos/RustDesk/SystolicCore/SystolicCore/rtl/systolicMatrixMultiply.sv:51]
WARNING: [Synth 8-324] index 16 out of range [/home/xmen/Videos/RustDesk/SystolicCore/SystolicCore/rtl/systolicMatrixMultiply.sv:51]
WARNING: [Synth 8-324] index 16 out of range [/home/xmen/Videos/RustDesk/SystolicCore/SystolicCore/rtl/systolicMatrixMultiply.sv:51]
WARNING: [Synth 8-324] index 16 out of range [/home/xmen/Videos/RustDesk/SystolicCore/SystolicCore/rtl/systolicMatrixMultiply.sv:52]
WARNING: [Synth 8-4446] all outputs are unconnected for this instance and logic may be removed [/home/xmen/Videos/RustDesk/SystolicCore/SystolicCore/rtl/systolicMatrixMultiply.sv:59]
INFO: [Synth 8-6157] synthesizing module 'ila_2' [/home/xmen/Videos/RustDesk/SystolicCore/SystolicCore/Zynq_Systolic_Core_AXI_FIFO_Stream/Zynq_Systolic_Core_AXI_FIFO_Stream.runs/SystolicCore_AXI_Stream_Systolic_0_0_synth_1/.Xil/Vivado-3539237-VT0144/realtime/ila_2_stub.v:6]
INFO: [Synth 8-6155] done synthesizing module 'ila_2' (0#1) [/home/xmen/Videos/RustDesk/SystolicCore/SystolicCore/Zynq_Systolic_Core_AXI_FIFO_Stream/Zynq_Systolic_Core_AXI_FIFO_Stream.runs/SystolicCore_AXI_Stream_Systolic_0_0_synth_1/.Xil/Vivado-3539237-VT0144/realtime/ila_2_stub.v:6]
WARNING: [Synth 8-689] width (6) of port connection 'probe2' does not match port width (64) of module 'ila_2' [/home/xmen/Videos/RustDesk/SystolicCore/SystolicCore/rtl/systolicMatrixMultiply.sv:65]
WARNING: [Synth 8-689] width (6) of port connection 'probe3' does not match port width (8) of module 'ila_2' [/home/xmen/Videos/RustDesk/SystolicCore/SystolicCore/rtl/systolicMatrixMultiply.sv:66]
WARNING: [Synth 8-689] width (32) of port connection 'probe4' does not match port width (8) of module 'ila_2' [/home/xmen/Videos/RustDesk/SystolicCore/SystolicCore/rtl/systolicMatrixMultiply.sv:67]
INFO: [Synth 8-6155] done synthesizing module 'systolicMatrixMultiply' (0#1) [/home/xmen/Videos/RustDesk/SystolicCore/SystolicCore/rtl/systolicMatrixMultiply.sv:12]
INFO: [Synth 8-6157] synthesizing module 'serial2mem' [/home/xmen/Videos/RustDesk/SystolicCore/SystolicCore/rtl/serial2mem.sv:1]
	Parameter WIDTH bound to: 4 - type: integer 
	Parameter SIZE bound to: 16 - type: integer 
INFO: [Synth 8-6157] synthesizing module 'ram_dual_port' [/home/xmen/Videos/RustDesk/SystolicCore/SystolicCore/Zynq_Systolic_Core_AXI_FIFO_Stream/Zynq_Systolic_Core_AXI_FIFO_Stream.runs/SystolicCore_AXI_Stream_Systolic_0_0_synth_1/.Xil/Vivado-3539237-VT0144/realtime/ram_dual_port_stub.v:6]
INFO: [Synth 8-6155] done synthesizing module 'ram_dual_port' (0#1) [/home/xmen/Videos/RustDesk/SystolicCore/SystolicCore/Zynq_Systolic_Core_AXI_FIFO_Stream/Zynq_Systolic_Core_AXI_FIFO_Stream.runs/SystolicCore_AXI_Stream_Systolic_0_0_synth_1/.Xil/Vivado-3539237-VT0144/realtime/ram_dual_port_stub.v:6]
WARNING: [Synth 8-4446] all outputs are unconnected for this instance and logic may be removed [/home/xmen/Videos/RustDesk/SystolicCore/SystolicCore/rtl/serial2mem.sv:116]
WARNING: [Synth 8-689] width (4) of port connection 'probe2' does not match port width (64) of module 'ila_2' [/home/xmen/Videos/RustDesk/SystolicCore/SystolicCore/rtl/serial2mem.sv:122]
WARNING: [Synth 8-689] width (4) of port connection 'probe3' does not match port width (8) of module 'ila_2' [/home/xmen/Videos/RustDesk/SystolicCore/SystolicCore/rtl/serial2mem.sv:123]
WARNING: [Synth 8-689] width (32) of port connection 'probe4' does not match port width (8) of module 'ila_2' [/home/xmen/Videos/RustDesk/SystolicCore/SystolicCore/rtl/serial2mem.sv:124]
WARNING: [Synth 8-689] width (5) of port connection 'probe5' does not match port width (8) of module 'ila_2' [/home/xmen/Videos/RustDesk/SystolicCore/SystolicCore/rtl/serial2mem.sv:125]
INFO: [Synth 8-6155] done synthesizing module 'serial2mem' (0#1) [/home/xmen/Videos/RustDesk/SystolicCore/SystolicCore/rtl/serial2mem.sv:1]
INFO: [Synth 8-6157] synthesizing module 'mem2seriala' [/home/xmen/Videos/RustDesk/SystolicCore/SystolicCore/rtl/mem2serial.sv:1]
	Parameter SIZE bound to: 16 - type: integer 
	Parameter WIDTH bound to: 8 - type: integer 
WARNING: [Synth 8-4446] all outputs are unconnected for this instance and logic may be removed [/home/xmen/Videos/RustDesk/SystolicCore/SystolicCore/rtl/mem2serial.sv:61]
INFO: [Synth 8-6157] synthesizing module 'ila_1' [/home/xmen/Videos/RustDesk/SystolicCore/SystolicCore/Zynq_Systolic_Core_AXI_FIFO_Stream/Zynq_Systolic_Core_AXI_FIFO_Stream.runs/SystolicCore_AXI_Stream_Systolic_0_0_synth_1/.Xil/Vivado-3539237-VT0144/realtime/ila_1_stub.v:6]
INFO: [Synth 8-6155] done synthesizing module 'ila_1' (0#1) [/home/xmen/Videos/RustDesk/SystolicCore/SystolicCore/Zynq_Systolic_Core_AXI_FIFO_Stream/Zynq_Systolic_Core_AXI_FIFO_Stream.runs/SystolicCore_AXI_Stream_Systolic_0_0_synth_1/.Xil/Vivado-3539237-VT0144/realtime/ila_1_stub.v:6]
WARNING: [Synth 8-689] width (4) of port connection 'probe2' does not match port width (8) of module 'ila_1' [/home/xmen/Videos/RustDesk/SystolicCore/SystolicCore/rtl/mem2serial.sv:67]
WARNING: [Synth 8-689] width (1) of port connection 'probe4' does not match port width (8) of module 'ila_1' [/home/xmen/Videos/RustDesk/SystolicCore/SystolicCore/rtl/mem2serial.sv:69]
WARNING: [Synth 8-4446] all outputs are unconnected for this instance and logic may be removed [/home/xmen/Videos/RustDesk/SystolicCore/SystolicCore/rtl/mem2serial.sv:155]
WARNING: [Synth 8-689] width (4) of port connection 'probe1' does not match port width (8) of module 'ila_1' [/home/xmen/Videos/RustDesk/SystolicCore/SystolicCore/rtl/mem2serial.sv:160]
WARNING: [Synth 8-689] width (4) of port connection 'probe2' does not match port width (8) of module 'ila_1' [/home/xmen/Videos/RustDesk/SystolicCore/SystolicCore/rtl/mem2serial.sv:161]
WARNING: [Synth 8-689] width (32) of port connection 'probe3' does not match port width (8) of module 'ila_1' [/home/xmen/Videos/RustDesk/SystolicCore/SystolicCore/rtl/mem2serial.sv:162]
INFO: [Synth 8-6155] done synthesizing module 'mem2seriala' (0#1) [/home/xmen/Videos/RustDesk/SystolicCore/SystolicCore/rtl/mem2serial.sv:1]
INFO: [Synth 8-6157] synthesizing module 'systolicControlUnitTop' [/home/xmen/Videos/RustDesk/SystolicCore/SystolicCore/rtl/SystolicControlUnit.sv:1]
WARNING: [Synth 8-4446] all outputs are unconnected for this instance and logic may be removed [/home/xmen/Videos/RustDesk/SystolicCore/SystolicCore/rtl/SystolicControlUnit.sv:53]
INFO: [Synth 8-6157] synthesizing module 'ila_0' [/home/xmen/Videos/RustDesk/SystolicCore/SystolicCore/Zynq_Systolic_Core_AXI_FIFO_Stream/Zynq_Systolic_Core_AXI_FIFO_Stream.runs/SystolicCore_AXI_Stream_Systolic_0_0_synth_1/.Xil/Vivado-3539237-VT0144/realtime/ila_0_stub.v:6]
INFO: [Synth 8-6155] done synthesizing module 'ila_0' (0#1) [/home/xmen/Videos/RustDesk/SystolicCore/SystolicCore/Zynq_Systolic_Core_AXI_FIFO_Stream/Zynq_Systolic_Core_AXI_FIFO_Stream.runs/SystolicCore_AXI_Stream_Systolic_0_0_synth_1/.Xil/Vivado-3539237-VT0144/realtime/ila_0_stub.v:6]
WARNING: [Synth 8-689] width (32) of port connection 'probe1' does not match port width (3) of module 'ila_0' [/home/xmen/Videos/RustDesk/SystolicCore/SystolicCore/rtl/SystolicControlUnit.sv:58]
INFO: [Synth 8-226] default block is never used [/home/xmen/Videos/RustDesk/SystolicCore/SystolicCore/rtl/SystolicControlUnit.sv:113]
INFO: [Synth 8-6155] done synthesizing module 'systolicControlUnitTop' (0#1) [/home/xmen/Videos/RustDesk/SystolicCore/SystolicCore/rtl/SystolicControlUnit.sv:1]
WARNING: [Synth 8-4446] all outputs are unconnected for this instance and logic may be removed [/home/xmen/Videos/RustDesk/SystolicCore/SystolicCore/rtl/SystolicCore.sv:321]
INFO: [Synth 8-6157] synthesizing module 'ila_3' [/home/xmen/Videos/RustDesk/SystolicCore/SystolicCore/Zynq_Systolic_Core_AXI_FIFO_Stream/Zynq_Systolic_Core_AXI_FIFO_Stream.runs/SystolicCore_AXI_Stream_Systolic_0_0_synth_1/.Xil/Vivado-3539237-VT0144/realtime/ila_3_stub.v:6]
INFO: [Synth 8-6155] done synthesizing module 'ila_3' (0#1) [/home/xmen/Videos/RustDesk/SystolicCore/SystolicCore/Zynq_Systolic_Core_AXI_FIFO_Stream/Zynq_Systolic_Core_AXI_FIFO_Stream.runs/SystolicCore_AXI_Stream_Systolic_0_0_synth_1/.Xil/Vivado-3539237-VT0144/realtime/ila_3_stub.v:6]
INFO: [Synth 8-6155] done synthesizing module 'SystolicCoreTop' (0#1) [/home/xmen/Videos/RustDesk/SystolicCore/SystolicCore/rtl/SystolicCore.sv:23]
WARNING: [Synth 8-6104] Input port 's_axis_tlast' has an internal driver [/home/xmen/Videos/RustDesk/SystolicCore/SystolicCore/rtl/AXI_Stream_Systolic_Core.v:57]
WARNING: [Synth 8-689] width (32) of port connection 'uart_data_rx_out' does not match port width (8) of module 'SystolicCoreTop' [/home/xmen/Videos/RustDesk/SystolicCore/SystolicCore/rtl/AXI_Stream_Systolic_Core.v:58]
WARNING: [Synth 8-689] width (32) of port connection 'uart_data_tx_in' does not match port width (8) of module 'SystolicCoreTop' [/home/xmen/Videos/RustDesk/SystolicCore/SystolicCore/rtl/AXI_Stream_Systolic_Core.v:60]
INFO: [Synth 8-6155] done synthesizing module 'AXI_Stream_Systolic_Core' (0#1) [/home/xmen/Videos/RustDesk/SystolicCore/SystolicCore/rtl/AXI_Stream_Systolic_Core.v:23]
INFO: [Synth 8-6155] done synthesizing module 'SystolicCore_AXI_Stream_Systolic_0_0' (0#1) [/home/xmen/Videos/RustDesk/SystolicCore/SystolicCore/Zynq_Systolic_Core_AXI_FIFO_Stream/Zynq_Systolic_Core_AXI_FIFO_Stream.gen/sources_1/bd/SystolicCore/ip/SystolicCore_AXI_Stream_Systolic_0_0/synth/SystolicCore_AXI_Stream_Systolic_0_0.v:53]
INFO: [Synth 8-6071] Mark debug on the nets applies keep_hierarchy on instance 'your_instance_name1123'. This will prevent further optimization [/home/xmen/Videos/RustDesk/SystolicCore/SystolicCore/rtl/systolicMatrixMultiply.sv:59]
INFO: [Synth 8-6071] Mark debug on the nets applies keep_hierarchy on instance 'CELULA_ROWS[0].CELULA_COLUMNS[15].MAC'. This will prevent further optimization [/home/xmen/Videos/RustDesk/SystolicCore/SystolicCore/rtl/systolicMatrixMultiply.sv:45]
INFO: [Synth 8-6071] Mark debug on the nets applies keep_hierarchy on instance 'CELULA_ROWS[0].CELULA_COLUMNS[14].MAC'. This will prevent further optimization [/home/xmen/Videos/RustDesk/SystolicCore/SystolicCore/rtl/systolicMatrixMultiply.sv:45]
INFO: [Synth 8-6071] Mark debug on the nets applies keep_hierarchy on instance 'CELULA_ROWS[0].CELULA_COLUMNS[13].MAC'. This will prevent further optimization [/home/xmen/Videos/RustDesk/SystolicCore/SystolicCore/rtl/systolicMatrixMultiply.sv:45]
INFO: [Synth 8-6071] Mark debug on the nets applies keep_hierarchy on instance 'CELULA_ROWS[0].CELULA_COLUMNS[12].MAC'. This will prevent further optimization [/home/xmen/Videos/RustDesk/SystolicCore/SystolicCore/rtl/systolicMatrixMultiply.sv:45]
INFO: [Synth 8-6071] Mark debug on the nets applies keep_hierarchy on instance 'CELULA_ROWS[0].CELULA_COLUMNS[11].MAC'. This will prevent further optimization [/home/xmen/Videos/RustDesk/SystolicCore/SystolicCore/rtl/systolicMatrixMultiply.sv:45]
INFO: [Synth 8-6071] Mark debug on the nets applies keep_hierarchy on instance 'CELULA_ROWS[0].CELULA_COLUMNS[10].MAC'. This will prevent further optimization [/home/xmen/Videos/RustDesk/SystolicCore/SystolicCore/rtl/systolicMatrixMultiply.sv:45]
INFO: [Synth 8-6071] Mark debug on the nets applies keep_hierarchy on instance 'CELULA_ROWS[0].CELULA_COLUMNS[9].MAC'. This will prevent further optimization [/home/xmen/Videos/RustDesk/SystolicCore/SystolicCore/rtl/systolicMatrixMultiply.sv:45]
INFO: [Synth 8-6071] Mark debug on the nets applies keep_hierarchy on instance 'CELULA_ROWS[0].CELULA_COLUMNS[8].MAC'. This will prevent further optimization [/home/xmen/Videos/RustDesk/SystolicCore/SystolicCore/rtl/systolicMatrixMultiply.sv:45]
INFO: [Synth 8-6071] Mark debug on the nets applies keep_hierarchy on instance 'CELULA_ROWS[0].CELULA_COLUMNS[7].MAC'. This will prevent further optimization [/home/xmen/Videos/RustDesk/SystolicCore/SystolicCore/rtl/systolicMatrixMultiply.sv:45]
INFO: [Synth 8-6071] Mark debug on the nets applies keep_hierarchy on instance 'CELULA_ROWS[0].CELULA_COLUMNS[6].MAC'. This will prevent further optimization [/home/xmen/Videos/RustDesk/SystolicCore/SystolicCore/rtl/systolicMatrixMultiply.sv:45]
INFO: [Synth 8-6071] Mark debug on the nets applies keep_hierarchy on instance 'CELULA_ROWS[0].CELULA_COLUMNS[5].MAC'. This will prevent further optimization [/home/xmen/Videos/RustDesk/SystolicCore/SystolicCore/rtl/systolicMatrixMultiply.sv:45]
INFO: [Synth 8-6071] Mark debug on the nets applies keep_hierarchy on instance 'CELULA_ROWS[0].CELULA_COLUMNS[4].MAC'. This will prevent further optimization [/home/xmen/Videos/RustDesk/SystolicCore/SystolicCore/rtl/systolicMatrixMultiply.sv:45]
INFO: [Synth 8-6071] Mark debug on the nets applies keep_hierarchy on instance 'CELULA_ROWS[0].CELULA_COLUMNS[3].MAC'. This will prevent further optimization [/home/xmen/Videos/RustDesk/SystolicCore/SystolicCore/rtl/systolicMatrixMultiply.sv:45]
INFO: [Synth 8-6071] Mark debug on the nets applies keep_hierarchy on instance 'CELULA_ROWS[0].CELULA_COLUMNS[2].MAC'. This will prevent further optimization [/home/xmen/Videos/RustDesk/SystolicCore/SystolicCore/rtl/systolicMatrixMultiply.sv:45]
INFO: [Synth 8-6071] Mark debug on the nets applies keep_hierarchy on instance 'CELULA_ROWS[0].CELULA_COLUMNS[1].MAC'. This will prevent further optimization [/home/xmen/Videos/RustDesk/SystolicCore/SystolicCore/rtl/systolicMatrixMultiply.sv:45]
INFO: [Synth 8-6071] Mark debug on the nets applies keep_hierarchy on instance 'CELULA_ROWS[0].CELULA_COLUMNS[0].MAC'. This will prevent further optimization [/home/xmen/Videos/RustDesk/SystolicCore/SystolicCore/rtl/systolicMatrixMultiply.sv:45]
INFO: [Synth 8-6071] Mark debug on the nets applies keep_hierarchy on instance 'CELULA_ROWS[15].CELULA_COLUMNS[0].MAC'. This will prevent further optimization [/home/xmen/Videos/RustDesk/SystolicCore/SystolicCore/rtl/systolicMatrixMultiply.sv:45]
INFO: [Synth 8-6071] Mark debug on the nets applies keep_hierarchy on instance 'CELULA_ROWS[14].CELULA_COLUMNS[0].MAC'. This will prevent further optimization [/home/xmen/Videos/RustDesk/SystolicCore/SystolicCore/rtl/systolicMatrixMultiply.sv:45]
INFO: [Synth 8-6071] Mark debug on the nets applies keep_hierarchy on instance 'CELULA_ROWS[13].CELULA_COLUMNS[0].MAC'. This will prevent further optimization [/home/xmen/Videos/RustDesk/SystolicCore/SystolicCore/rtl/systolicMatrixMultiply.sv:45]
INFO: [Synth 8-6071] Mark debug on the nets applies keep_hierarchy on instance 'CELULA_ROWS[12].CELULA_COLUMNS[0].MAC'. This will prevent further optimization [/home/xmen/Videos/RustDesk/SystolicCore/SystolicCore/rtl/systolicMatrixMultiply.sv:45]
INFO: [Synth 8-6071] Mark debug on the nets applies keep_hierarchy on instance 'CELULA_ROWS[11].CELULA_COLUMNS[0].MAC'. This will prevent further optimization [/home/xmen/Videos/RustDesk/SystolicCore/SystolicCore/rtl/systolicMatrixMultiply.sv:45]
INFO: [Synth 8-6071] Mark debug on the nets applies keep_hierarchy on instance 'CELULA_ROWS[10].CELULA_COLUMNS[0].MAC'. This will prevent further optimization [/home/xmen/Videos/RustDesk/SystolicCore/SystolicCore/rtl/systolicMatrixMultiply.sv:45]
INFO: [Synth 8-6071] Mark debug on the nets applies keep_hierarchy on instance 'CELULA_ROWS[9].CELULA_COLUMNS[0].MAC'. This will prevent further optimization [/home/xmen/Videos/RustDesk/SystolicCore/SystolicCore/rtl/systolicMatrixMultiply.sv:45]
INFO: [Synth 8-6071] Mark debug on the nets applies keep_hierarchy on instance 'CELULA_ROWS[8].CELULA_COLUMNS[0].MAC'. This will prevent further optimization [/home/xmen/Videos/RustDesk/SystolicCore/SystolicCore/rtl/systolicMatrixMultiply.sv:45]
INFO: [Synth 8-6071] Mark debug on the nets applies keep_hierarchy on instance 'CELULA_ROWS[7].CELULA_COLUMNS[0].MAC'. This will prevent further optimization [/home/xmen/Videos/RustDesk/SystolicCore/SystolicCore/rtl/systolicMatrixMultiply.sv:45]
INFO: [Synth 8-6071] Mark debug on the nets applies keep_hierarchy on instance 'CELULA_ROWS[6].CELULA_COLUMNS[0].MAC'. This will prevent further optimization [/home/xmen/Videos/RustDesk/SystolicCore/SystolicCore/rtl/systolicMatrixMultiply.sv:45]
INFO: [Synth 8-6071] Mark debug on the nets applies keep_hierarchy on instance 'CELULA_ROWS[5].CELULA_COLUMNS[0].MAC'. This will prevent further optimization [/home/xmen/Videos/RustDesk/SystolicCore/SystolicCore/rtl/systolicMatrixMultiply.sv:45]
INFO: [Synth 8-6071] Mark debug on the nets applies keep_hierarchy on instance 'CELULA_ROWS[4].CELULA_COLUMNS[0].MAC'. This will prevent further optimization [/home/xmen/Videos/RustDesk/SystolicCore/SystolicCore/rtl/systolicMatrixMultiply.sv:45]
INFO: [Synth 8-6071] Mark debug on the nets applies keep_hierarchy on instance 'CELULA_ROWS[3].CELULA_COLUMNS[0].MAC'. This will prevent further optimization [/home/xmen/Videos/RustDesk/SystolicCore/SystolicCore/rtl/systolicMatrixMultiply.sv:45]
INFO: [Synth 8-6071] Mark debug on the nets applies keep_hierarchy on instance 'CELULA_ROWS[2].CELULA_COLUMNS[0].MAC'. This will prevent further optimization [/home/xmen/Videos/RustDesk/SystolicCore/SystolicCore/rtl/systolicMatrixMultiply.sv:45]
INFO: [Synth 8-6071] Mark debug on the nets applies keep_hierarchy on instance 'CELULA_ROWS[1].CELULA_COLUMNS[0].MAC'. This will prevent further optimization [/home/xmen/Videos/RustDesk/SystolicCore/SystolicCore/rtl/systolicMatrixMultiply.sv:45]
INFO: [Synth 8-6071] Mark debug on the nets applies keep_hierarchy on instance 'CELULA_ROWS[15].CELULA_COLUMNS[15].MAC'. This will prevent further optimization [/home/xmen/Videos/RustDesk/SystolicCore/SystolicCore/rtl/systolicMatrixMultiply.sv:45]
INFO: [Synth 8-6071] Mark debug on the nets applies keep_hierarchy on instance 'CELULA_ROWS[15].CELULA_COLUMNS[14].MAC'. This will prevent further optimization [/home/xmen/Videos/RustDesk/SystolicCore/SystolicCore/rtl/systolicMatrixMultiply.sv:45]
INFO: [Synth 8-6071] Mark debug on the nets applies keep_hierarchy on instance 'CELULA_ROWS[15].CELULA_COLUMNS[13].MAC'. This will prevent further optimization [/home/xmen/Videos/RustDesk/SystolicCore/SystolicCore/rtl/systolicMatrixMultiply.sv:45]
INFO: [Synth 8-6071] Mark debug on the nets applies keep_hierarchy on instance 'CELULA_ROWS[15].CELULA_COLUMNS[12].MAC'. This will prevent further optimization [/home/xmen/Videos/RustDesk/SystolicCore/SystolicCore/rtl/systolicMatrixMultiply.sv:45]
INFO: [Synth 8-6071] Mark debug on the nets applies keep_hierarchy on instance 'CELULA_ROWS[15].CELULA_COLUMNS[11].MAC'. This will prevent further optimization [/home/xmen/Videos/RustDesk/SystolicCore/SystolicCore/rtl/systolicMatrixMultiply.sv:45]
INFO: [Synth 8-6071] Mark debug on the nets applies keep_hierarchy on instance 'CELULA_ROWS[15].CELULA_COLUMNS[10].MAC'. This will prevent further optimization [/home/xmen/Videos/RustDesk/SystolicCore/SystolicCore/rtl/systolicMatrixMultiply.sv:45]
INFO: [Synth 8-6071] Mark debug on the nets applies keep_hierarchy on instance 'CELULA_ROWS[15].CELULA_COLUMNS[9].MAC'. This will prevent further optimization [/home/xmen/Videos/RustDesk/SystolicCore/SystolicCore/rtl/systolicMatrixMultiply.sv:45]
INFO: [Synth 8-6071] Mark debug on the nets applies keep_hierarchy on instance 'CELULA_ROWS[15].CELULA_COLUMNS[8].MAC'. This will prevent further optimization [/home/xmen/Videos/RustDesk/SystolicCore/SystolicCore/rtl/systolicMatrixMultiply.sv:45]
INFO: [Synth 8-6071] Mark debug on the nets applies keep_hierarchy on instance 'CELULA_ROWS[15].CELULA_COLUMNS[7].MAC'. This will prevent further optimization [/home/xmen/Videos/RustDesk/SystolicCore/SystolicCore/rtl/systolicMatrixMultiply.sv:45]
INFO: [Synth 8-6071] Mark debug on the nets applies keep_hierarchy on instance 'CELULA_ROWS[15].CELULA_COLUMNS[6].MAC'. This will prevent further optimization [/home/xmen/Videos/RustDesk/SystolicCore/SystolicCore/rtl/systolicMatrixMultiply.sv:45]
INFO: [Synth 8-6071] Mark debug on the nets applies keep_hierarchy on instance 'CELULA_ROWS[15].CELULA_COLUMNS[5].MAC'. This will prevent further optimization [/home/xmen/Videos/RustDesk/SystolicCore/SystolicCore/rtl/systolicMatrixMultiply.sv:45]
INFO: [Synth 8-6071] Mark debug on the nets applies keep_hierarchy on instance 'CELULA_ROWS[15].CELULA_COLUMNS[4].MAC'. This will prevent further optimization [/home/xmen/Videos/RustDesk/SystolicCore/SystolicCore/rtl/systolicMatrixMultiply.sv:45]
INFO: [Synth 8-6071] Mark debug on the nets applies keep_hierarchy on instance 'CELULA_ROWS[15].CELULA_COLUMNS[3].MAC'. This will prevent further optimization [/home/xmen/Videos/RustDesk/SystolicCore/SystolicCore/rtl/systolicMatrixMultiply.sv:45]
INFO: [Synth 8-6071] Mark debug on the nets applies keep_hierarchy on instance 'CELULA_ROWS[15].CELULA_COLUMNS[2].MAC'. This will prevent further optimization [/home/xmen/Videos/RustDesk/SystolicCore/SystolicCore/rtl/systolicMatrixMultiply.sv:45]
INFO: [Synth 8-6071] Mark debug on the nets applies keep_hierarchy on instance 'CELULA_ROWS[15].CELULA_COLUMNS[1].MAC'. This will prevent further optimization [/home/xmen/Videos/RustDesk/SystolicCore/SystolicCore/rtl/systolicMatrixMultiply.sv:45]
INFO: [Synth 8-6071] Mark debug on the nets applies keep_hierarchy on instance 'CELULA_ROWS[14].CELULA_COLUMNS[15].MAC'. This will prevent further optimization [/home/xmen/Videos/RustDesk/SystolicCore/SystolicCore/rtl/systolicMatrixMultiply.sv:45]
INFO: [Synth 8-6071] Mark debug on the nets applies keep_hierarchy on instance 'CELULA_ROWS[14].CELULA_COLUMNS[14].MAC'. This will prevent further optimization [/home/xmen/Videos/RustDesk/SystolicCore/SystolicCore/rtl/systolicMatrixMultiply.sv:45]
INFO: [Synth 8-6071] Mark debug on the nets applies keep_hierarchy on instance 'CELULA_ROWS[14].CELULA_COLUMNS[13].MAC'. This will prevent further optimization [/home/xmen/Videos/RustDesk/SystolicCore/SystolicCore/rtl/systolicMatrixMultiply.sv:45]
INFO: [Synth 8-6071] Mark debug on the nets applies keep_hierarchy on instance 'CELULA_ROWS[14].CELULA_COLUMNS[12].MAC'. This will prevent further optimization [/home/xmen/Videos/RustDesk/SystolicCore/SystolicCore/rtl/systolicMatrixMultiply.sv:45]
INFO: [Synth 8-6071] Mark debug on the nets applies keep_hierarchy on instance 'CELULA_ROWS[14].CELULA_COLUMNS[11].MAC'. This will prevent further optimization [/home/xmen/Videos/RustDesk/SystolicCore/SystolicCore/rtl/systolicMatrixMultiply.sv:45]
INFO: [Synth 8-6071] Mark debug on the nets applies keep_hierarchy on instance 'CELULA_ROWS[14].CELULA_COLUMNS[10].MAC'. This will prevent further optimization [/home/xmen/Videos/RustDesk/SystolicCore/SystolicCore/rtl/systolicMatrixMultiply.sv:45]
INFO: [Synth 8-6071] Mark debug on the nets applies keep_hierarchy on instance 'CELULA_ROWS[14].CELULA_COLUMNS[9].MAC'. This will prevent further optimization [/home/xmen/Videos/RustDesk/SystolicCore/SystolicCore/rtl/systolicMatrixMultiply.sv:45]
INFO: [Synth 8-6071] Mark debug on the nets applies keep_hierarchy on instance 'CELULA_ROWS[14].CELULA_COLUMNS[8].MAC'. This will prevent further optimization [/home/xmen/Videos/RustDesk/SystolicCore/SystolicCore/rtl/systolicMatrixMultiply.sv:45]
INFO: [Synth 8-6071] Mark debug on the nets applies keep_hierarchy on instance 'CELULA_ROWS[14].CELULA_COLUMNS[7].MAC'. This will prevent further optimization [/home/xmen/Videos/RustDesk/SystolicCore/SystolicCore/rtl/systolicMatrixMultiply.sv:45]
INFO: [Synth 8-6071] Mark debug on the nets applies keep_hierarchy on instance 'CELULA_ROWS[14].CELULA_COLUMNS[6].MAC'. This will prevent further optimization [/home/xmen/Videos/RustDesk/SystolicCore/SystolicCore/rtl/systolicMatrixMultiply.sv:45]
INFO: [Synth 8-6071] Mark debug on the nets applies keep_hierarchy on instance 'CELULA_ROWS[14].CELULA_COLUMNS[5].MAC'. This will prevent further optimization [/home/xmen/Videos/RustDesk/SystolicCore/SystolicCore/rtl/systolicMatrixMultiply.sv:45]
INFO: [Synth 8-6071] Mark debug on the nets applies keep_hierarchy on instance 'CELULA_ROWS[14].CELULA_COLUMNS[4].MAC'. This will prevent further optimization [/home/xmen/Videos/RustDesk/SystolicCore/SystolicCore/rtl/systolicMatrixMultiply.sv:45]
INFO: [Synth 8-6071] Mark debug on the nets applies keep_hierarchy on instance 'CELULA_ROWS[14].CELULA_COLUMNS[3].MAC'. This will prevent further optimization [/home/xmen/Videos/RustDesk/SystolicCore/SystolicCore/rtl/systolicMatrixMultiply.sv:45]
INFO: [Synth 8-6071] Mark debug on the nets applies keep_hierarchy on instance 'CELULA_ROWS[14].CELULA_COLUMNS[2].MAC'. This will prevent further optimization [/home/xmen/Videos/RustDesk/SystolicCore/SystolicCore/rtl/systolicMatrixMultiply.sv:45]
INFO: [Synth 8-6071] Mark debug on the nets applies keep_hierarchy on instance 'CELULA_ROWS[14].CELULA_COLUMNS[1].MAC'. This will prevent further optimization [/home/xmen/Videos/RustDesk/SystolicCore/SystolicCore/rtl/systolicMatrixMultiply.sv:45]
INFO: [Synth 8-6071] Mark debug on the nets applies keep_hierarchy on instance 'CELULA_ROWS[13].CELULA_COLUMNS[15].MAC'. This will prevent further optimization [/home/xmen/Videos/RustDesk/SystolicCore/SystolicCore/rtl/systolicMatrixMultiply.sv:45]
INFO: [Synth 8-6071] Mark debug on the nets applies keep_hierarchy on instance 'CELULA_ROWS[13].CELULA_COLUMNS[14].MAC'. This will prevent further optimization [/home/xmen/Videos/RustDesk/SystolicCore/SystolicCore/rtl/systolicMatrixMultiply.sv:45]
INFO: [Synth 8-6071] Mark debug on the nets applies keep_hierarchy on instance 'CELULA_ROWS[13].CELULA_COLUMNS[13].MAC'. This will prevent further optimization [/home/xmen/Videos/RustDesk/SystolicCore/SystolicCore/rtl/systolicMatrixMultiply.sv:45]
INFO: [Synth 8-6071] Mark debug on the nets applies keep_hierarchy on instance 'CELULA_ROWS[13].CELULA_COLUMNS[12].MAC'. This will prevent further optimization [/home/xmen/Videos/RustDesk/SystolicCore/SystolicCore/rtl/systolicMatrixMultiply.sv:45]
INFO: [Synth 8-6071] Mark debug on the nets applies keep_hierarchy on instance 'CELULA_ROWS[13].CELULA_COLUMNS[11].MAC'. This will prevent further optimization [/home/xmen/Videos/RustDesk/SystolicCore/SystolicCore/rtl/systolicMatrixMultiply.sv:45]
INFO: [Synth 8-6071] Mark debug on the nets applies keep_hierarchy on instance 'CELULA_ROWS[13].CELULA_COLUMNS[10].MAC'. This will prevent further optimization [/home/xmen/Videos/RustDesk/SystolicCore/SystolicCore/rtl/systolicMatrixMultiply.sv:45]
INFO: [Synth 8-6071] Mark debug on the nets applies keep_hierarchy on instance 'CELULA_ROWS[13].CELULA_COLUMNS[9].MAC'. This will prevent further optimization [/home/xmen/Videos/RustDesk/SystolicCore/SystolicCore/rtl/systolicMatrixMultiply.sv:45]
INFO: [Synth 8-6071] Mark debug on the nets applies keep_hierarchy on instance 'CELULA_ROWS[13].CELULA_COLUMNS[8].MAC'. This will prevent further optimization [/home/xmen/Videos/RustDesk/SystolicCore/SystolicCore/rtl/systolicMatrixMultiply.sv:45]
INFO: [Synth 8-6071] Mark debug on the nets applies keep_hierarchy on instance 'CELULA_ROWS[13].CELULA_COLUMNS[7].MAC'. This will prevent further optimization [/home/xmen/Videos/RustDesk/SystolicCore/SystolicCore/rtl/systolicMatrixMultiply.sv:45]
INFO: [Synth 8-6071] Mark debug on the nets applies keep_hierarchy on instance 'CELULA_ROWS[13].CELULA_COLUMNS[6].MAC'. This will prevent further optimization [/home/xmen/Videos/RustDesk/SystolicCore/SystolicCore/rtl/systolicMatrixMultiply.sv:45]
INFO: [Synth 8-6071] Mark debug on the nets applies keep_hierarchy on instance 'CELULA_ROWS[13].CELULA_COLUMNS[5].MAC'. This will prevent further optimization [/home/xmen/Videos/RustDesk/SystolicCore/SystolicCore/rtl/systolicMatrixMultiply.sv:45]
INFO: [Synth 8-6071] Mark debug on the nets applies keep_hierarchy on instance 'CELULA_ROWS[13].CELULA_COLUMNS[4].MAC'. This will prevent further optimization [/home/xmen/Videos/RustDesk/SystolicCore/SystolicCore/rtl/systolicMatrixMultiply.sv:45]
INFO: [Synth 8-6071] Mark debug on the nets applies keep_hierarchy on instance 'CELULA_ROWS[13].CELULA_COLUMNS[3].MAC'. This will prevent further optimization [/home/xmen/Videos/RustDesk/SystolicCore/SystolicCore/rtl/systolicMatrixMultiply.sv:45]
INFO: [Synth 8-6071] Mark debug on the nets applies keep_hierarchy on instance 'CELULA_ROWS[13].CELULA_COLUMNS[2].MAC'. This will prevent further optimization [/home/xmen/Videos/RustDesk/SystolicCore/SystolicCore/rtl/systolicMatrixMultiply.sv:45]
INFO: [Synth 8-6071] Mark debug on the nets applies keep_hierarchy on instance 'CELULA_ROWS[13].CELULA_COLUMNS[1].MAC'. This will prevent further optimization [/home/xmen/Videos/RustDesk/SystolicCore/SystolicCore/rtl/systolicMatrixMultiply.sv:45]
INFO: [Synth 8-6071] Mark debug on the nets applies keep_hierarchy on instance 'CELULA_ROWS[12].CELULA_COLUMNS[15].MAC'. This will prevent further optimization [/home/xmen/Videos/RustDesk/SystolicCore/SystolicCore/rtl/systolicMatrixMultiply.sv:45]
INFO: [Synth 8-6071] Mark debug on the nets applies keep_hierarchy on instance 'CELULA_ROWS[12].CELULA_COLUMNS[14].MAC'. This will prevent further optimization [/home/xmen/Videos/RustDesk/SystolicCore/SystolicCore/rtl/systolicMatrixMultiply.sv:45]
INFO: [Synth 8-6071] Mark debug on the nets applies keep_hierarchy on instance 'CELULA_ROWS[12].CELULA_COLUMNS[13].MAC'. This will prevent further optimization [/home/xmen/Videos/RustDesk/SystolicCore/SystolicCore/rtl/systolicMatrixMultiply.sv:45]
INFO: [Synth 8-6071] Mark debug on the nets applies keep_hierarchy on instance 'CELULA_ROWS[12].CELULA_COLUMNS[12].MAC'. This will prevent further optimization [/home/xmen/Videos/RustDesk/SystolicCore/SystolicCore/rtl/systolicMatrixMultiply.sv:45]
INFO: [Synth 8-6071] Mark debug on the nets applies keep_hierarchy on instance 'CELULA_ROWS[12].CELULA_COLUMNS[11].MAC'. This will prevent further optimization [/home/xmen/Videos/RustDesk/SystolicCore/SystolicCore/rtl/systolicMatrixMultiply.sv:45]
INFO: [Synth 8-6071] Mark debug on the nets applies keep_hierarchy on instance 'CELULA_ROWS[12].CELULA_COLUMNS[10].MAC'. This will prevent further optimization [/home/xmen/Videos/RustDesk/SystolicCore/SystolicCore/rtl/systolicMatrixMultiply.sv:45]
INFO: [Synth 8-6071] Mark debug on the nets applies keep_hierarchy on instance 'CELULA_ROWS[12].CELULA_COLUMNS[9].MAC'. This will prevent further optimization [/home/xmen/Videos/RustDesk/SystolicCore/SystolicCore/rtl/systolicMatrixMultiply.sv:45]
INFO: [Synth 8-6071] Mark debug on the nets applies keep_hierarchy on instance 'CELULA_ROWS[12].CELULA_COLUMNS[8].MAC'. This will prevent further optimization [/home/xmen/Videos/RustDesk/SystolicCore/SystolicCore/rtl/systolicMatrixMultiply.sv:45]
INFO: [Synth 8-6071] Mark debug on the nets applies keep_hierarchy on instance 'CELULA_ROWS[12].CELULA_COLUMNS[7].MAC'. This will prevent further optimization [/home/xmen/Videos/RustDesk/SystolicCore/SystolicCore/rtl/systolicMatrixMultiply.sv:45]
INFO: [Synth 8-6071] Mark debug on the nets applies keep_hierarchy on instance 'CELULA_ROWS[12].CELULA_COLUMNS[6].MAC'. This will prevent further optimization [/home/xmen/Videos/RustDesk/SystolicCore/SystolicCore/rtl/systolicMatrixMultiply.sv:45]
INFO: [Synth 8-6071] Mark debug on the nets applies keep_hierarchy on instance 'CELULA_ROWS[12].CELULA_COLUMNS[5].MAC'. This will prevent further optimization [/home/xmen/Videos/RustDesk/SystolicCore/SystolicCore/rtl/systolicMatrixMultiply.sv:45]
INFO: [Synth 8-6071] Mark debug on the nets applies keep_hierarchy on instance 'CELULA_ROWS[12].CELULA_COLUMNS[4].MAC'. This will prevent further optimization [/home/xmen/Videos/RustDesk/SystolicCore/SystolicCore/rtl/systolicMatrixMultiply.sv:45]
INFO: [Synth 8-6071] Mark debug on the nets applies keep_hierarchy on instance 'CELULA_ROWS[12].CELULA_COLUMNS[3].MAC'. This will prevent further optimization [/home/xmen/Videos/RustDesk/SystolicCore/SystolicCore/rtl/systolicMatrixMultiply.sv:45]
INFO: [Synth 8-6071] Mark debug on the nets applies keep_hierarchy on instance 'CELULA_ROWS[12].CELULA_COLUMNS[2].MAC'. This will prevent further optimization [/home/xmen/Videos/RustDesk/SystolicCore/SystolicCore/rtl/systolicMatrixMultiply.sv:45]
INFO: [Synth 8-6071] Mark debug on the nets applies keep_hierarchy on instance 'CELULA_ROWS[12].CELULA_COLUMNS[1].MAC'. This will prevent further optimization [/home/xmen/Videos/RustDesk/SystolicCore/SystolicCore/rtl/systolicMatrixMultiply.sv:45]
INFO: [Synth 8-6071] Mark debug on the nets applies keep_hierarchy on instance 'CELULA_ROWS[11].CELULA_COLUMNS[15].MAC'. This will prevent further optimization [/home/xmen/Videos/RustDesk/SystolicCore/SystolicCore/rtl/systolicMatrixMultiply.sv:45]
INFO: [Synth 8-6071] Mark debug on the nets applies keep_hierarchy on instance 'CELULA_ROWS[11].CELULA_COLUMNS[14].MAC'. This will prevent further optimization [/home/xmen/Videos/RustDesk/SystolicCore/SystolicCore/rtl/systolicMatrixMultiply.sv:45]
INFO: [Synth 8-6071] Mark debug on the nets applies keep_hierarchy on instance 'CELULA_ROWS[11].CELULA_COLUMNS[13].MAC'. This will prevent further optimization [/home/xmen/Videos/RustDesk/SystolicCore/SystolicCore/rtl/systolicMatrixMultiply.sv:45]
INFO: [Synth 8-6071] Mark debug on the nets applies keep_hierarchy on instance 'CELULA_ROWS[11].CELULA_COLUMNS[12].MAC'. This will prevent further optimization [/home/xmen/Videos/RustDesk/SystolicCore/SystolicCore/rtl/systolicMatrixMultiply.sv:45]
INFO: [Synth 8-6071] Mark debug on the nets applies keep_hierarchy on instance 'CELULA_ROWS[11].CELULA_COLUMNS[11].MAC'. This will prevent further optimization [/home/xmen/Videos/RustDesk/SystolicCore/SystolicCore/rtl/systolicMatrixMultiply.sv:45]
INFO: [Synth 8-6071] Mark debug on the nets applies keep_hierarchy on instance 'CELULA_ROWS[11].CELULA_COLUMNS[10].MAC'. This will prevent further optimization [/home/xmen/Videos/RustDesk/SystolicCore/SystolicCore/rtl/systolicMatrixMultiply.sv:45]
INFO: [Synth 8-6071] Mark debug on the nets applies keep_hierarchy on instance 'CELULA_ROWS[11].CELULA_COLUMNS[9].MAC'. This will prevent further optimization [/home/xmen/Videos/RustDesk/SystolicCore/SystolicCore/rtl/systolicMatrixMultiply.sv:45]
INFO: [Synth 8-6071] Mark debug on the nets applies keep_hierarchy on instance 'CELULA_ROWS[11].CELULA_COLUMNS[8].MAC'. This will prevent further optimization [/home/xmen/Videos/RustDesk/SystolicCore/SystolicCore/rtl/systolicMatrixMultiply.sv:45]
INFO: [Common 17-14] Message 'Synth 8-6071' appears 100 times and further instances of the messages will be disabled. Use the Tcl command set_msg_config to change the current settings.
WARNING: [Synth 8-7137] Register next_buf_data_reg in module serial2mem has both Set and reset with same priority. This may cause simulation mismatches. Consider rewriting code  [/home/xmen/Videos/RustDesk/SystolicCore/SystolicCore/rtl/serial2mem.sv:143]
WARNING: [Synth 8-87] always_comb on 'serial2mem_opa_rw_reg' did not result in combinational logic [/home/xmen/Videos/RustDesk/SystolicCore/SystolicCore/rtl/SystolicControlUnit.sv:78]
WARNING: [Synth 8-87] always_comb on 'serial2mem_opb_rw_reg' did not result in combinational logic [/home/xmen/Videos/RustDesk/SystolicCore/SystolicCore/rtl/SystolicControlUnit.sv:79]
WARNING: [Synth 8-87] always_comb on 'serial2mem_opa_rready_i_reg' did not result in combinational logic [/home/xmen/Videos/RustDesk/SystolicCore/SystolicCore/rtl/SystolicControlUnit.sv:80]
WARNING: [Synth 8-87] always_comb on 'serial2mem_opb_rready_i_reg' did not result in combinational logic [/home/xmen/Videos/RustDesk/SystolicCore/SystolicCore/rtl/SystolicControlUnit.sv:81]
WARNING: [Synth 8-87] always_comb on 'starting_frame_identified_reg' did not result in combinational logic [/home/xmen/Videos/RustDesk/SystolicCore/SystolicCore/rtl/SystolicControlUnit.sv:88]
INFO: [Synth 8-7129] Port serial2mem_opb_rvalid_o in module systolicControlUnitTop is either unconnected or has no load
INFO: [Synth 8-7129] Port serial2mem_opa_ready_o in module systolicControlUnitTop is either unconnected or has no load
INFO: [Synth 8-7129] Port s_axis_tdata[31] in module AXI_Stream_Systolic_Core is either unconnected or has no load
INFO: [Synth 8-7129] Port s_axis_tdata[30] in module AXI_Stream_Systolic_Core is either unconnected or has no load
INFO: [Synth 8-7129] Port s_axis_tdata[29] in module AXI_Stream_Systolic_Core is either unconnected or has no load
INFO: [Synth 8-7129] Port s_axis_tdata[28] in module AXI_Stream_Systolic_Core is either unconnected or has no load
INFO: [Synth 8-7129] Port s_axis_tdata[27] in module AXI_Stream_Systolic_Core is either unconnected or has no load
INFO: [Synth 8-7129] Port s_axis_tdata[26] in module AXI_Stream_Systolic_Core is either unconnected or has no load
INFO: [Synth 8-7129] Port s_axis_tdata[25] in module AXI_Stream_Systolic_Core is either unconnected or has no load
INFO: [Synth 8-7129] Port s_axis_tdata[24] in module AXI_Stream_Systolic_Core is either unconnected or has no load
INFO: [Synth 8-7129] Port s_axis_tdata[23] in module AXI_Stream_Systolic_Core is either unconnected or has no load
INFO: [Synth 8-7129] Port s_axis_tdata[22] in module AXI_Stream_Systolic_Core is either unconnected or has no load
INFO: [Synth 8-7129] Port s_axis_tdata[21] in module AXI_Stream_Systolic_Core is either unconnected or has no load
INFO: [Synth 8-7129] Port s_axis_tdata[20] in module AXI_Stream_Systolic_Core is either unconnected or has no load
INFO: [Synth 8-7129] Port s_axis_tdata[19] in module AXI_Stream_Systolic_Core is either unconnected or has no load
INFO: [Synth 8-7129] Port s_axis_tdata[18] in module AXI_Stream_Systolic_Core is either unconnected or has no load
INFO: [Synth 8-7129] Port s_axis_tdata[17] in module AXI_Stream_Systolic_Core is either unconnected or has no load
INFO: [Synth 8-7129] Port s_axis_tdata[16] in module AXI_Stream_Systolic_Core is either unconnected or has no load
INFO: [Synth 8-7129] Port s_axis_tdata[15] in module AXI_Stream_Systolic_Core is either unconnected or has no load
INFO: [Synth 8-7129] Port s_axis_tdata[14] in module AXI_Stream_Systolic_Core is either unconnected or has no load
INFO: [Synth 8-7129] Port s_axis_tdata[13] in module AXI_Stream_Systolic_Core is either unconnected or has no load
INFO: [Synth 8-7129] Port s_axis_tdata[12] in module AXI_Stream_Systolic_Core is either unconnected or has no load
INFO: [Synth 8-7129] Port s_axis_tdata[11] in module AXI_Stream_Systolic_Core is either unconnected or has no load
INFO: [Synth 8-7129] Port s_axis_tdata[10] in module AXI_Stream_Systolic_Core is either unconnected or has no load
INFO: [Synth 8-7129] Port s_axis_tdata[9] in module AXI_Stream_Systolic_Core is either unconnected or has no load
INFO: [Synth 8-7129] Port s_axis_tdata[8] in module AXI_Stream_Systolic_Core is either unconnected or has no load
---------------------------------------------------------------------------------
Finished RTL Elaboration : Time (s): cpu = 00:00:03 ; elapsed = 00:00:03 . Memory (MB): peak = 3343.043 ; gain = 292.656 ; free physical = 4676 ; free virtual = 39517
---------------------------------------------------------------------------------
---------------------------------------------------------------------------------
Start Handling Custom Attributes
---------------------------------------------------------------------------------
---------------------------------------------------------------------------------
Finished Handling Custom Attributes : Time (s): cpu = 00:00:03 ; elapsed = 00:00:03 . Memory (MB): peak = 3343.043 ; gain = 292.656 ; free physical = 4676 ; free virtual = 39517
---------------------------------------------------------------------------------
---------------------------------------------------------------------------------
Finished RTL Optimization Phase 1 : Time (s): cpu = 00:00:03 ; elapsed = 00:00:03 . Memory (MB): peak = 3343.043 ; gain = 292.656 ; free physical = 4676 ; free virtual = 39517
---------------------------------------------------------------------------------
Netlist sorting complete. Time (s): cpu = 00:00:00.05 ; elapsed = 00:00:00.05 . Memory (MB): peak = 3343.043 ; gain = 0.000 ; free physical = 4743 ; free virtual = 39584
INFO: [Project 1-570] Preparing netlist for logic optimization

Processing XDC Constraints
Initializing timing engine
Parsing XDC File [/home/xmen/Videos/RustDesk/SystolicCore/SystolicCore/Zynq_Systolic_Core_AXI_FIFO_Stream/Zynq_Systolic_Core_AXI_FIFO_Stream.gen/sources_1/ip/ila_3/ila_3/ila_3_in_context.xdc] for cell 'inst/SystolicCore0/your_instance_name'
Finished Parsing XDC File [/home/xmen/Videos/RustDesk/SystolicCore/SystolicCore/Zynq_Systolic_Core_AXI_FIFO_Stream/Zynq_Systolic_Core_AXI_FIFO_Stream.gen/sources_1/ip/ila_3/ila_3/ila_3_in_context.xdc] for cell 'inst/SystolicCore0/your_instance_name'
Parsing XDC File [/home/xmen/Videos/RustDesk/SystolicCore/SystolicCore/Zynq_Systolic_Core_AXI_FIFO_Stream/Zynq_Systolic_Core_AXI_FIFO_Stream.gen/sources_1/ip/ila_0/ila_0/ila_0_in_context.xdc] for cell 'inst/SystolicCore0/systolicControlUnit_Global/your_instance_name'
Finished Parsing XDC File [/home/xmen/Videos/RustDesk/SystolicCore/SystolicCore/Zynq_Systolic_Core_AXI_FIFO_Stream/Zynq_Systolic_Core_AXI_FIFO_Stream.gen/sources_1/ip/ila_0/ila_0/ila_0_in_context.xdc] for cell 'inst/SystolicCore0/systolicControlUnit_Global/your_instance_name'
Parsing XDC File [/home/xmen/Videos/RustDesk/SystolicCore/SystolicCore/Zynq_Systolic_Core_AXI_FIFO_Stream/Zynq_Systolic_Core_AXI_FIFO_Stream.gen/sources_1/ip/ila_1/ila_1/ila_1_in_context.xdc] for cell 'inst/SystolicCore0/mem2serial_transfer_pc/your_instance_name2'
Finished Parsing XDC File [/home/xmen/Videos/RustDesk/SystolicCore/SystolicCore/Zynq_Systolic_Core_AXI_FIFO_Stream/Zynq_Systolic_Core_AXI_FIFO_Stream.gen/sources_1/ip/ila_1/ila_1/ila_1_in_context.xdc] for cell 'inst/SystolicCore0/mem2serial_transfer_pc/your_instance_name2'
Parsing XDC File [/home/xmen/Videos/RustDesk/SystolicCore/SystolicCore/Zynq_Systolic_Core_AXI_FIFO_Stream/Zynq_Systolic_Core_AXI_FIFO_Stream.gen/sources_1/ip/ila_1/ila_1/ila_1_in_context.xdc] for cell 'inst/SystolicCore0/mem2serial_transfer_pc/your_instance_name'
Finished Parsing XDC File [/home/xmen/Videos/RustDesk/SystolicCore/SystolicCore/Zynq_Systolic_Core_AXI_FIFO_Stream/Zynq_Systolic_Core_AXI_FIFO_Stream.gen/sources_1/ip/ila_1/ila_1/ila_1_in_context.xdc] for cell 'inst/SystolicCore0/mem2serial_transfer_pc/your_instance_name'
Parsing XDC File [/home/xmen/Videos/RustDesk/SystolicCore/SystolicCore/Zynq_Systolic_Core_AXI_FIFO_Stream/Zynq_Systolic_Core_AXI_FIFO_Stream.gen/sources_1/ip/ila_2/ila_2/ila_2_in_context.xdc] for cell 'inst/SystolicCore0/DUT_MatrixMultiplyM0/your_instance_name1123'
Finished Parsing XDC File [/home/xmen/Videos/RustDesk/SystolicCore/SystolicCore/Zynq_Systolic_Core_AXI_FIFO_Stream/Zynq_Systolic_Core_AXI_FIFO_Stream.gen/sources_1/ip/ila_2/ila_2/ila_2_in_context.xdc] for cell 'inst/SystolicCore0/DUT_MatrixMultiplyM0/your_instance_name1123'
Parsing XDC File [/home/xmen/Videos/RustDesk/SystolicCore/SystolicCore/Zynq_Systolic_Core_AXI_FIFO_Stream/Zynq_Systolic_Core_AXI_FIFO_Stream.gen/sources_1/ip/ila_2/ila_2/ila_2_in_context.xdc] for cell 'inst/SystolicCore0/serial2mem_opA/your_instance_name1123'
Finished Parsing XDC File [/home/xmen/Videos/RustDesk/SystolicCore/SystolicCore/Zynq_Systolic_Core_AXI_FIFO_Stream/Zynq_Systolic_Core_AXI_FIFO_Stream.gen/sources_1/ip/ila_2/ila_2/ila_2_in_context.xdc] for cell 'inst/SystolicCore0/serial2mem_opA/your_instance_name1123'
Parsing XDC File [/home/xmen/Videos/RustDesk/SystolicCore/SystolicCore/Zynq_Systolic_Core_AXI_FIFO_Stream/Zynq_Systolic_Core_AXI_FIFO_Stream.gen/sources_1/ip/ila_2/ila_2/ila_2_in_context.xdc] for cell 'inst/SystolicCore0/serial2mem_opB/your_instance_name1123'
Finished Parsing XDC File [/home/xmen/Videos/RustDesk/SystolicCore/SystolicCore/Zynq_Systolic_Core_AXI_FIFO_Stream/Zynq_Systolic_Core_AXI_FIFO_Stream.gen/sources_1/ip/ila_2/ila_2/ila_2_in_context.xdc] for cell 'inst/SystolicCore0/serial2mem_opB/your_instance_name1123'
Parsing XDC File [/home/xmen/Videos/RustDesk/SystolicCore/SystolicCore/Zynq_Systolic_Core_AXI_FIFO_Stream/Zynq_Systolic_Core_AXI_FIFO_Stream.gen/sources_1/ip/ram_dual_port/ram_dual_port/ram_dual_port_in_context.xdc] for cell 'inst/SystolicCore0/serial2mem_opA/ram'
Finished Parsing XDC File [/home/xmen/Videos/RustDesk/SystolicCore/SystolicCore/Zynq_Systolic_Core_AXI_FIFO_Stream/Zynq_Systolic_Core_AXI_FIFO_Stream.gen/sources_1/ip/ram_dual_port/ram_dual_port/ram_dual_port_in_context.xdc] for cell 'inst/SystolicCore0/serial2mem_opA/ram'
Parsing XDC File [/home/xmen/Videos/RustDesk/SystolicCore/SystolicCore/Zynq_Systolic_Core_AXI_FIFO_Stream/Zynq_Systolic_Core_AXI_FIFO_Stream.gen/sources_1/ip/ram_dual_port/ram_dual_port/ram_dual_port_in_context.xdc] for cell 'inst/SystolicCore0/serial2mem_opB/ram'
Finished Parsing XDC File [/home/xmen/Videos/RustDesk/SystolicCore/SystolicCore/Zynq_Systolic_Core_AXI_FIFO_Stream/Zynq_Systolic_Core_AXI_FIFO_Stream.gen/sources_1/ip/ram_dual_port/ram_dual_port/ram_dual_port_in_context.xdc] for cell 'inst/SystolicCore0/serial2mem_opB/ram'
Parsing XDC File [/home/xmen/Videos/RustDesk/SystolicCore/SystolicCore/Zynq_Systolic_Core_AXI_FIFO_Stream/Zynq_Systolic_Core_AXI_FIFO_Stream.gen/sources_1/bd/SystolicCore/ip/SystolicCore_AXI_Stream_Systolic_0_0/SystolicCore_AXI_Stream_Systolic_0_0_ooc.xdc] for cell 'inst'
Finished Parsing XDC File [/home/xmen/Videos/RustDesk/SystolicCore/SystolicCore/Zynq_Systolic_Core_AXI_FIFO_Stream/Zynq_Systolic_Core_AXI_FIFO_Stream.gen/sources_1/bd/SystolicCore/ip/SystolicCore_AXI_Stream_Systolic_0_0/SystolicCore_AXI_Stream_Systolic_0_0_ooc.xdc] for cell 'inst'
Parsing XDC File [/home/xmen/Videos/RustDesk/SystolicCore/SystolicCore/Zynq_Systolic_Core_AXI_FIFO_Stream/Zynq_Systolic_Core_AXI_FIFO_Stream.runs/SystolicCore_AXI_Stream_Systolic_0_0_synth_1/dont_touch.xdc]
Finished Parsing XDC File [/home/xmen/Videos/RustDesk/SystolicCore/SystolicCore/Zynq_Systolic_Core_AXI_FIFO_Stream/Zynq_Systolic_Core_AXI_FIFO_Stream.runs/SystolicCore_AXI_Stream_Systolic_0_0_synth_1/dont_touch.xdc]
Completed Processing XDC Constraints

Netlist sorting complete. Time (s): cpu = 00:00:00.01 ; elapsed = 00:00:00 . Memory (MB): peak = 3427.078 ; gain = 0.000 ; free physical = 3396 ; free virtual = 38236
INFO: [Project 1-111] Unisim Transformation Summary:
No Unisim elements were transformed.

Constraint Validation Runtime : Time (s): cpu = 00:00:00.13 ; elapsed = 00:00:00.05 . Memory (MB): peak = 3427.113 ; gain = 0.000 ; free physical = 3338 ; free virtual = 38179
INFO: [Designutils 20-5008] Incremental synthesis strategy off
---------------------------------------------------------------------------------
Finished Constraint Validation : Time (s): cpu = 00:00:10 ; elapsed = 00:00:10 . Memory (MB): peak = 3427.113 ; gain = 376.727 ; free physical = 2931 ; free virtual = 37771
---------------------------------------------------------------------------------
---------------------------------------------------------------------------------
Start Loading Part and Timing Information
---------------------------------------------------------------------------------
Loading part: xczu7ev-ffvc1156-2-e
INFO: [Synth 8-6742] Reading net delay rules and data
---------------------------------------------------------------------------------
Finished Loading Part and Timing Information : Time (s): cpu = 00:00:10 ; elapsed = 00:00:10 . Memory (MB): peak = 3435.082 ; gain = 384.695 ; free physical = 2931 ; free virtual = 37771
---------------------------------------------------------------------------------
---------------------------------------------------------------------------------
Start Applying 'set_property' XDC Constraints
---------------------------------------------------------------------------------
---------------------------------------------------------------------------------
Finished applying 'set_property' XDC Constraints : Time (s): cpu = 00:00:10 ; elapsed = 00:00:10 . Memory (MB): peak = 3435.082 ; gain = 384.695 ; free physical = 2931 ; free virtual = 37771
---------------------------------------------------------------------------------
INFO: [Synth 8-802] inferred FSM for state register 'currentStateSystolicControlUnit_reg' in module 'systolicMatrixMultiply'
INFO: [Synth 8-802] inferred FSM for state register 'mem_fsm_reg' in module 'serial2mem__xdcDup__1'
INFO: [Synth 8-802] inferred FSM for state register 'mem_fsm_reg' in module 'serial2mem'
INFO: [Synth 8-802] inferred FSM for state register 'mem2seriala_fsm_reg' in module 'mem2seriala'
INFO: [Synth 8-6159] Found Keep on FSM register 'currentStateSystolicControlUnit_reg' in module 'systolicMatrixMultiply', re-encoding will not be performed
---------------------------------------------------------------------------------------------------
                   State |                     New Encoding |                Previous Encoding 
---------------------------------------------------------------------------------------------------
*
                    IDLE | 00000000000000000000000000000000 | 00000000000000000000000000000000
       LOAD_MULTI_MATRIX | 00000000000000000000000000000001 | 00000000000000000000000000000001
            MULTI_MATRIX | 00000000000000000000000000000010 | 00000000000000000000000000000010
                    DONE | 00000000000000000000000000000011 | 00000000000000000000000000000011
---------------------------------------------------------------------------------------------------
INFO: [Synth 8-6159] Found Keep on FSM register 'mem_fsm_reg' in module 'serial2mem__xdcDup__1', re-encoding will not be performed
---------------------------------------------------------------------------------------------------
                   State |                     New Encoding |                Previous Encoding 
---------------------------------------------------------------------------------------------------
*
                    IDLE | 00000000000000000000000000000000 | 00000000000000000000000000000000
                    READ | 00000000000000000000000000000010 | 00000000000000000000000000000010
                   WRITE | 00000000000000000000000000000001 | 00000000000000000000000000000001
                    DONE | 00000000000000000000000000000011 | 00000000000000000000000000000011
---------------------------------------------------------------------------------------------------
INFO: [Synth 8-6159] Found Keep on FSM register 'mem_fsm_reg' in module 'serial2mem', re-encoding will not be performed
---------------------------------------------------------------------------------------------------
                   State |                     New Encoding |                Previous Encoding 
---------------------------------------------------------------------------------------------------
*
                    IDLE | 00000000000000000000000000000000 | 00000000000000000000000000000000
                    READ | 00000000000000000000000000000010 | 00000000000000000000000000000010
                   WRITE | 00000000000000000000000000000001 | 00000000000000000000000000000001
                    DONE | 00000000000000000000000000000011 | 00000000000000000000000000000011
---------------------------------------------------------------------------------------------------
INFO: [Synth 8-6159] Found Keep on FSM register 'mem2seriala_fsm_reg' in module 'mem2seriala', re-encoding will not be performed
---------------------------------------------------------------------------------------------------
                   State |                     New Encoding |                Previous Encoding 
---------------------------------------------------------------------------------------------------
*
              IDLE_INDEX | 00000000000000000000000000000000 | 00000000000000000000000000000000
           COUNTER_INDEX | 00000000000000000000000000000001 | 00000000000000000000000000000001
              DONE_INDEX | 00000000000000000000000000000010 | 00000000000000000000000000000010
---------------------------------------------------------------------------------------------------
WARNING: [Synth 8-327] inferring latch for variable 'serial2mem_opa_rw_reg' [/home/xmen/Videos/RustDesk/SystolicCore/SystolicCore/rtl/SystolicControlUnit.sv:78]
WARNING: [Synth 8-327] inferring latch for variable 'serial2mem_opa_rready_i_reg' [/home/xmen/Videos/RustDesk/SystolicCore/SystolicCore/rtl/SystolicControlUnit.sv:80]
WARNING: [Synth 8-327] inferring latch for variable 'starting_frame_identified_reg' [/home/xmen/Videos/RustDesk/SystolicCore/SystolicCore/rtl/SystolicControlUnit.sv:88]
---------------------------------------------------------------------------------
Finished RTL Optimization Phase 2 : Time (s): cpu = 00:00:11 ; elapsed = 00:00:11 . Memory (MB): peak = 3435.082 ; gain = 384.695 ; free physical = 2929 ; free virtual = 37771
---------------------------------------------------------------------------------
---------------------------------------------------------------------------------
Start RTL Component Statistics 
---------------------------------------------------------------------------------
Detailed RTL Component Info : 
+---Adders : 
	   2 Input    8 Bit       Adders := 1     
	   2 Input    6 Bit       Adders := 2     
	   2 Input    5 Bit       Adders := 2     
	   2 Input    4 Bit       Adders := 4     
+---Registers : 
	               64 Bit    Registers := 8     
	               32 Bit    Registers := 2     
	               16 Bit    Registers := 256   
	                8 Bit    Registers := 257   
	                6 Bit    Registers := 2     
	                5 Bit    Registers := 2     
	                4 Bit    Registers := 516   
	                1 Bit    Registers := 4     
+---Muxes : 
	   2 Input   64 Bit        Muxes := 12    
	   4 Input   64 Bit        Muxes := 2     
	   2 Input    8 Bit        Muxes := 263   
	   4 Input    8 Bit        Muxes := 2     
	   2 Input    6 Bit        Muxes := 2     
	   4 Input    6 Bit        Muxes := 2     
	   2 Input    5 Bit        Muxes := 9     
	   4 Input    5 Bit        Muxes := 2     
	   5 Input    5 Bit        Muxes := 2     
	   5 Input    4 Bit        Muxes := 1     
	   2 Input    4 Bit        Muxes := 10    
	   4 Input    4 Bit        Muxes := 5     
	   3 Input    4 Bit        Muxes := 1     
	   2 Input    3 Bit        Muxes := 17    
	   2 Input    2 Bit        Muxes := 2     
	   2 Input    1 Bit        Muxes := 30    
	   4 Input    1 Bit        Muxes := 15    
	   7 Input    1 Bit        Muxes := 12    
---------------------------------------------------------------------------------
Finished RTL Component Statistics 
---------------------------------------------------------------------------------
---------------------------------------------------------------------------------
Start Part Resource Summary
---------------------------------------------------------------------------------
Part Resources:
DSPs: 1728 (col length:144)
BRAMs: 624 (col length: RAMB18 144 RAMB36 72)
---------------------------------------------------------------------------------
Finished Part Resource Summary
---------------------------------------------------------------------------------
---------------------------------------------------------------------------------
Start Cross Boundary and Area Optimization
---------------------------------------------------------------------------------
INFO: [Synth 8-7129] Port s_axis_tdata[31] in module AXI_Stream_Systolic_Core is either unconnected or has no load
INFO: [Synth 8-7129] Port s_axis_tdata[30] in module AXI_Stream_Systolic_Core is either unconnected or has no load
INFO: [Synth 8-7129] Port s_axis_tdata[29] in module AXI_Stream_Systolic_Core is either unconnected or has no load
INFO: [Synth 8-7129] Port s_axis_tdata[28] in module AXI_Stream_Systolic_Core is either unconnected or has no load
INFO: [Synth 8-7129] Port s_axis_tdata[27] in module AXI_Stream_Systolic_Core is either unconnected or has no load
INFO: [Synth 8-7129] Port s_axis_tdata[26] in module AXI_Stream_Systolic_Core is either unconnected or has no load
INFO: [Synth 8-7129] Port s_axis_tdata[25] in module AXI_Stream_Systolic_Core is either unconnected or has no load
INFO: [Synth 8-7129] Port s_axis_tdata[24] in module AXI_Stream_Systolic_Core is either unconnected or has no load
INFO: [Synth 8-7129] Port s_axis_tdata[23] in module AXI_Stream_Systolic_Core is either unconnected or has no load
INFO: [Synth 8-7129] Port s_axis_tdata[22] in module AXI_Stream_Systolic_Core is either unconnected or has no load
INFO: [Synth 8-7129] Port s_axis_tdata[21] in module AXI_Stream_Systolic_Core is either unconnected or has no load
INFO: [Synth 8-7129] Port s_axis_tdata[20] in module AXI_Stream_Systolic_Core is either unconnected or has no load
INFO: [Synth 8-7129] Port s_axis_tdata[19] in module AXI_Stream_Systolic_Core is either unconnected or has no load
INFO: [Synth 8-7129] Port s_axis_tdata[18] in module AXI_Stream_Systolic_Core is either unconnected or has no load
INFO: [Synth 8-7129] Port s_axis_tdata[17] in module AXI_Stream_Systolic_Core is either unconnected or has no load
INFO: [Synth 8-7129] Port s_axis_tdata[16] in module AXI_Stream_Systolic_Core is either unconnected or has no load
INFO: [Synth 8-7129] Port s_axis_tdata[15] in module AXI_Stream_Systolic_Core is either unconnected or has no load
INFO: [Synth 8-7129] Port s_axis_tdata[14] in module AXI_Stream_Systolic_Core is either unconnected or has no load
INFO: [Synth 8-7129] Port s_axis_tdata[13] in module AXI_Stream_Systolic_Core is either unconnected or has no load
INFO: [Synth 8-7129] Port s_axis_tdata[12] in module AXI_Stream_Systolic_Core is either unconnected or has no load
INFO: [Synth 8-7129] Port s_axis_tdata[11] in module AXI_Stream_Systolic_Core is either unconnected or has no load
INFO: [Synth 8-7129] Port s_axis_tdata[10] in module AXI_Stream_Systolic_Core is either unconnected or has no load
INFO: [Synth 8-7129] Port s_axis_tdata[9] in module AXI_Stream_Systolic_Core is either unconnected or has no load
INFO: [Synth 8-7129] Port s_axis_tdata[8] in module AXI_Stream_Systolic_Core is either unconnected or has no load
---------------------------------------------------------------------------------
Finished Cross Boundary and Area Optimization : Time (s): cpu = 00:00:46 ; elapsed = 00:00:47 . Memory (MB): peak = 3542.746 ; gain = 492.359 ; free physical = 4767 ; free virtual = 39517
---------------------------------------------------------------------------------
---------------------------------------------------------------------------------
Start Applying XDC Timing Constraints
---------------------------------------------------------------------------------
---------------------------------------------------------------------------------
Finished Applying XDC Timing Constraints : Time (s): cpu = 00:00:50 ; elapsed = 00:00:51 . Memory (MB): peak = 4136.184 ; gain = 1085.797 ; free physical = 4256 ; free virtual = 39006
---------------------------------------------------------------------------------
---------------------------------------------------------------------------------
Start Timing Optimization
---------------------------------------------------------------------------------
---------------------------------------------------------------------------------
Finished Timing Optimization : Time (s): cpu = 00:00:51 ; elapsed = 00:00:52 . Memory (MB): peak = 4179.223 ; gain = 1128.836 ; free physical = 4214 ; free virtual = 38964
---------------------------------------------------------------------------------
---------------------------------------------------------------------------------
Start Technology Mapping
---------------------------------------------------------------------------------
---------------------------------------------------------------------------------
Finished Technology Mapping : Time (s): cpu = 00:00:54 ; elapsed = 00:00:55 . Memory (MB): peak = 4179.223 ; gain = 1128.836 ; free physical = 4215 ; free virtual = 38964
---------------------------------------------------------------------------------
---------------------------------------------------------------------------------
Start IO Insertion
---------------------------------------------------------------------------------
---------------------------------------------------------------------------------
Start Flattening Before IO Insertion
---------------------------------------------------------------------------------
---------------------------------------------------------------------------------
Finished Flattening Before IO Insertion
---------------------------------------------------------------------------------
---------------------------------------------------------------------------------
Start Final Netlist Cleanup
---------------------------------------------------------------------------------
---------------------------------------------------------------------------------
Finished Final Netlist Cleanup
---------------------------------------------------------------------------------
---------------------------------------------------------------------------------
Finished IO Insertion : Time (s): cpu = 00:00:56 ; elapsed = 00:00:57 . Memory (MB): peak = 4314.035 ; gain = 1263.648 ; free physical = 4089 ; free virtual = 38838
---------------------------------------------------------------------------------
---------------------------------------------------------------------------------
Start Renaming Generated Instances
---------------------------------------------------------------------------------
---------------------------------------------------------------------------------
Finished Renaming Generated Instances : Time (s): cpu = 00:00:56 ; elapsed = 00:00:57 . Memory (MB): peak = 4314.035 ; gain = 1263.648 ; free physical = 4089 ; free virtual = 38838
---------------------------------------------------------------------------------
---------------------------------------------------------------------------------
Start Rebuilding User Hierarchy
---------------------------------------------------------------------------------
---------------------------------------------------------------------------------
Finished Rebuilding User Hierarchy : Time (s): cpu = 00:00:56 ; elapsed = 00:00:58 . Memory (MB): peak = 4314.035 ; gain = 1263.648 ; free physical = 4087 ; free virtual = 38837
---------------------------------------------------------------------------------
---------------------------------------------------------------------------------
Start Renaming Generated Ports
---------------------------------------------------------------------------------
---------------------------------------------------------------------------------
Finished Renaming Generated Ports : Time (s): cpu = 00:00:56 ; elapsed = 00:00:58 . Memory (MB): peak = 4314.035 ; gain = 1263.648 ; free physical = 4087 ; free virtual = 38837
---------------------------------------------------------------------------------
---------------------------------------------------------------------------------
Start Handling Custom Attributes
---------------------------------------------------------------------------------
---------------------------------------------------------------------------------
Finished Handling Custom Attributes : Time (s): cpu = 00:00:57 ; elapsed = 00:00:58 . Memory (MB): peak = 4314.035 ; gain = 1263.648 ; free physical = 4086 ; free virtual = 38836
---------------------------------------------------------------------------------
---------------------------------------------------------------------------------
Start Renaming Generated Nets
---------------------------------------------------------------------------------
---------------------------------------------------------------------------------
Finished Renaming Generated Nets : Time (s): cpu = 00:00:57 ; elapsed = 00:00:58 . Memory (MB): peak = 4314.035 ; gain = 1263.648 ; free physical = 4086 ; free virtual = 38836
---------------------------------------------------------------------------------
---------------------------------------------------------------------------------
Start Writing Synthesis Report
---------------------------------------------------------------------------------

Report BlackBoxes: 
+------+--------------+----------+
|      |BlackBox name |Instances |
+------+--------------+----------+
|1     |ila_2         |         3|
|2     |ram_dual_port |         2|
|3     |ila_1         |         2|
|4     |ila_0         |         1|
|5     |ila_3         |         1|
+------+--------------+----------+

Report Cell Usage: 
+------+--------------+------+
|      |Cell          |Count |
+------+--------------+------+
|1     |ila           |     2|
|3     |ila_1         |     1|
|4     |ila           |     1|
|5     |ila_2         |     2|
|7     |ila           |     1|
|8     |ram_dual_port |     2|
|10    |CARRY8        |   256|
|11    |LUT1          |  2320|
|12    |LUT2          |  2583|
|13    |LUT3          |   412|
|14    |LUT4          |  1221|
|15    |LUT5          |   824|
|16    |LUT6          |  5256|
|17    |MUXF7         |   272|
|18    |MUXF8         |   128|
|19    |FDCE          |  6642|
|20    |FDRE          |   128|
|21    |LD            |     3|
+------+--------------+------+
---------------------------------------------------------------------------------
Finished Writing Synthesis Report : Time (s): cpu = 00:00:57 ; elapsed = 00:00:58 . Memory (MB): peak = 4314.035 ; gain = 1263.648 ; free physical = 4086 ; free virtual = 38836
---------------------------------------------------------------------------------
Synthesis finished with 0 errors, 0 critical warnings and 3 warnings.
Synthesis Optimization Runtime : Time (s): cpu = 00:00:53 ; elapsed = 00:00:54 . Memory (MB): peak = 4314.035 ; gain = 1179.578 ; free physical = 4085 ; free virtual = 38835
Synthesis Optimization Complete : Time (s): cpu = 00:00:57 ; elapsed = 00:00:58 . Memory (MB): peak = 4314.035 ; gain = 1263.648 ; free physical = 4085 ; free virtual = 38835
INFO: [Project 1-571] Translating synthesized netlist
Netlist sorting complete. Time (s): cpu = 00:00:00.06 ; elapsed = 00:00:00.06 . Memory (MB): peak = 4314.035 ; gain = 0.000 ; free physical = 4254 ; free virtual = 39003
INFO: [Netlist 29-17] Analyzing 659 Unisim elements for replacement
INFO: [Netlist 29-28] Unisim Transformation completed in 0 CPU seconds
INFO: [Project 1-570] Preparing netlist for logic optimization
INFO: [Opt 31-138] Pushed 0 inverter(s) to 0 load pin(s).
Netlist sorting complete. Time (s): cpu = 00:00:00 ; elapsed = 00:00:00 . Memory (MB): peak = 4314.035 ; gain = 0.000 ; free physical = 4244 ; free virtual = 38994
INFO: [Project 1-111] Unisim Transformation Summary:
  A total of 3 instances were transformed.
  LD => LDCE: 3 instances

Synth Design complete | Checksum: f530c673
INFO: [Common 17-83] Releasing license: Synthesis
208 Infos, 65 Warnings, 0 Critical Warnings and 0 Errors encountered.
synth_design completed successfully
synth_design: Time (s): cpu = 00:01:04 ; elapsed = 00:01:04 . Memory (MB): peak = 4314.035 ; gain = 2440.289 ; free physical = 4244 ; free virtual = 38994
INFO: [Common 17-2834] synth_design peak Physical Memory [PSS] (MB): overall = 3127.503; main = 3127.503; forked = 274.017
INFO: [Common 17-2834] synth_design peak Virtual Memory [VSS] (MB): overall = 5637.379; main = 4296.379; forked = 1641.004
INFO: [Coretcl 2-1174] Renamed 268 cell refs.
Write ShapeDB Complete: Time (s): cpu = 00:00:00.03 ; elapsed = 00:00:00.01 . Memory (MB): peak = 4320.387 ; gain = 6.352 ; free physical = 4244 ; free virtual = 38995
INFO: [Common 17-1381] The checkpoint '/home/xmen/Videos/RustDesk/SystolicCore/SystolicCore/Zynq_Systolic_Core_AXI_FIFO_Stream/Zynq_Systolic_Core_AXI_FIFO_Stream.runs/SystolicCore_AXI_Stream_Systolic_0_0_synth_1/SystolicCore_AXI_Stream_Systolic_0_0.dcp' has been generated.
INFO: [Vivado 12-24828] Executing command : report_utilization -file SystolicCore_AXI_Stream_Systolic_0_0_utilization_synth.rpt -pb SystolicCore_AXI_Stream_Systolic_0_0_utilization_synth.pb
INFO: [Common 17-206] Exiting Vivado at Thu Jan  8 00:56:01 2026...
