INFO: [VRFC 10-2263] Analyzing Verilog file "/home/xmen/Videos/RustDesk/SystolicCore/SystolicCore/Zynq_Systolic_Core_AXI_FIFO_Stream/Zynq_Systolic_Core_AXI_FIFO_Stream.sim/sim_1/synth/timing/xsim/tb_time_synth.v" into library xil_defaultlib
INFO: [VRFC 10-311] analyzing module RAM64M8_UNIQ_BASE_
INFO: [VRFC 10-311] analyzing module RAM64M8_HD2521
INFO: [VRFC 10-311] analyzing module RAM64M8_HD2522
INFO: [VRFC 10-311] analyzing module RAM64M8_HD2523
INFO: [VRFC 10-311] analyzing module RAM64M8_HD2524
INFO: [VRFC 10-311] analyzing module RAM64M8_HD2525
INFO: [VRFC 10-311] analyzing module RAM64M8_HD2526
INFO: [VRFC 10-311] analyzing module RAM64M8_HD2527
INFO: [VRFC 10-311] analyzing module RAM64M8_HD2528
INFO: [VRFC 10-311] analyzing module RAM64M8_HD2529
INFO: [VRFC 10-311] analyzing module RAM64M8_HD2530
INFO: [VRFC 10-311] analyzing module RAM64M8_HD2531
INFO: [VRFC 10-311] analyzing module SystolicCore
INFO: [VRFC 10-311] analyzing module SystolicCore_AXI_Stream_Systolic_0_0
INFO: [VRFC 10-311] analyzing module SystolicCore_AXI_Stream_Systolic_1_0
INFO: [VRFC 10-311] analyzing module SystolicCore_axi_fifo_mm_s_0_0
INFO: [VRFC 10-311] analyzing module SystolicCore_axi_fifo_mm_s_0_0_address_decoder
INFO: [VRFC 10-311] analyzing module SystolicCore_axi_fifo_mm_s_0_0_axi_fifo_mm_s
INFO: [VRFC 10-311] analyzing module SystolicCore_axi_fifo_mm_s_0_0_axi_lite_ipif
INFO: [VRFC 10-311] analyzing module SystolicCore_axi_fifo_mm_s_0_0_axis_fg
INFO: [VRFC 10-311] analyzing module SystolicCore_axi_fifo_mm_s_0_0_axis_fg__parameterized0
INFO: [VRFC 10-311] analyzing module SystolicCore_axi_fifo_mm_s_0_0_fifo
INFO: [VRFC 10-311] analyzing module SystolicCore_axi_fifo_mm_s_0_0_fifo__parameterized0
INFO: [VRFC 10-311] analyzing module SystolicCore_axi_fifo_mm_s_0_0_ipic2axi_s
INFO: [VRFC 10-311] analyzing module SystolicCore_axi_fifo_mm_s_0_0_pselect_f
INFO: [VRFC 10-311] analyzing module SystolicCore_axi_fifo_mm_s_0_0_pselect_f__parameterized0
INFO: [VRFC 10-311] analyzing module SystolicCore_axi_fifo_mm_s_0_0_pselect_f__parameterized1
INFO: [VRFC 10-311] analyzing module SystolicCore_axi_fifo_mm_s_0_0_pselect_f__parameterized10
INFO: [VRFC 10-311] analyzing module SystolicCore_axi_fifo_mm_s_0_0_pselect_f__parameterized11
INFO: [VRFC 10-311] analyzing module SystolicCore_axi_fifo_mm_s_0_0_pselect_f__parameterized12
INFO: [VRFC 10-311] analyzing module SystolicCore_axi_fifo_mm_s_0_0_pselect_f__parameterized13
INFO: [VRFC 10-311] analyzing module SystolicCore_axi_fifo_mm_s_0_0_pselect_f__parameterized14
INFO: [VRFC 10-311] analyzing module SystolicCore_axi_fifo_mm_s_0_0_pselect_f__parameterized15
INFO: [VRFC 10-311] analyzing module SystolicCore_axi_fifo_mm_s_0_0_pselect_f__parameterized16
INFO: [VRFC 10-311] analyzing module SystolicCore_axi_fifo_mm_s_0_0_pselect_f__parameterized17
INFO: [VRFC 10-311] analyzing module SystolicCore_axi_fifo_mm_s_0_0_pselect_f__parameterized18
INFO: [VRFC 10-311] analyzing module SystolicCore_axi_fifo_mm_s_0_0_pselect_f__parameterized19
INFO: [VRFC 10-311] analyzing module SystolicCore_axi_fifo_mm_s_0_0_pselect_f__parameterized3
INFO: [VRFC 10-311] analyzing module SystolicCore_axi_fifo_mm_s_0_0_pselect_f__parameterized4
INFO: [VRFC 10-311] analyzing module SystolicCore_axi_fifo_mm_s_0_0_pselect_f__parameterized5
INFO: [VRFC 10-311] analyzing module SystolicCore_axi_fifo_mm_s_0_0_pselect_f__parameterized6
INFO: [VRFC 10-311] analyzing module SystolicCore_axi_fifo_mm_s_0_0_pselect_f__parameterized7
INFO: [VRFC 10-311] analyzing module SystolicCore_axi_fifo_mm_s_0_0_pselect_f__parameterized8
INFO: [VRFC 10-311] analyzing module SystolicCore_axi_fifo_mm_s_0_0_pselect_f__parameterized9
INFO: [VRFC 10-311] analyzing module SystolicCore_axi_fifo_mm_s_0_0_slave_attachment
INFO: [VRFC 10-311] analyzing module SystolicCore_axi_fifo_mm_s_0_0_xpm_cdc_sync_rst
INFO: [VRFC 10-311] analyzing module SystolicCore_axi_fifo_mm_s_0_0_xpm_cdc_sync_rst__1
INFO: [VRFC 10-311] analyzing module SystolicCore_axi_fifo_mm_s_0_0_xpm_counter_updn
INFO: [VRFC 10-311] analyzing module SystolicCore_axi_fifo_mm_s_0_0_xpm_counter_updn_2
INFO: [VRFC 10-311] analyzing module SystolicCore_axi_fifo_mm_s_0_0_xpm_counter_updn__parameterized0
INFO: [VRFC 10-311] analyzing module SystolicCore_axi_fifo_mm_s_0_0_xpm_counter_updn__parameterized0_0
INFO: [VRFC 10-311] analyzing module SystolicCore_axi_fifo_mm_s_0_0_xpm_counter_updn__parameterized1
INFO: [VRFC 10-311] analyzing module SystolicCore_axi_fifo_mm_s_0_0_xpm_counter_updn__parameterized1_1
INFO: [VRFC 10-311] analyzing module SystolicCore_axi_fifo_mm_s_0_0_xpm_counter_updn__parameterized3
INFO: [VRFC 10-311] analyzing module SystolicCore_axi_fifo_mm_s_0_0_xpm_counter_updn__parameterized3_4
INFO: [VRFC 10-311] analyzing module SystolicCore_axi_fifo_mm_s_0_0_xpm_counter_updn__parameterized4
INFO: [VRFC 10-311] analyzing module SystolicCore_axi_fifo_mm_s_0_0_xpm_counter_updn__parameterized4_5
INFO: [VRFC 10-311] analyzing module SystolicCore_axi_fifo_mm_s_0_0_xpm_counter_updn__parameterized6
INFO: [VRFC 10-311] analyzing module SystolicCore_axi_fifo_mm_s_0_0_xpm_counter_updn__parameterized6_8
INFO: [VRFC 10-311] analyzing module SystolicCore_axi_fifo_mm_s_0_0_xpm_counter_updn__parameterized7
INFO: [VRFC 10-311] analyzing module SystolicCore_axi_fifo_mm_s_0_0_xpm_counter_updn__parameterized7_9
INFO: [VRFC 10-311] analyzing module SystolicCore_axi_fifo_mm_s_0_0_xpm_fifo_axis
INFO: [VRFC 10-311] analyzing module SystolicCore_axi_fifo_mm_s_0_0_xpm_fifo_axis__parameterized1
INFO: [VRFC 10-311] analyzing module SystolicCore_axi_fifo_mm_s_0_0_xpm_fifo_base
INFO: [VRFC 10-311] analyzing module SystolicCore_axi_fifo_mm_s_0_0_xpm_fifo_base__parameterized0
INFO: [VRFC 10-311] analyzing module SystolicCore_axi_fifo_mm_s_0_0_xpm_fifo_base__parameterized1
INFO: [VRFC 10-311] analyzing module SystolicCore_axi_fifo_mm_s_0_0_xpm_fifo_reg_bit
INFO: [VRFC 10-311] analyzing module SystolicCore_axi_fifo_mm_s_0_0_xpm_fifo_reg_bit_3
INFO: [VRFC 10-311] analyzing module SystolicCore_axi_fifo_mm_s_0_0_xpm_fifo_reg_bit_7
INFO: [VRFC 10-311] analyzing module SystolicCore_axi_fifo_mm_s_0_0_xpm_fifo_rst
INFO: [VRFC 10-311] analyzing module SystolicCore_axi_fifo_mm_s_0_0_xpm_fifo_rst_10
INFO: [VRFC 10-311] analyzing module SystolicCore_axi_fifo_mm_s_0_0_xpm_fifo_rst_6
INFO: [VRFC 10-311] analyzing module SystolicCore_axi_fifo_mm_s_0_0_xpm_fifo_sync
INFO: [VRFC 10-311] analyzing module SystolicCore_axi_fifo_mm_s_0_0_xpm_memory_base
INFO: [VRFC 10-311] analyzing module SystolicCore_axi_fifo_mm_s_0_0_xpm_memory_base__parameterized0
INFO: [VRFC 10-311] analyzing module SystolicCore_axi_fifo_mm_s_0_0_xpm_memory_base__parameterized1
INFO: [VRFC 10-311] analyzing module SystolicCore_axi_fifo_mm_s_1_0
INFO: [VRFC 10-311] analyzing module SystolicCore_axi_fifo_mm_s_1_0_address_decoder
INFO: [VRFC 10-311] analyzing module SystolicCore_axi_fifo_mm_s_1_0_axi_fifo_mm_s
INFO: [VRFC 10-311] analyzing module SystolicCore_axi_fifo_mm_s_1_0_axi_lite_ipif
INFO: [VRFC 10-311] analyzing module SystolicCore_axi_fifo_mm_s_1_0_axis_fg
INFO: [VRFC 10-311] analyzing module SystolicCore_axi_fifo_mm_s_1_0_axis_fg__xdcDup__1
INFO: [VRFC 10-311] analyzing module SystolicCore_axi_fifo_mm_s_1_0_fifo
INFO: [VRFC 10-311] analyzing module SystolicCore_axi_fifo_mm_s_1_0_fifo__parameterized0
INFO: [VRFC 10-311] analyzing module SystolicCore_axi_fifo_mm_s_1_0_ipic2axi_s
INFO: [VRFC 10-311] analyzing module SystolicCore_axi_fifo_mm_s_1_0_pselect_f
INFO: [VRFC 10-311] analyzing module SystolicCore_axi_fifo_mm_s_1_0_pselect_f__parameterized0
INFO: [VRFC 10-311] analyzing module SystolicCore_axi_fifo_mm_s_1_0_pselect_f__parameterized1
INFO: [VRFC 10-311] analyzing module SystolicCore_axi_fifo_mm_s_1_0_pselect_f__parameterized10
INFO: [VRFC 10-311] analyzing module SystolicCore_axi_fifo_mm_s_1_0_pselect_f__parameterized11
INFO: [VRFC 10-311] analyzing module SystolicCore_axi_fifo_mm_s_1_0_pselect_f__parameterized12
INFO: [VRFC 10-311] analyzing module SystolicCore_axi_fifo_mm_s_1_0_pselect_f__parameterized13
INFO: [VRFC 10-311] analyzing module SystolicCore_axi_fifo_mm_s_1_0_pselect_f__parameterized14
INFO: [VRFC 10-311] analyzing module SystolicCore_axi_fifo_mm_s_1_0_pselect_f__parameterized15
INFO: [VRFC 10-311] analyzing module SystolicCore_axi_fifo_mm_s_1_0_pselect_f__parameterized16
INFO: [VRFC 10-311] analyzing module SystolicCore_axi_fifo_mm_s_1_0_pselect_f__parameterized17
INFO: [VRFC 10-311] analyzing module SystolicCore_axi_fifo_mm_s_1_0_pselect_f__parameterized18
INFO: [VRFC 10-311] analyzing module SystolicCore_axi_fifo_mm_s_1_0_pselect_f__parameterized19
INFO: [VRFC 10-311] analyzing module SystolicCore_axi_fifo_mm_s_1_0_pselect_f__parameterized3
INFO: [VRFC 10-311] analyzing module SystolicCore_axi_fifo_mm_s_1_0_pselect_f__parameterized4
INFO: [VRFC 10-311] analyzing module SystolicCore_axi_fifo_mm_s_1_0_pselect_f__parameterized5
INFO: [VRFC 10-311] analyzing module SystolicCore_axi_fifo_mm_s_1_0_pselect_f__parameterized6
INFO: [VRFC 10-311] analyzing module SystolicCore_axi_fifo_mm_s_1_0_pselect_f__parameterized7
INFO: [VRFC 10-311] analyzing module SystolicCore_axi_fifo_mm_s_1_0_pselect_f__parameterized8
INFO: [VRFC 10-311] analyzing module SystolicCore_axi_fifo_mm_s_1_0_pselect_f__parameterized9
INFO: [VRFC 10-311] analyzing module SystolicCore_axi_fifo_mm_s_1_0_slave_attachment
INFO: [VRFC 10-311] analyzing module SystolicCore_axi_fifo_mm_s_1_0_xpm_cdc_sync_rst
INFO: [VRFC 10-311] analyzing module SystolicCore_axi_fifo_mm_s_1_0_xpm_cdc_sync_rst__2
INFO: [VRFC 10-311] analyzing module SystolicCore_axi_fifo_mm_s_1_0_xpm_counter_updn
INFO: [VRFC 10-311] analyzing module SystolicCore_axi_fifo_mm_s_1_0_xpm_counter_updn_2
INFO: [VRFC 10-311] analyzing module SystolicCore_axi_fifo_mm_s_1_0_xpm_counter_updn__parameterized0
INFO: [VRFC 10-311] analyzing module SystolicCore_axi_fifo_mm_s_1_0_xpm_counter_updn__parameterized0_0
INFO: [VRFC 10-311] analyzing module SystolicCore_axi_fifo_mm_s_1_0_xpm_counter_updn__parameterized0_3
INFO: [VRFC 10-311] analyzing module SystolicCore_axi_fifo_mm_s_1_0_xpm_counter_updn__parameterized0_6
INFO: [VRFC 10-311] analyzing module SystolicCore_axi_fifo_mm_s_1_0_xpm_counter_updn__parameterized1
INFO: [VRFC 10-311] analyzing module SystolicCore_axi_fifo_mm_s_1_0_xpm_counter_updn__parameterized1_1
INFO: [VRFC 10-311] analyzing module SystolicCore_axi_fifo_mm_s_1_0_xpm_counter_updn__parameterized1_4
INFO: [VRFC 10-311] analyzing module SystolicCore_axi_fifo_mm_s_1_0_xpm_counter_updn__parameterized1_7
INFO: [VRFC 10-311] analyzing module SystolicCore_axi_fifo_mm_s_1_0_xpm_counter_updn__parameterized3
INFO: [VRFC 10-311] analyzing module SystolicCore_axi_fifo_mm_s_1_0_xpm_counter_updn__parameterized3_10
INFO: [VRFC 10-311] analyzing module SystolicCore_axi_fifo_mm_s_1_0_xpm_counter_updn__parameterized4
INFO: [VRFC 10-311] analyzing module SystolicCore_axi_fifo_mm_s_1_0_xpm_counter_updn__parameterized4_11
INFO: [VRFC 10-311] analyzing module SystolicCore_axi_fifo_mm_s_1_0_xpm_fifo_axis
INFO: [VRFC 10-311] analyzing module SystolicCore_axi_fifo_mm_s_1_0_xpm_fifo_axis__2
INFO: [VRFC 10-311] analyzing module SystolicCore_axi_fifo_mm_s_1_0_xpm_fifo_base
INFO: [VRFC 10-311] analyzing module SystolicCore_axi_fifo_mm_s_1_0_xpm_fifo_base__2
INFO: [VRFC 10-311] analyzing module SystolicCore_axi_fifo_mm_s_1_0_xpm_fifo_base__parameterized0
INFO: [VRFC 10-311] analyzing module SystolicCore_axi_fifo_mm_s_1_0_xpm_fifo_reg_bit
INFO: [VRFC 10-311] analyzing module SystolicCore_axi_fifo_mm_s_1_0_xpm_fifo_reg_bit_5
INFO: [VRFC 10-311] analyzing module SystolicCore_axi_fifo_mm_s_1_0_xpm_fifo_reg_bit_9
INFO: [VRFC 10-311] analyzing module SystolicCore_axi_fifo_mm_s_1_0_xpm_fifo_rst
INFO: [VRFC 10-311] analyzing module SystolicCore_axi_fifo_mm_s_1_0_xpm_fifo_rst_12
INFO: [VRFC 10-311] analyzing module SystolicCore_axi_fifo_mm_s_1_0_xpm_fifo_rst_8
INFO: [VRFC 10-311] analyzing module SystolicCore_axi_fifo_mm_s_1_0_xpm_fifo_sync
INFO: [VRFC 10-311] analyzing module SystolicCore_axi_fifo_mm_s_1_0_xpm_memory_base
INFO: [VRFC 10-311] analyzing module SystolicCore_axi_fifo_mm_s_1_0_xpm_memory_base__2
INFO: [VRFC 10-311] analyzing module SystolicCore_axi_fifo_mm_s_1_0_xpm_memory_base__parameterized0
INFO: [VRFC 10-311] analyzing module SystolicCore_axi_smc_0
INFO: [VRFC 10-311] analyzing module SystolicCore_axi_smc_0_bd_3e58
INFO: [VRFC 10-311] analyzing module SystolicCore_axi_smc_0_bd_3e58_arinsw_0
INFO: [VRFC 10-311] analyzing module SystolicCore_axi_smc_0_bd_3e58_arni_0
INFO: [VRFC 10-311] analyzing module SystolicCore_axi_smc_0_bd_3e58_aroutsw_0
INFO: [VRFC 10-311] analyzing module SystolicCore_axi_smc_0_bd_3e58_awinsw_0
INFO: [VRFC 10-311] analyzing module SystolicCore_axi_smc_0_bd_3e58_awni_0
INFO: [VRFC 10-311] analyzing module SystolicCore_axi_smc_0_bd_3e58_awoutsw_0
INFO: [VRFC 10-311] analyzing module SystolicCore_axi_smc_0_bd_3e58_binsw_0
INFO: [VRFC 10-311] analyzing module SystolicCore_axi_smc_0_bd_3e58_bni_0
INFO: [VRFC 10-311] analyzing module SystolicCore_axi_smc_0_bd_3e58_boutsw_0
INFO: [VRFC 10-311] analyzing module SystolicCore_axi_smc_0_bd_3e58_m00arn_0
INFO: [VRFC 10-311] analyzing module SystolicCore_axi_smc_0_bd_3e58_m00awn_0
INFO: [VRFC 10-311] analyzing module SystolicCore_axi_smc_0_bd_3e58_m00bn_0
INFO: [VRFC 10-311] analyzing module SystolicCore_axi_smc_0_bd_3e58_m00e_0
INFO: [VRFC 10-311] analyzing module SystolicCore_axi_smc_0_bd_3e58_m00rn_0
INFO: [VRFC 10-311] analyzing module SystolicCore_axi_smc_0_bd_3e58_m00s2a_0
INFO: [VRFC 10-311] analyzing module SystolicCore_axi_smc_0_bd_3e58_m00wn_0
INFO: [VRFC 10-311] analyzing module SystolicCore_axi_smc_0_bd_3e58_m01arn_0
INFO: [VRFC 10-311] analyzing module SystolicCore_axi_smc_0_bd_3e58_m01awn_0
INFO: [VRFC 10-311] analyzing module SystolicCore_axi_smc_0_bd_3e58_m01bn_0
INFO: [VRFC 10-311] analyzing module SystolicCore_axi_smc_0_bd_3e58_m01e_0
INFO: [VRFC 10-311] analyzing module SystolicCore_axi_smc_0_bd_3e58_m01rn_0
INFO: [VRFC 10-311] analyzing module SystolicCore_axi_smc_0_bd_3e58_m01s2a_0
INFO: [VRFC 10-311] analyzing module SystolicCore_axi_smc_0_bd_3e58_m01wn_0
INFO: [VRFC 10-311] analyzing module SystolicCore_axi_smc_0_bd_3e58_psr_aclk_0
INFO: [VRFC 10-311] analyzing module SystolicCore_axi_smc_0_bd_3e58_rinsw_0
INFO: [VRFC 10-311] analyzing module SystolicCore_axi_smc_0_bd_3e58_rni_0
INFO: [VRFC 10-311] analyzing module SystolicCore_axi_smc_0_bd_3e58_routsw_0
INFO: [VRFC 10-311] analyzing module SystolicCore_axi_smc_0_bd_3e58_s00a2s_0
INFO: [VRFC 10-311] analyzing module SystolicCore_axi_smc_0_bd_3e58_s00mmu_0
INFO: [VRFC 10-311] analyzing module SystolicCore_axi_smc_0_bd_3e58_s00sic_0
INFO: [VRFC 10-311] analyzing module SystolicCore_axi_smc_0_bd_3e58_s00tr_0
INFO: [VRFC 10-311] analyzing module SystolicCore_axi_smc_0_bd_3e58_sarn_0
INFO: [VRFC 10-311] analyzing module SystolicCore_axi_smc_0_bd_3e58_sawn_0
INFO: [VRFC 10-311] analyzing module SystolicCore_axi_smc_0_bd_3e58_sbn_0
INFO: [VRFC 10-311] analyzing module SystolicCore_axi_smc_0_bd_3e58_srn_0
INFO: [VRFC 10-311] analyzing module SystolicCore_axi_smc_0_bd_3e58_swn_0
INFO: [VRFC 10-311] analyzing module SystolicCore_axi_smc_0_bd_3e58_winsw_0
INFO: [VRFC 10-311] analyzing module SystolicCore_axi_smc_0_bd_3e58_wni_0
INFO: [VRFC 10-311] analyzing module SystolicCore_axi_smc_0_bd_3e58_woutsw_0
INFO: [VRFC 10-311] analyzing module SystolicCore_axi_smc_0_clk_map_imp_3LXSYE
INFO: [VRFC 10-311] analyzing module SystolicCore_axi_smc_0_i_nodes_imp_1KUXI60
INFO: [VRFC 10-311] analyzing module SystolicCore_axi_smc_0_lpf
INFO: [VRFC 10-311] analyzing module SystolicCore_axi_smc_0_m00_exit_pipeline_imp_1W5ZO5P
INFO: [VRFC 10-311] analyzing module SystolicCore_axi_smc_0_m00_nodes_imp_19Y37KX
INFO: [VRFC 10-311] analyzing module SystolicCore_axi_smc_0_m01_exit_pipeline_imp_1QUNR2L
INFO: [VRFC 10-311] analyzing module SystolicCore_axi_smc_0_m01_nodes_imp_FPA8GN
INFO: [VRFC 10-311] analyzing module SystolicCore_axi_smc_0_proc_sys_reset
INFO: [VRFC 10-311] analyzing module SystolicCore_axi_smc_0_s00_entry_pipeline_imp_WVUVIM
INFO: [VRFC 10-311] analyzing module SystolicCore_axi_smc_0_s00_nodes_imp_RJAHP0
INFO: [VRFC 10-311] analyzing module SystolicCore_axi_smc_0_sequence_psr
INFO: [VRFC 10-311] analyzing module SystolicCore_axi_smc_0_switchboards_imp_2FST8G
INFO: [VRFC 10-311] analyzing module SystolicCore_axi_smc_0_upcnt_n
INFO: [VRFC 10-311] analyzing module SystolicCore_axi_smc_0_xpm_cdc_single
INFO: [VRFC 10-311] analyzing module SystolicCore_axi_smc_0_xpm_cdc_single__1
INFO: [VRFC 10-311] analyzing module SystolicCore_rst_ps8_0_99M_0
INFO: [VRFC 10-311] analyzing module SystolicCore_rst_ps8_0_99M_0_lpf
INFO: [VRFC 10-311] analyzing module SystolicCore_rst_ps8_0_99M_0_proc_sys_reset
INFO: [VRFC 10-311] analyzing module SystolicCore_rst_ps8_0_99M_0_sequence_psr
INFO: [VRFC 10-311] analyzing module SystolicCore_rst_ps8_0_99M_0_upcnt_n
INFO: [VRFC 10-311] analyzing module SystolicCore_rst_ps8_0_99M_0_xpm_cdc_single
INFO: [VRFC 10-311] analyzing module SystolicCore_rst_ps8_0_99M_0_xpm_cdc_single__1
INFO: [VRFC 10-311] analyzing module SystolicCore_wrapper
INFO: [VRFC 10-311] analyzing module SystolicCore_zynq_ultra_ps_e_0_1
INFO: [VRFC 10-311] analyzing module SystolicCore_zynq_ultra_ps_e_0_1_zynq_ultra_ps_e_v3_5_8_zynq_ultra_ps_e
INFO: [VRFC 10-311] analyzing module SystolicCore_axi_smc_0_xpm_cdc_async_rst
INFO: [VRFC 10-311] analyzing module SystolicCore_axi_smc_0_xpm_cdc_async_rst__1
INFO: [VRFC 10-311] analyzing module SystolicCore_axi_smc_0_xpm_cdc_async_rst__10
INFO: [VRFC 10-311] analyzing module SystolicCore_axi_smc_0_xpm_cdc_async_rst__11
INFO: [VRFC 10-311] analyzing module SystolicCore_axi_smc_0_xpm_cdc_async_rst__12
INFO: [VRFC 10-311] analyzing module SystolicCore_axi_smc_0_xpm_cdc_async_rst__13
INFO: [VRFC 10-311] analyzing module SystolicCore_axi_smc_0_xpm_cdc_async_rst__14
INFO: [VRFC 10-311] analyzing module SystolicCore_axi_smc_0_xpm_cdc_async_rst__15
INFO: [VRFC 10-311] analyzing module SystolicCore_axi_smc_0_xpm_cdc_async_rst__16
INFO: [VRFC 10-311] analyzing module SystolicCore_axi_smc_0_xpm_cdc_async_rst__17
INFO: [VRFC 10-311] analyzing module SystolicCore_axi_smc_0_xpm_cdc_async_rst__18
INFO: [VRFC 10-311] analyzing module SystolicCore_axi_smc_0_xpm_cdc_async_rst__19
INFO: [VRFC 10-311] analyzing module SystolicCore_axi_smc_0_xpm_cdc_async_rst__2
INFO: [VRFC 10-311] analyzing module SystolicCore_axi_smc_0_xpm_cdc_async_rst__20
INFO: [VRFC 10-311] analyzing module SystolicCore_axi_smc_0_xpm_cdc_async_rst__21
INFO: [VRFC 10-311] analyzing module SystolicCore_axi_smc_0_xpm_cdc_async_rst__22
INFO: [VRFC 10-311] analyzing module SystolicCore_axi_smc_0_xpm_cdc_async_rst__23
INFO: [VRFC 10-311] analyzing module SystolicCore_axi_smc_0_xpm_cdc_async_rst__24
INFO: [VRFC 10-311] analyzing module SystolicCore_axi_smc_0_xpm_cdc_async_rst__25
INFO: [VRFC 10-311] analyzing module SystolicCore_axi_smc_0_xpm_cdc_async_rst__26
INFO: [VRFC 10-311] analyzing module SystolicCore_axi_smc_0_xpm_cdc_async_rst__27
INFO: [VRFC 10-311] analyzing module SystolicCore_axi_smc_0_xpm_cdc_async_rst__28
INFO: [VRFC 10-311] analyzing module SystolicCore_axi_smc_0_xpm_cdc_async_rst__29
INFO: [VRFC 10-311] analyzing module SystolicCore_axi_smc_0_xpm_cdc_async_rst__3
INFO: [VRFC 10-311] analyzing module SystolicCore_axi_smc_0_xpm_cdc_async_rst__30
INFO: [VRFC 10-311] analyzing module SystolicCore_axi_smc_0_xpm_cdc_async_rst__31
INFO: [VRFC 10-311] analyzing module SystolicCore_axi_smc_0_xpm_cdc_async_rst__32
INFO: [VRFC 10-311] analyzing module SystolicCore_axi_smc_0_xpm_cdc_async_rst__33
INFO: [VRFC 10-311] analyzing module SystolicCore_axi_smc_0_xpm_cdc_async_rst__34
INFO: [VRFC 10-311] analyzing module SystolicCore_axi_smc_0_xpm_cdc_async_rst__35
INFO: [VRFC 10-311] analyzing module SystolicCore_axi_smc_0_xpm_cdc_async_rst__36
INFO: [VRFC 10-311] analyzing module SystolicCore_axi_smc_0_xpm_cdc_async_rst__37
INFO: [VRFC 10-311] analyzing module SystolicCore_axi_smc_0_xpm_cdc_async_rst__38
INFO: [VRFC 10-311] analyzing module SystolicCore_axi_smc_0_xpm_cdc_async_rst__39
INFO: [VRFC 10-311] analyzing module SystolicCore_axi_smc_0_xpm_cdc_async_rst__4
INFO: [VRFC 10-311] analyzing module SystolicCore_axi_smc_0_xpm_cdc_async_rst__40
INFO: [VRFC 10-311] analyzing module SystolicCore_axi_smc_0_xpm_cdc_async_rst__41
INFO: [VRFC 10-311] analyzing module SystolicCore_axi_smc_0_xpm_cdc_async_rst__42
INFO: [VRFC 10-311] analyzing module SystolicCore_axi_smc_0_xpm_cdc_async_rst__43
INFO: [VRFC 10-311] analyzing module SystolicCore_axi_smc_0_xpm_cdc_async_rst__44
INFO: [VRFC 10-311] analyzing module SystolicCore_axi_smc_0_xpm_cdc_async_rst__5
INFO: [VRFC 10-311] analyzing module SystolicCore_axi_smc_0_xpm_cdc_async_rst__6
INFO: [VRFC 10-311] analyzing module SystolicCore_axi_smc_0_xpm_cdc_async_rst__7
INFO: [VRFC 10-311] analyzing module SystolicCore_axi_smc_0_xpm_cdc_async_rst__8
INFO: [VRFC 10-311] analyzing module SystolicCore_axi_smc_0_xpm_cdc_async_rst__9
INFO: [VRFC 10-311] analyzing module SystolicCore_axi_smc_0_sc_axi2sc_v1_0_11_top
INFO: [VRFC 10-311] analyzing module SystolicCore_axi_smc_0_sc_exit_v1_0_18_exit
INFO: [VRFC 10-311] analyzing module SystolicCore_axi_smc_0_sc_exit_v1_0_18_exit_18
INFO: [VRFC 10-311] analyzing module SystolicCore_axi_smc_0_sc_exit_v1_0_18_top
INFO: [VRFC 10-311] analyzing module SystolicCore_axi_smc_0_sc_exit_v1_0_18_top__1
INFO: [VRFC 10-311] analyzing module SystolicCore_axi_smc_0_sc_mmu_v1_0_16_decerr_slave
INFO: [VRFC 10-311] analyzing module SystolicCore_axi_smc_0_sc_mmu_v1_0_16_top
INFO: [VRFC 10-311] analyzing module SystolicCore_axi_smc_0_sc_node_v1_0_19_arb_alg_rr
INFO: [VRFC 10-311] analyzing module SystolicCore_axi_smc_0_sc_node_v1_0_19_arb_alg_rr_2
INFO: [VRFC 10-311] analyzing module SystolicCore_axi_smc_0_sc_node_v1_0_19_fi_regulator
INFO: [VRFC 10-311] analyzing module SystolicCore_axi_smc_0_sc_node_v1_0_19_fi_regulator_5
INFO: [VRFC 10-311] analyzing module SystolicCore_axi_smc_0_sc_node_v1_0_19_fifo
INFO: [VRFC 10-311] analyzing module SystolicCore_axi_smc_0_sc_node_v1_0_19_fifo_8
INFO: [VRFC 10-311] analyzing module SystolicCore_axi_smc_0_sc_node_v1_0_19_fifo__parameterized0
INFO: [VRFC 10-311] analyzing module SystolicCore_axi_smc_0_sc_node_v1_0_19_fifo__parameterized1
INFO: [VRFC 10-311] analyzing module SystolicCore_axi_smc_0_sc_node_v1_0_19_fifo__parameterized2
INFO: [VRFC 10-311] analyzing module SystolicCore_axi_smc_0_sc_node_v1_0_19_mi_handler
INFO: [VRFC 10-311] analyzing module SystolicCore_axi_smc_0_sc_node_v1_0_19_mi_handler_17
INFO: [VRFC 10-311] analyzing module SystolicCore_axi_smc_0_sc_node_v1_0_19_mi_handler__parameterized0
INFO: [VRFC 10-311] analyzing module SystolicCore_axi_smc_0_sc_node_v1_0_19_mi_handler__parameterized0_16
INFO: [VRFC 10-311] analyzing module SystolicCore_axi_smc_0_sc_node_v1_0_19_mi_handler__parameterized1
INFO: [VRFC 10-311] analyzing module SystolicCore_axi_smc_0_sc_node_v1_0_19_mi_handler__parameterized10
INFO: [VRFC 10-311] analyzing module SystolicCore_axi_smc_0_sc_node_v1_0_19_mi_handler__parameterized11
INFO: [VRFC 10-311] analyzing module SystolicCore_axi_smc_0_sc_node_v1_0_19_mi_handler__parameterized12
INFO: [VRFC 10-311] analyzing module SystolicCore_axi_smc_0_sc_node_v1_0_19_mi_handler__parameterized13
INFO: [VRFC 10-311] analyzing module SystolicCore_axi_smc_0_sc_node_v1_0_19_mi_handler__parameterized1_15
INFO: [VRFC 10-311] analyzing module SystolicCore_axi_smc_0_sc_node_v1_0_19_mi_handler__parameterized2
INFO: [VRFC 10-311] analyzing module SystolicCore_axi_smc_0_sc_node_v1_0_19_mi_handler__parameterized2_14
INFO: [VRFC 10-311] analyzing module SystolicCore_axi_smc_0_sc_node_v1_0_19_mi_handler__parameterized3
INFO: [VRFC 10-311] analyzing module SystolicCore_axi_smc_0_sc_node_v1_0_19_mi_handler__parameterized3_13
INFO: [VRFC 10-311] analyzing module SystolicCore_axi_smc_0_sc_node_v1_0_19_mi_handler__parameterized4
INFO: [VRFC 10-311] analyzing module SystolicCore_axi_smc_0_sc_node_v1_0_19_mi_handler__parameterized5
INFO: [VRFC 10-311] analyzing module SystolicCore_axi_smc_0_sc_node_v1_0_19_mi_handler__parameterized6
INFO: [VRFC 10-311] analyzing module SystolicCore_axi_smc_0_sc_node_v1_0_19_mi_handler__parameterized7
INFO: [VRFC 10-311] analyzing module SystolicCore_axi_smc_0_sc_node_v1_0_19_mi_handler__parameterized8
INFO: [VRFC 10-311] analyzing module SystolicCore_axi_smc_0_sc_node_v1_0_19_mi_handler__parameterized9
INFO: [VRFC 10-311] analyzing module SystolicCore_axi_smc_0_sc_node_v1_0_19_reg_fifo
INFO: [VRFC 10-311] analyzing module SystolicCore_axi_smc_0_sc_node_v1_0_19_reg_fifo_9
INFO: [VRFC 10-311] analyzing module SystolicCore_axi_smc_0_sc_node_v1_0_19_reg_fifo__parameterized0
INFO: [VRFC 10-311] analyzing module SystolicCore_axi_smc_0_sc_node_v1_0_19_reg_fifo__parameterized1
INFO: [VRFC 10-311] analyzing module SystolicCore_axi_smc_0_sc_node_v1_0_19_reg_fifo__parameterized2
INFO: [VRFC 10-311] analyzing module SystolicCore_axi_smc_0_sc_node_v1_0_19_si_handler__parameterized6
INFO: [VRFC 10-311] analyzing module SystolicCore_axi_smc_0_sc_node_v1_0_19_si_handler__parameterized7
INFO: [VRFC 10-311] analyzing module SystolicCore_axi_smc_0_sc_node_v1_0_19_top
INFO: [VRFC 10-311] analyzing module SystolicCore_axi_smc_0_sc_node_v1_0_19_top__1
INFO: [VRFC 10-311] analyzing module SystolicCore_axi_smc_0_sc_node_v1_0_19_top__parameterized0
INFO: [VRFC 10-311] analyzing module SystolicCore_axi_smc_0_sc_node_v1_0_19_top__parameterized0__1
INFO: [VRFC 10-311] analyzing module SystolicCore_axi_smc_0_sc_node_v1_0_19_top__parameterized1
INFO: [VRFC 10-311] analyzing module SystolicCore_axi_smc_0_sc_node_v1_0_19_top__parameterized10
INFO: [VRFC 10-311] analyzing module SystolicCore_axi_smc_0_sc_node_v1_0_19_top__parameterized11
INFO: [VRFC 10-311] analyzing module SystolicCore_axi_smc_0_sc_node_v1_0_19_top__parameterized12
INFO: [VRFC 10-311] analyzing module SystolicCore_axi_smc_0_sc_node_v1_0_19_top__parameterized13
INFO: [VRFC 10-311] analyzing module SystolicCore_axi_smc_0_sc_node_v1_0_19_top__parameterized1__1
INFO: [VRFC 10-311] analyzing module SystolicCore_axi_smc_0_sc_node_v1_0_19_top__parameterized2
INFO: [VRFC 10-311] analyzing module SystolicCore_axi_smc_0_sc_node_v1_0_19_top__parameterized2__1
INFO: [VRFC 10-311] analyzing module SystolicCore_axi_smc_0_sc_node_v1_0_19_top__parameterized3
INFO: [VRFC 10-311] analyzing module SystolicCore_axi_smc_0_sc_node_v1_0_19_top__parameterized3__1
INFO: [VRFC 10-311] analyzing module SystolicCore_axi_smc_0_sc_node_v1_0_19_top__parameterized4
INFO: [VRFC 10-311] analyzing module SystolicCore_axi_smc_0_sc_node_v1_0_19_top__parameterized5
INFO: [VRFC 10-311] analyzing module SystolicCore_axi_smc_0_sc_node_v1_0_19_top__parameterized6
INFO: [VRFC 10-311] analyzing module SystolicCore_axi_smc_0_sc_node_v1_0_19_top__parameterized7
INFO: [VRFC 10-311] analyzing module SystolicCore_axi_smc_0_sc_node_v1_0_19_top__parameterized8
INFO: [VRFC 10-311] analyzing module SystolicCore_axi_smc_0_sc_node_v1_0_19_top__parameterized9
INFO: [VRFC 10-311] analyzing module SystolicCore_axi_smc_0_sc_sc2axi_v1_0_11_top
INFO: [VRFC 10-311] analyzing module SystolicCore_axi_smc_0_sc_sc2axi_v1_0_11_top__1
INFO: [VRFC 10-311] analyzing module SystolicCore_axi_smc_0_sc_si_converter_v1_0_16_axilite_conv
INFO: [VRFC 10-311] analyzing module SystolicCore_axi_smc_0_sc_si_converter_v1_0_16_top
INFO: [VRFC 10-311] analyzing module SystolicCore_axi_smc_0_sc_switchboard_v1_0_9_top
INFO: [VRFC 10-311] analyzing module SystolicCore_axi_smc_0_sc_switchboard_v1_0_9_top__1
INFO: [VRFC 10-311] analyzing module SystolicCore_axi_smc_0_sc_switchboard_v1_0_9_top__parameterized0
INFO: [VRFC 10-311] analyzing module SystolicCore_axi_smc_0_sc_switchboard_v1_0_9_top__parameterized0__1
INFO: [VRFC 10-311] analyzing module SystolicCore_axi_smc_0_sc_switchboard_v1_0_9_top__parameterized1
INFO: [VRFC 10-311] analyzing module SystolicCore_axi_smc_0_sc_switchboard_v1_0_9_top__parameterized2
INFO: [VRFC 10-311] analyzing module SystolicCore_axi_smc_0_sc_switchboard_v1_0_9_top__parameterized3
INFO: [VRFC 10-311] analyzing module SystolicCore_axi_smc_0_sc_switchboard_v1_0_9_top__parameterized3__1
INFO: [VRFC 10-311] analyzing module SystolicCore_axi_smc_0_sc_switchboard_v1_0_9_top__parameterized4
INFO: [VRFC 10-311] analyzing module SystolicCore_axi_smc_0_sc_switchboard_v1_0_9_top__parameterized5
INFO: [VRFC 10-311] analyzing module SystolicCore_axi_smc_0_sc_transaction_regulator_v1_0_12_singleorder
INFO: [VRFC 10-311] analyzing module SystolicCore_axi_smc_0_sc_transaction_regulator_v1_0_12_singleorder_11
INFO: [VRFC 10-311] analyzing module SystolicCore_axi_smc_0_sc_transaction_regulator_v1_0_12_top
INFO: [VRFC 10-311] analyzing module SystolicCore_axi_smc_0_sc_util_v1_0_4_axi_reg_stall__parameterized0
INFO: [VRFC 10-311] analyzing module SystolicCore_axi_smc_0_sc_util_v1_0_4_axi_reg_stall__parameterized0_12
INFO: [VRFC 10-311] analyzing module SystolicCore_axi_smc_0_sc_util_v1_0_4_axi_splitter
INFO: [VRFC 10-311] analyzing module SystolicCore_axi_smc_0_sc_util_v1_0_4_counter__parameterized0
INFO: [VRFC 10-311] analyzing module SystolicCore_axi_smc_0_sc_util_v1_0_4_counter__parameterized0_1
INFO: [VRFC 10-311] analyzing module SystolicCore_axi_smc_0_sc_util_v1_0_4_counter__parameterized0_10
INFO: [VRFC 10-311] analyzing module SystolicCore_axi_smc_0_sc_util_v1_0_4_counter__parameterized0_6
INFO: [VRFC 10-311] analyzing module SystolicCore_axi_smc_0_sc_util_v1_0_4_counter__parameterized0_7
INFO: [VRFC 10-311] analyzing module SystolicCore_axi_smc_0_sc_util_v1_0_4_counter__parameterized1
INFO: [VRFC 10-311] analyzing module SystolicCore_axi_smc_0_sc_util_v1_0_4_counter__parameterized1_0
INFO: [VRFC 10-311] analyzing module SystolicCore_axi_smc_0_sc_util_v1_0_4_counter__parameterized1_3
INFO: [VRFC 10-311] analyzing module SystolicCore_axi_smc_0_sc_util_v1_0_4_counter__parameterized1_4
INFO: [VRFC 10-311] analyzing module SystolicCore_axi_smc_0_sc_util_v1_0_4_mux__parameterized1
INFO: [VRFC 10-311] analyzing module SystolicCore_axi_smc_0_sc_util_v1_0_4_mux__parameterized3
INFO: [VRFC 10-311] analyzing module glbl
INFO: [VRFC 10-2263] Analyzing Verilog file "/home/xmen/Videos/RustDesk/SystolicCore/SystolicCore/rtl/AXI_Stream_Systolic_Core.v" into library xil_defaultlib
INFO: [VRFC 10-311] analyzing module AXI_Stream_Systolic_Core
INFO: [VRFC 10-2263] Analyzing SystemVerilog file "/home/xmen/Videos/RustDesk/SystolicCore/SystolicCore/rtl/SystolicControlUnit.sv" into library xil_defaultlib
INFO: [VRFC 10-311] analyzing module systolicControlUnitTop
INFO: [VRFC 10-2263] Analyzing SystemVerilog file "/home/xmen/Videos/RustDesk/SystolicCore/SystolicCore/rtl/SystolicCore.sv" into library xil_defaultlib
INFO: [VRFC 10-311] analyzing module SystolicCoreTop
WARNING: [VRFC 10-8772] attribute 'dont_touch' is already specified; last one will take precedence [/home/xmen/Videos/RustDesk/SystolicCore/SystolicCore/rtl/SystolicCore.sv:230]
INFO: [VRFC 10-2263] Analyzing SystemVerilog file "/home/xmen/Videos/RustDesk/SystolicCore/SystolicCore/rtl/accumulator.sv" into library xil_defaultlib
INFO: [VRFC 10-311] analyzing module accumulator_cells
INFO: [VRFC 10-2263] Analyzing SystemVerilog file "/home/xmen/Videos/RustDesk/SystolicCore/SystolicCore/rtl/mem2serial.sv" into library xil_defaultlib
INFO: [VRFC 10-311] analyzing module mem2seriala
INFO: [VRFC 10-2263] Analyzing SystemVerilog file "/home/xmen/Videos/RustDesk/SystolicCore/SystolicCore/rtl/serial2mem.sv" into library xil_defaultlib
INFO: [VRFC 10-311] analyzing module serial2mem
WARNING: [VRFC 10-2938] 'single_port_ram_di_reg' is already implicitly declared on line 121 [/home/xmen/Videos/RustDesk/SystolicCore/SystolicCore/rtl/serial2mem.sv:131]
INFO: [VRFC 10-2263] Analyzing SystemVerilog file "/home/xmen/Videos/RustDesk/SystolicCore/SystolicCore/rtl/systolicMatrixMultiply.sv" into library xil_defaultlib
INFO: [VRFC 10-311] analyzing module systolicMatrixMultiply
INFO: [VRFC 10-2263] Analyzing SystemVerilog file "/home/xmen/Videos/RustDesk/SystolicCore/SystolicCore/tb/tb_fpga.sv" into library xil_defaultlib
INFO: [VRFC 10-311] analyzing module tb
WARNING: [VRFC 10-8658] /* is inside a comment [/home/xmen/Videos/RustDesk/SystolicCore/SystolicCore/tb/tb_fpga.sv:63]
