
*** Running vivado
    with args -log SystolicCore_wrapper_onlyFPGA_0_0.vds -m64 -product Vivado -mode batch -messageDb vivado.pb -notrace -source SystolicCore_wrapper_onlyFPGA_0_0.tcl


****** Vivado v2025.2 (64-bit)
  **** SW Build 6299465 on Fri Nov 14 12:34:56 MST 2025
  **** IP Build 6300035 on Fri Nov 14 10:48:45 MST 2025
  **** SharedData Build 6298862 on Thu Nov 13 04:50:51 MST 2025
  **** Start of session at: Fri Jan 30 00:21:21 2026
    ** Copyright 1986-2022 Xilinx, Inc. All Rights Reserved.
    ** Copyright 2022-2025 Advanced Micro Devices, Inc. All Rights Reserved.

source SystolicCore_wrapper_onlyFPGA_0_0.tcl -notrace
INFO: [IP_Flow 19-234] Refreshing IP repositories
INFO: [IP_Flow 19-1704] No user IP repositories specified
INFO: [IP_Flow 19-2313] Loaded Vivado IP repository '/home/xmen/Music/2025.2/data/ip'.
Command: synth_design -top SystolicCore_wrapper_onlyFPGA_0_0 -part xczu7ev-ffvc1156-2-e -incremental_mode off -mode out_of_context
Starting synth_design
Attempting to get a license for feature 'Synthesis' and/or device 'xczu7ev'
INFO: [Common 17-349] Got license for feature 'Synthesis' and/or device 'xczu7ev'
INFO: [Device 21-403] Loading part xczu7ev-ffvc1156-2-e
INFO: [Synth 8-7079] Multithreading enabled for synth_design using a maximum of 7 processes.
INFO: [Synth 8-7078] Launching helper process for spawning children vivado processes
INFO: [Synth 8-7075] Helper process launched with PID 180240
---------------------------------------------------------------------------------
Starting RTL Elaboration : Time (s): cpu = 00:00:02 ; elapsed = 00:00:02 . Memory (MB): peak = 3181.246 ; gain = 150.656 ; free physical = 10134 ; free virtual = 56683
---------------------------------------------------------------------------------
INFO: [Synth 8-11241] undeclared symbol 'uart_clock', assumed default net type 'wire' [/home/xmen/Videos/RustDesk/SystolicCore/SystolicCore/rtl/SystolicCore.sv:142]
INFO: [Synth 8-11241] undeclared symbol 'uart_nreset', assumed default net type 'wire' [/home/xmen/Videos/RustDesk/SystolicCore/SystolicCore/rtl/SystolicCore.sv:151]
WARNING: [Synth 8-10507] attribute 'dont_touch' is already specified; last one will take precedence [/home/xmen/Videos/RustDesk/SystolicCore/SystolicCore/rtl/SystolicCore.sv:230]
INFO: [Synth 8-6157] synthesizing module 'SystolicCore_wrapper_onlyFPGA_0_0' [/home/xmen/Videos/RustDesk/SystolicCore/SystolicCore/Zynq_Systolic_Core_AXI_FIFO_Stream_Reboot/Zynq_Systolic_Core_AXI_FIFO_Stream_Reboot.gen/sources_1/bd/SystolicCore_wrapper/ip/SystolicCore_wrapper_onlyFPGA_0_0/synth/SystolicCore_wrapper_onlyFPGA_0_0.v:53]
WARNING: [Synth 8-4446] all outputs are unconnected for this instance and logic may be removed [/home/xmen/Videos/RustDesk/SystolicCore/SystolicCore/Zynq_Systolic_Core_AXI_FIFO_Stream_Reboot/Zynq_Systolic_Core_AXI_FIFO_Stream_Reboot.gen/sources_1/bd/SystolicCore_wrapper/ip/SystolicCore_wrapper_onlyFPGA_0_0/synth/SystolicCore_wrapper_onlyFPGA_0_0.v:69]
INFO: [Synth 8-6157] synthesizing module 'onlyFPGA' [/home/xmen/Videos/RustDesk/SystolicCore/SystolicCore/Zynq_Systolic_Core_AXI_FIFO_Stream_Reboot/Zynq_Systolic_Core_AXI_FIFO_Stream_Reboot.srcs/sources_1/new/onlyFPGA.v:23]
INFO: [Synth 8-6157] synthesizing module 'matrix_in_memeory' [/home/xmen/Videos/RustDesk/SystolicCore/SystolicCore/Zynq_Systolic_Core_AXI_FIFO_Stream_Reboot/Zynq_Systolic_Core_AXI_FIFO_Stream_Reboot.runs/SystolicCore_wrapper_onlyFPGA_0_0_synth_1/.Xil/Vivado-179922-VT0144/realtime/matrix_in_memeory_stub.v:6]
INFO: [Synth 8-6155] done synthesizing module 'matrix_in_memeory' (0#1) [/home/xmen/Videos/RustDesk/SystolicCore/SystolicCore/Zynq_Systolic_Core_AXI_FIFO_Stream_Reboot/Zynq_Systolic_Core_AXI_FIFO_Stream_Reboot.runs/SystolicCore_wrapper_onlyFPGA_0_0_synth_1/.Xil/Vivado-179922-VT0144/realtime/matrix_in_memeory_stub.v:6]
WARNING: [Synth 8-689] width (32) of port connection 'addra' does not match port width (11) of module 'matrix_in_memeory' [/home/xmen/Videos/RustDesk/SystolicCore/SystolicCore/Zynq_Systolic_Core_AXI_FIFO_Stream_Reboot/Zynq_Systolic_Core_AXI_FIFO_Stream_Reboot.srcs/sources_1/new/onlyFPGA.v:38]
WARNING: [Synth 8-689] width (32) of port connection 'douta' does not match port width (8) of module 'matrix_in_memeory' [/home/xmen/Videos/RustDesk/SystolicCore/SystolicCore/Zynq_Systolic_Core_AXI_FIFO_Stream_Reboot/Zynq_Systolic_Core_AXI_FIFO_Stream_Reboot.srcs/sources_1/new/onlyFPGA.v:40]
WARNING: [Synth 8-4446] all outputs are unconnected for this instance and logic may be removed [/home/xmen/Videos/RustDesk/SystolicCore/SystolicCore/Zynq_Systolic_Core_AXI_FIFO_Stream_Reboot/Zynq_Systolic_Core_AXI_FIFO_Stream_Reboot.srcs/sources_1/new/onlyFPGA.v:43]
INFO: [Synth 8-6157] synthesizing module 'AXI_Stream_Systolic_Core' [/home/xmen/Videos/RustDesk/SystolicCore/SystolicCore/rtl/AXI_Stream_Systolic_Core.v:23]
INFO: [Synth 8-6157] synthesizing module 'SystolicCoreTop' [/home/xmen/Videos/RustDesk/SystolicCore/SystolicCore/rtl/SystolicCore.sv:23]
	Parameter BYTESIZES bound to: 8 - type: integer 
	Parameter WIDTHx bound to: 4 - type: integer 
	Parameter SIZE bound to: 16 - type: integer 
	Parameter WIDTH bound to: 8 - type: integer 
INFO: [Synth 8-6157] synthesizing module 'systolicMatrixMultiply' [/home/xmen/Videos/RustDesk/SystolicCore/SystolicCore/rtl/systolicMatrixMultiply.sv:12]
	Parameter WIDTH bound to: 8 - type: integer 
	Parameter SIZE bound to: 16 - type: integer 
	Parameter WIDTHx bound to: 4 - type: integer 
INFO: [Synth 8-6157] synthesizing module 'accumulator_cells' [/home/xmen/Videos/RustDesk/SystolicCore/SystolicCore/rtl/accumulator.sv:13]
	Parameter WIDTH bound to: 8 - type: integer 
	Parameter WIDTHx bound to: 4 - type: integer 
INFO: [Synth 8-6155] done synthesizing module 'accumulator_cells' (0#1) [/home/xmen/Videos/RustDesk/SystolicCore/SystolicCore/rtl/accumulator.sv:13]
WARNING: [Synth 8-324] index 16 out of range [/home/xmen/Videos/RustDesk/SystolicCore/SystolicCore/rtl/systolicMatrixMultiply.sv:52]
WARNING: [Synth 8-324] index 16 out of range [/home/xmen/Videos/RustDesk/SystolicCore/SystolicCore/rtl/systolicMatrixMultiply.sv:52]
WARNING: [Synth 8-324] index 16 out of range [/home/xmen/Videos/RustDesk/SystolicCore/SystolicCore/rtl/systolicMatrixMultiply.sv:52]
WARNING: [Synth 8-324] index 16 out of range [/home/xmen/Videos/RustDesk/SystolicCore/SystolicCore/rtl/systolicMatrixMultiply.sv:52]
WARNING: [Synth 8-324] index 16 out of range [/home/xmen/Videos/RustDesk/SystolicCore/SystolicCore/rtl/systolicMatrixMultiply.sv:52]
WARNING: [Synth 8-324] index 16 out of range [/home/xmen/Videos/RustDesk/SystolicCore/SystolicCore/rtl/systolicMatrixMultiply.sv:52]
WARNING: [Synth 8-324] index 16 out of range [/home/xmen/Videos/RustDesk/SystolicCore/SystolicCore/rtl/systolicMatrixMultiply.sv:52]
WARNING: [Synth 8-324] index 16 out of range [/home/xmen/Videos/RustDesk/SystolicCore/SystolicCore/rtl/systolicMatrixMultiply.sv:52]
WARNING: [Synth 8-324] index 16 out of range [/home/xmen/Videos/RustDesk/SystolicCore/SystolicCore/rtl/systolicMatrixMultiply.sv:52]
WARNING: [Synth 8-324] index 16 out of range [/home/xmen/Videos/RustDesk/SystolicCore/SystolicCore/rtl/systolicMatrixMultiply.sv:52]
WARNING: [Synth 8-324] index 16 out of range [/home/xmen/Videos/RustDesk/SystolicCore/SystolicCore/rtl/systolicMatrixMultiply.sv:52]
WARNING: [Synth 8-324] index 16 out of range [/home/xmen/Videos/RustDesk/SystolicCore/SystolicCore/rtl/systolicMatrixMultiply.sv:52]
WARNING: [Synth 8-324] index 16 out of range [/home/xmen/Videos/RustDesk/SystolicCore/SystolicCore/rtl/systolicMatrixMultiply.sv:52]
WARNING: [Synth 8-324] index 16 out of range [/home/xmen/Videos/RustDesk/SystolicCore/SystolicCore/rtl/systolicMatrixMultiply.sv:52]
WARNING: [Synth 8-324] index 16 out of range [/home/xmen/Videos/RustDesk/SystolicCore/SystolicCore/rtl/systolicMatrixMultiply.sv:52]
WARNING: [Synth 8-324] index 16 out of range [/home/xmen/Videos/RustDesk/SystolicCore/SystolicCore/rtl/systolicMatrixMultiply.sv:51]
WARNING: [Synth 8-324] index 16 out of range [/home/xmen/Videos/RustDesk/SystolicCore/SystolicCore/rtl/systolicMatrixMultiply.sv:51]
WARNING: [Synth 8-324] index 16 out of range [/home/xmen/Videos/RustDesk/SystolicCore/SystolicCore/rtl/systolicMatrixMultiply.sv:51]
WARNING: [Synth 8-324] index 16 out of range [/home/xmen/Videos/RustDesk/SystolicCore/SystolicCore/rtl/systolicMatrixMultiply.sv:51]
WARNING: [Synth 8-324] index 16 out of range [/home/xmen/Videos/RustDesk/SystolicCore/SystolicCore/rtl/systolicMatrixMultiply.sv:51]
WARNING: [Synth 8-324] index 16 out of range [/home/xmen/Videos/RustDesk/SystolicCore/SystolicCore/rtl/systolicMatrixMultiply.sv:51]
WARNING: [Synth 8-324] index 16 out of range [/home/xmen/Videos/RustDesk/SystolicCore/SystolicCore/rtl/systolicMatrixMultiply.sv:51]
WARNING: [Synth 8-324] index 16 out of range [/home/xmen/Videos/RustDesk/SystolicCore/SystolicCore/rtl/systolicMatrixMultiply.sv:51]
WARNING: [Synth 8-324] index 16 out of range [/home/xmen/Videos/RustDesk/SystolicCore/SystolicCore/rtl/systolicMatrixMultiply.sv:51]
WARNING: [Synth 8-324] index 16 out of range [/home/xmen/Videos/RustDesk/SystolicCore/SystolicCore/rtl/systolicMatrixMultiply.sv:51]
WARNING: [Synth 8-324] index 16 out of range [/home/xmen/Videos/RustDesk/SystolicCore/SystolicCore/rtl/systolicMatrixMultiply.sv:51]
WARNING: [Synth 8-324] index 16 out of range [/home/xmen/Videos/RustDesk/SystolicCore/SystolicCore/rtl/systolicMatrixMultiply.sv:51]
WARNING: [Synth 8-324] index 16 out of range [/home/xmen/Videos/RustDesk/SystolicCore/SystolicCore/rtl/systolicMatrixMultiply.sv:51]
WARNING: [Synth 8-324] index 16 out of range [/home/xmen/Videos/RustDesk/SystolicCore/SystolicCore/rtl/systolicMatrixMultiply.sv:51]
WARNING: [Synth 8-324] index 16 out of range [/home/xmen/Videos/RustDesk/SystolicCore/SystolicCore/rtl/systolicMatrixMultiply.sv:51]
WARNING: [Synth 8-324] index 16 out of range [/home/xmen/Videos/RustDesk/SystolicCore/SystolicCore/rtl/systolicMatrixMultiply.sv:51]
WARNING: [Synth 8-324] index 16 out of range [/home/xmen/Videos/RustDesk/SystolicCore/SystolicCore/rtl/systolicMatrixMultiply.sv:52]
INFO: [Synth 8-6155] done synthesizing module 'systolicMatrixMultiply' (0#1) [/home/xmen/Videos/RustDesk/SystolicCore/SystolicCore/rtl/systolicMatrixMultiply.sv:12]
INFO: [Synth 8-6157] synthesizing module 'serial2mem' [/home/xmen/Videos/RustDesk/SystolicCore/SystolicCore/rtl/serial2mem.sv:1]
	Parameter WIDTH bound to: 4 - type: integer 
	Parameter SIZE bound to: 16 - type: integer 
INFO: [Synth 8-6157] synthesizing module 'ram_dual_port' [/home/xmen/Videos/RustDesk/SystolicCore/SystolicCore/Zynq_Systolic_Core_AXI_FIFO_Stream_Reboot/Zynq_Systolic_Core_AXI_FIFO_Stream_Reboot.runs/SystolicCore_wrapper_onlyFPGA_0_0_synth_1/.Xil/Vivado-179922-VT0144/realtime/ram_dual_port_stub.v:6]
INFO: [Synth 8-6155] done synthesizing module 'ram_dual_port' (0#1) [/home/xmen/Videos/RustDesk/SystolicCore/SystolicCore/Zynq_Systolic_Core_AXI_FIFO_Stream_Reboot/Zynq_Systolic_Core_AXI_FIFO_Stream_Reboot.runs/SystolicCore_wrapper_onlyFPGA_0_0_synth_1/.Xil/Vivado-179922-VT0144/realtime/ram_dual_port_stub.v:6]
WARNING: [Synth 8-689] width (5) of port connection 'addra' does not match port width (7) of module 'ram_dual_port' [/home/xmen/Videos/RustDesk/SystolicCore/SystolicCore/rtl/serial2mem.sv:65]
WARNING: [Synth 8-689] width (64) of port connection 'dina' does not match port width (256) of module 'ram_dual_port' [/home/xmen/Videos/RustDesk/SystolicCore/SystolicCore/rtl/serial2mem.sv:66]
WARNING: [Synth 8-689] width (5) of port connection 'addrb' does not match port width (7) of module 'ram_dual_port' [/home/xmen/Videos/RustDesk/SystolicCore/SystolicCore/rtl/serial2mem.sv:70]
WARNING: [Synth 8-689] width (64) of port connection 'doutb' does not match port width (256) of module 'ram_dual_port' [/home/xmen/Videos/RustDesk/SystolicCore/SystolicCore/rtl/serial2mem.sv:71]
WARNING: [Synth 8-7071] port 'douta' of module 'ram_dual_port' is unconnected for instance 'ram_0' [/home/xmen/Videos/RustDesk/SystolicCore/SystolicCore/rtl/serial2mem.sv:61]
WARNING: [Synth 8-7071] port 'web' of module 'ram_dual_port' is unconnected for instance 'ram_0' [/home/xmen/Videos/RustDesk/SystolicCore/SystolicCore/rtl/serial2mem.sv:61]
WARNING: [Synth 8-7071] port 'dinb' of module 'ram_dual_port' is unconnected for instance 'ram_0' [/home/xmen/Videos/RustDesk/SystolicCore/SystolicCore/rtl/serial2mem.sv:61]
WARNING: [Synth 8-7023] instance 'ram_0' of module 'ram_dual_port' has 15 connections declared, but only 12 given [/home/xmen/Videos/RustDesk/SystolicCore/SystolicCore/rtl/serial2mem.sv:61]
INFO: [Synth 8-6155] done synthesizing module 'serial2mem' (0#1) [/home/xmen/Videos/RustDesk/SystolicCore/SystolicCore/rtl/serial2mem.sv:1]
INFO: [Synth 8-6157] synthesizing module 'mem2seriala' [/home/xmen/Videos/RustDesk/SystolicCore/SystolicCore/rtl/mem2serial.sv:1]
	Parameter SIZE bound to: 16 - type: integer 
	Parameter WIDTH bound to: 8 - type: integer 
INFO: [Synth 8-6155] done synthesizing module 'mem2seriala' (0#1) [/home/xmen/Videos/RustDesk/SystolicCore/SystolicCore/rtl/mem2serial.sv:1]
INFO: [Synth 8-6157] synthesizing module 'systolicControlUnitTop' [/home/xmen/Videos/RustDesk/SystolicCore/SystolicCore/rtl/SystolicControlUnit.sv:1]
INFO: [Synth 8-226] default block is never used [/home/xmen/Videos/RustDesk/SystolicCore/SystolicCore/rtl/SystolicControlUnit.sv:114]
INFO: [Synth 8-6157] synthesizing module 'counter' [/home/xmen/Videos/RustDesk/SystolicCore/SystolicCore/rtl/counter.sv:13]
	Parameter MAX_COUNTER bound to: 32 - type: integer 
INFO: [Synth 8-6155] done synthesizing module 'counter' (0#1) [/home/xmen/Videos/RustDesk/SystolicCore/SystolicCore/rtl/counter.sv:13]
WARNING: [Synth 8-689] width (33) of port connection 'counter' does not match port width (32) of module 'counter' [/home/xmen/Videos/RustDesk/SystolicCore/SystolicCore/rtl/SystolicControlUnit.sv:275]
WARNING: [Synth 8-689] width (33) of port connection 'counter' does not match port width (32) of module 'counter' [/home/xmen/Videos/RustDesk/SystolicCore/SystolicCore/rtl/SystolicControlUnit.sv:286]
WARNING: [Synth 8-689] width (33) of port connection 'counter' does not match port width (32) of module 'counter' [/home/xmen/Videos/RustDesk/SystolicCore/SystolicCore/rtl/SystolicControlUnit.sv:295]
WARNING: [Synth 8-689] width (33) of port connection 'counter' does not match port width (32) of module 'counter' [/home/xmen/Videos/RustDesk/SystolicCore/SystolicCore/rtl/SystolicControlUnit.sv:304]
WARNING: [Synth 8-689] width (33) of port connection 'counter' does not match port width (32) of module 'counter' [/home/xmen/Videos/RustDesk/SystolicCore/SystolicCore/rtl/SystolicControlUnit.sv:314]
WARNING: [Synth 8-689] width (33) of port connection 'counter' does not match port width (32) of module 'counter' [/home/xmen/Videos/RustDesk/SystolicCore/SystolicCore/rtl/SystolicControlUnit.sv:324]
WARNING: [Synth 8-4446] all outputs are unconnected for this instance and logic may be removed [/home/xmen/Videos/RustDesk/SystolicCore/SystolicCore/rtl/SystolicControlUnit.sv:329]
INFO: [Synth 8-6157] synthesizing module 'ila_0' [/home/xmen/Videos/RustDesk/SystolicCore/SystolicCore/Zynq_Systolic_Core_AXI_FIFO_Stream_Reboot/Zynq_Systolic_Core_AXI_FIFO_Stream_Reboot.runs/SystolicCore_wrapper_onlyFPGA_0_0_synth_1/.Xil/Vivado-179922-VT0144/realtime/ila_0_stub.v:6]
INFO: [Synth 8-6155] done synthesizing module 'ila_0' (0#1) [/home/xmen/Videos/RustDesk/SystolicCore/SystolicCore/Zynq_Systolic_Core_AXI_FIFO_Stream_Reboot/Zynq_Systolic_Core_AXI_FIFO_Stream_Reboot.runs/SystolicCore_wrapper_onlyFPGA_0_0_synth_1/.Xil/Vivado-179922-VT0144/realtime/ila_0_stub.v:6]
WARNING: [Synth 8-689] width (33) of port connection 'probe0' does not match port width (32) of module 'ila_0' [/home/xmen/Videos/RustDesk/SystolicCore/SystolicCore/rtl/SystolicControlUnit.sv:333]
WARNING: [Synth 8-689] width (33) of port connection 'probe1' does not match port width (32) of module 'ila_0' [/home/xmen/Videos/RustDesk/SystolicCore/SystolicCore/rtl/SystolicControlUnit.sv:334]
WARNING: [Synth 8-689] width (33) of port connection 'probe2' does not match port width (32) of module 'ila_0' [/home/xmen/Videos/RustDesk/SystolicCore/SystolicCore/rtl/SystolicControlUnit.sv:335]
WARNING: [Synth 8-689] width (33) of port connection 'probe3' does not match port width (32) of module 'ila_0' [/home/xmen/Videos/RustDesk/SystolicCore/SystolicCore/rtl/SystolicControlUnit.sv:336]
WARNING: [Synth 8-689] width (33) of port connection 'probe4' does not match port width (32) of module 'ila_0' [/home/xmen/Videos/RustDesk/SystolicCore/SystolicCore/rtl/SystolicControlUnit.sv:337]
WARNING: [Synth 8-689] width (33) of port connection 'probe5' does not match port width (32) of module 'ila_0' [/home/xmen/Videos/RustDesk/SystolicCore/SystolicCore/rtl/SystolicControlUnit.sv:338]
INFO: [Synth 8-6155] done synthesizing module 'systolicControlUnitTop' (0#1) [/home/xmen/Videos/RustDesk/SystolicCore/SystolicCore/rtl/SystolicControlUnit.sv:1]
INFO: [Synth 8-6155] done synthesizing module 'SystolicCoreTop' (0#1) [/home/xmen/Videos/RustDesk/SystolicCore/SystolicCore/rtl/SystolicCore.sv:23]
WARNING: [Synth 8-689] width (32) of port connection 'uart_data_rx_out' does not match port width (8) of module 'SystolicCoreTop' [/home/xmen/Videos/RustDesk/SystolicCore/SystolicCore/rtl/AXI_Stream_Systolic_Core.v:58]
WARNING: [Synth 8-689] width (32) of port connection 'uart_data_tx_in' does not match port width (8) of module 'SystolicCoreTop' [/home/xmen/Videos/RustDesk/SystolicCore/SystolicCore/rtl/AXI_Stream_Systolic_Core.v:60]
INFO: [Synth 8-6155] done synthesizing module 'AXI_Stream_Systolic_Core' (0#1) [/home/xmen/Videos/RustDesk/SystolicCore/SystolicCore/rtl/AXI_Stream_Systolic_Core.v:23]
INFO: [Synth 8-6155] done synthesizing module 'onlyFPGA' (0#1) [/home/xmen/Videos/RustDesk/SystolicCore/SystolicCore/Zynq_Systolic_Core_AXI_FIFO_Stream_Reboot/Zynq_Systolic_Core_AXI_FIFO_Stream_Reboot.srcs/sources_1/new/onlyFPGA.v:23]
INFO: [Synth 8-6155] done synthesizing module 'SystolicCore_wrapper_onlyFPGA_0_0' (0#1) [/home/xmen/Videos/RustDesk/SystolicCore/SystolicCore/Zynq_Systolic_Core_AXI_FIFO_Stream_Reboot/Zynq_Systolic_Core_AXI_FIFO_Stream_Reboot.gen/sources_1/bd/SystolicCore_wrapper/ip/SystolicCore_wrapper_onlyFPGA_0_0/synth/SystolicCore_wrapper_onlyFPGA_0_0.v:53]
WARNING: [Synth 8-6014] Unused sequential element sampling_window_debug_reg was removed.  [/home/xmen/Videos/RustDesk/SystolicCore/SystolicCore/rtl/serial2mem.sv:139]
WARNING: [Synth 8-6014] Unused sequential element single_port_ram_di_reg_reg was removed.  [/home/xmen/Videos/RustDesk/SystolicCore/SystolicCore/rtl/serial2mem.sv:140]
WARNING: [Synth 8-7137] Register next_buf_data_reg in module serial2mem has both Set and reset with same priority. This may cause simulation mismatches. Consider rewriting code  [/home/xmen/Videos/RustDesk/SystolicCore/SystolicCore/rtl/serial2mem.sv:144]
INFO: [Synth 8-6071] Mark debug on the nets applies keep_hierarchy on instance 'counter_idle'. This will prevent further optimization [/home/xmen/Videos/RustDesk/SystolicCore/SystolicCore/rtl/SystolicControlUnit.sv:270]
INFO: [Synth 8-6071] Mark debug on the nets applies keep_hierarchy on instance 'contadores_de_ciclo'. This will prevent further optimization [/home/xmen/Videos/RustDesk/SystolicCore/SystolicCore/rtl/SystolicControlUnit.sv:329]
INFO: [Synth 8-6071] Mark debug on the nets applies keep_hierarchy on instance 'counter_opA'. This will prevent further optimization [/home/xmen/Videos/RustDesk/SystolicCore/SystolicCore/rtl/SystolicControlUnit.sv:281]
INFO: [Synth 8-6071] Mark debug on the nets applies keep_hierarchy on instance 'counter_opB'. This will prevent further optimization [/home/xmen/Videos/RustDesk/SystolicCore/SystolicCore/rtl/SystolicControlUnit.sv:290]
INFO: [Synth 8-6071] Mark debug on the nets applies keep_hierarchy on instance 'counter_read_mem'. This will prevent further optimization [/home/xmen/Videos/RustDesk/SystolicCore/SystolicCore/rtl/SystolicControlUnit.sv:299]
INFO: [Synth 8-6071] Mark debug on the nets applies keep_hierarchy on instance 'counter_write_mem'. This will prevent further optimization [/home/xmen/Videos/RustDesk/SystolicCore/SystolicCore/rtl/SystolicControlUnit.sv:309]
INFO: [Synth 8-6071] Mark debug on the nets applies keep_hierarchy on instance 'counter_idle_pc'. This will prevent further optimization [/home/xmen/Videos/RustDesk/SystolicCore/SystolicCore/rtl/SystolicControlUnit.sv:319]
WARNING: [Synth 8-87] always_comb on 'serial2mem_opa_rw_reg' did not result in combinational logic [/home/xmen/Videos/RustDesk/SystolicCore/SystolicCore/rtl/SystolicControlUnit.sv:79]
WARNING: [Synth 8-87] always_comb on 'serial2mem_opb_rw_reg' did not result in combinational logic [/home/xmen/Videos/RustDesk/SystolicCore/SystolicCore/rtl/SystolicControlUnit.sv:80]
WARNING: [Synth 8-87] always_comb on 'serial2mem_opa_rready_i_reg' did not result in combinational logic [/home/xmen/Videos/RustDesk/SystolicCore/SystolicCore/rtl/SystolicControlUnit.sv:81]
WARNING: [Synth 8-87] always_comb on 'serial2mem_opb_rready_i_reg' did not result in combinational logic [/home/xmen/Videos/RustDesk/SystolicCore/SystolicCore/rtl/SystolicControlUnit.sv:82]
WARNING: [Synth 8-87] always_comb on 'starting_frame_identified_reg' did not result in combinational logic [/home/xmen/Videos/RustDesk/SystolicCore/SystolicCore/rtl/SystolicControlUnit.sv:89]
INFO: [Synth 8-7129] Port serial2mem_opb_rvalid_o in module systolicControlUnitTop is either unconnected or has no load
INFO: [Synth 8-7129] Port serial2mem_opa_ready_o in module systolicControlUnitTop is either unconnected or has no load
INFO: [Synth 8-7129] Port s_axis_tlast in module SystolicCoreTop is either unconnected or has no load
INFO: [Synth 8-7129] Port s_axis_tdata[31] in module AXI_Stream_Systolic_Core is either unconnected or has no load
INFO: [Synth 8-7129] Port s_axis_tdata[30] in module AXI_Stream_Systolic_Core is either unconnected or has no load
INFO: [Synth 8-7129] Port s_axis_tdata[29] in module AXI_Stream_Systolic_Core is either unconnected or has no load
INFO: [Synth 8-7129] Port s_axis_tdata[28] in module AXI_Stream_Systolic_Core is either unconnected or has no load
INFO: [Synth 8-7129] Port s_axis_tdata[27] in module AXI_Stream_Systolic_Core is either unconnected or has no load
INFO: [Synth 8-7129] Port s_axis_tdata[26] in module AXI_Stream_Systolic_Core is either unconnected or has no load
INFO: [Synth 8-7129] Port s_axis_tdata[25] in module AXI_Stream_Systolic_Core is either unconnected or has no load
INFO: [Synth 8-7129] Port s_axis_tdata[24] in module AXI_Stream_Systolic_Core is either unconnected or has no load
INFO: [Synth 8-7129] Port s_axis_tdata[23] in module AXI_Stream_Systolic_Core is either unconnected or has no load
INFO: [Synth 8-7129] Port s_axis_tdata[22] in module AXI_Stream_Systolic_Core is either unconnected or has no load
INFO: [Synth 8-7129] Port s_axis_tdata[21] in module AXI_Stream_Systolic_Core is either unconnected or has no load
INFO: [Synth 8-7129] Port s_axis_tdata[20] in module AXI_Stream_Systolic_Core is either unconnected or has no load
INFO: [Synth 8-7129] Port s_axis_tdata[19] in module AXI_Stream_Systolic_Core is either unconnected or has no load
INFO: [Synth 8-7129] Port s_axis_tdata[18] in module AXI_Stream_Systolic_Core is either unconnected or has no load
INFO: [Synth 8-7129] Port s_axis_tdata[17] in module AXI_Stream_Systolic_Core is either unconnected or has no load
INFO: [Synth 8-7129] Port s_axis_tdata[16] in module AXI_Stream_Systolic_Core is either unconnected or has no load
INFO: [Synth 8-7129] Port s_axis_tdata[15] in module AXI_Stream_Systolic_Core is either unconnected or has no load
INFO: [Synth 8-7129] Port s_axis_tdata[14] in module AXI_Stream_Systolic_Core is either unconnected or has no load
INFO: [Synth 8-7129] Port s_axis_tdata[13] in module AXI_Stream_Systolic_Core is either unconnected or has no load
INFO: [Synth 8-7129] Port s_axis_tdata[12] in module AXI_Stream_Systolic_Core is either unconnected or has no load
INFO: [Synth 8-7129] Port s_axis_tdata[11] in module AXI_Stream_Systolic_Core is either unconnected or has no load
INFO: [Synth 8-7129] Port s_axis_tdata[10] in module AXI_Stream_Systolic_Core is either unconnected or has no load
INFO: [Synth 8-7129] Port s_axis_tdata[9] in module AXI_Stream_Systolic_Core is either unconnected or has no load
INFO: [Synth 8-7129] Port s_axis_tdata[8] in module AXI_Stream_Systolic_Core is either unconnected or has no load
---------------------------------------------------------------------------------
Finished RTL Elaboration : Time (s): cpu = 00:00:04 ; elapsed = 00:00:04 . Memory (MB): peak = 3323.215 ; gain = 292.625 ; free physical = 9674 ; free virtual = 56229
---------------------------------------------------------------------------------
---------------------------------------------------------------------------------
Start Handling Custom Attributes
---------------------------------------------------------------------------------
---------------------------------------------------------------------------------
Finished Handling Custom Attributes : Time (s): cpu = 00:00:04 ; elapsed = 00:00:04 . Memory (MB): peak = 3323.215 ; gain = 292.625 ; free physical = 9674 ; free virtual = 56229
---------------------------------------------------------------------------------
---------------------------------------------------------------------------------
Finished RTL Optimization Phase 1 : Time (s): cpu = 00:00:04 ; elapsed = 00:00:04 . Memory (MB): peak = 3323.215 ; gain = 292.625 ; free physical = 9674 ; free virtual = 56229
---------------------------------------------------------------------------------
Netlist sorting complete. Time (s): cpu = 00:00:00.05 ; elapsed = 00:00:00.06 . Memory (MB): peak = 3323.215 ; gain = 0.000 ; free physical = 9673 ; free virtual = 56229
INFO: [Project 1-570] Preparing netlist for logic optimization

Processing XDC Constraints
Initializing timing engine
Parsing XDC File [/home/xmen/Videos/RustDesk/SystolicCore/SystolicCore/Zynq_Systolic_Core_AXI_FIFO_Stream_Reboot/Zynq_Systolic_Core_AXI_FIFO_Stream_Reboot.runs/SystolicCore_wrapper_onlyFPGA_0_0_synth_1/.Xil/Vivado-179922-VT0144/ila_0/ila_0/ila_0_in_context.xdc] for cell 'inst/Core0/SystolicCore0/systolicControlUnit_Global/contadores_de_ciclo'
Finished Parsing XDC File [/home/xmen/Videos/RustDesk/SystolicCore/SystolicCore/Zynq_Systolic_Core_AXI_FIFO_Stream_Reboot/Zynq_Systolic_Core_AXI_FIFO_Stream_Reboot.runs/SystolicCore_wrapper_onlyFPGA_0_0_synth_1/.Xil/Vivado-179922-VT0144/ila_0/ila_0/ila_0_in_context.xdc] for cell 'inst/Core0/SystolicCore0/systolicControlUnit_Global/contadores_de_ciclo'
Parsing XDC File [/home/xmen/Videos/RustDesk/SystolicCore/SystolicCore/Zynq_Systolic_Core_AXI_FIFO_Stream_Reboot/Zynq_Systolic_Core_AXI_FIFO_Stream_Reboot.runs/SystolicCore_wrapper_onlyFPGA_0_0_synth_1/.Xil/Vivado-179922-VT0144/ram_dual_port/ram_dual_port/ram_dual_port_in_context.xdc] for cell 'inst/Core0/SystolicCore0/serial2mem_opA/ram_0'
Finished Parsing XDC File [/home/xmen/Videos/RustDesk/SystolicCore/SystolicCore/Zynq_Systolic_Core_AXI_FIFO_Stream_Reboot/Zynq_Systolic_Core_AXI_FIFO_Stream_Reboot.runs/SystolicCore_wrapper_onlyFPGA_0_0_synth_1/.Xil/Vivado-179922-VT0144/ram_dual_port/ram_dual_port/ram_dual_port_in_context.xdc] for cell 'inst/Core0/SystolicCore0/serial2mem_opA/ram_0'
Parsing XDC File [/home/xmen/Videos/RustDesk/SystolicCore/SystolicCore/Zynq_Systolic_Core_AXI_FIFO_Stream_Reboot/Zynq_Systolic_Core_AXI_FIFO_Stream_Reboot.runs/SystolicCore_wrapper_onlyFPGA_0_0_synth_1/.Xil/Vivado-179922-VT0144/ram_dual_port/ram_dual_port/ram_dual_port_in_context.xdc] for cell 'inst/Core0/SystolicCore0/serial2mem_opB/ram_0'
Finished Parsing XDC File [/home/xmen/Videos/RustDesk/SystolicCore/SystolicCore/Zynq_Systolic_Core_AXI_FIFO_Stream_Reboot/Zynq_Systolic_Core_AXI_FIFO_Stream_Reboot.runs/SystolicCore_wrapper_onlyFPGA_0_0_synth_1/.Xil/Vivado-179922-VT0144/ram_dual_port/ram_dual_port/ram_dual_port_in_context.xdc] for cell 'inst/Core0/SystolicCore0/serial2mem_opB/ram_0'
Parsing XDC File [/home/xmen/Videos/RustDesk/SystolicCore/SystolicCore/Zynq_Systolic_Core_AXI_FIFO_Stream_Reboot/Zynq_Systolic_Core_AXI_FIFO_Stream_Reboot.runs/SystolicCore_wrapper_onlyFPGA_0_0_synth_1/.Xil/Vivado-179922-VT0144/matrix_in_memeory/matrix_in_memeory/matrix_in_memeory_in_context.xdc] for cell 'inst/your_instance_name'
Finished Parsing XDC File [/home/xmen/Videos/RustDesk/SystolicCore/SystolicCore/Zynq_Systolic_Core_AXI_FIFO_Stream_Reboot/Zynq_Systolic_Core_AXI_FIFO_Stream_Reboot.runs/SystolicCore_wrapper_onlyFPGA_0_0_synth_1/.Xil/Vivado-179922-VT0144/matrix_in_memeory/matrix_in_memeory/matrix_in_memeory_in_context.xdc] for cell 'inst/your_instance_name'
Parsing XDC File [/home/xmen/Videos/RustDesk/SystolicCore/SystolicCore/Zynq_Systolic_Core_AXI_FIFO_Stream_Reboot/Zynq_Systolic_Core_AXI_FIFO_Stream_Reboot.gen/sources_1/bd/SystolicCore_wrapper/ip/SystolicCore_wrapper_onlyFPGA_0_0/SystolicCore_wrapper_onlyFPGA_0_0_ooc.xdc] for cell 'inst'
Finished Parsing XDC File [/home/xmen/Videos/RustDesk/SystolicCore/SystolicCore/Zynq_Systolic_Core_AXI_FIFO_Stream_Reboot/Zynq_Systolic_Core_AXI_FIFO_Stream_Reboot.gen/sources_1/bd/SystolicCore_wrapper/ip/SystolicCore_wrapper_onlyFPGA_0_0/SystolicCore_wrapper_onlyFPGA_0_0_ooc.xdc] for cell 'inst'
Parsing XDC File [/home/xmen/Videos/RustDesk/SystolicCore/SystolicCore/Zynq_Systolic_Core_AXI_FIFO_Stream_Reboot/Zynq_Systolic_Core_AXI_FIFO_Stream_Reboot.runs/SystolicCore_wrapper_onlyFPGA_0_0_synth_1/dont_touch.xdc]
Finished Parsing XDC File [/home/xmen/Videos/RustDesk/SystolicCore/SystolicCore/Zynq_Systolic_Core_AXI_FIFO_Stream_Reboot/Zynq_Systolic_Core_AXI_FIFO_Stream_Reboot.runs/SystolicCore_wrapper_onlyFPGA_0_0_synth_1/dont_touch.xdc]
Completed Processing XDC Constraints

Netlist sorting complete. Time (s): cpu = 00:00:00 ; elapsed = 00:00:00 . Memory (MB): peak = 3411.250 ; gain = 0.000 ; free physical = 8785 ; free virtual = 55370
INFO: [Project 1-111] Unisim Transformation Summary:
No Unisim elements were transformed.

Constraint Validation Runtime : Time (s): cpu = 00:00:00.09 ; elapsed = 00:00:00.05 . Memory (MB): peak = 3411.285 ; gain = 0.000 ; free physical = 8766 ; free virtual = 55364
INFO: [Designutils 20-5008] Incremental synthesis strategy off
---------------------------------------------------------------------------------
Finished Constraint Validation : Time (s): cpu = 00:00:11 ; elapsed = 00:00:11 . Memory (MB): peak = 3411.285 ; gain = 380.695 ; free physical = 9205 ; free virtual = 55797
---------------------------------------------------------------------------------
---------------------------------------------------------------------------------
Start Loading Part and Timing Information
---------------------------------------------------------------------------------
Loading part: xczu7ev-ffvc1156-2-e
INFO: [Synth 8-6742] Reading net delay rules and data
---------------------------------------------------------------------------------
Finished Loading Part and Timing Information : Time (s): cpu = 00:00:11 ; elapsed = 00:00:11 . Memory (MB): peak = 3419.254 ; gain = 388.664 ; free physical = 9204 ; free virtual = 55797
---------------------------------------------------------------------------------
---------------------------------------------------------------------------------
Start Applying 'set_property' XDC Constraints
---------------------------------------------------------------------------------
---------------------------------------------------------------------------------
Finished applying 'set_property' XDC Constraints : Time (s): cpu = 00:00:11 ; elapsed = 00:00:11 . Memory (MB): peak = 3419.254 ; gain = 388.664 ; free physical = 9211 ; free virtual = 55795
---------------------------------------------------------------------------------
INFO: [Synth 8-802] inferred FSM for state register 'currentStateSystolicControlUnit_reg' in module 'systolicMatrixMultiply'
INFO: [Synth 8-802] inferred FSM for state register 'mem_fsm_reg' in module 'serial2mem__xdcDup__1'
INFO: [Synth 8-802] inferred FSM for state register 'mem_fsm_reg' in module 'serial2mem'
INFO: [Synth 8-802] inferred FSM for state register 'mem2seriala_fsm_reg' in module 'mem2seriala'
---------------------------------------------------------------------------------------------------
                   State |                     New Encoding |                Previous Encoding 
---------------------------------------------------------------------------------------------------
                    IDLE |                               00 | 00000000000000000000000000000000
       LOAD_MULTI_MATRIX |                               01 | 00000000000000000000000000000001
            MULTI_MATRIX |                               10 | 00000000000000000000000000000010
                    DONE |                               11 | 00000000000000000000000000000011
---------------------------------------------------------------------------------------------------
INFO: [Synth 8-3354] encoded FSM with state register 'currentStateSystolicControlUnit_reg' using encoding 'sequential' in module 'systolicMatrixMultiply'
---------------------------------------------------------------------------------------------------
                   State |                     New Encoding |                Previous Encoding 
---------------------------------------------------------------------------------------------------
                    IDLE |                               00 | 00000000000000000000000000000000
                    READ |                               01 | 00000000000000000000000000000010
                   WRITE |                               10 | 00000000000000000000000000000001
                    DONE |                               11 | 00000000000000000000000000000011
---------------------------------------------------------------------------------------------------
INFO: [Synth 8-3354] encoded FSM with state register 'mem_fsm_reg' using encoding 'sequential' in module 'serial2mem__xdcDup__1'
---------------------------------------------------------------------------------------------------
                   State |                     New Encoding |                Previous Encoding 
---------------------------------------------------------------------------------------------------
                    IDLE |                               00 | 00000000000000000000000000000000
                    READ |                               01 | 00000000000000000000000000000010
                   WRITE |                               10 | 00000000000000000000000000000001
                    DONE |                               11 | 00000000000000000000000000000011
---------------------------------------------------------------------------------------------------
INFO: [Synth 8-3354] encoded FSM with state register 'mem_fsm_reg' using encoding 'sequential' in module 'serial2mem'
---------------------------------------------------------------------------------------------------
                   State |                     New Encoding |                Previous Encoding 
---------------------------------------------------------------------------------------------------
              IDLE_INDEX |                              001 | 00000000000000000000000000000000
           COUNTER_INDEX |                              010 | 00000000000000000000000000000001
              DONE_INDEX |                              100 | 00000000000000000000000000000010
---------------------------------------------------------------------------------------------------
INFO: [Synth 8-3354] encoded FSM with state register 'mem2seriala_fsm_reg' using encoding 'one-hot' in module 'mem2seriala'
WARNING: [Synth 8-327] inferring latch for variable 'serial2mem_opa_rw_reg' [/home/xmen/Videos/RustDesk/SystolicCore/SystolicCore/rtl/SystolicControlUnit.sv:79]
WARNING: [Synth 8-327] inferring latch for variable 'serial2mem_opa_rready_i_reg' [/home/xmen/Videos/RustDesk/SystolicCore/SystolicCore/rtl/SystolicControlUnit.sv:81]
WARNING: [Synth 8-327] inferring latch for variable 'starting_frame_identified_reg' [/home/xmen/Videos/RustDesk/SystolicCore/SystolicCore/rtl/SystolicControlUnit.sv:89]
---------------------------------------------------------------------------------
Finished RTL Optimization Phase 2 : Time (s): cpu = 00:00:12 ; elapsed = 00:00:12 . Memory (MB): peak = 3419.254 ; gain = 388.664 ; free physical = 9196 ; free virtual = 55773
---------------------------------------------------------------------------------
---------------------------------------------------------------------------------
Start RTL Component Statistics 
---------------------------------------------------------------------------------
Detailed RTL Component Info : 
+---Adders : 
	   2 Input   32 Bit       Adders := 6     
	   2 Input    8 Bit       Adders := 1     
	   2 Input    6 Bit       Adders := 2     
	   2 Input    5 Bit       Adders := 2     
	   2 Input    4 Bit       Adders := 4     
+---Registers : 
	               64 Bit    Registers := 6     
	               32 Bit    Registers := 7     
	               16 Bit    Registers := 256   
	                8 Bit    Registers := 257   
	                6 Bit    Registers := 2     
	                5 Bit    Registers := 2     
	                4 Bit    Registers := 516   
	                1 Bit    Registers := 1     
+---Muxes : 
	   2 Input   64 Bit        Muxes := 14    
	   4 Input   64 Bit        Muxes := 2     
	   4 Input   32 Bit        Muxes := 6     
	   2 Input    8 Bit        Muxes := 257   
	   3 Input    8 Bit        Muxes := 2     
	   4 Input    6 Bit        Muxes := 2     
	   2 Input    5 Bit        Muxes := 3     
	   4 Input    5 Bit        Muxes := 2     
	   2 Input    4 Bit        Muxes := 4     
	   4 Input    4 Bit        Muxes := 2     
	   3 Input    4 Bit        Muxes := 3     
	   3 Input    3 Bit        Muxes := 1     
	   2 Input    3 Bit        Muxes := 5     
	   4 Input    2 Bit        Muxes := 3     
	   2 Input    2 Bit        Muxes := 16    
	   4 Input    1 Bit        Muxes := 20    
	   2 Input    1 Bit        Muxes := 21    
	   3 Input    1 Bit        Muxes := 1     
	   7 Input    1 Bit        Muxes := 11    
---------------------------------------------------------------------------------
Finished RTL Component Statistics 
---------------------------------------------------------------------------------
---------------------------------------------------------------------------------
Start Part Resource Summary
---------------------------------------------------------------------------------
Part Resources:
DSPs: 1728 (col length:144)
BRAMs: 624 (col length: RAMB18 144 RAMB36 72)
---------------------------------------------------------------------------------
Finished Part Resource Summary
---------------------------------------------------------------------------------
---------------------------------------------------------------------------------
Start Cross Boundary and Area Optimization
---------------------------------------------------------------------------------
INFO: [Synth 8-7129] Port serial2mem_opb_rvalid_o in module systolicControlUnitTop is either unconnected or has no load
INFO: [Synth 8-7129] Port serial2mem_opa_ready_o in module systolicControlUnitTop is either unconnected or has no load
---------------------------------------------------------------------------------
Finished Cross Boundary and Area Optimization : Time (s): cpu = 00:00:23 ; elapsed = 00:00:23 . Memory (MB): peak = 3681.793 ; gain = 651.203 ; free physical = 9111 ; free virtual = 55687
---------------------------------------------------------------------------------
---------------------------------------------------------------------------------
Start Applying XDC Timing Constraints
---------------------------------------------------------------------------------
---------------------------------------------------------------------------------
Finished Applying XDC Timing Constraints : Time (s): cpu = 00:00:28 ; elapsed = 00:00:28 . Memory (MB): peak = 4042.590 ; gain = 1012.000 ; free physical = 8240 ; free virtual = 54816
---------------------------------------------------------------------------------
---------------------------------------------------------------------------------
Start Timing Optimization
---------------------------------------------------------------------------------
---------------------------------------------------------------------------------
Finished Timing Optimization : Time (s): cpu = 00:00:28 ; elapsed = 00:00:29 . Memory (MB): peak = 4075.605 ; gain = 1045.016 ; free physical = 8053 ; free virtual = 54630
---------------------------------------------------------------------------------
---------------------------------------------------------------------------------
Start Technology Mapping
---------------------------------------------------------------------------------
---------------------------------------------------------------------------------
Finished Technology Mapping : Time (s): cpu = 00:00:31 ; elapsed = 00:00:32 . Memory (MB): peak = 4327.207 ; gain = 1296.617 ; free physical = 7348 ; free virtual = 53924
---------------------------------------------------------------------------------
---------------------------------------------------------------------------------
Start IO Insertion
---------------------------------------------------------------------------------
---------------------------------------------------------------------------------
Start Flattening Before IO Insertion
---------------------------------------------------------------------------------
---------------------------------------------------------------------------------
Finished Flattening Before IO Insertion
---------------------------------------------------------------------------------
---------------------------------------------------------------------------------
Start Final Netlist Cleanup
---------------------------------------------------------------------------------
---------------------------------------------------------------------------------
Finished Final Netlist Cleanup
---------------------------------------------------------------------------------
CRITICAL WARNING: [Synth 8-4442] BlackBox module ram_0 has unconnected pin web[0]
CRITICAL WARNING: [Synth 8-4442] BlackBox module ram_0 has unconnected pin dinb[255]
CRITICAL WARNING: [Synth 8-4442] BlackBox module ram_0 has unconnected pin dinb[254]
CRITICAL WARNING: [Synth 8-4442] BlackBox module ram_0 has unconnected pin dinb[253]
CRITICAL WARNING: [Synth 8-4442] BlackBox module ram_0 has unconnected pin dinb[252]
CRITICAL WARNING: [Synth 8-4442] BlackBox module ram_0 has unconnected pin dinb[251]
CRITICAL WARNING: [Synth 8-4442] BlackBox module ram_0 has unconnected pin dinb[250]
CRITICAL WARNING: [Synth 8-4442] BlackBox module ram_0 has unconnected pin dinb[249]
CRITICAL WARNING: [Synth 8-4442] BlackBox module ram_0 has unconnected pin dinb[248]
CRITICAL WARNING: [Synth 8-4442] BlackBox module ram_0 has unconnected pin dinb[247]
CRITICAL WARNING: [Synth 8-4442] BlackBox module ram_0 has unconnected pin dinb[246]
CRITICAL WARNING: [Synth 8-4442] BlackBox module ram_0 has unconnected pin dinb[245]
CRITICAL WARNING: [Synth 8-4442] BlackBox module ram_0 has unconnected pin dinb[244]
CRITICAL WARNING: [Synth 8-4442] BlackBox module ram_0 has unconnected pin dinb[243]
CRITICAL WARNING: [Synth 8-4442] BlackBox module ram_0 has unconnected pin dinb[242]
CRITICAL WARNING: [Synth 8-4442] BlackBox module ram_0 has unconnected pin dinb[241]
CRITICAL WARNING: [Synth 8-4442] BlackBox module ram_0 has unconnected pin dinb[240]
CRITICAL WARNING: [Synth 8-4442] BlackBox module ram_0 has unconnected pin dinb[239]
CRITICAL WARNING: [Synth 8-4442] BlackBox module ram_0 has unconnected pin dinb[238]
CRITICAL WARNING: [Synth 8-4442] BlackBox module ram_0 has unconnected pin dinb[237]
CRITICAL WARNING: [Synth 8-4442] BlackBox module ram_0 has unconnected pin dinb[236]
CRITICAL WARNING: [Synth 8-4442] BlackBox module ram_0 has unconnected pin dinb[235]
CRITICAL WARNING: [Synth 8-4442] BlackBox module ram_0 has unconnected pin dinb[234]
CRITICAL WARNING: [Synth 8-4442] BlackBox module ram_0 has unconnected pin dinb[233]
CRITICAL WARNING: [Synth 8-4442] BlackBox module ram_0 has unconnected pin dinb[232]
CRITICAL WARNING: [Synth 8-4442] BlackBox module ram_0 has unconnected pin dinb[231]
CRITICAL WARNING: [Synth 8-4442] BlackBox module ram_0 has unconnected pin dinb[230]
CRITICAL WARNING: [Synth 8-4442] BlackBox module ram_0 has unconnected pin dinb[229]
CRITICAL WARNING: [Synth 8-4442] BlackBox module ram_0 has unconnected pin dinb[228]
CRITICAL WARNING: [Synth 8-4442] BlackBox module ram_0 has unconnected pin dinb[227]
CRITICAL WARNING: [Synth 8-4442] BlackBox module ram_0 has unconnected pin dinb[226]
CRITICAL WARNING: [Synth 8-4442] BlackBox module ram_0 has unconnected pin dinb[225]
CRITICAL WARNING: [Synth 8-4442] BlackBox module ram_0 has unconnected pin dinb[224]
CRITICAL WARNING: [Synth 8-4442] BlackBox module ram_0 has unconnected pin dinb[223]
CRITICAL WARNING: [Synth 8-4442] BlackBox module ram_0 has unconnected pin dinb[222]
CRITICAL WARNING: [Synth 8-4442] BlackBox module ram_0 has unconnected pin dinb[221]
CRITICAL WARNING: [Synth 8-4442] BlackBox module ram_0 has unconnected pin dinb[220]
CRITICAL WARNING: [Synth 8-4442] BlackBox module ram_0 has unconnected pin dinb[219]
CRITICAL WARNING: [Synth 8-4442] BlackBox module ram_0 has unconnected pin dinb[218]
CRITICAL WARNING: [Synth 8-4442] BlackBox module ram_0 has unconnected pin dinb[217]
CRITICAL WARNING: [Synth 8-4442] BlackBox module ram_0 has unconnected pin dinb[216]
CRITICAL WARNING: [Synth 8-4442] BlackBox module ram_0 has unconnected pin dinb[215]
CRITICAL WARNING: [Synth 8-4442] BlackBox module ram_0 has unconnected pin dinb[214]
CRITICAL WARNING: [Synth 8-4442] BlackBox module ram_0 has unconnected pin dinb[213]
CRITICAL WARNING: [Synth 8-4442] BlackBox module ram_0 has unconnected pin dinb[212]
CRITICAL WARNING: [Synth 8-4442] BlackBox module ram_0 has unconnected pin dinb[211]
CRITICAL WARNING: [Synth 8-4442] BlackBox module ram_0 has unconnected pin dinb[210]
CRITICAL WARNING: [Synth 8-4442] BlackBox module ram_0 has unconnected pin dinb[209]
CRITICAL WARNING: [Synth 8-4442] BlackBox module ram_0 has unconnected pin dinb[208]
CRITICAL WARNING: [Synth 8-4442] BlackBox module ram_0 has unconnected pin dinb[207]
CRITICAL WARNING: [Synth 8-4442] BlackBox module ram_0 has unconnected pin dinb[206]
CRITICAL WARNING: [Synth 8-4442] BlackBox module ram_0 has unconnected pin dinb[205]
CRITICAL WARNING: [Synth 8-4442] BlackBox module ram_0 has unconnected pin dinb[204]
CRITICAL WARNING: [Synth 8-4442] BlackBox module ram_0 has unconnected pin dinb[203]
CRITICAL WARNING: [Synth 8-4442] BlackBox module ram_0 has unconnected pin dinb[202]
CRITICAL WARNING: [Synth 8-4442] BlackBox module ram_0 has unconnected pin dinb[201]
CRITICAL WARNING: [Synth 8-4442] BlackBox module ram_0 has unconnected pin dinb[200]
CRITICAL WARNING: [Synth 8-4442] BlackBox module ram_0 has unconnected pin dinb[199]
CRITICAL WARNING: [Synth 8-4442] BlackBox module ram_0 has unconnected pin dinb[198]
CRITICAL WARNING: [Synth 8-4442] BlackBox module ram_0 has unconnected pin dinb[197]
CRITICAL WARNING: [Synth 8-4442] BlackBox module ram_0 has unconnected pin dinb[196]
CRITICAL WARNING: [Synth 8-4442] BlackBox module ram_0 has unconnected pin dinb[195]
CRITICAL WARNING: [Synth 8-4442] BlackBox module ram_0 has unconnected pin dinb[194]
CRITICAL WARNING: [Synth 8-4442] BlackBox module ram_0 has unconnected pin dinb[193]
CRITICAL WARNING: [Synth 8-4442] BlackBox module ram_0 has unconnected pin dinb[192]
CRITICAL WARNING: [Synth 8-4442] BlackBox module ram_0 has unconnected pin dinb[191]
CRITICAL WARNING: [Synth 8-4442] BlackBox module ram_0 has unconnected pin dinb[190]
CRITICAL WARNING: [Synth 8-4442] BlackBox module ram_0 has unconnected pin dinb[189]
CRITICAL WARNING: [Synth 8-4442] BlackBox module ram_0 has unconnected pin dinb[188]
CRITICAL WARNING: [Synth 8-4442] BlackBox module ram_0 has unconnected pin dinb[187]
CRITICAL WARNING: [Synth 8-4442] BlackBox module ram_0 has unconnected pin dinb[186]
CRITICAL WARNING: [Synth 8-4442] BlackBox module ram_0 has unconnected pin dinb[185]
CRITICAL WARNING: [Synth 8-4442] BlackBox module ram_0 has unconnected pin dinb[184]
CRITICAL WARNING: [Synth 8-4442] BlackBox module ram_0 has unconnected pin dinb[183]
CRITICAL WARNING: [Synth 8-4442] BlackBox module ram_0 has unconnected pin dinb[182]
CRITICAL WARNING: [Synth 8-4442] BlackBox module ram_0 has unconnected pin dinb[181]
CRITICAL WARNING: [Synth 8-4442] BlackBox module ram_0 has unconnected pin dinb[180]
CRITICAL WARNING: [Synth 8-4442] BlackBox module ram_0 has unconnected pin dinb[179]
CRITICAL WARNING: [Synth 8-4442] BlackBox module ram_0 has unconnected pin dinb[178]
CRITICAL WARNING: [Synth 8-4442] BlackBox module ram_0 has unconnected pin dinb[177]
CRITICAL WARNING: [Synth 8-4442] BlackBox module ram_0 has unconnected pin dinb[176]
CRITICAL WARNING: [Synth 8-4442] BlackBox module ram_0 has unconnected pin dinb[175]
CRITICAL WARNING: [Synth 8-4442] BlackBox module ram_0 has unconnected pin dinb[174]
CRITICAL WARNING: [Synth 8-4442] BlackBox module ram_0 has unconnected pin dinb[173]
CRITICAL WARNING: [Synth 8-4442] BlackBox module ram_0 has unconnected pin dinb[172]
CRITICAL WARNING: [Synth 8-4442] BlackBox module ram_0 has unconnected pin dinb[171]
CRITICAL WARNING: [Synth 8-4442] BlackBox module ram_0 has unconnected pin dinb[170]
CRITICAL WARNING: [Synth 8-4442] BlackBox module ram_0 has unconnected pin dinb[169]
CRITICAL WARNING: [Synth 8-4442] BlackBox module ram_0 has unconnected pin dinb[168]
CRITICAL WARNING: [Synth 8-4442] BlackBox module ram_0 has unconnected pin dinb[167]
CRITICAL WARNING: [Synth 8-4442] BlackBox module ram_0 has unconnected pin dinb[166]
CRITICAL WARNING: [Synth 8-4442] BlackBox module ram_0 has unconnected pin dinb[165]
CRITICAL WARNING: [Synth 8-4442] BlackBox module ram_0 has unconnected pin dinb[164]
CRITICAL WARNING: [Synth 8-4442] BlackBox module ram_0 has unconnected pin dinb[163]
CRITICAL WARNING: [Synth 8-4442] BlackBox module ram_0 has unconnected pin dinb[162]
CRITICAL WARNING: [Synth 8-4442] BlackBox module ram_0 has unconnected pin dinb[161]
CRITICAL WARNING: [Synth 8-4442] BlackBox module ram_0 has unconnected pin dinb[160]
CRITICAL WARNING: [Synth 8-4442] BlackBox module ram_0 has unconnected pin dinb[159]
CRITICAL WARNING: [Synth 8-4442] BlackBox module ram_0 has unconnected pin dinb[158]
CRITICAL WARNING: [Synth 8-4442] BlackBox module ram_0 has unconnected pin dinb[157]
INFO: [Common 17-14] Message 'Synth 8-4442' appears 100 times and further instances of the messages will be disabled. Use the Tcl command set_msg_config to change the current settings.
---------------------------------------------------------------------------------
Finished IO Insertion : Time (s): cpu = 00:00:33 ; elapsed = 00:00:34 . Memory (MB): peak = 4327.207 ; gain = 1296.617 ; free physical = 7390 ; free virtual = 53967
---------------------------------------------------------------------------------
---------------------------------------------------------------------------------
Start Renaming Generated Instances
---------------------------------------------------------------------------------
---------------------------------------------------------------------------------
Finished Renaming Generated Instances : Time (s): cpu = 00:00:33 ; elapsed = 00:00:34 . Memory (MB): peak = 4327.207 ; gain = 1296.617 ; free physical = 7390 ; free virtual = 53967
---------------------------------------------------------------------------------
---------------------------------------------------------------------------------
Start Rebuilding User Hierarchy
---------------------------------------------------------------------------------
---------------------------------------------------------------------------------
Finished Rebuilding User Hierarchy : Time (s): cpu = 00:00:34 ; elapsed = 00:00:34 . Memory (MB): peak = 4327.207 ; gain = 1296.617 ; free physical = 7240 ; free virtual = 53816
---------------------------------------------------------------------------------
---------------------------------------------------------------------------------
Start Renaming Generated Ports
---------------------------------------------------------------------------------
---------------------------------------------------------------------------------
Finished Renaming Generated Ports : Time (s): cpu = 00:00:34 ; elapsed = 00:00:34 . Memory (MB): peak = 4327.207 ; gain = 1296.617 ; free physical = 7239 ; free virtual = 53816
---------------------------------------------------------------------------------
---------------------------------------------------------------------------------
Start Handling Custom Attributes
---------------------------------------------------------------------------------
---------------------------------------------------------------------------------
Finished Handling Custom Attributes : Time (s): cpu = 00:00:34 ; elapsed = 00:00:35 . Memory (MB): peak = 4327.207 ; gain = 1296.617 ; free physical = 7239 ; free virtual = 53816
---------------------------------------------------------------------------------
---------------------------------------------------------------------------------
Start Renaming Generated Nets
---------------------------------------------------------------------------------
---------------------------------------------------------------------------------
Finished Renaming Generated Nets : Time (s): cpu = 00:00:34 ; elapsed = 00:00:35 . Memory (MB): peak = 4327.207 ; gain = 1296.617 ; free physical = 7239 ; free virtual = 53816
---------------------------------------------------------------------------------
---------------------------------------------------------------------------------
Start Writing Synthesis Report
---------------------------------------------------------------------------------

Report BlackBoxes: 
+------+------------------+----------+
|      |BlackBox name     |Instances |
+------+------------------+----------+
|1     |matrix_in_memeory |         1|
|2     |ram_dual_port     |         2|
|3     |ila_0             |         1|
+------+------------------+----------+

Report Cell Usage: 
+------+------------------+------+
|      |Cell              |Count |
+------+------------------+------+
|1     |ila               |     1|
|2     |matrix_in_memeory |     1|
|3     |ram_dual_port     |     2|
|5     |CARRY8            |   284|
|6     |LUT1              |  2076|
|7     |LUT2              |  2913|
|8     |LUT3              |   555|
|9     |LUT4              |   929|
|10    |LUT5              |  1051|
|11    |LUT6              |  4957|
|12    |MUXF7             |   272|
|13    |MUXF8             |   136|
|14    |FDCE              |  6605|
|15    |FDPE              |     1|
|16    |FDRE              |   128|
|17    |LD                |     3|
+------+------------------+------+
---------------------------------------------------------------------------------
Finished Writing Synthesis Report : Time (s): cpu = 00:00:34 ; elapsed = 00:00:35 . Memory (MB): peak = 4327.207 ; gain = 1296.617 ; free physical = 7239 ; free virtual = 53815
---------------------------------------------------------------------------------
Synthesis finished with 0 errors, 514 critical warnings and 3 warnings.
Synthesis Optimization Runtime : Time (s): cpu = 00:00:30 ; elapsed = 00:00:30 . Memory (MB): peak = 4327.207 ; gain = 1208.547 ; free physical = 7239 ; free virtual = 53815
Synthesis Optimization Complete : Time (s): cpu = 00:00:34 ; elapsed = 00:00:35 . Memory (MB): peak = 4327.207 ; gain = 1296.617 ; free physical = 7239 ; free virtual = 53815
INFO: [Project 1-571] Translating synthesized netlist
Netlist sorting complete. Time (s): cpu = 00:00:00.09 ; elapsed = 00:00:00.09 . Memory (MB): peak = 4327.207 ; gain = 0.000 ; free physical = 7405 ; free virtual = 53982
INFO: [Netlist 29-17] Analyzing 695 Unisim elements for replacement
INFO: [Netlist 29-28] Unisim Transformation completed in 0 CPU seconds
INFO: [Project 1-570] Preparing netlist for logic optimization
INFO: [Opt 31-138] Pushed 0 inverter(s) to 0 load pin(s).
Netlist sorting complete. Time (s): cpu = 00:00:00 ; elapsed = 00:00:00 . Memory (MB): peak = 4327.207 ; gain = 0.000 ; free physical = 7388 ; free virtual = 53965
INFO: [Project 1-111] Unisim Transformation Summary:
  A total of 3 instances were transformed.
  LD => LDCE: 3 instances

Synth Design complete | Checksum: 43ac2814
INFO: [Common 17-83] Releasing license: Synthesis
93 Infos, 71 Warnings, 100 Critical Warnings and 0 Errors encountered.
synth_design completed successfully
synth_design: Time (s): cpu = 00:00:42 ; elapsed = 00:00:41 . Memory (MB): peak = 4327.207 ; gain = 2452.234 ; free physical = 7366 ; free virtual = 53943
INFO: [Common 17-2834] synth_design peak Physical Memory [PSS] (MB): overall = 3011.162; main = 3011.162; forked = 224.054
INFO: [Common 17-2834] synth_design peak Virtual Memory [VSS] (MB): overall = 5740.219; main = 4309.551; forked = 1641.008
INFO: [runtcl-6] Synthesis results are not added to the cache due to CRITICAL_WARNING
INFO: [Coretcl 2-1174] Renamed 273 cell refs.
Write ShapeDB Complete: Time (s): cpu = 00:00:00.06 ; elapsed = 00:00:00.02 . Memory (MB): peak = 4333.559 ; gain = 0.000 ; free physical = 7481 ; free virtual = 54060
INFO: [Common 17-1381] The checkpoint '/home/xmen/Videos/RustDesk/SystolicCore/SystolicCore/Zynq_Systolic_Core_AXI_FIFO_Stream_Reboot/Zynq_Systolic_Core_AXI_FIFO_Stream_Reboot.runs/SystolicCore_wrapper_onlyFPGA_0_0_synth_1/SystolicCore_wrapper_onlyFPGA_0_0.dcp' has been generated.
INFO: [Vivado 12-24828] Executing command : report_utilization -file SystolicCore_wrapper_onlyFPGA_0_0_utilization_synth.rpt -pb SystolicCore_wrapper_onlyFPGA_0_0_utilization_synth.pb
INFO: [Common 17-206] Exiting Vivado at Fri Jan 30 00:22:07 2026...
